05-15 14:41:19.416 25921 25944 I Unity   : Starting test run 1 for BuiltIn with passthrough True
05-15 14:41:19.416 25921 25944 I Unity   : <ExecuteTests>d__48:MoveNext()
05-15 14:41:19.416 25921 25944 I Unity   : UnityEngine.SetupCoroutine:InvokeMoveNext(IEnumerator, IntPtr)
05-15 14:41:19.416 25921 25944 I Unity   : 
05-15 14:41:19.417 25921 25944 I Unity   : Recording starting BuiltIn-True-2024-05-15_14-41-19
05-15 14:41:19.417 25921 25944 I Unity   : <ExecuteTest>d__49:MoveNext()
05-15 14:41:19.417 25921 25944 I Unity   : UnityEngine.SetupCoroutine:InvokeMoveNext(IEnumerator, IntPtr)
05-15 14:41:19.417 25921 25944 I Unity   : 
05-15 14:41:19.418 25921 25944 I Unity   : Starting recording!
05-15 14:41:19.418 25921 25944 I Unity   : AutomatedTest:StartRecording()
05-15 14:41:19.418 25921 25944 I Unity   : <ExecuteTest>d__49:MoveNext()
05-15 14:41:19.418 25921 25944 I Unity   : UnityEngine.SetupCoroutine:InvokeMoveNext(IEnumerator, IntPtr)
05-15 14:41:19.418 25921 25944 I Unity   : 
05-15 14:41:19.436 25921 25944 I Unity   : [XR] [485728508272] [14:41:19.436][Verbose] Ignoring event type 1000156103
05-15 14:41:19.436 25921 25944 I Unity   : [XR] [485728508272] [14:41:19.436][Verbose] Ignoring event type 1000156104
05-15 14:41:19.459 25921 25944 I Unity   : [XR] [485728508272] [14:41:19.459][Verbose] Ignoring event type 1000156103
05-15 14:41:19.459 25921 25944 I Unity   : [XR] [485728508272] [14:41:19.459][Verbose] Ignoring event type 1000156104
05-15 14:41:19.491 25921 25944 I Unity   : [XR] [485728508272] [14:41:19.491][Verbose] Ignoring event type 1000156103
05-15 14:41:19.491 25921 25944 I Unity   : [XR] [485728508272] [14:41:19.491][Verbose] Ignoring event type 1000156104
05-15 14:41:19.516 25921 25944 I Unity   : [XR] [485728508272] [14:41:19.516][Verbose] Ignoring event type 1000156103
05-15 14:41:19.516 25921 25944 I Unity   : [XR] [485728508272] [14:41:19.516][Verbose] Ignoring event type 1000156104
05-15 14:41:19.549 25921 25944 I Unity   : [XR] [485728508272] [14:41:19.549][Verbose] Ignoring event type 1000156103
05-15 14:41:19.550 25921 25944 I Unity   : [XR] [485728508272] [14:41:19.549][Verbose] Ignoring event type 1000156104
05-15 14:41:19.582 25921 25944 I Unity   : [XR] [485728508272] [14:41:19.582][Verbose] Ignoring event type 1000156103
05-15 14:41:19.582 25921 25944 I Unity   : [XR] [485728508272] [14:41:19.582][Verbose] Ignoring event type 1000156104
05-15 14:41:19.615 25921 25944 I Unity   : [XR] [485728508272] [14:41:19.615][Verbose] Ignoring event type 1000156103
05-15 14:41:19.615 25921 25944 I Unity   : [XR] [485728508272] [14:41:19.615][Verbose] Ignoring event type 1000156104
05-15 14:41:19.647 25921 25944 I Unity   : [XR] [485728508272] [14:41:19.647][Verbose] Ignoring event type 1000156103
05-15 14:41:19.648 25921 25944 I Unity   : [XR] [485728508272] [14:41:19.648][Verbose] Ignoring event type 1000156104
05-15 14:41:19.671 25921 25944 I Unity   : [XR] [485728508272] [14:41:19.671][Verbose] Ignoring event type 1000156103
05-15 14:41:19.671 25921 25944 I Unity   : [XR] [485728508272] [14:41:19.671][Verbose] Ignoring event type 1000156104
05-15 14:41:19.694 25921 25944 I Unity   : [XR] [485728508272] [14:41:19.694][Verbose] Ignoring event type 1000156103
05-15 14:41:19.694 25921 25944 I Unity   : [XR] [485728508272] [14:41:19.694][Verbose] Ignoring event type 1000156104
05-15 14:41:19.725 25921 25944 I Unity   : [XR] [485728508272] [14:41:19.725][Verbose] Ignoring event type 1000156103
05-15 14:41:19.725 25921 25944 I Unity   : [XR] [485728508272] [14:41:19.725][Verbose] Ignoring event type 1000156104
05-15 14:41:19.761 25921 25944 I Unity   : [XR] [485728508272] [14:41:19.761][Verbose] Ignoring event type 1000156103
05-15 14:41:19.761 25921 25944 I Unity   : [XR] [485728508272] [14:41:19.761][Verbose] Ignoring event type 1000156104
05-15 14:41:19.794 25921 25944 I Unity   : [XR] [485728508272] [14:41:19.794][Verbose] Ignoring event type 1000156103
05-15 14:41:19.794 25921 25944 I Unity   : [XR] [485728508272] [14:41:19.794][Verbose] Ignoring event type 1000156104
05-15 14:41:19.827 25921 25944 I Unity   : [XR] [485728508272] [14:41:19.827][Verbose] Ignoring event type 1000156103
05-15 14:41:19.827 25921 25944 I Unity   : [XR] [485728508272] [14:41:19.827][Verbose] Ignoring event type 1000156104
05-15 14:41:19.859 25921 25944 I Unity   : [XR] [485728508272] [14:41:19.859][Verbose] Ignoring event type 1000156103
05-15 14:41:19.859 25921 25944 I Unity   : [XR] [485728508272] [14:41:19.859][Verbose] Ignoring event type 1000156104
05-15 14:41:19.891 25921 25944 I Unity   : [XR] [485728508272] [14:41:19.891][Verbose] Ignoring event type 1000156103
05-15 14:41:19.891 25921 25944 I Unity   : [XR] [485728508272] [14:41:19.891][Verbose] Ignoring event type 1000156104
05-15 14:41:19.926 25921 25944 I Unity   : [XR] [485728508272] [14:41:19.926][Verbose] Ignoring event type 1000156103
05-15 14:41:19.926 25921 25944 I Unity   : [XR] [485728508272] [14:41:19.926][Verbose] Ignoring event type 1000156104
05-15 14:41:19.960 25921 25944 I Unity   : [XR] [485728508272] [14:41:19.960][Verbose] Ignoring event type 1000156103
05-15 14:41:19.960 25921 25944 I Unity   : [XR] [485728508272] [14:41:19.960][Verbose] Ignoring event type 1000156104
05-15 14:41:19.993 25921 25944 I Unity   : [XR] [485728508272] [14:41:19.993][Verbose] Ignoring event type 1000156103
05-15 14:41:19.993 25921 25944 I Unity   : [XR] [485728508272] [14:41:19.993][Verbose] Ignoring event type 1000156104
05-15 14:41:20.015 25921 25944 I Unity   : [XR] [485728508272] [14:41:20.015][Verbose] Ignoring event type 1000156103
05-15 14:41:20.015 25921 25944 I Unity   : [XR] [485728508272] [14:41:20.015][Verbose] Ignoring event type 1000156104
05-15 14:41:20.043 25921 26076 I VrApi   : FPS=90/90,Prd=39ms,Tear=0,Early=33,Stale=0,Stale2/5/10/max=0/0/0/0,VSnc=1,Lat=-1,Fov=0,CPU4/GPU=3/2,1651/456MHz,OC=3F,TA=0/0/0,SP=N/N/N,Mem=2736MHz,Free=1022MB,PLS=1,Temp=41.0C/0.0C,TW=1.33ms,App=3.23ms,GD=0.00ms,CPU&GPU=6.67ms,LCnt=2(DR90,LM2),GPU%=0.45,CPU%=0.71(W0.74),DSF=1.00,CFL=11.75/16.40,ICFLp95=14.86,LD=0,SF=1.00,LP=0,DVFS=0
05-15 14:41:20.047 25921 25944 I Unity   : [XR] [485728508272] [14:41:20.047][Verbose] Ignoring event type 1000156103
05-15 14:41:20.047 25921 25944 I Unity   : [XR] [485728508272] [14:41:20.047][Verbose] Ignoring event type 1000156104
05-15 14:41:20.083 25921 25944 I Unity   : [XR] [485728508272] [14:41:20.083][Verbose] Ignoring event type 1000156103
05-15 14:41:20.083 25921 25944 I Unity   : [XR] [485728508272] [14:41:20.083][Verbose] Ignoring event type 1000156104
05-15 14:41:20.115 25921 25944 I Unity   : [XR] [485728508272] [14:41:20.115][Verbose] Ignoring event type 1000156103
05-15 14:41:20.115 25921 25944 I Unity   : [XR] [485728508272] [14:41:20.115][Verbose] Ignoring event type 1000156104
05-15 14:41:20.148 25921 25944 I Unity   : [XR] [485728508272] [14:41:20.148][Verbose] Ignoring event type 1000156103
05-15 14:41:20.149 25921 25944 I Unity   : [XR] [485728508272] [14:41:20.148][Verbose] Ignoring event type 1000156104
05-15 14:41:20.181 25921 25944 I Unity   : [XR] [485728508272] [14:41:20.181][Verbose] Ignoring event type 1000156103
05-15 14:41:20.181 25921 25944 I Unity   : [XR] [485728508272] [14:41:20.181][Verbose] Ignoring event type 1000156104
05-15 14:41:20.216 25921 25944 I Unity   : [XR] [485728508272] [14:41:20.216][Verbose] Ignoring event type 1000156103
05-15 14:41:20.216 25921 25944 I Unity   : [XR] [485728508272] [14:41:20.216][Verbose] Ignoring event type 1000156104
05-15 14:41:20.248 25921 25944 I Unity   : [XR] [485728508272] [14:41:20.248][Verbose] Ignoring event type 1000156103
05-15 14:41:20.248 25921 25944 I Unity   : [XR] [485728508272] [14:41:20.248][Verbose] Ignoring event type 1000156104
05-15 14:41:20.281 25921 25944 I Unity   : [XR] [485728508272] [14:41:20.281][Verbose] Ignoring event type 1000156103
05-15 14:41:20.281 25921 25944 I Unity   : [XR] [485728508272] [14:41:20.281][Verbose] Ignoring event type 1000156104
05-15 14:41:20.315 25921 25944 I Unity   : [XR] [485728508272] [14:41:20.315][Verbose] Ignoring event type 1000156103
05-15 14:41:20.315 25921 25944 I Unity   : [XR] [485728508272] [14:41:20.315][Verbose] Ignoring event type 1000156104
05-15 14:41:20.348 25921 25944 I Unity   : [XR] [485728508272] [14:41:20.348][Verbose] Ignoring event type 1000156103
05-15 14:41:20.348 25921 25944 I Unity   : [XR] [485728508272] [14:41:20.348][Verbose] Ignoring event type 1000156104
05-15 14:41:20.381 25921 25944 I Unity   : [XR] [485728508272] [14:41:20.381][Verbose] Ignoring event type 1000156103
05-15 14:41:20.381 25921 25944 I Unity   : [XR] [485728508272] [14:41:20.381][Verbose] Ignoring event type 1000156104
05-15 14:41:20.414 25921 25944 I Unity   : [XR] [485728508272] [14:41:20.414][Verbose] Ignoring event type 1000156103
05-15 14:41:20.414 25921 25944 I Unity   : [XR] [485728508272] [14:41:20.414][Verbose] Ignoring event type 1000156104
05-15 14:41:20.448 25921 25944 I Unity   : [XR] [485728508272] [14:41:20.448][Verbose] Ignoring event type 1000156103
05-15 14:41:20.448 25921 25944 I Unity   : [XR] [485728508272] [14:41:20.448][Verbose] Ignoring event type 1000156104
05-15 14:41:20.481 25921 25944 I Unity   : [XR] [485728508272] [14:41:20.481][Verbose] Ignoring event type 1000156103
05-15 14:41:20.481 25921 25944 I Unity   : [XR] [485728508272] [14:41:20.481][Verbose] Ignoring event type 1000156104
05-15 14:41:20.515 25921 25944 I Unity   : [XR] [485728508272] [14:41:20.515][Verbose] Ignoring event type 1000156103
05-15 14:41:20.515 25921 25944 I Unity   : [XR] [485728508272] [14:41:20.515][Verbose] Ignoring event type 1000156104
05-15 14:41:20.548 25921 25944 I Unity   : [XR] [485728508272] [14:41:20.548][Verbose] Ignoring event type 1000156103
05-15 14:41:20.548 25921 25944 I Unity   : [XR] [485728508272] [14:41:20.548][Verbose] Ignoring event type 1000156104
05-15 14:41:20.579 25921 25944 I Unity   : [XR] [485728508272] [14:41:20.579][Verbose] Ignoring event type 1000156103
05-15 14:41:20.579 25921 25944 I Unity   : [XR] [485728508272] [14:41:20.579][Verbose] Ignoring event type 1000156104
05-15 14:41:20.613 25921 25944 I Unity   : [XR] [485728508272] [14:41:20.613][Verbose] Ignoring event type 1000156103
05-15 14:41:20.613 25921 25944 I Unity   : [XR] [485728508272] [14:41:20.613][Verbose] Ignoring event type 1000156104
05-15 14:41:20.648 25921 25944 I Unity   : [XR] [485728508272] [14:41:20.648][Verbose] Ignoring event type 1000156103
05-15 14:41:20.648 25921 25944 I Unity   : [XR] [485728508272] [14:41:20.648][Verbose] Ignoring event type 1000156104
05-15 14:41:20.680 25921 25944 I Unity   : [XR] [485728508272] [14:41:20.679][Verbose] Ignoring event type 1000156103
05-15 14:41:20.680 25921 25944 I Unity   : [XR] [485728508272] [14:41:20.680][Verbose] Ignoring event type 1000156104
05-15 14:41:20.703 25921 25944 I Unity   : [XR] [485728508272] [14:41:20.703][Verbose] Ignoring event type 1000156103
05-15 14:41:20.704 25921 25944 I Unity   : [XR] [485728508272] [14:41:20.704][Verbose] Ignoring event type 1000156104
05-15 14:41:20.735 25921 25944 I Unity   : [XR] [485728508272] [14:41:20.735][Verbose] Ignoring event type 1000156103
05-15 14:41:20.735 25921 25944 I Unity   : [XR] [485728508272] [14:41:20.735][Verbose] Ignoring event type 1000156104
05-15 14:41:20.771 25921 25944 I Unity   : [XR] [485728508272] [14:41:20.771][Verbose] Ignoring event type 1000156103
05-15 14:41:20.771 25921 25944 I Unity   : [XR] [485728508272] [14:41:20.771][Verbose] Ignoring event type 1000156104
05-15 14:41:20.803 25921 25944 I Unity   : [XR] [485728508272] [14:41:20.803][Verbose] Ignoring event type 1000156103
05-15 14:41:20.803 25921 25944 I Unity   : [XR] [485728508272] [14:41:20.803][Verbose] Ignoring event type 1000156104
05-15 14:41:20.836 25921 25944 I Unity   : [XR] [485728508272] [14:41:20.836][Verbose] Ignoring event type 1000156103
05-15 14:41:20.836 25921 25944 I Unity   : [XR] [485728508272] [14:41:20.836][Verbose] Ignoring event type 1000156104
05-15 14:41:20.869 25921 25944 I Unity   : [XR] [485728508272] [14:41:20.869][Verbose] Ignoring event type 1000156103
05-15 14:41:20.869 25921 25944 I Unity   : [XR] [485728508272] [14:41:20.869][Verbose] Ignoring event type 1000156104
05-15 14:41:20.903 25921 25944 I Unity   : [XR] [485728508272] [14:41:20.902][Verbose] Ignoring event type 1000156103
05-15 14:41:20.903 25921 25944 I Unity   : [XR] [485728508272] [14:41:20.903][Verbose] Ignoring event type 1000156104
05-15 14:41:20.936 25921 25944 I Unity   : [XR] [485728508272] [14:41:20.936][Verbose] Ignoring event type 1000156103
05-15 14:41:20.936 25921 25944 I Unity   : [XR] [485728508272] [14:41:20.936][Verbose] Ignoring event type 1000156104
05-15 14:41:20.969 25921 25944 I Unity   : [XR] [485728508272] [14:41:20.969][Verbose] Ignoring event type 1000156103
05-15 14:41:20.969 25921 25944 I Unity   : [XR] [485728508272] [14:41:20.969][Verbose] Ignoring event type 1000156104
05-15 14:41:21.003 25921 25944 I Unity   : [XR] [485728508272] [14:41:21.003][Verbose] Ignoring event type 1000156103
05-15 14:41:21.003 25921 25944 I Unity   : [XR] [485728508272] [14:41:21.003][Verbose] Ignoring event type 1000156104
05-15 14:41:21.036 25921 25944 I Unity   : [XR] [485728508272] [14:41:21.036][Verbose] Ignoring event type 1000156103
05-15 14:41:21.036 25921 25944 I Unity   : [XR] [485728508272] [14:41:21.036][Verbose] Ignoring event type 1000156104
05-15 14:41:21.043 25921 26076 I VrApi   : FPS=91/90,Prd=39ms,Tear=0,Early=35,Stale=0,Stale2/5/10/max=0/0/0/0,VSnc=1,Lat=-1,Fov=0,CPU4/GPU=3/2,1651/456MHz,OC=3F,TA=0/0/0,SP=N/N/N,Mem=2736MHz,Free=1022MB,PLS=1,Temp=41.0C/0.0C,TW=1.40ms,App=4.70ms,GD=0.00ms,CPU&GPU=8.16ms,LCnt=2(DR90,LM2),GPU%=0.52,CPU%=0.74(W0.76),DSF=1.00,CFL=11.67/16.45,ICFLp95=14.87,LD=0,SF=1.00,LP=0,DVFS=0
05-15 14:41:21.069 25921 25944 I Unity   : [XR] [485728508272] [14:41:21.069][Verbose] Ignoring event type 1000156103
05-15 14:41:21.069 25921 25944 I Unity   : [XR] [485728508272] [14:41:21.069][Verbose] Ignoring event type 1000156104
05-15 14:41:21.102 25921 25944 I Unity   : [XR] [485728508272] [14:41:21.102][Verbose] Ignoring event type 1000156103
05-15 14:41:21.102 25921 25944 I Unity   : [XR] [485728508272] [14:41:21.102][Verbose] Ignoring event type 1000156104
05-15 14:41:21.135 25921 25944 I Unity   : [XR] [485728508272] [14:41:21.135][Verbose] Ignoring event type 1000156103
05-15 14:41:21.135 25921 25944 I Unity   : [XR] [485728508272] [14:41:21.135][Verbose] Ignoring event type 1000156104
05-15 14:41:21.168 25921 25944 I Unity   : [XR] [485728508272] [14:41:21.167][Verbose] Ignoring event type 1000156103
05-15 14:41:21.168 25921 25944 I Unity   : [XR] [485728508272] [14:41:21.168][Verbose] Ignoring event type 1000156104
05-15 14:41:21.203 25921 25944 I Unity   : [XR] [485728508272] [14:41:21.203][Verbose] Ignoring event type 1000156103
05-15 14:41:21.203 25921 25944 I Unity   : [XR] [485728508272] [14:41:21.203][Verbose] Ignoring event type 1000156104
05-15 14:41:21.236 25921 25944 I Unity   : [XR] [485728508272] [14:41:21.236][Verbose] Ignoring event type 1000156103
05-15 14:41:21.236 25921 25944 I Unity   : [XR] [485728508272] [14:41:21.236][Verbose] Ignoring event type 1000156104
05-15 14:41:21.268 25921 25944 I Unity   : [XR] [485728508272] [14:41:21.268][Verbose] Ignoring event type 1000156103
05-15 14:41:21.268 25921 25944 I Unity   : [XR] [485728508272] [14:41:21.268][Verbose] Ignoring event type 1000156104
05-15 14:41:21.302 25921 25944 I Unity   : [XR] [485728508272] [14:41:21.302][Verbose] Ignoring event type 1000156103
05-15 14:41:21.302 25921 25944 I Unity   : [XR] [485728508272] [14:41:21.302][Verbose] Ignoring event type 1000156104
05-15 14:41:21.335 25921 25944 I Unity   : [XR] [485728508272] [14:41:21.335][Verbose] Ignoring event type 1000156103
05-15 14:41:21.335 25921 25944 I Unity   : [XR] [485728508272] [14:41:21.335][Verbose] Ignoring event type 1000156104
05-15 14:41:21.369 25921 25944 I Unity   : [XR] [485728508272] [14:41:21.368][Verbose] Ignoring event type 1000156103
05-15 14:41:21.369 25921 25944 I Unity   : [XR] [485728508272] [14:41:21.369][Verbose] Ignoring event type 1000156104
05-15 14:41:21.402 25921 25944 I Unity   : [XR] [485728508272] [14:41:21.401][Verbose] Ignoring event type 1000156103
05-15 14:41:21.402 25921 25944 I Unity   : [XR] [485728508272] [14:41:21.402][Verbose] Ignoring event type 1000156104
05-15 14:41:21.435 25921 25944 I Unity   : [XR] [485728508272] [14:41:21.435][Verbose] Ignoring event type 1000156103
05-15 14:41:21.435 25921 25944 I Unity   : [XR] [485728508272] [14:41:21.435][Verbose] Ignoring event type 1000156104
05-15 14:41:21.468 25921 25944 I Unity   : [XR] [485728508272] [14:41:21.468][Verbose] Ignoring event type 1000156103
05-15 14:41:21.468 25921 25944 I Unity   : [XR] [485728508272] [14:41:21.468][Verbose] Ignoring event type 1000156104
05-15 14:41:21.502 25921 25944 I Unity   : [XR] [485728508272] [14:41:21.502][Verbose] Ignoring event type 1000156103
05-15 14:41:21.502 25921 25944 I Unity   : [XR] [485728508272] [14:41:21.502][Verbose] Ignoring event type 1000156104
05-15 14:41:21.535 25921 25944 I Unity   : [XR] [485728508272] [14:41:21.535][Verbose] Ignoring event type 1000156103
05-15 14:41:21.535 25921 25944 I Unity   : [XR] [485728508272] [14:41:21.535][Verbose] Ignoring event type 1000156104
05-15 14:41:21.568 25921 25944 I Unity   : [XR] [485728508272] [14:41:21.568][Verbose] Ignoring event type 1000156103
05-15 14:41:21.568 25921 25944 I Unity   : [XR] [485728508272] [14:41:21.568][Verbose] Ignoring event type 1000156104
05-15 14:41:21.601 25921 25944 I Unity   : [XR] [485728508272] [14:41:21.601][Verbose] Ignoring event type 1000156103
05-15 14:41:21.601 25921 25944 I Unity   : [XR] [485728508272] [14:41:21.601][Verbose] Ignoring event type 1000156104
05-15 14:41:21.635 25921 25944 I Unity   : [XR] [485728508272] [14:41:21.635][Verbose] Ignoring event type 1000156103
05-15 14:41:21.635 25921 25944 I Unity   : [XR] [485728508272] [14:41:21.635][Verbose] Ignoring event type 1000156104
05-15 14:41:21.667 25921 25944 I Unity   : [XR] [485728508272] [14:41:21.667][Verbose] Ignoring event type 1000156103
05-15 14:41:21.667 25921 25944 I Unity   : [XR] [485728508272] [14:41:21.667][Verbose] Ignoring event type 1000156104
05-15 14:41:21.701 25921 25944 I Unity   : [XR] [485728508272] [14:41:21.701][Verbose] Ignoring event type 1000156103
05-15 14:41:21.701 25921 25944 I Unity   : [XR] [485728508272] [14:41:21.701][Verbose] Ignoring event type 1000156104
05-15 14:41:21.734 25921 25944 I Unity   : [XR] [485728508272] [14:41:21.734][Verbose] Ignoring event type 1000156103
05-15 14:41:21.734 25921 25944 I Unity   : [XR] [485728508272] [14:41:21.734][Verbose] Ignoring event type 1000156104
05-15 14:41:21.768 25921 25944 I Unity   : [XR] [485728508272] [14:41:21.768][Verbose] Ignoring event type 1000156103
05-15 14:41:21.768 25921 25944 I Unity   : [XR] [485728508272] [14:41:21.768][Verbose] Ignoring event type 1000156104
05-15 14:41:21.801 25921 25944 I Unity   : [XR] [485728508272] [14:41:21.801][Verbose] Ignoring event type 1000156103
05-15 14:41:21.801 25921 25944 I Unity   : [XR] [485728508272] [14:41:21.801][Verbose] Ignoring event type 1000156104
05-15 14:41:21.834 25921 25944 I Unity   : [XR] [485728508272] [14:41:21.834][Verbose] Ignoring event type 1000156103
05-15 14:41:21.834 25921 25944 I Unity   : [XR] [485728508272] [14:41:21.834][Verbose] Ignoring event type 1000156104
05-15 14:41:21.868 25921 25944 I Unity   : [XR] [485728508272] [14:41:21.868][Verbose] Ignoring event type 1000156103
05-15 14:41:21.868 25921 25944 I Unity   : [XR] [485728508272] [14:41:21.868][Verbose] Ignoring event type 1000156104
05-15 14:41:21.900 25921 25944 I Unity   : [XR] [485728508272] [14:41:21.900][Verbose] Ignoring event type 1000156103
05-15 14:41:21.900 25921 25944 I Unity   : [XR] [485728508272] [14:41:21.900][Verbose] Ignoring event type 1000156104
05-15 14:41:21.932 25921 25944 I Unity   : [XR] [485728508272] [14:41:21.932][Verbose] Ignoring event type 1000156103
05-15 14:41:21.932 25921 25944 I Unity   : [XR] [485728508272] [14:41:21.932][Verbose] Ignoring event type 1000156104
05-15 14:41:21.967 25921 25944 I Unity   : [XR] [485728508272] [14:41:21.967][Verbose] Ignoring event type 1000156103
05-15 14:41:21.967 25921 25944 I Unity   : [XR] [485728508272] [14:41:21.967][Verbose] Ignoring event type 1000156104
05-15 14:41:21.998 25921 25944 I Unity   : [XR] [485728508272] [14:41:21.998][Verbose] Ignoring event type 1000156103
05-15 14:41:21.998 25921 25944 I Unity   : [XR] [485728508272] [14:41:21.998][Verbose] Ignoring event type 1000156104
05-15 14:41:22.022 25921 25944 I Unity   : [XR] [485728508272] [14:41:22.022][Verbose] Ignoring event type 1000156103
05-15 14:41:22.022 25921 25944 I Unity   : [XR] [485728508272] [14:41:22.022][Verbose] Ignoring event type 1000156104
05-15 14:41:22.043 25921 26076 I VrApi   : FPS=91/90,Prd=39ms,Tear=0,Early=31,Stale=0,Stale2/5/10/max=0/0/0/0,VSnc=1,Lat=-1,Fov=0,CPU4/GPU=3/2,1651/456MHz,OC=3F,TA=0/0/0,SP=N/N/N,Mem=2736MHz,Free=1022MB,PLS=1,Temp=41.0C/0.0C,TW=1.44ms,App=4.89ms,GD=0.00ms,CPU&GPU=8.16ms,LCnt=2(DR91,LM2),GPU%=0.58,CPU%=0.71(W0.76),DSF=1.00,CFL=11.67/16.58,ICFLp95=15.18,LD=0,SF=1.00,LP=0,DVFS=0
05-15 14:41:22.056 25921 25944 I Unity   : [XR] [485728508272] [14:41:22.056][Verbose] Ignoring event type 1000156103
05-15 14:41:22.056 25921 25944 I Unity   : [XR] [485728508272] [14:41:22.056][Verbose] Ignoring event type 1000156104
05-15 14:41:22.090 25921 25944 I Unity   : [XR] [485728508272] [14:41:22.090][Verbose] Ignoring event type 1000156103
05-15 14:41:22.090 25921 25944 I Unity   : [XR] [485728508272] [14:41:22.090][Verbose] Ignoring event type 1000156104
05-15 14:41:22.123 25921 25944 I Unity   : [XR] [485728508272] [14:41:22.123][Verbose] Ignoring event type 1000156103
05-15 14:41:22.124 25921 25944 I Unity   : [XR] [485728508272] [14:41:22.124][Verbose] Ignoring event type 1000156104
05-15 14:41:22.157 25921 25944 I Unity   : [XR] [485728508272] [14:41:22.157][Verbose] Ignoring event type 1000156103
05-15 14:41:22.157 25921 25944 I Unity   : [XR] [485728508272] [14:41:22.157][Verbose] Ignoring event type 1000156104
05-15 14:41:22.189 25921 25944 I Unity   : [XR] [485728508272] [14:41:22.189][Verbose] Ignoring event type 1000156103
05-15 14:41:22.189 25921 25944 I Unity   : [XR] [485728508272] [14:41:22.189][Verbose] Ignoring event type 1000156104
05-15 14:41:22.212 25921 25944 I Unity   : [XR] [485728508272] [14:41:22.212][Verbose] Ignoring event type 1000156103
05-15 14:41:22.212 25921 25944 I Unity   : [XR] [485728508272] [14:41:22.212][Verbose] Ignoring event type 1000156104
05-15 14:41:22.245 25921 25944 I Unity   : [XR] [485728508272] [14:41:22.245][Verbose] Ignoring event type 1000156103
05-15 14:41:22.245 25921 25944 I Unity   : [XR] [485728508272] [14:41:22.245][Verbose] Ignoring event type 1000156104
05-15 14:41:22.279 25921 25944 I Unity   : [XR] [485728508272] [14:41:22.279][Verbose] Ignoring event type 1000156103
05-15 14:41:22.279 25921 25944 I Unity   : [XR] [485728508272] [14:41:22.279][Verbose] Ignoring event type 1000156104
05-15 14:41:22.313 25921 25944 I Unity   : [XR] [485728508272] [14:41:22.313][Verbose] Ignoring event type 1000156103
05-15 14:41:22.313 25921 25944 I Unity   : [XR] [485728508272] [14:41:22.313][Verbose] Ignoring event type 1000156104
05-15 14:41:22.345 25921 25944 I Unity   : [XR] [485728508272] [14:41:22.345][Verbose] Ignoring event type 1000156103
05-15 14:41:22.345 25921 25944 I Unity   : [XR] [485728508272] [14:41:22.345][Verbose] Ignoring event type 1000156104
05-15 14:41:22.376 25921 25944 I Unity   : [XR] [485728508272] [14:41:22.376][Verbose] Ignoring event type 1000156103
05-15 14:41:22.376 25921 25944 I Unity   : [XR] [485728508272] [14:41:22.376][Verbose] Ignoring event type 1000156104
05-15 14:41:22.412 25921 25944 I Unity   : [XR] [485728508272] [14:41:22.412][Verbose] Ignoring event type 1000156103
05-15 14:41:22.412 25921 25944 I Unity   : [XR] [485728508272] [14:41:22.412][Verbose] Ignoring event type 1000156104
05-15 14:41:22.446 25921 25944 I Unity   : [XR] [485728508272] [14:41:22.446][Verbose] Ignoring event type 1000156103
05-15 14:41:22.446 25921 25944 I Unity   : [XR] [485728508272] [14:41:22.446][Verbose] Ignoring event type 1000156104
05-15 14:41:22.478 25921 25944 I Unity   : [XR] [485728508272] [14:41:22.478][Verbose] Ignoring event type 1000156103
05-15 14:41:22.478 25921 25944 I Unity   : [XR] [485728508272] [14:41:22.478][Verbose] Ignoring event type 1000156104
05-15 14:41:22.513 25921 25944 I Unity   : [XR] [485728508272] [14:41:22.513][Verbose] Ignoring event type 1000156103
05-15 14:41:22.513 25921 25944 I Unity   : [XR] [485728508272] [14:41:22.513][Verbose] Ignoring event type 1000156104
05-15 14:41:22.546 25921 25944 I Unity   : [XR] [485728508272] [14:41:22.546][Verbose] Ignoring event type 1000156103
05-15 14:41:22.546 25921 25944 I Unity   : [XR] [485728508272] [14:41:22.546][Verbose] Ignoring event type 1000156104
05-15 14:41:22.578 25921 25944 I Unity   : [XR] [485728508272] [14:41:22.578][Verbose] Ignoring event type 1000156103
05-15 14:41:22.578 25921 25944 I Unity   : [XR] [485728508272] [14:41:22.578][Verbose] Ignoring event type 1000156104
05-15 14:41:22.612 25921 25944 I Unity   : [XR] [485728508272] [14:41:22.612][Verbose] Ignoring event type 1000156103
05-15 14:41:22.612 25921 25944 I Unity   : [XR] [485728508272] [14:41:22.612][Verbose] Ignoring event type 1000156104
05-15 14:41:22.644 25921 25944 I Unity   : [XR] [485728508272] [14:41:22.644][Verbose] Ignoring event type 1000156103
05-15 14:41:22.644 25921 25944 I Unity   : [XR] [485728508272] [14:41:22.644][Verbose] Ignoring event type 1000156104
05-15 14:41:22.678 25921 25944 I Unity   : [XR] [485728508272] [14:41:22.678][Verbose] Ignoring event type 1000156103
05-15 14:41:22.678 25921 25944 I Unity   : [XR] [485728508272] [14:41:22.678][Verbose] Ignoring event type 1000156104
05-15 14:41:22.711 25921 25944 I Unity   : [XR] [485728508272] [14:41:22.711][Verbose] Ignoring event type 1000156103
05-15 14:41:22.711 25921 25944 I Unity   : [XR] [485728508272] [14:41:22.711][Verbose] Ignoring event type 1000156104
05-15 14:41:22.742 25921 25944 I Unity   : [XR] [485728508272] [14:41:22.742][Verbose] Ignoring event type 1000156103
05-15 14:41:22.743 25921 25944 I Unity   : [XR] [485728508272] [14:41:22.743][Verbose] Ignoring event type 1000156104
05-15 14:41:22.777 25921 25944 I Unity   : [XR] [485728508272] [14:41:22.777][Verbose] Ignoring event type 1000156103
05-15 14:41:22.777 25921 25944 I Unity   : [XR] [485728508272] [14:41:22.777][Verbose] Ignoring event type 1000156104
05-15 14:41:22.810 25921 25944 I Unity   : [XR] [485728508272] [14:41:22.810][Verbose] Ignoring event type 1000156103
05-15 14:41:22.810 25921 25944 I Unity   : [XR] [485728508272] [14:41:22.810][Verbose] Ignoring event type 1000156104
05-15 14:41:22.842 25921 25944 I Unity   : [XR] [485728508272] [14:41:22.842][Verbose] Ignoring event type 1000156103
05-15 14:41:22.842 25921 25944 I Unity   : [XR] [485728508272] [14:41:22.842][Verbose] Ignoring event type 1000156104
05-15 14:41:22.877 25921 25944 I Unity   : [XR] [485728508272] [14:41:22.877][Verbose] Ignoring event type 1000156103
05-15 14:41:22.877 25921 25944 I Unity   : [XR] [485728508272] [14:41:22.877][Verbose] Ignoring event type 1000156104
05-15 14:41:22.907 25921 25944 I Unity   : [XR] [485728508272] [14:41:22.907][Verbose] Ignoring event type 1000156103
05-15 14:41:22.907 25921 25944 I Unity   : [XR] [485728508272] [14:41:22.907][Verbose] Ignoring event type 1000156104
05-15 14:41:22.932 25921 25944 I Unity   : [XR] [485728508272] [14:41:22.932][Verbose] Ignoring event type 1000156103
05-15 14:41:22.932 25921 25944 I Unity   : [XR] [485728508272] [14:41:22.932][Verbose] Ignoring event type 1000156104
05-15 14:41:22.967 25921 25944 I Unity   : [XR] [485728508272] [14:41:22.966][Verbose] Ignoring event type 1000156103
05-15 14:41:22.967 25921 25944 I Unity   : [XR] [485728508272] [14:41:22.967][Verbose] Ignoring event type 1000156104
05-15 14:41:22.999 25921 25944 I Unity   : [XR] [485728508272] [14:41:22.999][Verbose] Ignoring event type 1000156103
05-15 14:41:22.999 25921 25944 I Unity   : [XR] [485728508272] [14:41:22.999][Verbose] Ignoring event type 1000156104
05-15 14:41:23.021 25921 25944 I Unity   : [XR] [485728508272] [14:41:23.021][Verbose] Ignoring event type 1000156103
05-15 14:41:23.021 25921 25944 I Unity   : [XR] [485728508272] [14:41:23.021][Verbose] Ignoring event type 1000156104
05-15 14:41:23.043 25921 26076 I VrApi   : FPS=91/90,Prd=41ms,Tear=1,Early=29,Stale=0,Stale2/5/10/max=0/0/0/0,VSnc=1,Lat=-1,Fov=0,CPU4/GPU=3/2,1651/456MHz,OC=3F,TA=0/0/0,SP=N/N/N,Mem=2736MHz,Free=1022MB,PLS=1,Temp=41.0C/0.0C,TW=1.41ms,App=5.45ms,GD=0.00ms,CPU&GPU=11.39ms,LCnt=2(DR90,LM2),GPU%=0.61,CPU%=0.72(W0.75),DSF=1.00,CFL=12.12/16.63,ICFLp95=15.46,LD=0,SF=1.00,LP=0,DVFS=0
05-15 14:41:23.054 25921 25944 I Unity   : [XR] [485728508272] [14:41:23.054][Verbose] Ignoring event type 1000156103
05-15 14:41:23.054 25921 25944 I Unity   : [XR] [485728508272] [14:41:23.054][Verbose] Ignoring event type 1000156104
05-15 14:41:23.088 25921 25944 I Unity   : [XR] [485728508272] [14:41:23.088][Verbose] Ignoring event type 1000156103
05-15 14:41:23.088 25921 25944 I Unity   : [XR] [485728508272] [14:41:23.088][Verbose] Ignoring event type 1000156104
05-15 14:41:23.123 25921 25944 I Unity   : [XR] [485728508272] [14:41:23.123][Verbose] Ignoring event type 1000156103
05-15 14:41:23.123 25921 25944 I Unity   : [XR] [485728508272] [14:41:23.123][Verbose] Ignoring event type 1000156104
05-15 14:41:23.155 25921 25944 I Unity   : [XR] [485728508272] [14:41:23.154][Verbose] Ignoring event type 1000156103
05-15 14:41:23.155 25921 25944 I Unity   : [XR] [485728508272] [14:41:23.155][Verbose] Ignoring event type 1000156104
05-15 14:41:23.187 25921 25944 I Unity   : [XR] [485728508272] [14:41:23.187][Verbose] Ignoring event type 1000156103
05-15 14:41:23.187 25921 25944 I Unity   : [XR] [485728508272] [14:41:23.187][Verbose] Ignoring event type 1000156104
05-15 14:41:23.222 25921 25944 I Unity   : [XR] [485728508272] [14:41:23.222][Verbose] Ignoring event type 1000156103
05-15 14:41:23.222 25921 25944 I Unity   : [XR] [485728508272] [14:41:23.222][Verbose] Ignoring event type 1000156104
05-15 14:41:23.253 25921 25944 I Unity   : [XR] [485728508272] [14:41:23.253][Verbose] Ignoring event type 1000156103
05-15 14:41:23.254 25921 25944 I Unity   : [XR] [485728508272] [14:41:23.254][Verbose] Ignoring event type 1000156104
05-15 14:41:23.289 25921 25944 I Unity   : [XR] [485728508272] [14:41:23.289][Verbose] Ignoring event type 1000156103
05-15 14:41:23.289 25921 25944 I Unity   : [XR] [485728508272] [14:41:23.289][Verbose] Ignoring event type 1000156104
05-15 14:41:23.320 25921 25944 I Unity   : [XR] [485728508272] [14:41:23.320][Verbose] Ignoring event type 1000156103
05-15 14:41:23.320 25921 25944 I Unity   : [XR] [485728508272] [14:41:23.320][Verbose] Ignoring event type 1000156104
05-15 14:41:23.353 25921 25944 I Unity   : [XR] [485728508272] [14:41:23.353][Verbose] Ignoring event type 1000156103
05-15 14:41:23.353 25921 25944 I Unity   : [XR] [485728508272] [14:41:23.353][Verbose] Ignoring event type 1000156104
05-15 14:41:23.390 25921 25944 I Unity   : [XR] [485728508272] [14:41:23.390][Verbose] Ignoring event type 1000156103
05-15 14:41:23.391 25921 25944 I Unity   : [XR] [485728508272] [14:41:23.391][Verbose] Ignoring event type 1000156104
05-15 14:41:23.422 25921 25944 I Unity   : [XR] [485728508272] [14:41:23.422][Verbose] Ignoring event type 1000156103
05-15 14:41:23.422 25921 25944 I Unity   : [XR] [485728508272] [14:41:23.422][Verbose] Ignoring event type 1000156104
05-15 14:41:23.453 25921 25944 I Unity   : [XR] [485728508272] [14:41:23.453][Verbose] Ignoring event type 1000156103
05-15 14:41:23.453 25921 25944 I Unity   : [XR] [485728508272] [14:41:23.453][Verbose] Ignoring event type 1000156104
05-15 14:41:23.486 25921 25944 I Unity   : [XR] [485728508272] [14:41:23.486][Verbose] Ignoring event type 1000156103
05-15 14:41:23.486 25921 25944 I Unity   : [XR] [485728508272] [14:41:23.486][Verbose] Ignoring event type 1000156104
05-15 14:41:23.522 25921 25944 I Unity   : [XR] [485728508272] [14:41:23.522][Verbose] Ignoring event type 1000156103
05-15 14:41:23.522 25921 25944 I Unity   : [XR] [485728508272] [14:41:23.522][Verbose] Ignoring event type 1000156104
05-15 14:41:23.555 25921 25944 I Unity   : [XR] [485728508272] [14:41:23.555][Verbose] Ignoring event type 1000156103
05-15 14:41:23.555 25921 25944 I Unity   : [XR] [485728508272] [14:41:23.555][Verbose] Ignoring event type 1000156104
05-15 14:41:23.589 25921 25944 I Unity   : [XR] [485728508272] [14:41:23.589][Verbose] Ignoring event type 1000156103
05-15 14:41:23.589 25921 25944 I Unity   : [XR] [485728508272] [14:41:23.589][Verbose] Ignoring event type 1000156104
05-15 14:41:23.621 25921 25944 I Unity   : [XR] [485728508272] [14:41:23.621][Verbose] Ignoring event type 1000156103
05-15 14:41:23.621 25921 25944 I Unity   : [XR] [485728508272] [14:41:23.621][Verbose] Ignoring event type 1000156104
05-15 14:41:23.654 25921 25944 I Unity   : [XR] [485728508272] [14:41:23.654][Verbose] Ignoring event type 1000156103
05-15 14:41:23.654 25921 25944 I Unity   : [XR] [485728508272] [14:41:23.654][Verbose] Ignoring event type 1000156104
05-15 14:41:23.698 25921 25944 I Unity   : [XR] [485728508272] [14:41:23.698][Verbose] Ignoring event type 1000156103
05-15 14:41:23.699 25921 25944 I Unity   : [XR] [485728508272] [14:41:23.699][Verbose] Ignoring event type 1000156104
05-15 14:41:23.731 25921 25944 I Unity   : [XR] [485728508272] [14:41:23.731][Verbose] Ignoring event type 1000156103
05-15 14:41:23.731 25921 25944 I Unity   : [XR] [485728508272] [14:41:23.731][Verbose] Ignoring event type 1000156104
05-15 14:41:23.764 25921 25944 I Unity   : [XR] [485728508272] [14:41:23.764][Verbose] Ignoring event type 1000156103
05-15 14:41:23.764 25921 25944 I Unity   : [XR] [485728508272] [14:41:23.764][Verbose] Ignoring event type 1000156104
05-15 14:41:23.798 25921 25944 I Unity   : [XR] [485728508272] [14:41:23.798][Verbose] Ignoring event type 1000156103
05-15 14:41:23.798 25921 25944 I Unity   : [XR] [485728508272] [14:41:23.798][Verbose] Ignoring event type 1000156104
05-15 14:41:23.833 25921 25944 I Unity   : [XR] [485728508272] [14:41:23.833][Verbose] Ignoring event type 1000156103
05-15 14:41:23.833 25921 25944 I Unity   : [XR] [485728508272] [14:41:23.833][Verbose] Ignoring event type 1000156104
05-15 14:41:23.865 25921 25944 I Unity   : [XR] [485728508272] [14:41:23.865][Verbose] Ignoring event type 1000156103
05-15 14:41:23.865 25921 25944 I Unity   : [XR] [485728508272] [14:41:23.865][Verbose] Ignoring event type 1000156104
05-15 14:41:23.899 25921 25944 I Unity   : [XR] [485728508272] [14:41:23.899][Verbose] Ignoring event type 1000156103
05-15 14:41:23.899 25921 25944 I Unity   : [XR] [485728508272] [14:41:23.899][Verbose] Ignoring event type 1000156104
05-15 14:41:23.932 25921 25944 I Unity   : [XR] [485728508272] [14:41:23.932][Verbose] Ignoring event type 1000156103
05-15 14:41:23.932 25921 25944 I Unity   : [XR] [485728508272] [14:41:23.932][Verbose] Ignoring event type 1000156104
05-15 14:41:23.966 25921 25944 I Unity   : [XR] [485728508272] [14:41:23.966][Verbose] Ignoring event type 1000156103
05-15 14:41:23.967 25921 25944 I Unity   : [XR] [485728508272] [14:41:23.966][Verbose] Ignoring event type 1000156104
05-15 14:41:24.010 25921 25944 I Unity   : [XR] [485728508272] [14:41:24.010][Verbose] Ignoring event type 1000156103
05-15 14:41:24.010 25921 25944 I Unity   : [XR] [485728508272] [14:41:24.010][Verbose] Ignoring event type 1000156104
05-15 14:41:24.043 25921 26076 I VrApi   : FPS=90/90,Prd=42ms,Tear=0,Early=40,Stale=0,Stale2/5/10/max=0/0/0/0,VSnc=1,Lat=-1,Fov=0,CPU4/GPU=3/2,1651/456MHz,OC=3F,TA=0/0/0,SP=N/N/N,Mem=3196MHz,Free=1022MB,PLS=1,Temp=41.0C/0.0C,TW=1.36ms,App=5.52ms,GD=0.00ms,CPU&GPU=11.63ms,LCnt=2(DR91,LM2),GPU%=0.63,CPU%=0.81(W0.85),DSF=1.00,CFL=11.98/16.89,ICFLp95=15.30,LD=0,SF=1.00,LP=0,DVFS=0
05-15 14:41:24.044 25921 25944 I Unity   : [XR] [485728508272] [14:41:24.044][Verbose] Ignoring event type 1000156103
05-15 14:41:24.044 25921 25944 I Unity   : [XR] [485728508272] [14:41:24.044][Verbose] Ignoring event type 1000156104
05-15 14:41:24.077 25921 25944 I Unity   : [XR] [485728508272] [14:41:24.077][Verbose] Ignoring event type 1000156103
05-15 14:41:24.077 25921 25944 I Unity   : [XR] [485728508272] [14:41:24.077][Verbose] Ignoring event type 1000156104
05-15 14:41:24.111 25921 25944 I Unity   : [XR] [485728508272] [14:41:24.111][Verbose] Ignoring event type 1000156103
05-15 14:41:24.111 25921 25944 I Unity   : [XR] [485728508272] [14:41:24.111][Verbose] Ignoring event type 1000156104
05-15 14:41:24.142 25921 25944 I Unity   : [XR] [485728508272] [14:41:24.142][Verbose] Ignoring event type 1000156103
05-15 14:41:24.142 25921 25944 I Unity   : [XR] [485728508272] [14:41:24.142][Verbose] Ignoring event type 1000156104
05-15 14:41:24.175 25921 25944 I Unity   : [XR] [485728508272] [14:41:24.175][Verbose] Ignoring event type 1000156103
05-15 14:41:24.176 25921 25944 I Unity   : [XR] [485728508272] [14:41:24.176][Verbose] Ignoring event type 1000156104
05-15 14:41:24.210 25921 25944 I Unity   : [XR] [485728508272] [14:41:24.210][Verbose] Ignoring event type 1000156103
05-15 14:41:24.210 25921 25944 I Unity   : [XR] [485728508272] [14:41:24.210][Verbose] Ignoring event type 1000156104
05-15 14:41:24.241 25921 25944 I Unity   : [XR] [485728508272] [14:41:24.240][Verbose] Ignoring event type 1000156103
05-15 14:41:24.241 25921 25944 I Unity   : [XR] [485728508272] [14:41:24.241][Verbose] Ignoring event type 1000156104
05-15 14:41:24.283 25921 25944 I Unity   : [XR] [485728508272] [14:41:24.283][Verbose] Ignoring event type 1000156103
05-15 14:41:24.283 25921 25944 I Unity   : [XR] [485728508272] [14:41:24.283][Verbose] Ignoring event type 1000156104
05-15 14:41:24.319 25921 25944 I Unity   : [XR] [485728508272] [14:41:24.319][Verbose] Ignoring event type 1000156103
05-15 14:41:24.319 25921 25944 I Unity   : [XR] [485728508272] [14:41:24.319][Verbose] Ignoring event type 1000156104
05-15 14:41:24.342 25921 25944 I Unity   : [XR] [485728508272] [14:41:24.342][Verbose] Ignoring event type 1000156103
05-15 14:41:24.343 25921 25944 I Unity   : [XR] [485728508272] [14:41:24.343][Verbose] Ignoring event type 1000156104
05-15 14:41:24.374 25921 25944 I Unity   : [XR] [485728508272] [14:41:24.374][Verbose] Ignoring event type 1000156103
05-15 14:41:24.374 25921 25944 I Unity   : [XR] [485728508272] [14:41:24.374][Verbose] Ignoring event type 1000156104
05-15 14:41:24.410 25921 25944 I Unity   : [XR] [485728508272] [14:41:24.410][Verbose] Ignoring event type 1000156103
05-15 14:41:24.410 25921 25944 I Unity   : [XR] [485728508272] [14:41:24.410][Verbose] Ignoring event type 1000156104
05-15 14:41:24.443 25921 25944 I Unity   : [XR] [485728508272] [14:41:24.443][Verbose] Ignoring event type 1000156103
05-15 14:41:24.443 25921 25944 I Unity   : [XR] [485728508272] [14:41:24.443][Verbose] Ignoring event type 1000156104
05-15 14:41:24.487 25921 25944 I Unity   : [XR] [485728508272] [14:41:24.487][Verbose] Ignoring event type 1000156103
05-15 14:41:24.488 25921 25944 I Unity   : [XR] [485728508272] [14:41:24.488][Verbose] Ignoring event type 1000156104
05-15 14:41:24.519 25921 25944 I Unity   : [XR] [485728508272] [14:41:24.519][Verbose] Ignoring event type 1000156103
05-15 14:41:24.519 25921 25944 I Unity   : [XR] [485728508272] [14:41:24.519][Verbose] Ignoring event type 1000156104
05-15 14:41:24.553 25921 25944 I Unity   : [XR] [485728508272] [14:41:24.553][Verbose] Ignoring event type 1000156103
05-15 14:41:24.554 25921 25944 I Unity   : [XR] [485728508272] [14:41:24.554][Verbose] Ignoring event type 1000156104
05-15 14:41:24.585 25921 25944 I Unity   : [XR] [485728508272] [14:41:24.585][Verbose] Ignoring event type 1000156103
05-15 14:41:24.585 25921 25944 I Unity   : [XR] [485728508272] [14:41:24.585][Verbose] Ignoring event type 1000156104
05-15 14:41:24.618 25921 25944 I Unity   : [XR] [485728508272] [14:41:24.618][Verbose] Ignoring event type 1000156103
05-15 14:41:24.618 25921 25944 I Unity   : [XR] [485728508272] [14:41:24.618][Verbose] Ignoring event type 1000156104
05-15 14:41:24.652 25921 25944 I Unity   : [XR] [485728508272] [14:41:24.652][Verbose] Ignoring event type 1000156103
05-15 14:41:24.652 25921 25944 I Unity   : [XR] [485728508272] [14:41:24.652][Verbose] Ignoring event type 1000156104
05-15 14:41:24.687 25921 25944 I Unity   : [XR] [485728508272] [14:41:24.687][Verbose] Ignoring event type 1000156103
05-15 14:41:24.687 25921 25944 I Unity   : [XR] [485728508272] [14:41:24.687][Verbose] Ignoring event type 1000156104
05-15 14:41:24.719 25921 25944 I Unity   : [XR] [485728508272] [14:41:24.719][Verbose] Ignoring event type 1000156103
05-15 14:41:24.719 25921 25944 I Unity   : [XR] [485728508272] [14:41:24.719][Verbose] Ignoring event type 1000156104
05-15 14:41:24.754 25921 25944 I Unity   : [XR] [485728508272] [14:41:24.754][Verbose] Ignoring event type 1000156103
05-15 14:41:24.754 25921 25944 I Unity   : [XR] [485728508272] [14:41:24.754][Verbose] Ignoring event type 1000156104
05-15 14:41:24.810 25921 25944 I Unity   : [XR] [485728508272] [14:41:24.810][Verbose] Ignoring event type 1000156103
05-15 14:41:24.810 25921 25944 I Unity   : [XR] [485728508272] [14:41:24.810][Verbose] Ignoring event type 1000156104
05-15 14:41:24.841 25921 25944 I Unity   : [XR] [485728508272] [14:41:24.841][Verbose] Ignoring event type 1000156103
05-15 14:41:24.841 25921 25944 I Unity   : [XR] [485728508272] [14:41:24.841][Verbose] Ignoring event type 1000156104
05-15 14:41:24.875 25921 25944 I Unity   : [XR] [485728508272] [14:41:24.875][Verbose] Ignoring event type 1000156103
05-15 14:41:24.875 25921 25944 I Unity   : [XR] [485728508272] [14:41:24.875][Verbose] Ignoring event type 1000156104
05-15 14:41:24.908 25921 25944 I Unity   : [XR] [485728508272] [14:41:24.908][Verbose] Ignoring event type 1000156103
05-15 14:41:24.908 25921 25944 I Unity   : [XR] [485728508272] [14:41:24.908][Verbose] Ignoring event type 1000156104
05-15 14:41:24.942 25921 25944 I Unity   : [XR] [485728508272] [14:41:24.942][Verbose] Ignoring event type 1000156103
05-15 14:41:24.942 25921 25944 I Unity   : [XR] [485728508272] [14:41:24.942][Verbose] Ignoring event type 1000156104
05-15 14:41:24.974 25921 25944 I Unity   : [XR] [485728508272] [14:41:24.974][Verbose] Ignoring event type 1000156103
05-15 14:41:24.975 25921 25944 I Unity   : [XR] [485728508272] [14:41:24.975][Verbose] Ignoring event type 1000156104
05-15 14:41:25.007 25921 25944 I Unity   : [XR] [485728508272] [14:41:25.007][Verbose] Ignoring event type 1000156103
05-15 14:41:25.007 25921 25944 I Unity   : [XR] [485728508272] [14:41:25.007][Verbose] Ignoring event type 1000156104
05-15 14:41:25.042 25921 25944 I Unity   : [XR] [485728508272] [14:41:25.042][Verbose] Ignoring event type 1000156103
05-15 14:41:25.042 25921 25944 I Unity   : [XR] [485728508272] [14:41:25.042][Verbose] Ignoring event type 1000156104
05-15 14:41:25.043 25921 26076 I VrApi   : FPS=91/90,Prd=43ms,Tear=0,Early=32,Stale=0,Stale2/5/10/max=0/0/0/0,VSnc=1,Lat=-1,Fov=0,CPU4/GPU=3/2,1651/456MHz,OC=3F,TA=0/0/0,SP=N/N/N,Mem=3196MHz,Free=1022MB,PLS=1,Temp=41.0C/0.0C,TW=1.39ms,App=6.98ms,GD=0.00ms,CPU&GPU=12.10ms,LCnt=2(DR91,LM2),GPU%=0.68,CPU%=0.79(W0.83),DSF=1.00,CFL=12.51/16.99,ICFLp95=15.62,LD=0,SF=1.00,LP=0,DVFS=0
05-15 14:41:25.075 25921 25944 I Unity   : [XR] [485728508272] [14:41:25.075][Verbose] Ignoring event type 1000156103
05-15 14:41:25.075 25921 25944 I Unity   : [XR] [485728508272] [14:41:25.075][Verbose] Ignoring event type 1000156104
05-15 14:41:25.109 25921 25944 I Unity   : [XR] [485728508272] [14:41:25.109][Verbose] Ignoring event type 1000156103
05-15 14:41:25.109 25921 25944 I Unity   : [XR] [485728508272] [14:41:25.109][Verbose] Ignoring event type 1000156104
05-15 14:41:25.141 25921 25944 I Unity   : [XR] [485728508272] [14:41:25.141][Verbose] Ignoring event type 1000156103
05-15 14:41:25.142 25921 25944 I Unity   : [XR] [485728508272] [14:41:25.142][Verbose] Ignoring event type 1000156104
05-15 14:41:25.187 25921 25944 I Unity   : [XR] [485728508272] [14:41:25.187][Verbose] Ignoring event type 1000156103
05-15 14:41:25.187 25921 25944 I Unity   : [XR] [485728508272] [14:41:25.187][Verbose] Ignoring event type 1000156104
05-15 14:41:25.219 25921 25944 I Unity   : [XR] [485728508272] [14:41:25.219][Verbose] Ignoring event type 1000156103
05-15 14:41:25.219 25921 25944 I Unity   : [XR] [485728508272] [14:41:25.219][Verbose] Ignoring event type 1000156104
05-15 14:41:25.253 25921 25944 I Unity   : [XR] [485728508272] [14:41:25.253][Verbose] Ignoring event type 1000156103
05-15 14:41:25.253 25921 25944 I Unity   : [XR] [485728508272] [14:41:25.253][Verbose] Ignoring event type 1000156104
05-15 14:41:25.297 25921 25944 I Unity   : [XR] [485728508272] [14:41:25.297][Verbose] Ignoring event type 1000156103
05-15 14:41:25.297 25921 25944 I Unity   : [XR] [485728508272] [14:41:25.297][Verbose] Ignoring event type 1000156104
05-15 14:41:25.340 25921 25944 I Unity   : [XR] [485728508272] [14:41:25.340][Verbose] Ignoring event type 1000156103
05-15 14:41:25.340 25921 25944 I Unity   : [XR] [485728508272] [14:41:25.340][Verbose] Ignoring event type 1000156104
05-15 14:41:25.375 25921 25944 I Unity   : [XR] [485728508272] [14:41:25.375][Verbose] Ignoring event type 1000156103
05-15 14:41:25.375 25921 25944 I Unity   : [XR] [485728508272] [14:41:25.375][Verbose] Ignoring event type 1000156104
05-15 14:41:25.410 25921 25944 I Unity   : [XR] [485728508272] [14:41:25.410][Verbose] Ignoring event type 1000156103
05-15 14:41:25.410 25921 25944 I Unity   : [XR] [485728508272] [14:41:25.410][Verbose] Ignoring event type 1000156104
05-15 14:41:25.443 25921 25944 I Unity   : [XR] [485728508272] [14:41:25.443][Verbose] Ignoring event type 1000156103
05-15 14:41:25.443 25921 25944 I Unity   : [XR] [485728508272] [14:41:25.443][Verbose] Ignoring event type 1000156104
05-15 14:41:25.475 25921 25944 I Unity   : [XR] [485728508272] [14:41:25.475][Verbose] Ignoring event type 1000156103
05-15 14:41:25.475 25921 25944 I Unity   : [XR] [485728508272] [14:41:25.475][Verbose] Ignoring event type 1000156104
05-15 14:41:25.509 25921 25944 I Unity   : [XR] [485728508272] [14:41:25.509][Verbose] Ignoring event type 1000156103
05-15 14:41:25.509 25921 25944 I Unity   : [XR] [485728508272] [14:41:25.509][Verbose] Ignoring event type 1000156104
05-15 14:41:25.539 25921 25944 I Unity   : [XR] [485728508272] [14:41:25.539][Verbose] Ignoring event type 1000156103
05-15 14:41:25.539 25921 25944 I Unity   : [XR] [485728508272] [14:41:25.539][Verbose] Ignoring event type 1000156104
05-15 14:41:25.575 25921 25944 I Unity   : [XR] [485728508272] [14:41:25.575][Verbose] Ignoring event type 1000156103
05-15 14:41:25.575 25921 25944 I Unity   : [XR] [485728508272] [14:41:25.575][Verbose] Ignoring event type 1000156104
05-15 14:41:25.608 25921 25944 I Unity   : [XR] [485728508272] [14:41:25.608][Verbose] Ignoring event type 1000156103
05-15 14:41:25.609 25921 25944 I Unity   : [XR] [485728508272] [14:41:25.609][Verbose] Ignoring event type 1000156104
05-15 14:41:25.644 25921 25944 I Unity   : [XR] [485728508272] [14:41:25.644][Verbose] Ignoring event type 1000156103
05-15 14:41:25.644 25921 25944 I Unity   : [XR] [485728508272] [14:41:25.644][Verbose] Ignoring event type 1000156104
05-15 14:41:25.687 25921 25944 I Unity   : [XR] [485728508272] [14:41:25.687][Verbose] Ignoring event type 1000156103
05-15 14:41:25.687 25921 25944 I Unity   : [XR] [485728508272] [14:41:25.687][Verbose] Ignoring event type 1000156104
05-15 14:41:25.722 25921 25944 I Unity   : [XR] [485728508272] [14:41:25.722][Verbose] Ignoring event type 1000156103
05-15 14:41:25.722 25921 25944 I Unity   : [XR] [485728508272] [14:41:25.722][Verbose] Ignoring event type 1000156104
05-15 14:41:25.753 25921 25944 I Unity   : [XR] [485728508272] [14:41:25.753][Verbose] Ignoring event type 1000156103
05-15 14:41:25.753 25921 25944 I Unity   : [XR] [485728508272] [14:41:25.753][Verbose] Ignoring event type 1000156104
05-15 14:41:25.788 25921 25944 I Unity   : [XR] [485728508272] [14:41:25.788][Verbose] Ignoring event type 1000156103
05-15 14:41:25.788 25921 25944 I Unity   : [XR] [485728508272] [14:41:25.788][Verbose] Ignoring event type 1000156104
05-15 14:41:25.820 25921 25944 I Unity   : [XR] [485728508272] [14:41:25.819][Verbose] Ignoring event type 1000156103
05-15 14:41:25.820 25921 25944 I Unity   : [XR] [485728508272] [14:41:25.820][Verbose] Ignoring event type 1000156104
05-15 14:41:25.853 25921 25944 I Unity   : [XR] [485728508272] [14:41:25.853][Verbose] Ignoring event type 1000156103
05-15 14:41:25.853 25921 25944 I Unity   : [XR] [485728508272] [14:41:25.853][Verbose] Ignoring event type 1000156104
05-15 14:41:25.885 25921 25944 I Unity   : [XR] [485728508272] [14:41:25.885][Verbose] Ignoring event type 1000156103
05-15 14:41:25.885 25921 25944 I Unity   : [XR] [485728508272] [14:41:25.885][Verbose] Ignoring event type 1000156104
05-15 14:41:25.919 25921 25944 I Unity   : [XR] [485728508272] [14:41:25.919][Verbose] Ignoring event type 1000156103
05-15 14:41:25.919 25921 25944 I Unity   : [XR] [485728508272] [14:41:25.919][Verbose] Ignoring event type 1000156104
05-15 14:41:25.942 25921 25944 I Unity   : [XR] [485728508272] [14:41:25.942][Verbose] Ignoring event type 1000156103
05-15 14:41:25.942 25921 25944 I Unity   : [XR] [485728508272] [14:41:25.942][Verbose] Ignoring event type 1000156104
05-15 14:41:25.976 25921 25944 I Unity   : [XR] [485728508272] [14:41:25.976][Verbose] Ignoring event type 1000156103
