05-15 14:40:22.894 25921 25944 I Unity   : Starting test run 2 for BuiltIn with passthrough False
05-15 14:40:22.894 25921 25944 I Unity   : <ExecuteTests>d__48:MoveNext()
05-15 14:40:22.894 25921 25944 I Unity   : UnityEngine.SetupCoroutine:InvokeMoveNext(IEnumerator, IntPtr)
05-15 14:40:22.894 25921 25944 I Unity   : 
05-15 14:40:22.895 25921 25944 I Unity   : Recording starting BuiltIn-False-2024-05-15_14-40-22
05-15 14:40:22.895 25921 25944 I Unity   : <ExecuteTest>d__49:MoveNext()
05-15 14:40:22.895 25921 25944 I Unity   : UnityEngine.SetupCoroutine:InvokeMoveNext(IEnumerator, IntPtr)
05-15 14:40:22.895 25921 25944 I Unity   : 
05-15 14:40:22.895 25921 25944 I Unity   : Starting recording!
05-15 14:40:22.895 25921 25944 I Unity   : AutomatedTest:StartRecording()
05-15 14:40:22.895 25921 25944 I Unity   : <ExecuteTest>d__49:MoveNext()
05-15 14:40:22.895 25921 25944 I Unity   : UnityEngine.SetupCoroutine:InvokeMoveNext(IEnumerator, IntPtr)
05-15 14:40:22.895 25921 25944 I Unity   : 
05-15 14:40:22.915 25921 25944 I Unity   : [XR] [485728508272] [14:40:22.915][Verbose] Ignoring event type 1000156103
05-15 14:40:22.915 25921 25944 I Unity   : [XR] [485728508272] [14:40:22.915][Verbose] Ignoring event type 1000156104
05-15 14:40:22.947 25921 25944 I Unity   : [XR] [485728508272] [14:40:22.947][Verbose] Ignoring event type 1000156103
05-15 14:40:22.948 25921 25944 I Unity   : [XR] [485728508272] [14:40:22.948][Verbose] Ignoring event type 1000156104
05-15 14:40:22.981 25921 25944 I Unity   : [XR] [485728508272] [14:40:22.981][Verbose] Ignoring event type 1000156103
05-15 14:40:22.981 25921 25944 I Unity   : [XR] [485728508272] [14:40:22.981][Verbose] Ignoring event type 1000156104
05-15 14:40:23.015 25921 25944 I Unity   : [XR] [485728508272] [14:40:23.015][Verbose] Ignoring event type 1000156103
05-15 14:40:23.015 25921 25944 I Unity   : [XR] [485728508272] [14:40:23.015][Verbose] Ignoring event type 1000156104
05-15 14:40:23.027 25921 26076 I VrApi   : FPS=91/90,Prd=40ms,Tear=0,Early=43,Stale=0,Stale2/5/10/max=0/0/0/0,VSnc=1,Lat=-1,Fov=0,CPU4/GPU=3/2,1651/456MHz,OC=3F,TA=0/0/0,SP=N/N/N,Mem=2736MHz,Free=1069MB,PLS=1,Temp=40.0C/0.0C,TW=1.26ms,App=4.34ms,GD=0.00ms,CPU&GPU=8.88ms,LCnt=2(DR91,LM2),GPU%=0.54,CPU%=0.70(W0.90),DSF=1.00,CFL=12.19/16.93,ICFLp95=15.70,LD=0,SF=1.00,LP=0,DVFS=0
05-15 14:40:23.047 25921 25944 I Unity   : [XR] [485728508272] [14:40:23.047][Verbose] Ignoring event type 1000156103
05-15 14:40:23.047 25921 25944 I Unity   : [XR] [485728508272] [14:40:23.047][Verbose] Ignoring event type 1000156104
05-15 14:40:23.081 25921 25944 I Unity   : [XR] [485728508272] [14:40:23.081][Verbose] Ignoring event type 1000156103
05-15 14:40:23.081 25921 25944 I Unity   : [XR] [485728508272] [14:40:23.081][Verbose] Ignoring event type 1000156104
05-15 14:40:23.114 25921 25944 I Unity   : [XR] [485728508272] [14:40:23.114][Verbose] Ignoring event type 1000156103
05-15 14:40:23.114 25921 25944 I Unity   : [XR] [485728508272] [14:40:23.114][Verbose] Ignoring event type 1000156104
05-15 14:40:23.136 25921 25944 I Unity   : [XR] [485728508272] [14:40:23.136][Verbose] Ignoring event type 1000156103
05-15 14:40:23.137 25921 25944 I Unity   : [XR] [485728508272] [14:40:23.137][Verbose] Ignoring event type 1000156104
05-15 14:40:23.159 25921 25944 I Unity   : [XR] [485728508272] [14:40:23.159][Verbose] Ignoring event type 1000156103
05-15 14:40:23.159 25921 25944 I Unity   : [XR] [485728508272] [14:40:23.159][Verbose] Ignoring event type 1000156104
05-15 14:40:23.180 25921 25944 I Unity   : [XR] [485728508272] [14:40:23.180][Verbose] Ignoring event type 1000156103
05-15 14:40:23.180 25921 25944 I Unity   : [XR] [485728508272] [14:40:23.180][Verbose] Ignoring event type 1000156104
05-15 14:40:23.215 25921 25944 I Unity   : [XR] [485728508272] [14:40:23.214][Verbose] Ignoring event type 1000156103
05-15 14:40:23.215 25921 25944 I Unity   : [XR] [485728508272] [14:40:23.215][Verbose] Ignoring event type 1000156104
05-15 14:40:23.247 25921 25944 I Unity   : [XR] [485728508272] [14:40:23.247][Verbose] Ignoring event type 1000156103
05-15 14:40:23.247 25921 25944 I Unity   : [XR] [485728508272] [14:40:23.247][Verbose] Ignoring event type 1000156104
05-15 14:40:23.281 25921 25944 I Unity   : [XR] [485728508272] [14:40:23.281][Verbose] Ignoring event type 1000156103
05-15 14:40:23.281 25921 25944 I Unity   : [XR] [485728508272] [14:40:23.281][Verbose] Ignoring event type 1000156104
05-15 14:40:23.314 25921 25944 I Unity   : [XR] [485728508272] [14:40:23.314][Verbose] Ignoring event type 1000156103
05-15 14:40:23.315 25921 25944 I Unity   : [XR] [485728508272] [14:40:23.315][Verbose] Ignoring event type 1000156104
05-15 14:40:23.336 25921 25944 I Unity   : [XR] [485728508272] [14:40:23.336][Verbose] Ignoring event type 1000156103
05-15 14:40:23.336 25921 25944 I Unity   : [XR] [485728508272] [14:40:23.336][Verbose] Ignoring event type 1000156104
05-15 14:40:23.370 25921 25944 I Unity   : [XR] [485728508272] [14:40:23.370][Verbose] Ignoring event type 1000156103
05-15 14:40:23.370 25921 25944 I Unity   : [XR] [485728508272] [14:40:23.370][Verbose] Ignoring event type 1000156104
05-15 14:40:23.403 25921 25944 I Unity   : [XR] [485728508272] [14:40:23.403][Verbose] Ignoring event type 1000156103
05-15 14:40:23.403 25921 25944 I Unity   : [XR] [485728508272] [14:40:23.403][Verbose] Ignoring event type 1000156104
05-15 14:40:23.436 25921 25944 I Unity   : [XR] [485728508272] [14:40:23.436][Verbose] Ignoring event type 1000156103
05-15 14:40:23.437 25921 25944 I Unity   : [XR] [485728508272] [14:40:23.437][Verbose] Ignoring event type 1000156104
05-15 14:40:23.470 25921 25944 I Unity   : [XR] [485728508272] [14:40:23.470][Verbose] Ignoring event type 1000156103
05-15 14:40:23.470 25921 25944 I Unity   : [XR] [485728508272] [14:40:23.470][Verbose] Ignoring event type 1000156104
05-15 14:40:23.492 25921 25944 I Unity   : [XR] [485728508272] [14:40:23.492][Verbose] Ignoring event type 1000156103
05-15 14:40:23.492 25921 25944 I Unity   : [XR] [485728508272] [14:40:23.492][Verbose] Ignoring event type 1000156104
05-15 14:40:23.525 25921 25944 I Unity   : [XR] [485728508272] [14:40:23.525][Verbose] Ignoring event type 1000156103
05-15 14:40:23.525 25921 25944 I Unity   : [XR] [485728508272] [14:40:23.525][Verbose] Ignoring event type 1000156104
05-15 14:40:23.558 25921 25944 I Unity   : [XR] [485728508272] [14:40:23.558][Verbose] Ignoring event type 1000156103
05-15 14:40:23.559 25921 25944 I Unity   : [XR] [485728508272] [14:40:23.559][Verbose] Ignoring event type 1000156104
05-15 14:40:23.592 25921 25944 I Unity   : [XR] [485728508272] [14:40:23.592][Verbose] Ignoring event type 1000156103
05-15 14:40:23.592 25921 25944 I Unity   : [XR] [485728508272] [14:40:23.592][Verbose] Ignoring event type 1000156104
05-15 14:40:23.625 25921 25944 I Unity   : [XR] [485728508272] [14:40:23.625][Verbose] Ignoring event type 1000156103
05-15 14:40:23.625 25921 25944 I Unity   : [XR] [485728508272] [14:40:23.625][Verbose] Ignoring event type 1000156104
05-15 14:40:23.659 25921 25944 I Unity   : [XR] [485728508272] [14:40:23.659][Verbose] Ignoring event type 1000156103
05-15 14:40:23.659 25921 25944 I Unity   : [XR] [485728508272] [14:40:23.659][Verbose] Ignoring event type 1000156104
05-15 14:40:23.692 25921 25944 I Unity   : [XR] [485728508272] [14:40:23.692][Verbose] Ignoring event type 1000156103
05-15 14:40:23.692 25921 25944 I Unity   : [XR] [485728508272] [14:40:23.692][Verbose] Ignoring event type 1000156104
05-15 14:40:23.726 25921 25944 I Unity   : [XR] [485728508272] [14:40:23.726][Verbose] Ignoring event type 1000156103
05-15 14:40:23.726 25921 25944 I Unity   : [XR] [485728508272] [14:40:23.726][Verbose] Ignoring event type 1000156104
05-15 14:40:23.757 25921 25944 I Unity   : [XR] [485728508272] [14:40:23.757][Verbose] Ignoring event type 1000156103
05-15 14:40:23.757 25921 25944 I Unity   : [XR] [485728508272] [14:40:23.757][Verbose] Ignoring event type 1000156104
05-15 14:40:23.781 25921 25944 I Unity   : [XR] [485728508272] [14:40:23.781][Verbose] Ignoring event type 1000156103
05-15 14:40:23.781 25921 25944 I Unity   : [XR] [485728508272] [14:40:23.781][Verbose] Ignoring event type 1000156104
05-15 14:40:23.812 25921 25944 I Unity   : [XR] [485728508272] [14:40:23.812][Verbose] Ignoring event type 1000156103
05-15 14:40:23.812 25921 25944 I Unity   : [XR] [485728508272] [14:40:23.812][Verbose] Ignoring event type 1000156104
05-15 14:40:23.848 25921 25944 I Unity   : [XR] [485728508272] [14:40:23.848][Verbose] Ignoring event type 1000156103
05-15 14:40:23.848 25921 25944 I Unity   : [XR] [485728508272] [14:40:23.848][Verbose] Ignoring event type 1000156104
05-15 14:40:23.880 25921 25944 I Unity   : [XR] [485728508272] [14:40:23.880][Verbose] Ignoring event type 1000156103
05-15 14:40:23.880 25921 25944 I Unity   : [XR] [485728508272] [14:40:23.880][Verbose] Ignoring event type 1000156104
05-15 14:40:23.914 25921 25944 I Unity   : [XR] [485728508272] [14:40:23.914][Verbose] Ignoring event type 1000156103
05-15 14:40:23.915 25921 25944 I Unity   : [XR] [485728508272] [14:40:23.915][Verbose] Ignoring event type 1000156104
05-15 14:40:23.946 25921 25944 I Unity   : [XR] [485728508272] [14:40:23.946][Verbose] Ignoring event type 1000156103
05-15 14:40:23.946 25921 25944 I Unity   : [XR] [485728508272] [14:40:23.946][Verbose] Ignoring event type 1000156104
05-15 14:40:23.970 25921 25944 I Unity   : [XR] [485728508272] [14:40:23.970][Verbose] Ignoring event type 1000156103
05-15 14:40:23.970 25921 25944 I Unity   : [XR] [485728508272] [14:40:23.970][Verbose] Ignoring event type 1000156104
05-15 14:40:24.002 25921 25944 I Unity   : [XR] [485728508272] [14:40:24.002][Verbose] Ignoring event type 1000156103
05-15 14:40:24.002 25921 25944 I Unity   : [XR] [485728508272] [14:40:24.002][Verbose] Ignoring event type 1000156104
05-15 14:40:24.027 25921 26076 I VrApi   : FPS=89/90,Prd=40ms,Tear=0,Early=17,Stale=0,Stale2/5/10/max=0/0/0/0,VSnc=1,Lat=-1,Fov=0,CPU4/GPU=3/2,1651/456MHz,OC=3F,TA=0/0/0,SP=N/N/N,Mem=2736MHz,Free=1069MB,PLS=1,Temp=40.0C/0.0C,TW=1.28ms,App=4.67ms,GD=0.00ms,CPU&GPU=8.99ms,LCnt=2(DR90,LM2),GPU%=0.57,CPU%=0.66(W0.86),DSF=1.00,CFL=11.67/16.43,ICFLp95=15.04,LD=0,SF=1.00,LP=0,DVFS=0
05-15 14:40:24.036 25921 25944 I Unity   : [XR] [485728508272] [14:40:24.036][Verbose] Ignoring event type 1000156103
05-15 14:40:24.036 25921 25944 I Unity   : [XR] [485728508272] [14:40:24.036][Verbose] Ignoring event type 1000156104
05-15 14:40:24.058 25921 25944 I Unity   : [XR] [485728508272] [14:40:24.058][Verbose] Ignoring event type 1000156103
05-15 14:40:24.058 25921 25944 I Unity   : [XR] [485728508272] [14:40:24.058][Verbose] Ignoring event type 1000156104
05-15 14:40:24.091 25921 25944 I Unity   : [XR] [485728508272] [14:40:24.091][Verbose] Ignoring event type 1000156103
05-15 14:40:24.091 25921 25944 I Unity   : [XR] [485728508272] [14:40:24.091][Verbose] Ignoring event type 1000156104
05-15 14:40:24.124 25921 25944 I Unity   : [XR] [485728508272] [14:40:24.124][Verbose] Ignoring event type 1000156103
05-15 14:40:24.124 25921 25944 I Unity   : [XR] [485728508272] [14:40:24.124][Verbose] Ignoring event type 1000156104
05-15 14:40:24.158 25921 25944 I Unity   : [XR] [485728508272] [14:40:24.158][Verbose] Ignoring event type 1000156103
05-15 14:40:24.158 25921 25944 I Unity   : [XR] [485728508272] [14:40:24.158][Verbose] Ignoring event type 1000156104
05-15 14:40:24.192 25921 25944 I Unity   : [XR] [485728508272] [14:40:24.192][Verbose] Ignoring event type 1000156103
05-15 14:40:24.192 25921 25944 I Unity   : [XR] [485728508272] [14:40:24.192][Verbose] Ignoring event type 1000156104
05-15 14:40:24.223 25921 25944 I Unity   : [XR] [485728508272] [14:40:24.223][Verbose] Ignoring event type 1000156103
05-15 14:40:24.223 25921 25944 I Unity   : [XR] [485728508272] [14:40:24.223][Verbose] Ignoring event type 1000156104
05-15 14:40:24.247 25921 25944 I Unity   : [XR] [485728508272] [14:40:24.247][Verbose] Ignoring event type 1000156103
05-15 14:40:24.247 25921 25944 I Unity   : [XR] [485728508272] [14:40:24.247][Verbose] Ignoring event type 1000156104
05-15 14:40:24.280 25921 25944 I Unity   : [XR] [485728508272] [14:40:24.280][Verbose] Ignoring event type 1000156103
05-15 14:40:24.280 25921 25944 I Unity   : [XR] [485728508272] [14:40:24.280][Verbose] Ignoring event type 1000156104
05-15 14:40:24.302 25921 25944 I Unity   : [XR] [485728508272] [14:40:24.302][Verbose] Ignoring event type 1000156103
05-15 14:40:24.302 25921 25944 I Unity   : [XR] [485728508272] [14:40:24.302][Verbose] Ignoring event type 1000156104
05-15 14:40:24.335 25921 25944 I Unity   : [XR] [485728508272] [14:40:24.335][Verbose] Ignoring event type 1000156103
05-15 14:40:24.335 25921 25944 I Unity   : [XR] [485728508272] [14:40:24.335][Verbose] Ignoring event type 1000156104
05-15 14:40:24.369 25921 25944 I Unity   : [XR] [485728508272] [14:40:24.368][Verbose] Ignoring event type 1000156103
05-15 14:40:24.369 25921 25944 I Unity   : [XR] [485728508272] [14:40:24.369][Verbose] Ignoring event type 1000156104
05-15 14:40:24.402 25921 25944 I Unity   : [XR] [485728508272] [14:40:24.402][Verbose] Ignoring event type 1000156103
05-15 14:40:24.402 25921 25944 I Unity   : [XR] [485728508272] [14:40:24.402][Verbose] Ignoring event type 1000156104
05-15 14:40:24.436 25921 25944 I Unity   : [XR] [485728508272] [14:40:24.436][Verbose] Ignoring event type 1000156103
05-15 14:40:24.436 25921 25944 I Unity   : [XR] [485728508272] [14:40:24.436][Verbose] Ignoring event type 1000156104
05-15 14:40:24.457 25921 25944 I Unity   : [XR] [485728508272] [14:40:24.457][Verbose] Ignoring event type 1000156103
05-15 14:40:24.457 25921 25944 I Unity   : [XR] [485728508272] [14:40:24.457][Verbose] Ignoring event type 1000156104
05-15 14:40:24.491 25921 25944 I Unity   : [XR] [485728508272] [14:40:24.491][Verbose] Ignoring event type 1000156103
05-15 14:40:24.491 25921 25944 I Unity   : [XR] [485728508272] [14:40:24.491][Verbose] Ignoring event type 1000156104
05-15 14:40:24.522 25921 25944 I Unity   : [XR] [485728508272] [14:40:24.522][Verbose] Ignoring event type 1000156103
05-15 14:40:24.522 25921 25944 I Unity   : [XR] [485728508272] [14:40:24.522][Verbose] Ignoring event type 1000156104
05-15 14:40:24.558 25921 25944 I Unity   : [XR] [485728508272] [14:40:24.558][Verbose] Ignoring event type 1000156103
05-15 14:40:24.558 25921 25944 I Unity   : [XR] [485728508272] [14:40:24.558][Verbose] Ignoring event type 1000156104
05-15 14:40:24.590 25921 25944 I Unity   : [XR] [485728508272] [14:40:24.590][Verbose] Ignoring event type 1000156103
05-15 14:40:24.590 25921 25944 I Unity   : [XR] [485728508272] [14:40:24.590][Verbose] Ignoring event type 1000156104
05-15 14:40:24.625 25921 25944 I Unity   : [XR] [485728508272] [14:40:24.624][Verbose] Ignoring event type 1000156103
05-15 14:40:24.625 25921 25944 I Unity   : [XR] [485728508272] [14:40:24.625][Verbose] Ignoring event type 1000156104
05-15 14:40:24.657 25921 25944 I Unity   : [XR] [485728508272] [14:40:24.657][Verbose] Ignoring event type 1000156103
05-15 14:40:24.658 25921 25944 I Unity   : [XR] [485728508272] [14:40:24.658][Verbose] Ignoring event type 1000156104
05-15 14:40:24.691 25921 25944 I Unity   : [XR] [485728508272] [14:40:24.691][Verbose] Ignoring event type 1000156103
05-15 14:40:24.691 25921 25944 I Unity   : [XR] [485728508272] [14:40:24.691][Verbose] Ignoring event type 1000156104
05-15 14:40:24.725 25921 25944 I Unity   : [XR] [485728508272] [14:40:24.725][Verbose] Ignoring event type 1000156103
05-15 14:40:24.725 25921 25944 I Unity   : [XR] [485728508272] [14:40:24.725][Verbose] Ignoring event type 1000156104
05-15 14:40:24.756 25921 25944 I Unity   : [XR] [485728508272] [14:40:24.756][Verbose] Ignoring event type 1000156103
05-15 14:40:24.756 25921 25944 I Unity   : [XR] [485728508272] [14:40:24.756][Verbose] Ignoring event type 1000156104
05-15 14:40:24.780 25921 25944 I Unity   : [XR] [485728508272] [14:40:24.780][Verbose] Ignoring event type 1000156103
05-15 14:40:24.780 25921 25944 I Unity   : [XR] [485728508272] [14:40:24.780][Verbose] Ignoring event type 1000156104
05-15 14:40:24.814 25921 25944 I Unity   : [XR] [485728508272] [14:40:24.814][Verbose] Ignoring event type 1000156103
05-15 14:40:24.814 25921 25944 I Unity   : [XR] [485728508272] [14:40:24.814][Verbose] Ignoring event type 1000156104
05-15 14:40:24.846 25921 25944 I Unity   : [XR] [485728508272] [14:40:24.846][Verbose] Ignoring event type 1000156103
05-15 14:40:24.846 25921 25944 I Unity   : [XR] [485728508272] [14:40:24.846][Verbose] Ignoring event type 1000156104
05-15 14:40:24.879 25921 25944 I Unity   : [XR] [485728508272] [14:40:24.879][Verbose] Ignoring event type 1000156103
05-15 14:40:24.880 25921 25944 I Unity   : [XR] [485728508272] [14:40:24.880][Verbose] Ignoring event type 1000156104
05-15 14:40:24.912 25921 25944 I Unity   : [XR] [485728508272] [14:40:24.912][Verbose] Ignoring event type 1000156103
05-15 14:40:24.912 25921 25944 I Unity   : [XR] [485728508272] [14:40:24.912][Verbose] Ignoring event type 1000156104
05-15 14:40:24.936 25921 25944 I Unity   : [XR] [485728508272] [14:40:24.936][Verbose] Ignoring event type 1000156103
05-15 14:40:24.936 25921 25944 I Unity   : [XR] [485728508272] [14:40:24.936][Verbose] Ignoring event type 1000156104
05-15 14:40:24.969 25921 25944 I Unity   : [XR] [485728508272] [14:40:24.969][Verbose] Ignoring event type 1000156103
05-15 14:40:24.969 25921 25944 I Unity   : [XR] [485728508272] [14:40:24.969][Verbose] Ignoring event type 1000156104
05-15 14:40:25.002 25921 25944 I Unity   : [XR] [485728508272] [14:40:25.002][Verbose] Ignoring event type 1000156103
05-15 14:40:25.002 25921 25944 I Unity   : [XR] [485728508272] [14:40:25.002][Verbose] Ignoring event type 1000156104
05-15 14:40:25.027 25921 26076 I VrApi   : FPS=91/90,Prd=40ms,Tear=0,Early=25,Stale=1,Stale2/5/10/max=0/0/0/1,VSnc=1,Lat=-1,Fov=0,CPU4/GPU=3/2,1651/456MHz,OC=3F,TA=0/0/0,SP=N/N/N,Mem=3196MHz,Free=1069MB,PLS=1,Temp=40.0C/0.0C,TW=1.28ms,App=4.83ms,GD=0.00ms,CPU&GPU=9.81ms,LCnt=2(DR91,LM2),GPU%=0.59,CPU%=0.64(W0.67),DSF=1.00,CFL=11.44/16.23,ICFLp95=14.83,LD=0,SF=1.00,LP=0,DVFS=0
05-15 14:40:25.034 25921 25944 I Unity   : [XR] [485728508272] [14:40:25.034][Verbose] Ignoring event type 1000156103
05-15 14:40:25.034 25921 25944 I Unity   : [XR] [485728508272] [14:40:25.034][Verbose] Ignoring event type 1000156104
05-15 14:40:25.069 25921 25944 I Unity   : [XR] [485728508272] [14:40:25.069][Verbose] Ignoring event type 1000156103
05-15 14:40:25.070 25921 25944 I Unity   : [XR] [485728508272] [14:40:25.070][Verbose] Ignoring event type 1000156104
05-15 14:40:25.102 25921 25944 I Unity   : [XR] [485728508272] [14:40:25.102][Verbose] Ignoring event type 1000156103
05-15 14:40:25.102 25921 25944 I Unity   : [XR] [485728508272] [14:40:25.102][Verbose] Ignoring event type 1000156104
05-15 14:40:25.135 25921 25944 I Unity   : [XR] [485728508272] [14:40:25.135][Verbose] Ignoring event type 1000156103
05-15 14:40:25.135 25921 25944 I Unity   : [XR] [485728508272] [14:40:25.135][Verbose] Ignoring event type 1000156104
05-15 14:40:25.169 25921 25944 I Unity   : [XR] [485728508272] [14:40:25.169][Verbose] Ignoring event type 1000156103
05-15 14:40:25.169 25921 25944 I Unity   : [XR] [485728508272] [14:40:25.169][Verbose] Ignoring event type 1000156104
05-15 14:40:25.201 25921 25944 I Unity   : [XR] [485728508272] [14:40:25.201][Verbose] Ignoring event type 1000156103
05-15 14:40:25.201 25921 25944 I Unity   : [XR] [485728508272] [14:40:25.201][Verbose] Ignoring event type 1000156104
05-15 14:40:25.233 25921 25944 I Unity   : [XR] [485728508272] [14:40:25.233][Verbose] Ignoring event type 1000156103
05-15 14:40:25.234 25921 25944 I Unity   : [XR] [485728508272] [14:40:25.234][Verbose] Ignoring event type 1000156104
05-15 14:40:25.256 25921 25944 I Unity   : [XR] [485728508272] [14:40:25.256][Verbose] Ignoring event type 1000156103
05-15 14:40:25.256 25921 25944 I Unity   : [XR] [485728508272] [14:40:25.256][Verbose] Ignoring event type 1000156104
05-15 14:40:25.290 25921 25944 I Unity   : [XR] [485728508272] [14:40:25.290][Verbose] Ignoring event type 1000156103
05-15 14:40:25.290 25921 25944 I Unity   : [XR] [485728508272] [14:40:25.290][Verbose] Ignoring event type 1000156104
05-15 14:40:25.323 25921 25944 I Unity   : [XR] [485728508272] [14:40:25.323][Verbose] Ignoring event type 1000156103
05-15 14:40:25.323 25921 25944 I Unity   : [XR] [485728508272] [14:40:25.323][Verbose] Ignoring event type 1000156104
05-15 14:40:25.356 25921 25944 I Unity   : [XR] [485728508272] [14:40:25.356][Verbose] Ignoring event type 1000156103
05-15 14:40:25.357 25921 25944 I Unity   : [XR] [485728508272] [14:40:25.357][Verbose] Ignoring event type 1000156104
05-15 14:40:25.390 25921 25944 I Unity   : [XR] [485728508272] [14:40:25.390][Verbose] Ignoring event type 1000156103
05-15 14:40:25.390 25921 25944 I Unity   : [XR] [485728508272] [14:40:25.390][Verbose] Ignoring event type 1000156104
05-15 14:40:25.422 25921 25944 I Unity   : [XR] [485728508272] [14:40:25.422][Verbose] Ignoring event type 1000156103
05-15 14:40:25.422 25921 25944 I Unity   : [XR] [485728508272] [14:40:25.422][Verbose] Ignoring event type 1000156104
05-15 14:40:25.446 25921 25944 I Unity   : [XR] [485728508272] [14:40:25.446][Verbose] Ignoring event type 1000156103
05-15 14:40:25.446 25921 25944 I Unity   : [XR] [485728508272] [14:40:25.446][Verbose] Ignoring event type 1000156104
05-15 14:40:25.478 25921 25944 I Unity   : [XR] [485728508272] [14:40:25.478][Verbose] Ignoring event type 1000156103
05-15 14:40:25.478 25921 25944 I Unity   : [XR] [485728508272] [14:40:25.478][Verbose] Ignoring event type 1000156104
05-15 14:40:25.513 25921 25944 I Unity   : [XR] [485728508272] [14:40:25.513][Verbose] Ignoring event type 1000156103
05-15 14:40:25.513 25921 25944 I Unity   : [XR] [485728508272] [14:40:25.513][Verbose] Ignoring event type 1000156104
05-15 14:40:25.545 25921 25944 I Unity   : [XR] [485728508272] [14:40:25.545][Verbose] Ignoring event type 1000156103
05-15 14:40:25.545 25921 25944 I Unity   : [XR] [485728508272] [14:40:25.545][Verbose] Ignoring event type 1000156104
05-15 14:40:25.580 25921 25944 I Unity   : [XR] [485728508272] [14:40:25.580][Verbose] Ignoring event type 1000156103
05-15 14:40:25.580 25921 25944 I Unity   : [XR] [485728508272] [14:40:25.580][Verbose] Ignoring event type 1000156104
05-15 14:40:25.612 25921 25944 I Unity   : [XR] [485728508272] [14:40:25.612][Verbose] Ignoring event type 1000156103
05-15 14:40:25.612 25921 25944 I Unity   : [XR] [485728508272] [14:40:25.612][Verbose] Ignoring event type 1000156104
05-15 14:40:25.645 25921 25944 I Unity   : [XR] [485728508272] [14:40:25.645][Verbose] Ignoring event type 1000156103
05-15 14:40:25.645 25921 25944 I Unity   : [XR] [485728508272] [14:40:25.645][Verbose] Ignoring event type 1000156104
05-15 14:40:25.679 25921 25944 I Unity   : [XR] [485728508272] [14:40:25.679][Verbose] Ignoring event type 1000156103
05-15 14:40:25.679 25921 25944 I Unity   : [XR] [485728508272] [14:40:25.679][Verbose] Ignoring event type 1000156104
05-15 14:40:25.713 25921 25944 I Unity   : [XR] [485728508272] [14:40:25.712][Verbose] Ignoring event type 1000156103
05-15 14:40:25.713 25921 25944 I Unity   : [XR] [485728508272] [14:40:25.713][Verbose] Ignoring event type 1000156104
05-15 14:40:25.744 25921 25944 I Unity   : [XR] [485728508272] [14:40:25.744][Verbose] Ignoring event type 1000156103
05-15 14:40:25.745 25921 25944 I Unity   : [XR] [485728508272] [14:40:25.745][Verbose] Ignoring event type 1000156104
05-15 14:40:25.767 25921 25944 I Unity   : [XR] [485728508272] [14:40:25.767][Verbose] Ignoring event type 1000156103
05-15 14:40:25.767 25921 25944 I Unity   : [XR] [485728508272] [14:40:25.767][Verbose] Ignoring event type 1000156104
05-15 14:40:25.801 25921 25944 I Unity   : [XR] [485728508272] [14:40:25.801][Verbose] Ignoring event type 1000156103
05-15 14:40:25.801 25921 25944 I Unity   : [XR] [485728508272] [14:40:25.801][Verbose] Ignoring event type 1000156104
05-15 14:40:25.834 25921 25944 I Unity   : [XR] [485728508272] [14:40:25.834][Verbose] Ignoring event type 1000156103
05-15 14:40:25.834 25921 25944 I Unity   : [XR] [485728508272] [14:40:25.834][Verbose] Ignoring event type 1000156104
05-15 14:40:25.866 25921 25944 I Unity   : [XR] [485728508272] [14:40:25.866][Verbose] Ignoring event type 1000156103
05-15 14:40:25.866 25921 25944 I Unity   : [XR] [485728508272] [14:40:25.866][Verbose] Ignoring event type 1000156104
05-15 14:40:25.889 25921 25944 I Unity   : [XR] [485728508272] [14:40:25.889][Verbose] Ignoring event type 1000156103
05-15 14:40:25.889 25921 25944 I Unity   : [XR] [485728508272] [14:40:25.889][Verbose] Ignoring event type 1000156104
05-15 14:40:25.924 25921 25944 I Unity   : [XR] [485728508272] [14:40:25.924][Verbose] Ignoring event type 1000156103
05-15 14:40:25.924 25921 25944 I Unity   : [XR] [485728508272] [14:40:25.924][Verbose] Ignoring event type 1000156104
05-15 14:40:25.956 25921 25944 I Unity   : [XR] [485728508272] [14:40:25.956][Verbose] Ignoring event type 1000156103
05-15 14:40:25.956 25921 25944 I Unity   : [XR] [485728508272] [14:40:25.956][Verbose] Ignoring event type 1000156104
05-15 14:40:25.978 25921 25944 I Unity   : [XR] [485728508272] [14:40:25.978][Verbose] Ignoring event type 1000156103
05-15 14:40:25.979 25921 25944 I Unity   : [XR] [485728508272] [14:40:25.978][Verbose] Ignoring event type 1000156104
05-15 14:40:26.011 25921 25944 I Unity   : [XR] [485728508272] [14:40:26.011][Verbose] Ignoring event type 1000156103
05-15 14:40:26.011 25921 25944 I Unity   : [XR] [485728508272] [14:40:26.011][Verbose] Ignoring event type 1000156104
05-15 14:40:26.027 25921 26076 I VrApi   : FPS=90/90,Prd=41ms,Tear=0,Early=14,Stale=0,Stale2/5/10/max=0/0/0/0,VSnc=1,Lat=-1,Fov=0,CPU4/GPU=3/2,1651/456MHz,OC=3F,TA=0/0/0,SP=N/N/N,Mem=3196MHz,Free=1069MB,PLS=1,Temp=40.0C/0.0C,TW=1.32ms,App=5.02ms,GD=0.00ms,CPU&GPU=10.98ms,LCnt=2(DR91,LM2),GPU%=0.60,CPU%=0.76(W0.84),DSF=1.00,CFL=11.68/16.26,ICFLp95=14.85,LD=0,SF=1.00,LP=0,DVFS=0
05-15 14:40:26.044 25921 25944 I Unity   : [XR] [485728508272] [14:40:26.044][Verbose] Ignoring event type 1000156103
05-15 14:40:26.044 25921 25944 I Unity   : [XR] [485728508272] [14:40:26.044][Verbose] Ignoring event type 1000156104
05-15 14:40:26.078 25921 25944 I Unity   : [XR] [485728508272] [14:40:26.078][Verbose] Ignoring event type 1000156103
05-15 14:40:26.078 25921 25944 I Unity   : [XR] [485728508272] [14:40:26.078][Verbose] Ignoring event type 1000156104
05-15 14:40:26.101 25921 25944 I Unity   : [XR] [485728508272] [14:40:26.101][Verbose] Ignoring event type 1000156103
05-15 14:40:26.101 25921 25944 I Unity   : [XR] [485728508272] [14:40:26.101][Verbose] Ignoring event type 1000156104
05-15 14:40:26.134 25921 25944 I Unity   : [XR] [485728508272] [14:40:26.134][Verbose] Ignoring event type 1000156103
05-15 14:40:26.134 25921 25944 I Unity   : [XR] [485728508272] [14:40:26.134][Verbose] Ignoring event type 1000156104
05-15 14:40:26.177 25921 25944 I Unity   : [XR] [485728508272] [14:40:26.177][Verbose] Ignoring event type 1000156103
05-15 14:40:26.177 25921 25944 I Unity   : [XR] [485728508272] [14:40:26.177][Verbose] Ignoring event type 1000156104
05-15 14:40:26.212 25921 25944 I Unity   : [XR] [485728508272] [14:40:26.212][Verbose] Ignoring event type 1000156103
05-15 14:40:26.212 25921 25944 I Unity   : [XR] [485728508272] [14:40:26.212][Verbose] Ignoring event type 1000156104
05-15 14:40:26.245 25921 25944 I Unity   : [XR] [485728508272] [14:40:26.245][Verbose] Ignoring event type 1000156103
05-15 14:40:26.245 25921 25944 I Unity   : [XR] [485728508272] [14:40:26.245][Verbose] Ignoring event type 1000156104
05-15 14:40:26.278 25921 25944 I Unity   : [XR] [485728508272] [14:40:26.278][Verbose] Ignoring event type 1000156103
05-15 14:40:26.278 25921 25944 I Unity   : [XR] [485728508272] [14:40:26.278][Verbose] Ignoring event type 1000156104
05-15 14:40:26.311 25921 25944 I Unity   : [XR] [485728508272] [14:40:26.311][Verbose] Ignoring event type 1000156103
05-15 14:40:26.311 25921 25944 I Unity   : [XR] [485728508272] [14:40:26.311][Verbose] Ignoring event type 1000156104
05-15 14:40:26.344 25921 25944 I Unity   : [XR] [485728508272] [14:40:26.344][Verbose] Ignoring event type 1000156103
05-15 14:40:26.344 25921 25944 I Unity   : [XR] [485728508272] [14:40:26.344][Verbose] Ignoring event type 1000156104
05-15 14:40:26.376 25921 25944 I Unity   : [XR] [485728508272] [14:40:26.376][Verbose] Ignoring event type 1000156103
05-15 14:40:26.376 25921 25944 I Unity   : [XR] [485728508272] [14:40:26.376][Verbose] Ignoring event type 1000156104
05-15 14:40:26.412 25921 25944 I Unity   : [XR] [485728508272] [14:40:26.412][Verbose] Ignoring event type 1000156103
05-15 14:40:26.412 25921 25944 I Unity   : [XR] [485728508272] [14:40:26.412][Verbose] Ignoring event type 1000156104
05-15 14:40:26.445 25921 25944 I Unity   : [XR] [485728508272] [14:40:26.445][Verbose] Ignoring event type 1000156103
05-15 14:40:26.445 25921 25944 I Unity   : [XR] [485728508272] [14:40:26.445][Verbose] Ignoring event type 1000156104
05-15 14:40:26.488 25921 25944 I Unity   : [XR] [485728508272] [14:40:26.488][Verbose] Ignoring event type 1000156103
05-15 14:40:26.488 25921 25944 I Unity   : [XR] [485728508272] [14:40:26.488][Verbose] Ignoring event type 1000156104
05-15 14:40:26.520 25921 25944 I Unity   : [XR] [485728508272] [14:40:26.520][Verbose] Ignoring event type 1000156103
05-15 14:40:26.520 25921 25944 I Unity   : [XR] [485728508272] [14:40:26.520][Verbose] Ignoring event type 1000156104
05-15 14:40:26.554 25921 25944 I Unity   : [XR] [485728508272] [14:40:26.554][Verbose] Ignoring event type 1000156103
05-15 14:40:26.555 25921 25944 I Unity   : [XR] [485728508272] [14:40:26.554][Verbose] Ignoring event type 1000156104
05-15 14:40:26.599 25921 25944 I Unity   : [XR] [485728508272] [14:40:26.599][Verbose] Ignoring event type 1000156103
05-15 14:40:26.599 25921 25944 I Unity   : [XR] [485728508272] [14:40:26.599][Verbose] Ignoring event type 1000156104
05-15 14:40:26.632 25921 25944 I Unity   : [XR] [485728508272] [14:40:26.632][Verbose] Ignoring event type 1000156103
05-15 14:40:26.632 25921 25944 I Unity   : [XR] [485728508272] [14:40:26.632][Verbose] Ignoring event type 1000156104
05-15 14:40:26.663 25921 25944 I Unity   : [XR] [485728508272] [14:40:26.663][Verbose] Ignoring event type 1000156103
05-15 14:40:26.663 25921 25944 I Unity   : [XR] [485728508272] [14:40:26.663][Verbose] Ignoring event type 1000156104
05-15 14:40:26.697 25921 25944 I Unity   : [XR] [485728508272] [14:40:26.697][Verbose] Ignoring event type 1000156103
05-15 14:40:26.697 25921 25944 I Unity   : [XR] [485728508272] [14:40:26.697][Verbose] Ignoring event type 1000156104
05-15 14:40:26.732 25921 25944 I Unity   : [XR] [485728508272] [14:40:26.732][Verbose] Ignoring event type 1000156103
05-15 14:40:26.732 25921 25944 I Unity   : [XR] [485728508272] [14:40:26.732][Verbose] Ignoring event type 1000156104
05-15 14:40:26.765 25921 25944 I Unity   : [XR] [485728508272] [14:40:26.765][Verbose] Ignoring event type 1000156103
05-15 14:40:26.766 25921 25944 I Unity   : [XR] [485728508272] [14:40:26.766][Verbose] Ignoring event type 1000156104
05-15 14:40:26.797 25921 25944 I Unity   : [XR] [485728508272] [14:40:26.797][Verbose] Ignoring event type 1000156103
05-15 14:40:26.797 25921 25944 I Unity   : [XR] [485728508272] [14:40:26.797][Verbose] Ignoring event type 1000156104
05-15 14:40:26.832 25921 25944 I Unity   : [XR] [485728508272] [14:40:26.832][Verbose] Ignoring event type 1000156103
05-15 14:40:26.832 25921 25944 I Unity   : [XR] [485728508272] [14:40:26.832][Verbose] Ignoring event type 1000156104
05-15 14:40:26.865 25921 25944 I Unity   : [XR] [485728508272] [14:40:26.865][Verbose] Ignoring event type 1000156103
05-15 14:40:26.865 25921 25944 I Unity   : [XR] [485728508272] [14:40:26.865][Verbose] Ignoring event type 1000156104
05-15 14:40:26.900 25921 25944 I Unity   : [XR] [485728508272] [14:40:26.900][Verbose] Ignoring event type 1000156103
05-15 14:40:26.900 25921 25944 I Unity   : [XR] [485728508272] [14:40:26.900][Verbose] Ignoring event type 1000156104
05-15 14:40:26.930 25921 25944 I Unity   : [XR] [485728508272] [14:40:26.930][Verbose] Ignoring event type 1000156103
05-15 14:40:26.930 25921 25944 I Unity   : [XR] [485728508272] [14:40:26.930][Verbose] Ignoring event type 1000156104
05-15 14:40:26.966 25921 25944 I Unity   : [XR] [485728508272] [14:40:26.966][Verbose] Ignoring event type 1000156103
05-15 14:40:26.967 25921 25944 I Unity   : [XR] [485728508272] [14:40:26.967][Verbose] Ignoring event type 1000156104
05-15 14:40:26.998 25921 25944 I Unity   : [XR] [485728508272] [14:40:26.998][Verbose] Ignoring event type 1000156103
05-15 14:40:26.998 25921 25944 I Unity   : [XR] [485728508272] [14:40:26.998][Verbose] Ignoring event type 1000156104
05-15 14:40:27.027 25921 26076 I VrApi   : FPS=91/90,Prd=42ms,Tear=0,Early=16,Stale=0,Stale2/5/10/max=0/0/0/0,VSnc=1,Lat=-1,Fov=0,CPU4/GPU=3/2,1651/456MHz,OC=3F,TA=0/0/0,SP=N/N/N,Mem=3196MHz,Free=1069MB,PLS=1,Temp=40.0C/0.0C,TW=1.31ms,App=6.22ms,GD=0.00ms,CPU&GPU=12.03ms,LCnt=2(DR90,LM2),GPU%=0.68,CPU%=0.73(W0.74),DSF=1.00,CFL=11.50/16.25,ICFLp95=14.94,LD=0,SF=1.00,LP=0,DVFS=0
05-15 14:40:27.032 25921 25944 I Unity   : [XR] [485728508272] [14:40:27.032][Verbose] Ignoring event type 1000156103
05-15 14:40:27.032 25921 25944 I Unity   : [XR] [485728508272] [14:40:27.032][Verbose] Ignoring event type 1000156104
05-15 14:40:27.055 25921 25944 I Unity   : [XR] [485728508272] [14:40:27.055][Verbose] Ignoring event type 1000156103
05-15 14:40:27.055 25921 25944 I Unity   : [XR] [485728508272] [14:40:27.055][Verbose] Ignoring event type 1000156104
05-15 14:40:27.086 25921 25944 I Unity   : [XR] [485728508272] [14:40:27.086][Verbose] Ignoring event type 1000156103
05-15 14:40:27.086 25921 25944 I Unity   : [XR] [485728508272] [14:40:27.086][Verbose] Ignoring event type 1000156104
05-15 14:40:27.120 25921 25944 I Unity   : [XR] [485728508272] [14:40:27.119][Verbose] Ignoring event type 1000156103
05-15 14:40:27.120 25921 25944 I Unity   : [XR] [485728508272] [14:40:27.120][Verbose] Ignoring event type 1000156104
05-15 14:40:27.153 25921 25944 I Unity   : [XR] [485728508272] [14:40:27.153][Verbose] Ignoring event type 1000156103
05-15 14:40:27.153 25921 25944 I Unity   : [XR] [485728508272] [14:40:27.153][Verbose] Ignoring event type 1000156104
05-15 14:40:27.177 25921 25944 I Unity   : [XR] [485728508272] [14:40:27.177][Verbose] Ignoring event type 1000156103
05-15 14:40:27.177 25921 25944 I Unity   : [XR] [485728508272] [14:40:27.177][Verbose] Ignoring event type 1000156104
05-15 14:40:27.210 25921 25944 I Unity   : [XR] [485728508272] [14:40:27.210][Verbose] Ignoring event type 1000156103
05-15 14:40:27.210 25921 25944 I Unity   : [XR] [485728508272] [14:40:27.210][Verbose] Ignoring event type 1000156104
05-15 14:40:27.243 25921 25944 I Unity   : [XR] [485728508272] [14:40:27.243][Verbose] Ignoring event type 1000156103
05-15 14:40:27.243 25921 25944 I Unity   : [XR] [485728508272] [14:40:27.243][Verbose] Ignoring event type 1000156104
05-15 14:40:27.275 25921 25944 I Unity   : [XR] [485728508272] [14:40:27.275][Verbose] Ignoring event type 1000156103
05-15 14:40:27.275 25921 25944 I Unity   : [XR] [485728508272] [14:40:27.275][Verbose] Ignoring event type 1000156104
05-15 14:40:27.307 25921 25944 I Unity   : [XR] [485728508272] [14:40:27.307][Verbose] Ignoring event type 1000156103
05-15 14:40:27.307 25921 25944 I Unity   : [XR] [485728508272] [14:40:27.307][Verbose] Ignoring event type 1000156104
05-15 14:40:27.331 25921 25944 I Unity   : [XR] [485728508272] [14:40:27.331][Verbose] Ignoring event type 1000156103
05-15 14:40:27.331 25921 25944 I Unity   : [XR] [485728508272] [14:40:27.331][Verbose] Ignoring event type 1000156104
05-15 14:40:27.366 25921 25944 I Unity   : [XR] [485728508272] [14:40:27.366][Verbose] Ignoring event type 1000156103
05-15 14:40:27.366 25921 25944 I Unity   : [XR] [485728508272] [14:40:27.366][Verbose] Ignoring event type 1000156104
05-15 14:40:27.399 25921 25944 I Unity   : [XR] [485728508272] [14:40:27.399][Verbose] Ignoring event type 1000156103
05-15 14:40:27.399 25921 25944 I Unity   : [XR] [485728508272] [14:40:27.399][Verbose] Ignoring event type 1000156104
05-15 14:40:27.431 25921 25944 I Unity   : [XR] [485728508272] [14:40:27.431][Verbose] Ignoring event type 1000156103
05-15 14:40:27.431 25921 25944 I Unity   : [XR] [485728508272] [14:40:27.431][Verbose] Ignoring event type 1000156104
05-15 14:40:27.466 25921 25944 I Unity   : [XR] [485728508272] [14:40:27.466][Verbose] Ignoring event type 1000156103
05-15 14:40:27.466 25921 25944 I Unity   : [XR] [485728508272] [14:40:27.466][Verbose] Ignoring event type 1000156104
05-15 14:40:27.497 25921 25944 I Unity   : [XR] [485728508272] [14:40:27.497][Verbose] Ignoring event type 1000156103
05-15 14:40:27.497 25921 25944 I Unity   : [XR] [485728508272] [14:40:27.497][Verbose] Ignoring event type 1000156104
05-15 14:40:27.531 25921 25944 I Unity   : [XR] [485728508272] [14:40:27.531][Verbose] Ignoring event type 1000156103
05-15 14:40:27.531 25921 25944 I Unity   : [XR] [485728508272] [14:40:27.531][Verbose] Ignoring event type 1000156104
05-15 14:40:27.566 25921 25944 I Unity   : [XR] [485728508272] [14:40:27.566][Verbose] Ignoring event type 1000156103
05-15 14:40:27.566 25921 25944 I Unity   : [XR] [485728508272] [14:40:27.566][Verbose] Ignoring event type 1000156104
05-15 14:40:27.597 25921 25944 I Unity   : [XR] [485728508272] [14:40:27.597][Verbose] Ignoring event type 1000156103
05-15 14:40:27.597 25921 25944 I Unity   : [XR] [485728508272] [14:40:27.597][Verbose] Ignoring event type 1000156104
05-15 14:40:27.632 25921 25944 I Unity   : [XR] [485728508272] [14:40:27.632][Verbose] Ignoring event type 1000156103
05-15 14:40:27.633 25921 25944 I Unity   : [XR] [485728508272] [14:40:27.633][Verbose] Ignoring event type 1000156104
05-15 14:40:27.665 25921 25944 I Unity   : [XR] [485728508272] [14:40:27.665][Verbose] Ignoring event type 1000156103
05-15 14:40:27.665 25921 25944 I Unity   : [XR] [485728508272] [14:40:27.665][Verbose] Ignoring event type 1000156104
05-15 14:40:27.697 25921 25944 I Unity   : [XR] [485728508272] [14:40:27.697][Verbose] Ignoring event type 1000156103
05-15 14:40:27.697 25921 25944 I Unity   : [XR] [485728508272] [14:40:27.697][Verbose] Ignoring event type 1000156104
05-15 14:40:27.733 25921 25944 I Unity   : [XR] [485728508272] [14:40:27.733][Verbose] Ignoring event type 1000156103
05-15 14:40:27.733 25921 25944 I Unity   : [XR] [485728508272] [14:40:27.733][Verbose] Ignoring event type 1000156104
05-15 14:40:27.765 25921 25944 I Unity   : [XR] [485728508272] [14:40:27.765][Verbose] Ignoring event type 1000156103
05-15 14:40:27.766 25921 25944 I Unity   : [XR] [485728508272] [14:40:27.765][Verbose] Ignoring event type 1000156104
05-15 14:40:27.796 25921 25944 I Unity   : [XR] [485728508272] [14:40:27.796][Verbose] Ignoring event type 1000156103
05-15 14:40:27.796 25921 25944 I Unity   : [XR] [485728508272] [14:40:27.796][Verbose] Ignoring event type 1000156104
05-15 14:40:27.831 25921 25944 I Unity   : [XR] [485728508272] [14:40:27.831][Verbose] Ignoring event type 1000156103
05-15 14:40:27.831 25921 25944 I Unity   : [XR] [485728508272] [14:40:27.831][Verbose] Ignoring event type 1000156104
05-15 14:40:27.865 25921 25944 I Unity   : [XR] [485728508272] [14:40:27.865][Verbose] Ignoring event type 1000156103
05-15 14:40:27.865 25921 25944 I Unity   : [XR] [485728508272] [14:40:27.865][Verbose] Ignoring event type 1000156104
05-15 14:40:27.898 25921 25944 I Unity   : [XR] [485728508272] [14:40:27.898][Verbose] Ignoring event type 1000156103
05-15 14:40:27.898 25921 25944 I Unity   : [XR] [485728508272] [14:40:27.898][Verbose] Ignoring event type 1000156104
05-15 14:40:27.931 25921 25944 I Unity   : [XR] [485728508272] [14:40:27.931][Verbose] Ignoring event type 1000156103
05-15 14:40:27.931 25921 25944 I Unity   : [XR] [485728508272] [14:40:27.931][Verbose] Ignoring event type 1000156104
05-15 14:40:27.972 25921 25944 I Unity   : [XR] [485728508272] [14:40:27.972][Verbose] Ignoring event type 1000156103
05-15 14:40:27.972 25921 25944 I Unity   : [XR] [485728508272] [14:40:27.972][Verbose] Ignoring event type 1000156104
05-15 14:40:27.998 25921 25944 I Unity   : [XR] [485728508272] [14:40:27.998][Verbose] Ignoring event type 1000156103
05-15 14:40:27.998 25921 25944 I Unity   : [XR] [485728508272] [14:40:27.998][Verbose] Ignoring event type 1000156104
05-15 14:40:28.029 25921 25944 I Unity   : [XR] [485728508272] [14:40:28.029][Verbose] Ignoring event type 1000156103
05-15 14:40:28.029 25921 25944 I Unity   : [XR] [485728508272] [14:40:28.029][Verbose] Ignoring event type 1000156104
05-15 14:40:28.029 25921 26076 I VrApi   : FPS=90/90,Prd=44ms,Tear=1,Early=17,Stale=0,Stale2/5/10/max=0/0/0/0,VSnc=1,Lat=-1,Fov=0,CPU4/GPU=3/2,1651/456MHz,OC=3F,TA=0/0/0,SP=N/N/N,Mem=3196MHz,Free=1069MB,PLS=1,Temp=40.0C/0.0C,TW=1.30ms,App=6.50ms,GD=0.00ms,CPU&GPU=14.02ms,LCnt=2(DR90,LM2),GPU%=0.71,CPU%=0.80(W0.84),DSF=1.00,CFL=11.42/16.90,ICFLp95=15.45,LD=0,SF=1.00,LP=0,DVFS=0
05-15 14:40:28.053 25921 25944 I Unity   : [XR] [485728508272] [14:40:28.053][Verbose] Ignoring event type 1000156103
05-15 14:40:28.054 25921 25944 I Unity   : [XR] [485728508272] [14:40:28.054][Verbose] Ignoring event type 1000156104
05-15 14:40:28.085 25921 25944 I Unity   : [XR] [485728508272] [14:40:28.085][Verbose] Ignoring event type 1000156103
05-15 14:40:28.086 25921 25944 I Unity   : [XR] [485728508272] [14:40:28.086][Verbose] Ignoring event type 1000156104
05-15 14:40:28.117 25921 25944 I Unity   : [XR] [485728508272] [14:40:28.117][Verbose] Ignoring event type 1000156103
05-15 14:40:28.118 25921 25944 I Unity   : [XR] [485728508272] [14:40:28.118][Verbose] Ignoring event type 1000156104
05-15 14:40:28.153 25921 25944 I Unity   : [XR] [485728508272] [14:40:28.153][Verbose] Ignoring event type 1000156103
05-15 14:40:28.153 25921 25944 I Unity   : [XR] [485728508272] [14:40:28.153][Verbose] Ignoring event type 1000156104
05-15 14:40:28.187 25921 25944 I Unity   : [XR] [485728508272] [14:40:28.187][Verbose] Ignoring event type 1000156103
05-15 14:40:28.187 25921 25944 I Unity   : [XR] [485728508272] [14:40:28.187][Verbose] Ignoring event type 1000156104
05-15 14:40:28.220 25921 25944 I Unity   : [XR] [485728508272] [14:40:28.220][Verbose] Ignoring event type 1000156103
05-15 14:40:28.220 25921 25944 I Unity   : [XR] [485728508272] [14:40:28.220][Verbose] Ignoring event type 1000156104
05-15 14:40:28.254 25921 25944 I Unity   : [XR] [485728508272] [14:40:28.254][Verbose] Ignoring event type 1000156103
05-15 14:40:28.255 25921 25944 I Unity   : [XR] [485728508272] [14:40:28.254][Verbose] Ignoring event type 1000156104
05-15 14:40:28.286 25921 25944 I Unity   : [XR] [485728508272] [14:40:28.286][Verbose] Ignoring event type 1000156103
05-15 14:40:28.287 25921 25944 I Unity   : [XR] [485728508272] [14:40:28.286][Verbose] Ignoring event type 1000156104
05-15 14:40:28.319 25921 25944 I Unity   : [XR] [485728508272] [14:40:28.319][Verbose] Ignoring event type 1000156103
05-15 14:40:28.319 25921 25944 I Unity   : [XR] [485728508272] [14:40:28.319][Verbose] Ignoring event type 1000156104
05-15 14:40:28.354 25921 25944 I Unity   : [XR] [485728508272] [14:40:28.354][Verbose] Ignoring event type 1000156103
05-15 14:40:28.354 25921 25944 I Unity   : [XR] [485728508272] [14:40:28.354][Verbose] Ignoring event type 1000156104
05-15 14:40:28.376 25921 25944 I Unity   : [XR] [485728508272] [14:40:28.376][Verbose] Ignoring event type 1000156103
05-15 14:40:28.376 25921 25944 I Unity   : [XR] [485728508272] [14:40:28.376][Verbose] Ignoring event type 1000156104
05-15 14:40:28.408 25921 25944 I Unity   : [XR] [485728508272] [14:40:28.408][Verbose] Ignoring event type 1000156103
05-15 14:40:28.408 25921 25944 I Unity   : [XR] [485728508272] [14:40:28.408][Verbose] Ignoring event type 1000156104
05-15 14:40:28.440 25921 25944 I Unity   : [XR] [485728508272] [14:40:28.440][Verbose] Ignoring event type 1000156103
05-15 14:40:28.440 25921 25944 I Unity   : [XR] [485728508272] [14:40:28.440][Verbose] Ignoring event type 1000156104
05-15 14:40:28.473 25921 25944 I Unity   : [XR] [485728508272] [14:40:28.473][Verbose] Ignoring event type 1000156103
05-15 14:40:28.473 25921 25944 I Unity   : [XR] [485728508272] [14:40:28.473][Verbose] Ignoring event type 1000156104
05-15 14:40:28.498 25921 25944 I Unity   : [XR] [485728508272] [14:40:28.498][Verbose] Ignoring event type 1000156103
05-15 14:40:28.498 25921 25944 I Unity   : [XR] [485728508272] [14:40:28.498][Verbose] Ignoring event type 1000156104
05-15 14:40:28.530 25921 25944 I Unity   : [XR] [485728508272] [14:40:28.530][Verbose] Ignoring event type 1000156103
05-15 14:40:28.531 25921 25944 I Unity   : [XR] [485728508272] [14:40:28.531][Verbose] Ignoring event type 1000156104
05-15 14:40:28.563 25921 25944 I Unity   : [XR] [485728508272] [14:40:28.563][Verbose] Ignoring event type 1000156103
05-15 14:40:28.563 25921 25944 I Unity   : [XR] [485728508272] [14:40:28.563][Verbose] Ignoring event type 1000156104
05-15 14:40:28.598 25921 25944 I Unity   : [XR] [485728508272] [14:40:28.598][Verbose] Ignoring event type 1000156103
05-15 14:40:28.598 25921 25944 I Unity   : [XR] [485728508272] [14:40:28.598][Verbose] Ignoring event type 1000156104
05-15 14:40:28.632 25921 25944 I Unity   : [XR] [485728508272] [14:40:28.632][Verbose] Ignoring event type 1000156103
05-15 14:40:28.632 25921 25944 I Unity   : [XR] [485728508272] [14:40:28.632][Verbose] Ignoring event type 1000156104
05-15 14:40:28.662 25921 25944 I Unity   : [XR] [485728508272] [14:40:28.662][Verbose] Ignoring event type 1000156103
05-15 14:40:28.662 25921 25944 I Unity   : [XR] [485728508272] [14:40:28.662][Verbose] Ignoring event type 1000156104
05-15 14:40:28.696 25921 25944 I Unity   : [XR] [485728508272] [14:40:28.696][Verbose] Ignoring event type 1000156103
05-15 14:40:28.696 25921 25944 I Unity   : [XR] [485728508272] [14:40:28.696][Verbose] Ignoring event type 1000156104
05-15 14:40:28.730 25921 25944 I Unity   : [XR] [485728508272] [14:40:28.730][Verbose] Ignoring event type 1000156103
05-15 14:40:28.730 25921 25944 I Unity   : [XR] [485728508272] [14:40:28.730][Verbose] Ignoring event type 1000156104
05-15 14:40:28.765 25921 25944 I Unity   : [XR] [485728508272] [14:40:28.765][Verbose] Ignoring event type 1000156103
05-15 14:40:28.765 25921 25944 I Unity   : [XR] [485728508272] [14:40:28.765][Verbose] Ignoring event type 1000156104
05-15 14:40:28.798 25921 25944 I Unity   : [XR] [485728508272] [14:40:28.798][Verbose] Ignoring event type 1000156103
05-15 14:40:28.798 25921 25944 I Unity   : [XR] [485728508272] [14:40:28.798][Verbose] Ignoring event type 1000156104
05-15 14:40:28.829 25921 25944 I Unity   : [XR] [485728508272] [14:40:28.829][Verbose] Ignoring event type 1000156103
05-15 14:40:28.830 25921 25944 I Unity   : [XR] [485728508272] [14:40:28.830][Verbose] Ignoring event type 1000156104
05-15 14:40:28.861 25921 25944 I Unity   : [XR] [485728508272] [14:40:28.861][Verbose] Ignoring event type 1000156103
05-15 14:40:28.861 25921 25944 I Unity   : [XR] [485728508272] [14:40:28.861][Verbose] Ignoring event type 1000156104
05-15 14:40:28.897 25921 25944 I Unity   : [XR] [485728508272] [14:40:28.897][Verbose] Ignoring event type 1000156103
05-15 14:40:28.897 25921 25944 I Unity   : [XR] [485728508272] [14:40:28.897][Verbose] Ignoring event type 1000156104
05-15 14:40:28.931 25921 25944 I Unity   : [XR] [485728508272] [14:40:28.931][Verbose] Ignoring event type 1000156103
05-15 14:40:28.931 25921 25944 I Unity   : [XR] [485728508272] [14:40:28.931][Verbose] Ignoring event type 1000156104
05-15 14:40:28.973 25921 25944 I Unity   : [XR] [485728508272] [14:40:28.973][Verbose] Ignoring event type 1000156103
05-15 14:40:28.973 25921 25944 I Unity   : [XR] [485728508272] [14:40:28.973][Verbose] Ignoring event type 1000156104
05-15 14:40:29.008 25921 25944 I Unity   : [XR] [485728508272] [14:40:29.008][Verbose] Ignoring event type 1000156103
05-15 14:40:29.008 25921 25944 I Unity   : [XR] [485728508272] [14:40:29.008][Verbose] Ignoring event type 1000156104
05-15 14:40:29.028 25921 26076 I VrApi   : FPS=91/90,Prd=44ms,Tear=0,Early=15,Stale=0,Stale2/5/10/max=0/0/0/0,VSnc=1,Lat=-1,Fov=0,CPU4/GPU=3/2,1651/456MHz,OC=3F,TA=0/0/0,SP=N/N/N,Mem=3196MHz,Free=1069MB,PLS=1,Temp=40.0C/0.0C,TW=1.26ms,App=7.02ms,GD=0.00ms,CPU&GPU=14.47ms,LCnt=2(DR91,LM2),GPU%=0.75,CPU%=0.81(W0.89),DSF=1.00,CFL=11.99/16.77,ICFLp95=15.36,LD=0,SF=1.00,LP=0,DVFS=0
05-15 14:40:29.041 25921 25944 I Unity   : [XR] [485728508272] [14:40:29.041][Verbose] Ignoring event type 1000156103
05-15 14:40:29.041 25921 25944 I Unity   : [XR] [485728508272] [14:40:29.041][Verbose] Ignoring event type 1000156104
05-15 14:40:29.073 25921 25944 I Unity   : [XR] [485728508272] [14:40:29.073][Verbose] Ignoring event type 1000156103
05-15 14:40:29.074 25921 25944 I Unity   : [XR] [485728508272] [14:40:29.074][Verbose] Ignoring event type 1000156104
05-15 14:40:29.109 25921 25944 I Unity   : [XR] [485728508272] [14:40:29.109][Verbose] Ignoring event type 1000156103
05-15 14:40:29.109 25921 25944 I Unity   : [XR] [485728508272] [14:40:29.109][Verbose] Ignoring event type 1000156104
05-15 14:40:29.140 25921 25944 I Unity   : [XR] [485728508272] [14:40:29.140][Verbose] Ignoring event type 1000156103
05-15 14:40:29.140 25921 25944 I Unity   : [XR] [485728508272] [14:40:29.140][Verbose] Ignoring event type 1000156104
05-15 14:40:29.174 25921 25944 I Unity   : [XR] [485728508272] [14:40:29.174][Verbose] Ignoring event type 1000156103
05-15 14:40:29.174 25921 25944 I Unity   : [XR] [485728508272] [14:40:29.174][Verbose] Ignoring event type 1000156104
