05-15 14:40:51.215 25921 25944 I Unity   : Starting test run 3 for BuiltIn with passthrough False
05-15 14:40:51.215 25921 25944 I Unity   : <ExecuteTests>d__48:MoveNext()
05-15 14:40:51.215 25921 25944 I Unity   : UnityEngine.SetupCoroutine:InvokeMoveNext(IEnumerator, IntPtr)
05-15 14:40:51.215 25921 25944 I Unity   : 
05-15 14:40:51.216 25921 25944 I Unity   : Recording starting BuiltIn-False-2024-05-15_14-40-51
05-15 14:40:51.216 25921 25944 I Unity   : <ExecuteTest>d__49:MoveNext()
05-15 14:40:51.216 25921 25944 I Unity   : UnityEngine.SetupCoroutine:InvokeMoveNext(IEnumerator, IntPtr)
05-15 14:40:51.216 25921 25944 I Unity   : 
05-15 14:40:51.216 25921 25944 I Unity   : Starting recording!
05-15 14:40:51.216 25921 25944 I Unity   : AutomatedTest:StartRecording()
05-15 14:40:51.216 25921 25944 I Unity   : <ExecuteTest>d__49:MoveNext()
05-15 14:40:51.216 25921 25944 I Unity   : UnityEngine.SetupCoroutine:InvokeMoveNext(IEnumerator, IntPtr)
05-15 14:40:51.216 25921 25944 I Unity   : 
05-15 14:40:51.237 25921 25944 I Unity   : [XR] [485728508272] [14:40:51.237][Verbose] Ignoring event type 1000156103
05-15 14:40:51.237 25921 25944 I Unity   : [XR] [485728508272] [14:40:51.237][Verbose] Ignoring event type 1000156104
05-15 14:40:51.270 25921 25944 I Unity   : [XR] [485728508272] [14:40:51.270][Verbose] Ignoring event type 1000156103
05-15 14:40:51.270 25921 25944 I Unity   : [XR] [485728508272] [14:40:51.270][Verbose] Ignoring event type 1000156104
05-15 14:40:51.303 25921 25944 I Unity   : [XR] [485728508272] [14:40:51.303][Verbose] Ignoring event type 1000156103
05-15 14:40:51.303 25921 25944 I Unity   : [XR] [485728508272] [14:40:51.303][Verbose] Ignoring event type 1000156104
05-15 14:40:51.337 25921 25944 I Unity   : [XR] [485728508272] [14:40:51.337][Verbose] Ignoring event type 1000156103
05-15 14:40:51.337 25921 25944 I Unity   : [XR] [485728508272] [14:40:51.337][Verbose] Ignoring event type 1000156104
05-15 14:40:51.370 25921 25944 I Unity   : [XR] [485728508272] [14:40:51.370][Verbose] Ignoring event type 1000156103
05-15 14:40:51.370 25921 25944 I Unity   : [XR] [485728508272] [14:40:51.370][Verbose] Ignoring event type 1000156104
05-15 14:40:51.403 25921 25944 I Unity   : [XR] [485728508272] [14:40:51.403][Verbose] Ignoring event type 1000156103
05-15 14:40:51.403 25921 25944 I Unity   : [XR] [485728508272] [14:40:51.403][Verbose] Ignoring event type 1000156104
05-15 14:40:51.434 25921 25944 I Unity   : [XR] [485728508272] [14:40:51.434][Verbose] Ignoring event type 1000156103
05-15 14:40:51.434 25921 25944 I Unity   : [XR] [485728508272] [14:40:51.434][Verbose] Ignoring event type 1000156104
05-15 14:40:51.457 25921 25944 I Unity   : [XR] [485728508272] [14:40:51.457][Verbose] Ignoring event type 1000156103
05-15 14:40:51.457 25921 25944 I Unity   : [XR] [485728508272] [14:40:51.457][Verbose] Ignoring event type 1000156104
05-15 14:40:51.491 25921 25944 I Unity   : [XR] [485728508272] [14:40:51.491][Verbose] Ignoring event type 1000156103
05-15 14:40:51.491 25921 25944 I Unity   : [XR] [485728508272] [14:40:51.491][Verbose] Ignoring event type 1000156104
05-15 14:40:51.515 25921 25944 I Unity   : [XR] [485728508272] [14:40:51.515][Verbose] Ignoring event type 1000156103
05-15 14:40:51.515 25921 25944 I Unity   : [XR] [485728508272] [14:40:51.515][Verbose] Ignoring event type 1000156104
05-15 14:40:51.548 25921 25944 I Unity   : [XR] [485728508272] [14:40:51.548][Verbose] Ignoring event type 1000156103
05-15 14:40:51.548 25921 25944 I Unity   : [XR] [485728508272] [14:40:51.548][Verbose] Ignoring event type 1000156104
05-15 14:40:51.568 25921 25944 I Unity   : [XR] [485728508272] [14:40:51.568][Verbose] Ignoring event type 1000156103
05-15 14:40:51.568 25921 25944 I Unity   : [XR] [485728508272] [14:40:51.568][Verbose] Ignoring event type 1000156104
05-15 14:40:51.591 25921 25944 I Unity   : [XR] [485728508272] [14:40:51.591][Verbose] Ignoring event type 1000156103
05-15 14:40:51.591 25921 25944 I Unity   : [XR] [485728508272] [14:40:51.591][Verbose] Ignoring event type 1000156104
05-15 14:40:51.615 25921 25944 I Unity   : [XR] [485728508272] [14:40:51.615][Verbose] Ignoring event type 1000156103
05-15 14:40:51.615 25921 25944 I Unity   : [XR] [485728508272] [14:40:51.615][Verbose] Ignoring event type 1000156104
05-15 14:40:51.647 25921 25944 I Unity   : [XR] [485728508272] [14:40:51.647][Verbose] Ignoring event type 1000156103
05-15 14:40:51.648 25921 25944 I Unity   : [XR] [485728508272] [14:40:51.648][Verbose] Ignoring event type 1000156104
05-15 14:40:51.681 25921 25944 I Unity   : [XR] [485728508272] [14:40:51.681][Verbose] Ignoring event type 1000156103
05-15 14:40:51.681 25921 25944 I Unity   : [XR] [485728508272] [14:40:51.681][Verbose] Ignoring event type 1000156104
05-15 14:40:51.712 25921 25944 I Unity   : [XR] [485728508272] [14:40:51.712][Verbose] Ignoring event type 1000156103
05-15 14:40:51.712 25921 25944 I Unity   : [XR] [485728508272] [14:40:51.712][Verbose] Ignoring event type 1000156104
05-15 14:40:51.737 25921 25944 I Unity   : [XR] [485728508272] [14:40:51.737][Verbose] Ignoring event type 1000156103
05-15 14:40:51.737 25921 25944 I Unity   : [XR] [485728508272] [14:40:51.737][Verbose] Ignoring event type 1000156104
05-15 14:40:51.770 25921 25944 I Unity   : [XR] [485728508272] [14:40:51.770][Verbose] Ignoring event type 1000156103
05-15 14:40:51.770 25921 25944 I Unity   : [XR] [485728508272] [14:40:51.770][Verbose] Ignoring event type 1000156104
05-15 14:40:51.803 25921 25944 I Unity   : [XR] [485728508272] [14:40:51.803][Verbose] Ignoring event type 1000156103
05-15 14:40:51.803 25921 25944 I Unity   : [XR] [485728508272] [14:40:51.803][Verbose] Ignoring event type 1000156104
05-15 14:40:51.836 25921 25944 I Unity   : [XR] [485728508272] [14:40:51.836][Verbose] Ignoring event type 1000156103
05-15 14:40:51.836 25921 25944 I Unity   : [XR] [485728508272] [14:40:51.836][Verbose] Ignoring event type 1000156104
05-15 14:40:51.870 25921 25944 I Unity   : [XR] [485728508272] [14:40:51.870][Verbose] Ignoring event type 1000156103
05-15 14:40:51.870 25921 25944 I Unity   : [XR] [485728508272] [14:40:51.870][Verbose] Ignoring event type 1000156104
05-15 14:40:51.903 25921 25944 I Unity   : [XR] [485728508272] [14:40:51.903][Verbose] Ignoring event type 1000156103
05-15 14:40:51.903 25921 25944 I Unity   : [XR] [485728508272] [14:40:51.903][Verbose] Ignoring event type 1000156104
05-15 14:40:51.936 25921 25944 I Unity   : [XR] [485728508272] [14:40:51.936][Verbose] Ignoring event type 1000156103
05-15 14:40:51.937 25921 25944 I Unity   : [XR] [485728508272] [14:40:51.937][Verbose] Ignoring event type 1000156104
05-15 14:40:51.968 25921 25944 I Unity   : [XR] [485728508272] [14:40:51.968][Verbose] Ignoring event type 1000156103
05-15 14:40:51.968 25921 25944 I Unity   : [XR] [485728508272] [14:40:51.968][Verbose] Ignoring event type 1000156104
05-15 14:40:52.003 25921 25944 I Unity   : [XR] [485728508272] [14:40:52.003][Verbose] Ignoring event type 1000156103
05-15 14:40:52.003 25921 25944 I Unity   : [XR] [485728508272] [14:40:52.003][Verbose] Ignoring event type 1000156104
05-15 14:40:52.035 25921 25944 I Unity   : [XR] [485728508272] [14:40:52.035][Verbose] Ignoring event type 1000156103
05-15 14:40:52.035 25921 25944 I Unity   : [XR] [485728508272] [14:40:52.035][Verbose] Ignoring event type 1000156104
05-15 14:40:52.036 25921 26076 I VrApi   : FPS=90/90,Prd=40ms,Tear=0,Early=22,Stale=0,Stale2/5/10/max=0/0/0/0,VSnc=1,Lat=-1,Fov=0,CPU4/GPU=3/2,1651/456MHz,OC=3F,TA=0/0/0,SP=N/N/N,Mem=2736MHz,Free=1049MB,PLS=1,Temp=40.0C/0.0C,TW=1.29ms,App=4.79ms,GD=0.00ms,CPU&GPU=8.56ms,LCnt=2(DR91,LM2),GPU%=0.57,CPU%=0.72(W0.78),DSF=1.00,CFL=11.98/16.47,ICFLp95=15.05,LD=0,SF=1.00,LP=0,DVFS=0
05-15 14:40:52.059 25921 25944 I Unity   : [XR] [485728508272] [14:40:52.059][Verbose] Ignoring event type 1000156103
05-15 14:40:52.059 25921 25944 I Unity   : [XR] [485728508272] [14:40:52.059][Verbose] Ignoring event type 1000156104
05-15 14:40:52.092 25921 25944 I Unity   : [XR] [485728508272] [14:40:52.092][Verbose] Ignoring event type 1000156103
05-15 14:40:52.092 25921 25944 I Unity   : [XR] [485728508272] [14:40:52.092][Verbose] Ignoring event type 1000156104
05-15 14:40:52.123 25921 25944 I Unity   : [XR] [485728508272] [14:40:52.123][Verbose] Ignoring event type 1000156103
05-15 14:40:52.123 25921 25944 I Unity   : [XR] [485728508272] [14:40:52.123][Verbose] Ignoring event type 1000156104
05-15 14:40:52.159 25921 25944 I Unity   : [XR] [485728508272] [14:40:52.159][Verbose] Ignoring event type 1000156103
05-15 14:40:52.159 25921 25944 I Unity   : [XR] [485728508272] [14:40:52.159][Verbose] Ignoring event type 1000156104
05-15 14:40:52.192 25921 25944 I Unity   : [XR] [485728508272] [14:40:52.192][Verbose] Ignoring event type 1000156103
05-15 14:40:52.192 25921 25944 I Unity   : [XR] [485728508272] [14:40:52.192][Verbose] Ignoring event type 1000156104
05-15 14:40:52.214 25921 25944 I Unity   : [XR] [485728508272] [14:40:52.214][Verbose] Ignoring event type 1000156103
05-15 14:40:52.214 25921 25944 I Unity   : [XR] [485728508272] [14:40:52.214][Verbose] Ignoring event type 1000156104
05-15 14:40:52.247 25921 25944 I Unity   : [XR] [485728508272] [14:40:52.247][Verbose] Ignoring event type 1000156103
05-15 14:40:52.247 25921 25944 I Unity   : [XR] [485728508272] [14:40:52.247][Verbose] Ignoring event type 1000156104
05-15 14:40:52.280 25921 25944 I Unity   : [XR] [485728508272] [14:40:52.280][Verbose] Ignoring event type 1000156103
05-15 14:40:52.281 25921 25944 I Unity   : [XR] [485728508272] [14:40:52.281][Verbose] Ignoring event type 1000156104
05-15 14:40:52.314 25921 25944 I Unity   : [XR] [485728508272] [14:40:52.314][Verbose] Ignoring event type 1000156103
05-15 14:40:52.314 25921 25944 I Unity   : [XR] [485728508272] [14:40:52.314][Verbose] Ignoring event type 1000156104
05-15 14:40:52.345 25921 25944 I Unity   : [XR] [485728508272] [14:40:52.345][Verbose] Ignoring event type 1000156103
05-15 14:40:52.345 25921 25944 I Unity   : [XR] [485728508272] [14:40:52.345][Verbose] Ignoring event type 1000156104
05-15 14:40:52.369 25921 25944 I Unity   : [XR] [485728508272] [14:40:52.369][Verbose] Ignoring event type 1000156103
05-15 14:40:52.369 25921 25944 I Unity   : [XR] [485728508272] [14:40:52.369][Verbose] Ignoring event type 1000156104
05-15 14:40:52.401 25921 25944 I Unity   : [XR] [485728508272] [14:40:52.401][Verbose] Ignoring event type 1000156103
05-15 14:40:52.401 25921 25944 I Unity   : [XR] [485728508272] [14:40:52.401][Verbose] Ignoring event type 1000156104
05-15 14:40:52.424 25921 25944 I Unity   : [XR] [485728508272] [14:40:52.424][Verbose] Ignoring event type 1000156103
05-15 14:40:52.424 25921 25944 I Unity   : [XR] [485728508272] [14:40:52.424][Verbose] Ignoring event type 1000156104
05-15 14:40:52.458 25921 25944 I Unity   : [XR] [485728508272] [14:40:52.458][Verbose] Ignoring event type 1000156103
05-15 14:40:52.458 25921 25944 I Unity   : [XR] [485728508272] [14:40:52.458][Verbose] Ignoring event type 1000156104
05-15 14:40:52.492 25921 25944 I Unity   : [XR] [485728508272] [14:40:52.492][Verbose] Ignoring event type 1000156103
05-15 14:40:52.492 25921 25944 I Unity   : [XR] [485728508272] [14:40:52.492][Verbose] Ignoring event type 1000156104
05-15 14:40:52.526 25921 25944 I Unity   : [XR] [485728508272] [14:40:52.526][Verbose] Ignoring event type 1000156103
05-15 14:40:52.526 25921 25944 I Unity   : [XR] [485728508272] [14:40:52.526][Verbose] Ignoring event type 1000156104
05-15 14:40:52.558 25921 25944 I Unity   : [XR] [485728508272] [14:40:52.558][Verbose] Ignoring event type 1000156103
05-15 14:40:52.558 25921 25944 I Unity   : [XR] [485728508272] [14:40:52.558][Verbose] Ignoring event type 1000156104
05-15 14:40:52.580 25921 25944 I Unity   : [XR] [485728508272] [14:40:52.580][Verbose] Ignoring event type 1000156103
05-15 14:40:52.580 25921 25944 I Unity   : [XR] [485728508272] [14:40:52.580][Verbose] Ignoring event type 1000156104
05-15 14:40:52.614 25921 25944 I Unity   : [XR] [485728508272] [14:40:52.614][Verbose] Ignoring event type 1000156103
05-15 14:40:52.614 25921 25944 I Unity   : [XR] [485728508272] [14:40:52.614][Verbose] Ignoring event type 1000156104
05-15 14:40:52.646 25921 25944 I Unity   : [XR] [485728508272] [14:40:52.646][Verbose] Ignoring event type 1000156103
05-15 14:40:52.646 25921 25944 I Unity   : [XR] [485728508272] [14:40:52.646][Verbose] Ignoring event type 1000156104
05-15 14:40:52.680 25921 25944 I Unity   : [XR] [485728508272] [14:40:52.680][Verbose] Ignoring event type 1000156103
05-15 14:40:52.680 25921 25944 I Unity   : [XR] [485728508272] [14:40:52.680][Verbose] Ignoring event type 1000156104
05-15 14:40:52.712 25921 25944 I Unity   : [XR] [485728508272] [14:40:52.712][Verbose] Ignoring event type 1000156103
05-15 14:40:52.712 25921 25944 I Unity   : [XR] [485728508272] [14:40:52.712][Verbose] Ignoring event type 1000156104
05-15 14:40:52.736 25921 25944 I Unity   : [XR] [485728508272] [14:40:52.736][Verbose] Ignoring event type 1000156103
05-15 14:40:52.736 25921 25944 I Unity   : [XR] [485728508272] [14:40:52.736][Verbose] Ignoring event type 1000156104
05-15 14:40:52.769 25921 25944 I Unity   : [XR] [485728508272] [14:40:52.769][Verbose] Ignoring event type 1000156103
05-15 14:40:52.769 25921 25944 I Unity   : [XR] [485728508272] [14:40:52.769][Verbose] Ignoring event type 1000156104
05-15 14:40:52.800 25921 25944 I Unity   : [XR] [485728508272] [14:40:52.800][Verbose] Ignoring event type 1000156103
05-15 14:40:52.800 25921 25944 I Unity   : [XR] [485728508272] [14:40:52.800][Verbose] Ignoring event type 1000156104
05-15 14:40:52.824 25921 25944 I Unity   : [XR] [485728508272] [14:40:52.824][Verbose] Ignoring event type 1000156103
05-15 14:40:52.824 25921 25944 I Unity   : [XR] [485728508272] [14:40:52.824][Verbose] Ignoring event type 1000156104
05-15 14:40:52.859 25921 25944 I Unity   : [XR] [485728508272] [14:40:52.859][Verbose] Ignoring event type 1000156103
05-15 14:40:52.859 25921 25944 I Unity   : [XR] [485728508272] [14:40:52.859][Verbose] Ignoring event type 1000156104
05-15 14:40:52.891 25921 25944 I Unity   : [XR] [485728508272] [14:40:52.891][Verbose] Ignoring event type 1000156103
05-15 14:40:52.891 25921 25944 I Unity   : [XR] [485728508272] [14:40:52.891][Verbose] Ignoring event type 1000156104
05-15 14:40:52.923 25921 25944 I Unity   : [XR] [485728508272] [14:40:52.923][Verbose] Ignoring event type 1000156103
05-15 14:40:52.923 25921 25944 I Unity   : [XR] [485728508272] [14:40:52.923][Verbose] Ignoring event type 1000156104
05-15 14:40:52.956 25921 25944 I Unity   : [XR] [485728508272] [14:40:52.956][Verbose] Ignoring event type 1000156103
05-15 14:40:52.956 25921 25944 I Unity   : [XR] [485728508272] [14:40:52.956][Verbose] Ignoring event type 1000156104
05-15 14:40:52.979 25921 25944 I Unity   : [XR] [485728508272] [14:40:52.978][Verbose] Ignoring event type 1000156103
05-15 14:40:52.979 25921 25944 I Unity   : [XR] [485728508272] [14:40:52.979][Verbose] Ignoring event type 1000156104
05-15 14:40:53.014 25921 25944 I Unity   : [XR] [485728508272] [14:40:53.014][Verbose] Ignoring event type 1000156103
05-15 14:40:53.014 25921 25944 I Unity   : [XR] [485728508272] [14:40:53.014][Verbose] Ignoring event type 1000156104
05-15 14:40:53.036 25921 26076 I VrApi   : FPS=91/90,Prd=40ms,Tear=0,Early=22,Stale=0,Stale2/5/10/max=0/0/0/0,VSnc=1,Lat=-1,Fov=0,CPU4/GPU=3/2,1651/456MHz,OC=3F,TA=0/0/0,SP=N/N/N,Mem=2736MHz,Free=1049MB,PLS=1,Temp=40.0C/0.0C,TW=1.29ms,App=5.55ms,GD=0.00ms,CPU&GPU=9.78ms,LCnt=2(DR90,LM2),GPU%=0.60,CPU%=0.69(W0.76),DSF=1.00,CFL=11.68/16.43,ICFLp95=14.89,LD=0,SF=1.00,LP=0,DVFS=0
05-15 14:40:53.047 25921 25944 I Unity   : [XR] [485728508272] [14:40:53.046][Verbose] Ignoring event type 1000156103
05-15 14:40:53.047 25921 25944 I Unity   : [XR] [485728508272] [14:40:53.047][Verbose] Ignoring event type 1000156104
05-15 14:40:53.080 25921 25944 I Unity   : [XR] [485728508272] [14:40:53.080][Verbose] Ignoring event type 1000156103
05-15 14:40:53.080 25921 25944 I Unity   : [XR] [485728508272] [14:40:53.080][Verbose] Ignoring event type 1000156104
05-15 14:40:53.114 25921 25944 I Unity   : [XR] [485728508272] [14:40:53.114][Verbose] Ignoring event type 1000156103
05-15 14:40:53.114 25921 25944 I Unity   : [XR] [485728508272] [14:40:53.114][Verbose] Ignoring event type 1000156104
05-15 14:40:53.146 25921 25944 I Unity   : [XR] [485728508272] [14:40:53.146][Verbose] Ignoring event type 1000156103
05-15 14:40:53.147 25921 25944 I Unity   : [XR] [485728508272] [14:40:53.147][Verbose] Ignoring event type 1000156104
05-15 14:40:53.179 25921 25944 I Unity   : [XR] [485728508272] [14:40:53.179][Verbose] Ignoring event type 1000156103
05-15 14:40:53.179 25921 25944 I Unity   : [XR] [485728508272] [14:40:53.179][Verbose] Ignoring event type 1000156104
05-15 14:40:53.212 25921 25944 I Unity   : [XR] [485728508272] [14:40:53.212][Verbose] Ignoring event type 1000156103
05-15 14:40:53.212 25921 25944 I Unity   : [XR] [485728508272] [14:40:53.212][Verbose] Ignoring event type 1000156104
05-15 14:40:53.247 25921 25944 I Unity   : [XR] [485728508272] [14:40:53.247][Verbose] Ignoring event type 1000156103
05-15 14:40:53.247 25921 25944 I Unity   : [XR] [485728508272] [14:40:53.247][Verbose] Ignoring event type 1000156104
05-15 14:40:53.278 25921 25944 I Unity   : [XR] [485728508272] [14:40:53.278][Verbose] Ignoring event type 1000156103
05-15 14:40:53.278 25921 25944 I Unity   : [XR] [485728508272] [14:40:53.278][Verbose] Ignoring event type 1000156104
05-15 14:40:53.302 25921 25944 I Unity   : [XR] [485728508272] [14:40:53.302][Verbose] Ignoring event type 1000156103
05-15 14:40:53.302 25921 25944 I Unity   : [XR] [485728508272] [14:40:53.302][Verbose] Ignoring event type 1000156104
05-15 14:40:53.335 25921 25944 I Unity   : [XR] [485728508272] [14:40:53.335][Verbose] Ignoring event type 1000156103
05-15 14:40:53.335 25921 25944 I Unity   : [XR] [485728508272] [14:40:53.335][Verbose] Ignoring event type 1000156104
05-15 14:40:53.368 25921 25944 I Unity   : [XR] [485728508272] [14:40:53.368][Verbose] Ignoring event type 1000156103
05-15 14:40:53.368 25921 25944 I Unity   : [XR] [485728508272] [14:40:53.368][Verbose] Ignoring event type 1000156104
05-15 14:40:53.400 25921 25944 I Unity   : [XR] [485728508272] [14:40:53.400][Verbose] Ignoring event type 1000156103
05-15 14:40:53.401 25921 25944 I Unity   : [XR] [485728508272] [14:40:53.401][Verbose] Ignoring event type 1000156104
05-15 14:40:53.424 25921 25944 I Unity   : [XR] [485728508272] [14:40:53.424][Verbose] Ignoring event type 1000156103
05-15 14:40:53.424 25921 25944 I Unity   : [XR] [485728508272] [14:40:53.424][Verbose] Ignoring event type 1000156104
05-15 14:40:53.455 25921 25944 I Unity   : [XR] [485728508272] [14:40:53.455][Verbose] Ignoring event type 1000156103
05-15 14:40:53.455 25921 25944 I Unity   : [XR] [485728508272] [14:40:53.455][Verbose] Ignoring event type 1000156104
05-15 14:40:53.489 25921 25944 I Unity   : [XR] [485728508272] [14:40:53.489][Verbose] Ignoring event type 1000156103
05-15 14:40:53.489 25921 25944 I Unity   : [XR] [485728508272] [14:40:53.489][Verbose] Ignoring event type 1000156104
05-15 14:40:53.523 25921 25944 I Unity   : [XR] [485728508272] [14:40:53.523][Verbose] Ignoring event type 1000156103
05-15 14:40:53.523 25921 25944 I Unity   : [XR] [485728508272] [14:40:53.523][Verbose] Ignoring event type 1000156104
05-15 14:40:53.547 25921 25944 I Unity   : [XR] [485728508272] [14:40:53.547][Verbose] Ignoring event type 1000156103
05-15 14:40:53.547 25921 25944 I Unity   : [XR] [485728508272] [14:40:53.547][Verbose] Ignoring event type 1000156104
05-15 14:40:53.578 25921 25944 I Unity   : [XR] [485728508272] [14:40:53.578][Verbose] Ignoring event type 1000156103
05-15 14:40:53.578 25921 25944 I Unity   : [XR] [485728508272] [14:40:53.578][Verbose] Ignoring event type 1000156104
05-15 14:40:53.614 25921 25944 I Unity   : [XR] [485728508272] [14:40:53.614][Verbose] Ignoring event type 1000156103
05-15 14:40:53.614 25921 25944 I Unity   : [XR] [485728508272] [14:40:53.614][Verbose] Ignoring event type 1000156104
05-15 14:40:53.646 25921 25944 I Unity   : [XR] [485728508272] [14:40:53.646][Verbose] Ignoring event type 1000156103
05-15 14:40:53.646 25921 25944 I Unity   : [XR] [485728508272] [14:40:53.646][Verbose] Ignoring event type 1000156104
05-15 14:40:53.680 25921 25944 I Unity   : [XR] [485728508272] [14:40:53.680][Verbose] Ignoring event type 1000156103
05-15 14:40:53.680 25921 25944 I Unity   : [XR] [485728508272] [14:40:53.680][Verbose] Ignoring event type 1000156104
05-15 14:40:53.700 25921 25944 I Unity   : [XR] [485728508272] [14:40:53.700][Verbose] Ignoring event type 1000156103
05-15 14:40:53.700 25921 25944 I Unity   : [XR] [485728508272] [14:40:53.700][Verbose] Ignoring event type 1000156104
05-15 14:40:53.734 25921 25944 I Unity   : [XR] [485728508272] [14:40:53.734][Verbose] Ignoring event type 1000156103
05-15 14:40:53.734 25921 25944 I Unity   : [XR] [485728508272] [14:40:53.734][Verbose] Ignoring event type 1000156104
05-15 14:40:53.778 25921 25944 I Unity   : [XR] [485728508272] [14:40:53.778][Verbose] Ignoring event type 1000156103
05-15 14:40:53.778 25921 25944 I Unity   : [XR] [485728508272] [14:40:53.778][Verbose] Ignoring event type 1000156104
05-15 14:40:53.811 25921 25944 I Unity   : [XR] [485728508272] [14:40:53.811][Verbose] Ignoring event type 1000156103
05-15 14:40:53.811 25921 25944 I Unity   : [XR] [485728508272] [14:40:53.811][Verbose] Ignoring event type 1000156104
05-15 14:40:53.846 25921 25944 I Unity   : [XR] [485728508272] [14:40:53.846][Verbose] Ignoring event type 1000156103
05-15 14:40:53.846 25921 25944 I Unity   : [XR] [485728508272] [14:40:53.846][Verbose] Ignoring event type 1000156104
05-15 14:40:53.878 25921 25944 I Unity   : [XR] [485728508272] [14:40:53.878][Verbose] Ignoring event type 1000156103
05-15 14:40:53.879 25921 25944 I Unity   : [XR] [485728508272] [14:40:53.879][Verbose] Ignoring event type 1000156104
05-15 14:40:53.923 25921 25944 I Unity   : [XR] [485728508272] [14:40:53.923][Verbose] Ignoring event type 1000156103
05-15 14:40:53.923 25921 25944 I Unity   : [XR] [485728508272] [14:40:53.923][Verbose] Ignoring event type 1000156104
05-15 14:40:53.957 25921 25944 I Unity   : [XR] [485728508272] [14:40:53.957][Verbose] Ignoring event type 1000156103
05-15 14:40:53.957 25921 25944 I Unity   : [XR] [485728508272] [14:40:53.957][Verbose] Ignoring event type 1000156104
05-15 14:40:53.978 25921 25944 I Unity   : [XR] [485728508272] [14:40:53.978][Verbose] Ignoring event type 1000156103
05-15 14:40:53.978 25921 25944 I Unity   : [XR] [485728508272] [14:40:53.978][Verbose] Ignoring event type 1000156104
05-15 14:40:54.011 25921 25944 I Unity   : [XR] [485728508272] [14:40:54.010][Verbose] Ignoring event type 1000156103
05-15 14:40:54.011 25921 25944 I Unity   : [XR] [485728508272] [14:40:54.011][Verbose] Ignoring event type 1000156104
05-15 14:40:54.036 25921 26076 I VrApi   : FPS=91/90,Prd=41ms,Tear=0,Early=13,Stale=0,Stale2/5/10/max=0/0/0/0,VSnc=1,Lat=-1,Fov=0,CPU4/GPU=3/2,1651/456MHz,OC=3F,TA=0/0/0,SP=N/N/N,Mem=2736MHz,Free=1049MB,PLS=1,Temp=40.0C/0.0C,TW=1.29ms,App=5.50ms,GD=0.00ms,CPU&GPU=9.95ms,LCnt=2(DR90,LM2),GPU%=0.61,CPU%=0.75(W0.80),DSF=1.00,CFL=11.68/16.46,ICFLp95=14.92,LD=0,SF=1.00,LP=0,DVFS=0
05-15 14:40:54.045 25921 25944 I Unity   : [XR] [485728508272] [14:40:54.045][Verbose] Ignoring event type 1000156103
05-15 14:40:54.045 25921 25944 I Unity   : [XR] [485728508272] [14:40:54.045][Verbose] Ignoring event type 1000156104
05-15 14:40:54.076 25921 25944 I Unity   : [XR] [485728508272] [14:40:54.076][Verbose] Ignoring event type 1000156103
05-15 14:40:54.076 25921 25944 I Unity   : [XR] [485728508272] [14:40:54.076][Verbose] Ignoring event type 1000156104
05-15 14:40:54.100 25921 25944 I Unity   : [XR] [485728508272] [14:40:54.100][Verbose] Ignoring event type 1000156103
05-15 14:40:54.100 25921 25944 I Unity   : [XR] [485728508272] [14:40:54.100][Verbose] Ignoring event type 1000156104
05-15 14:40:54.133 25921 25944 I Unity   : [XR] [485728508272] [14:40:54.133][Verbose] Ignoring event type 1000156103
05-15 14:40:54.133 25921 25944 I Unity   : [XR] [485728508272] [14:40:54.133][Verbose] Ignoring event type 1000156104
05-15 14:40:54.168 25921 25944 I Unity   : [XR] [485728508272] [14:40:54.168][Verbose] Ignoring event type 1000156103
05-15 14:40:54.168 25921 25944 I Unity   : [XR] [485728508272] [14:40:54.168][Verbose] Ignoring event type 1000156104
05-15 14:40:54.200 25921 25944 I Unity   : [XR] [485728508272] [14:40:54.200][Verbose] Ignoring event type 1000156103
05-15 14:40:54.200 25921 25944 I Unity   : [XR] [485728508272] [14:40:54.200][Verbose] Ignoring event type 1000156104
05-15 14:40:54.235 25921 25944 I Unity   : [XR] [485728508272] [14:40:54.235][Verbose] Ignoring event type 1000156103
05-15 14:40:54.235 25921 25944 I Unity   : [XR] [485728508272] [14:40:54.235][Verbose] Ignoring event type 1000156104
05-15 14:40:54.267 25921 25944 I Unity   : [XR] [485728508272] [14:40:54.267][Verbose] Ignoring event type 1000156103
05-15 14:40:54.267 25921 25944 I Unity   : [XR] [485728508272] [14:40:54.267][Verbose] Ignoring event type 1000156104
05-15 14:40:54.300 25921 25944 I Unity   : [XR] [485728508272] [14:40:54.300][Verbose] Ignoring event type 1000156103
05-15 14:40:54.300 25921 25944 I Unity   : [XR] [485728508272] [14:40:54.300][Verbose] Ignoring event type 1000156104
05-15 14:40:54.334 25921 25944 I Unity   : [XR] [485728508272] [14:40:54.334][Verbose] Ignoring event type 1000156103
05-15 14:40:54.334 25921 25944 I Unity   : [XR] [485728508272] [14:40:54.334][Verbose] Ignoring event type 1000156104
05-15 14:40:54.367 25921 25944 I Unity   : [XR] [485728508272] [14:40:54.367][Verbose] Ignoring event type 1000156103
05-15 14:40:54.367 25921 25944 I Unity   : [XR] [485728508272] [14:40:54.367][Verbose] Ignoring event type 1000156104
05-15 14:40:54.401 25921 25944 I Unity   : [XR] [485728508272] [14:40:54.401][Verbose] Ignoring event type 1000156103
05-15 14:40:54.401 25921 25944 I Unity   : [XR] [485728508272] [14:40:54.401][Verbose] Ignoring event type 1000156104
05-15 14:40:54.434 25921 25944 I Unity   : [XR] [485728508272] [14:40:54.434][Verbose] Ignoring event type 1000156103
05-15 14:40:54.434 25921 25944 I Unity   : [XR] [485728508272] [14:40:54.434][Verbose] Ignoring event type 1000156104
05-15 14:40:54.466 25921 25944 I Unity   : [XR] [485728508272] [14:40:54.466][Verbose] Ignoring event type 1000156103
05-15 14:40:54.466 25921 25944 I Unity   : [XR] [485728508272] [14:40:54.466][Verbose] Ignoring event type 1000156104
05-15 14:40:54.499 25921 25944 I Unity   : [XR] [485728508272] [14:40:54.499][Verbose] Ignoring event type 1000156103
05-15 14:40:54.500 25921 25944 I Unity   : [XR] [485728508272] [14:40:54.500][Verbose] Ignoring event type 1000156104
05-15 14:40:54.533 25921 25944 I Unity   : [XR] [485728508272] [14:40:54.533][Verbose] Ignoring event type 1000156103
05-15 14:40:54.533 25921 25944 I Unity   : [XR] [485728508272] [14:40:54.533][Verbose] Ignoring event type 1000156104
05-15 14:40:54.567 25921 25944 I Unity   : [XR] [485728508272] [14:40:54.567][Verbose] Ignoring event type 1000156103
05-15 14:40:54.567 25921 25944 I Unity   : [XR] [485728508272] [14:40:54.567][Verbose] Ignoring event type 1000156104
05-15 14:40:54.600 25921 25944 I Unity   : [XR] [485728508272] [14:40:54.600][Verbose] Ignoring event type 1000156103
05-15 14:40:54.600 25921 25944 I Unity   : [XR] [485728508272] [14:40:54.600][Verbose] Ignoring event type 1000156104
05-15 14:40:54.634 25921 25944 I Unity   : [XR] [485728508272] [14:40:54.634][Verbose] Ignoring event type 1000156103
05-15 14:40:54.634 25921 25944 I Unity   : [XR] [485728508272] [14:40:54.634][Verbose] Ignoring event type 1000156104
05-15 14:40:54.665 25921 25944 I Unity   : [XR] [485728508272] [14:40:54.665][Verbose] Ignoring event type 1000156103
05-15 14:40:54.665 25921 25944 I Unity   : [XR] [485728508272] [14:40:54.665][Verbose] Ignoring event type 1000156104
05-15 14:40:54.690 25921 25944 I Unity   : [XR] [485728508272] [14:40:54.690][Verbose] Ignoring event type 1000156103
05-15 14:40:54.690 25921 25944 I Unity   : [XR] [485728508272] [14:40:54.690][Verbose] Ignoring event type 1000156104
05-15 14:40:54.722 25921 25944 I Unity   : [XR] [485728508272] [14:40:54.722][Verbose] Ignoring event type 1000156103
05-15 14:40:54.722 25921 25944 I Unity   : [XR] [485728508272] [14:40:54.722][Verbose] Ignoring event type 1000156104
05-15 14:40:54.756 25921 25944 I Unity   : [XR] [485728508272] [14:40:54.756][Verbose] Ignoring event type 1000156103
05-15 14:40:54.756 25921 25944 I Unity   : [XR] [485728508272] [14:40:54.756][Verbose] Ignoring event type 1000156104
05-15 14:40:54.778 25921 25944 I Unity   : [XR] [485728508272] [14:40:54.778][Verbose] Ignoring event type 1000156103
05-15 14:40:54.778 25921 25944 I Unity   : [XR] [485728508272] [14:40:54.778][Verbose] Ignoring event type 1000156104
05-15 14:40:54.811 25921 25944 I Unity   : [XR] [485728508272] [14:40:54.811][Verbose] Ignoring event type 1000156103
05-15 14:40:54.811 25921 25944 I Unity   : [XR] [485728508272] [14:40:54.811][Verbose] Ignoring event type 1000156104
05-15 14:40:54.844 25921 25944 I Unity   : [XR] [485728508272] [14:40:54.844][Verbose] Ignoring event type 1000156103
05-15 14:40:54.844 25921 25944 I Unity   : [XR] [485728508272] [14:40:54.844][Verbose] Ignoring event type 1000156104
05-15 14:40:54.878 25921 25944 I Unity   : [XR] [485728508272] [14:40:54.878][Verbose] Ignoring event type 1000156103
05-15 14:40:54.878 25921 25944 I Unity   : [XR] [485728508272] [14:40:54.878][Verbose] Ignoring event type 1000156104
05-15 14:40:54.911 25921 25944 I Unity   : [XR] [485728508272] [14:40:54.911][Verbose] Ignoring event type 1000156103
05-15 14:40:54.911 25921 25944 I Unity   : [XR] [485728508272] [14:40:54.911][Verbose] Ignoring event type 1000156104
05-15 14:40:54.944 25921 25944 I Unity   : [XR] [485728508272] [14:40:54.944][Verbose] Ignoring event type 1000156103
05-15 14:40:54.944 25921 25944 I Unity   : [XR] [485728508272] [14:40:54.944][Verbose] Ignoring event type 1000156104
05-15 14:40:54.974 25921 25944 I Unity   : [XR] [485728508272] [14:40:54.974][Verbose] Ignoring event type 1000156103
05-15 14:40:54.974 25921 25944 I Unity   : [XR] [485728508272] [14:40:54.974][Verbose] Ignoring event type 1000156104
05-15 14:40:55.011 25921 25944 I Unity   : [XR] [485728508272] [14:40:55.011][Verbose] Ignoring event type 1000156103
05-15 14:40:55.011 25921 25944 I Unity   : [XR] [485728508272] [14:40:55.011][Verbose] Ignoring event type 1000156104
05-15 14:40:55.036 25921 26076 I VrApi   : FPS=91/90,Prd=42ms,Tear=0,Early=20,Stale=0,Stale2/5/10/max=0/0/0/0,VSnc=1,Lat=-1,Fov=0,CPU4/GPU=3/2,1651/456MHz,OC=3F,TA=0/0/0,SP=N/N/N,Mem=3196MHz,Free=1049MB,PLS=1,Temp=40.0C/0.0C,TW=1.31ms,App=6.34ms,GD=0.00ms,CPU&GPU=12.00ms,LCnt=2(DR91,LM2),GPU%=0.67,CPU%=0.77(W0.79),DSF=1.00,CFL=11.67/16.29,ICFLp95=14.88,LD=0,SF=1.00,LP=0,DVFS=0
05-15 14:40:55.042 25921 25944 I Unity   : [XR] [485728508272] [14:40:55.042][Verbose] Ignoring event type 1000156103
05-15 14:40:55.042 25921 25944 I Unity   : [XR] [485728508272] [14:40:55.042][Verbose] Ignoring event type 1000156104
05-15 14:40:55.079 25921 25944 I Unity   : [XR] [485728508272] [14:40:55.079][Verbose] Ignoring event type 1000156103
05-15 14:40:55.079 25921 25944 I Unity   : [XR] [485728508272] [14:40:55.079][Verbose] Ignoring event type 1000156104
05-15 14:40:55.122 25921 25944 I Unity   : [XR] [485728508272] [14:40:55.122][Verbose] Ignoring event type 1000156103
05-15 14:40:55.122 25921 25944 I Unity   : [XR] [485728508272] [14:40:55.122][Verbose] Ignoring event type 1000156104
05-15 14:40:55.155 25921 25944 I Unity   : [XR] [485728508272] [14:40:55.155][Verbose] Ignoring event type 1000156103
05-15 14:40:55.155 25921 25944 I Unity   : [XR] [485728508272] [14:40:55.155][Verbose] Ignoring event type 1000156104
05-15 14:40:55.187 25921 25944 I Unity   : [XR] [485728508272] [14:40:55.187][Verbose] Ignoring event type 1000156103
05-15 14:40:55.187 25921 25944 I Unity   : [XR] [485728508272] [14:40:55.187][Verbose] Ignoring event type 1000156104
05-15 14:40:55.211 25921 25944 I Unity   : [XR] [485728508272] [14:40:55.211][Verbose] Ignoring event type 1000156103
05-15 14:40:55.211 25921 25944 I Unity   : [XR] [485728508272] [14:40:55.211][Verbose] Ignoring event type 1000156104
05-15 14:40:55.242 25921 25944 I Unity   : [XR] [485728508272] [14:40:55.242][Verbose] Ignoring event type 1000156103
05-15 14:40:55.242 25921 25944 I Unity   : [XR] [485728508272] [14:40:55.242][Verbose] Ignoring event type 1000156104
05-15 14:40:55.277 25921 25944 I Unity   : [XR] [485728508272] [14:40:55.277][Verbose] Ignoring event type 1000156103
05-15 14:40:55.277 25921 25944 I Unity   : [XR] [485728508272] [14:40:55.277][Verbose] Ignoring event type 1000156104
05-15 14:40:55.310 25921 25944 I Unity   : [XR] [485728508272] [14:40:55.310][Verbose] Ignoring event type 1000156103
05-15 14:40:55.310 25921 25944 I Unity   : [XR] [485728508272] [14:40:55.310][Verbose] Ignoring event type 1000156104
05-15 14:40:55.343 25921 25944 I Unity   : [XR] [485728508272] [14:40:55.343][Verbose] Ignoring event type 1000156103
05-15 14:40:55.343 25921 25944 I Unity   : [XR] [485728508272] [14:40:55.343][Verbose] Ignoring event type 1000156104
05-15 14:40:55.376 25921 25944 I Unity   : [XR] [485728508272] [14:40:55.376][Verbose] Ignoring event type 1000156103
05-15 14:40:55.376 25921 25944 I Unity   : [XR] [485728508272] [14:40:55.376][Verbose] Ignoring event type 1000156104
05-15 14:40:55.399 25921 25944 I Unity   : [XR] [485728508272] [14:40:55.399][Verbose] Ignoring event type 1000156103
05-15 14:40:55.400 25921 25944 I Unity   : [XR] [485728508272] [14:40:55.399][Verbose] Ignoring event type 1000156104
05-15 14:40:55.432 25921 25944 I Unity   : [XR] [485728508272] [14:40:55.432][Verbose] Ignoring event type 1000156103
05-15 14:40:55.432 25921 25944 I Unity   : [XR] [485728508272] [14:40:55.432][Verbose] Ignoring event type 1000156104
05-15 14:40:55.454 25921 25944 I Unity   : [XR] [485728508272] [14:40:55.453][Verbose] Ignoring event type 1000156103
05-15 14:40:55.454 25921 25944 I Unity   : [XR] [485728508272] [14:40:55.454][Verbose] Ignoring event type 1000156104
05-15 14:40:55.487 25921 25944 I Unity   : [XR] [485728508272] [14:40:55.487][Verbose] Ignoring event type 1000156103
05-15 14:40:55.487 25921 25944 I Unity   : [XR] [485728508272] [14:40:55.487][Verbose] Ignoring event type 1000156104
05-15 14:40:55.521 25921 25944 I Unity   : [XR] [485728508272] [14:40:55.521][Verbose] Ignoring event type 1000156103
05-15 14:40:55.521 25921 25944 I Unity   : [XR] [485728508272] [14:40:55.521][Verbose] Ignoring event type 1000156104
05-15 14:40:55.555 25921 25944 I Unity   : [XR] [485728508272] [14:40:55.555][Verbose] Ignoring event type 1000156103
05-15 14:40:55.555 25921 25944 I Unity   : [XR] [485728508272] [14:40:55.555][Verbose] Ignoring event type 1000156104
05-15 14:40:55.586 25921 25944 I Unity   : [XR] [485728508272] [14:40:55.586][Verbose] Ignoring event type 1000156103
05-15 14:40:55.587 25921 25944 I Unity   : [XR] [485728508272] [14:40:55.587][Verbose] Ignoring event type 1000156104
05-15 14:40:55.621 25921 25944 I Unity   : [XR] [485728508272] [14:40:55.621][Verbose] Ignoring event type 1000156103
05-15 14:40:55.621 25921 25944 I Unity   : [XR] [485728508272] [14:40:55.621][Verbose] Ignoring event type 1000156104
05-15 14:40:55.654 25921 25944 I Unity   : [XR] [485728508272] [14:40:55.654][Verbose] Ignoring event type 1000156103
05-15 14:40:55.655 25921 25944 I Unity   : [XR] [485728508272] [14:40:55.655][Verbose] Ignoring event type 1000156104
05-15 14:40:55.689 25921 25944 I Unity   : [XR] [485728508272] [14:40:55.689][Verbose] Ignoring event type 1000156103
05-15 14:40:55.689 25921 25944 I Unity   : [XR] [485728508272] [14:40:55.689][Verbose] Ignoring event type 1000156104
05-15 14:40:55.721 25921 25944 I Unity   : [XR] [485728508272] [14:40:55.721][Verbose] Ignoring event type 1000156103
05-15 14:40:55.721 25921 25944 I Unity   : [XR] [485728508272] [14:40:55.721][Verbose] Ignoring event type 1000156104
05-15 14:40:55.764 25921 25944 I Unity   : [XR] [485728508272] [14:40:55.764][Verbose] Ignoring event type 1000156103
05-15 14:40:55.764 25921 25944 I Unity   : [XR] [485728508272] [14:40:55.764][Verbose] Ignoring event type 1000156104
05-15 14:40:55.799 25921 25944 I Unity   : [XR] [485728508272] [14:40:55.799][Verbose] Ignoring event type 1000156103
05-15 14:40:55.799 25921 25944 I Unity   : [XR] [485728508272] [14:40:55.799][Verbose] Ignoring event type 1000156104
05-15 14:40:55.832 25921 25944 I Unity   : [XR] [485728508272] [14:40:55.832][Verbose] Ignoring event type 1000156103
05-15 14:40:55.832 25921 25944 I Unity   : [XR] [485728508272] [14:40:55.832][Verbose] Ignoring event type 1000156104
05-15 14:40:55.865 25921 25944 I Unity   : [XR] [485728508272] [14:40:55.865][Verbose] Ignoring event type 1000156103
05-15 14:40:55.865 25921 25944 I Unity   : [XR] [485728508272] [14:40:55.865][Verbose] Ignoring event type 1000156104
05-15 14:40:55.899 25921 25944 I Unity   : [XR] [485728508272] [14:40:55.899][Verbose] Ignoring event type 1000156103
05-15 14:40:55.899 25921 25944 I Unity   : [XR] [485728508272] [14:40:55.899][Verbose] Ignoring event type 1000156104
05-15 14:40:55.944 25921 25944 I Unity   : [XR] [485728508272] [14:40:55.943][Verbose] Ignoring event type 1000156103
05-15 14:40:55.944 25921 25944 I Unity   : [XR] [485728508272] [14:40:55.944][Verbose] Ignoring event type 1000156104
05-15 14:40:55.987 25921 25944 I Unity   : [XR] [485728508272] [14:40:55.987][Verbose] Ignoring event type 1000156103
05-15 14:40:55.987 25921 25944 I Unity   : [XR] [485728508272] [14:40:55.987][Verbose] Ignoring event type 1000156104
05-15 14:40:56.019 25921 25944 I Unity   : [XR] [485728508272] [14:40:56.019][Verbose] Ignoring event type 1000156103
05-15 14:40:56.019 25921 25944 I Unity   : [XR] [485728508272] [14:40:56.019][Verbose] Ignoring event type 1000156104
05-15 14:40:56.036 25921 26076 I VrApi   : FPS=91/90,Prd=43ms,Tear=0,Early=30,Stale=0,Stale2/5/10/max=0/0/0/0,VSnc=1,Lat=-1,Fov=0,CPU4/GPU=3/2,1651/456MHz,OC=3F,TA=0/0/0,SP=N/N/N,Mem=3196MHz,Free=1049MB,PLS=1,Temp=40.0C/0.0C,TW=1.31ms,App=6.83ms,GD=0.00ms,CPU&GPU=13.41ms,LCnt=2(DR90,LM2),GPU%=0.72,CPU%=0.76(W0.79),DSF=1.00,CFL=11.67/16.24,ICFLp95=14.99,LD=0,SF=1.00,LP=0,DVFS=0
05-15 14:40:56.051 25921 25944 I Unity   : [XR] [485728508272] [14:40:56.051][Verbose] Ignoring event type 1000156103
05-15 14:40:56.051 25921 25944 I Unity   : [XR] [485728508272] [14:40:56.051][Verbose] Ignoring event type 1000156104
05-15 14:40:56.086 25921 25944 I Unity   : [XR] [485728508272] [14:40:56.086][Verbose] Ignoring event type 1000156103
05-15 14:40:56.087 25921 25944 I Unity   : [XR] [485728508272] [14:40:56.086][Verbose] Ignoring event type 1000156104
05-15 14:40:56.119 25921 25944 I Unity   : [XR] [485728508272] [14:40:56.119][Verbose] Ignoring event type 1000156103
05-15 14:40:56.119 25921 25944 I Unity   : [XR] [485728508272] [14:40:56.119][Verbose] Ignoring event type 1000156104
05-15 14:40:56.164 25921 25944 I Unity   : [XR] [485728508272] [14:40:56.164][Verbose] Ignoring event type 1000156103
05-15 14:40:56.165 25921 25944 I Unity   : [XR] [485728508272] [14:40:56.165][Verbose] Ignoring event type 1000156104
05-15 14:40:56.197 25921 25944 I Unity   : [XR] [485728508272] [14:40:56.197][Verbose] Ignoring event type 1000156103
05-15 14:40:56.197 25921 25944 I Unity   : [XR] [485728508272] [14:40:56.197][Verbose] Ignoring event type 1000156104
05-15 14:40:56.242 25921 25944 I Unity   : [XR] [485728508272] [14:40:56.242][Verbose] Ignoring event type 1000156103
05-15 14:40:56.242 25921 25944 I Unity   : [XR] [485728508272] [14:40:56.242][Verbose] Ignoring event type 1000156104
05-15 14:40:56.277 25921 25944 I Unity   : [XR] [485728508272] [14:40:56.277][Verbose] Ignoring event type 1000156103
05-15 14:40:56.277 25921 25944 I Unity   : [XR] [485728508272] [14:40:56.277][Verbose] Ignoring event type 1000156104
05-15 14:40:56.309 25921 25944 I Unity   : [XR] [485728508272] [14:40:56.309][Verbose] Ignoring event type 1000156103
05-15 14:40:56.309 25921 25944 I Unity   : [XR] [485728508272] [14:40:56.309][Verbose] Ignoring event type 1000156104
05-15 14:40:56.343 25921 25944 I Unity   : [XR] [485728508272] [14:40:56.343][Verbose] Ignoring event type 1000156103
05-15 14:40:56.343 25921 25944 I Unity   : [XR] [485728508272] [14:40:56.343][Verbose] Ignoring event type 1000156104
05-15 14:40:56.373 25921 25944 I Unity   : [XR] [485728508272] [14:40:56.373][Verbose] Ignoring event type 1000156103
05-15 14:40:56.373 25921 25944 I Unity   : [XR] [485728508272] [14:40:56.373][Verbose] Ignoring event type 1000156104
05-15 14:40:56.410 25921 25944 I Unity   : [XR] [485728508272] [14:40:56.409][Verbose] Ignoring event type 1000156103
05-15 14:40:56.410 25921 25944 I Unity   : [XR] [485728508272] [14:40:56.410][Verbose] Ignoring event type 1000156104
05-15 14:40:56.442 25921 25944 I Unity   : [XR] [485728508272] [14:40:56.442][Verbose] Ignoring event type 1000156103
05-15 14:40:56.442 25921 25944 I Unity   : [XR] [485728508272] [14:40:56.442][Verbose] Ignoring event type 1000156104
05-15 14:40:56.475 25921 25944 I Unity   : [XR] [485728508272] [14:40:56.475][Verbose] Ignoring event type 1000156103
05-15 14:40:56.475 25921 25944 I Unity   : [XR] [485728508272] [14:40:56.475][Verbose] Ignoring event type 1000156104
05-15 14:40:56.498 25921 25944 I Unity   : [XR] [485728508272] [14:40:56.498][Verbose] Ignoring event type 1000156103
05-15 14:40:56.498 25921 25944 I Unity   : [XR] [485728508272] [14:40:56.498][Verbose] Ignoring event type 1000156104
05-15 14:40:56.531 25921 25944 I Unity   : [XR] [485728508272] [14:40:56.531][Verbose] Ignoring event type 1000156103
05-15 14:40:56.531 25921 25944 I Unity   : [XR] [485728508272] [14:40:56.531][Verbose] Ignoring event type 1000156104
05-15 14:40:56.575 25921 25944 I Unity   : [XR] [485728508272] [14:40:56.575][Verbose] Ignoring event type 1000156103
05-15 14:40:56.575 25921 25944 I Unity   : [XR] [485728508272] [14:40:56.575][Verbose] Ignoring event type 1000156104
05-15 14:40:56.607 25921 25944 I Unity   : [XR] [485728508272] [14:40:56.607][Verbose] Ignoring event type 1000156103
05-15 14:40:56.608 25921 25944 I Unity   : [XR] [485728508272] [14:40:56.608][Verbose] Ignoring event type 1000156104
05-15 14:40:56.640 25921 25944 I Unity   : [XR] [485728508272] [14:40:56.640][Verbose] Ignoring event type 1000156103
05-15 14:40:56.640 25921 25944 I Unity   : [XR] [485728508272] [14:40:56.640][Verbose] Ignoring event type 1000156104
05-15 14:40:56.676 25921 25944 I Unity   : [XR] [485728508272] [14:40:56.676][Verbose] Ignoring event type 1000156103
05-15 14:40:56.676 25921 25944 I Unity   : [XR] [485728508272] [14:40:56.676][Verbose] Ignoring event type 1000156104
05-15 14:40:56.707 25921 25944 I Unity   : [XR] [485728508272] [14:40:56.707][Verbose] Ignoring event type 1000156103
05-15 14:40:56.707 25921 25944 I Unity   : [XR] [485728508272] [14:40:56.707][Verbose] Ignoring event type 1000156104
05-15 14:40:56.739 25921 25944 I Unity   : [XR] [485728508272] [14:40:56.739][Verbose] Ignoring event type 1000156103
05-15 14:40:56.740 25921 25944 I Unity   : [XR] [485728508272] [14:40:56.740][Verbose] Ignoring event type 1000156104
05-15 14:40:56.776 25921 25944 I Unity   : [XR] [485728508272] [14:40:56.776][Verbose] Ignoring event type 1000156103
05-15 14:40:56.776 25921 25944 I Unity   : [XR] [485728508272] [14:40:56.776][Verbose] Ignoring event type 1000156104
05-15 14:40:56.809 25921 25944 I Unity   : [XR] [485728508272] [14:40:56.809][Verbose] Ignoring event type 1000156103
05-15 14:40:56.809 25921 25944 I Unity   : [XR] [485728508272] [14:40:56.809][Verbose] Ignoring event type 1000156104
05-15 14:40:56.840 25921 25944 I Unity   : [XR] [485728508272] [14:40:56.840][Verbose] Ignoring event type 1000156103
05-15 14:40:56.840 25921 25944 I Unity   : [XR] [485728508272] [14:40:56.840][Verbose] Ignoring event type 1000156104
05-15 14:40:56.883 25921 25944 I Unity   : [XR] [485728508272] [14:40:56.883][Verbose] Ignoring event type 1000156103
05-15 14:40:56.883 25921 25944 I Unity   : [XR] [485728508272] [14:40:56.883][Verbose] Ignoring event type 1000156104
05-15 14:40:56.917 25921 25944 I Unity   : [XR] [485728508272] [14:40:56.917][Verbose] Ignoring event type 1000156103
05-15 14:40:56.918 25921 25944 I Unity   : [XR] [485728508272] [14:40:56.917][Verbose] Ignoring event type 1000156104
05-15 14:40:56.962 25921 25944 I Unity   : [XR] [485728508272] [14:40:56.962][Verbose] Ignoring event type 1000156103
05-15 14:40:56.962 25921 25944 I Unity   : [XR] [485728508272] [14:40:56.962][Verbose] Ignoring event type 1000156104
05-15 14:40:56.995 25921 25944 I Unity   : [XR] [485728508272] [14:40:56.995][Verbose] Ignoring event type 1000156103
05-15 14:40:56.995 25921 25944 I Unity   : [XR] [485728508272] [14:40:56.995][Verbose] Ignoring event type 1000156104
05-15 14:40:57.026 25921 25944 I Unity   : [XR] [485728508272] [14:40:57.026][Verbose] Ignoring event type 1000156103
05-15 14:40:57.026 25921 25944 I Unity   : [XR] [485728508272] [14:40:57.026][Verbose] Ignoring event type 1000156104
05-15 14:40:57.037 25921 26076 I VrApi   : FPS=90/90,Prd=44ms,Tear=0,Early=24,Stale=0,Stale2/5/10/max=0/0/0/0,VSnc=1,Lat=-1,Fov=0,CPU4/GPU=3/2,1651/456MHz,OC=3F,TA=0/0/0,SP=N/N/N,Mem=3196MHz,Free=1049MB,PLS=1,Temp=40.0C/0.0C,TW=1.31ms,App=7.41ms,GD=0.00ms,CPU&GPU=15.41ms,LCnt=2(DR90,LM2),GPU%=0.76,CPU%=0.82(W0.86),DSF=1.00,CFL=11.79/16.00,ICFLp95=14.97,LD=0,SF=1.00,LP=0,DVFS=0
05-15 14:40:57.059 25921 25944 I Unity   : [XR] [485728508272] [14:40:57.059][Verbose] Ignoring event type 1000156103
05-15 14:40:57.059 25921 25944 I Unity   : [XR] [485728508272] [14:40:57.059][Verbose] Ignoring event type 1000156104
05-15 14:40:57.095 25921 25944 I Unity   : [XR] [485728508272] [14:40:57.095][Verbose] Ignoring event type 1000156103
05-15 14:40:57.096 25921 25944 I Unity   : [XR] [485728508272] [14:40:57.096][Verbose] Ignoring event type 1000156104
05-15 14:40:57.128 25921 25944 I Unity   : [XR] [485728508272] [14:40:57.128][Verbose] Ignoring event type 1000156103
05-15 14:40:57.129 25921 25944 I Unity   : [XR] [485728508272] [14:40:57.129][Verbose] Ignoring event type 1000156104
05-15 14:40:57.161 25921 25944 I Unity   : [XR] [485728508272] [14:40:57.161][Verbose] Ignoring event type 1000156103
05-15 14:40:57.161 25921 25944 I Unity   : [XR] [485728508272] [14:40:57.161][Verbose] Ignoring event type 1000156104
05-15 14:40:57.195 25921 25944 I Unity   : [XR] [485728508272] [14:40:57.195][Verbose] Ignoring event type 1000156103
05-15 14:40:57.195 25921 25944 I Unity   : [XR] [485728508272] [14:40:57.195][Verbose] Ignoring event type 1000156104
05-15 14:40:57.228 25921 25944 I Unity   : [XR] [485728508272] [14:40:57.228][Verbose] Ignoring event type 1000156103
05-15 14:40:57.228 25921 25944 I Unity   : [XR] [485728508272] [14:40:57.228][Verbose] Ignoring event type 1000156104
05-15 14:40:57.264 25921 25944 I Unity   : [XR] [485728508272] [14:40:57.264][Verbose] Ignoring event type 1000156103
05-15 14:40:57.264 25921 25944 I Unity   : [XR] [485728508272] [14:40:57.264][Verbose] Ignoring event type 1000156104
05-15 14:40:57.297 25921 25944 I Unity   : [XR] [485728508272] [14:40:57.297][Verbose] Ignoring event type 1000156103
05-15 14:40:57.297 25921 25944 I Unity   : [XR] [485728508272] [14:40:57.297][Verbose] Ignoring event type 1000156104
05-15 14:40:57.327 25921 25944 I Unity   : [XR] [485728508272] [14:40:57.327][Verbose] Ignoring event type 1000156103
05-15 14:40:57.328 25921 25944 I Unity   : [XR] [485728508272] [14:40:57.328][Verbose] Ignoring event type 1000156104
05-15 14:40:57.360 25921 25944 I Unity   : [XR] [485728508272] [14:40:57.360][Verbose] Ignoring event type 1000156103
05-15 14:40:57.360 25921 25944 I Unity   : [XR] [485728508272] [14:40:57.360][Verbose] Ignoring event type 1000156104
05-15 14:40:57.395 25921 25944 I Unity   : [XR] [485728508272] [14:40:57.395][Verbose] Ignoring event type 1000156103
05-15 14:40:57.395 25921 25944 I Unity   : [XR] [485728508272] [14:40:57.395][Verbose] Ignoring event type 1000156104
05-15 14:40:57.429 25921 25944 I Unity   : [XR] [485728508272] [14:40:57.429][Verbose] Ignoring event type 1000156103
05-15 14:40:57.429 25921 25944 I Unity   : [XR] [485728508272] [14:40:57.429][Verbose] Ignoring event type 1000156104
05-15 14:40:57.464 25921 25944 I Unity   : [XR] [485728508272] [14:40:57.464][Verbose] Ignoring event type 1000156103
05-15 14:40:57.464 25921 25944 I Unity   : [XR] [485728508272] [14:40:57.464][Verbose] Ignoring event type 1000156104
05-15 14:40:57.496 25921 25944 I Unity   : [XR] [485728508272] [14:40:57.496][Verbose] Ignoring event type 1000156103
05-15 14:40:57.496 25921 25944 I Unity   : [XR] [485728508272] [14:40:57.496][Verbose] Ignoring event type 1000156104
05-15 14:40:57.528 25921 25944 I Unity   : [XR] [485728508272] [14:40:57.528][Verbose] Ignoring event type 1000156103
05-15 14:40:57.528 25921 25944 I Unity   : [XR] [485728508272] [14:40:57.528][Verbose] Ignoring event type 1000156104
05-15 14:40:57.562 25921 25944 I Unity   : [XR] [485728508272] [14:40:57.562][Verbose] Ignoring event type 1000156103
05-15 14:40:57.562 25921 25944 I Unity   : [XR] [485728508272] [14:40:57.562][Verbose] Ignoring event type 1000156104
05-15 14:40:57.596 25921 25944 I Unity   : [XR] [485728508272] [14:40:57.595][Verbose] Ignoring event type 1000156103
05-15 14:40:57.596 25921 25944 I Unity   : [XR] [485728508272] [14:40:57.596][Verbose] Ignoring event type 1000156104
05-15 14:40:57.627 25921 25944 I Unity   : [XR] [485728508272] [14:40:57.627][Verbose] Ignoring event type 1000156103
