05-15 14:41:47.660 25921 25944 I Unity   : Starting test run 2 for BuiltIn with passthrough True
05-15 14:41:47.660 25921 25944 I Unity   : <ExecuteTests>d__48:MoveNext()
05-15 14:41:47.660 25921 25944 I Unity   : UnityEngine.SetupCoroutine:InvokeMoveNext(IEnumerator, IntPtr)
05-15 14:41:47.660 25921 25944 I Unity   : 
05-15 14:41:47.661 25921 25944 I Unity   : Recording starting BuiltIn-True-2024-05-15_14-41-47
05-15 14:41:47.661 25921 25944 I Unity   : <ExecuteTest>d__49:MoveNext()
05-15 14:41:47.661 25921 25944 I Unity   : UnityEngine.SetupCoroutine:InvokeMoveNext(IEnumerator, IntPtr)
05-15 14:41:47.661 25921 25944 I Unity   : 
05-15 14:41:47.661 25921 25944 I Unity   : Starting recording!
05-15 14:41:47.661 25921 25944 I Unity   : AutomatedTest:StartRecording()
05-15 14:41:47.661 25921 25944 I Unity   : <ExecuteTest>d__49:MoveNext()
05-15 14:41:47.661 25921 25944 I Unity   : UnityEngine.SetupCoroutine:InvokeMoveNext(IEnumerator, IntPtr)
05-15 14:41:47.661 25921 25944 I Unity   : 
05-15 14:41:47.681 25921 25944 I Unity   : [XR] [485728508272] [14:41:47.681][Verbose] Ignoring event type 1000156103
05-15 14:41:47.681 25921 25944 I Unity   : [XR] [485728508272] [14:41:47.681][Verbose] Ignoring event type 1000156104
05-15 14:41:47.715 25921 25944 I Unity   : [XR] [485728508272] [14:41:47.715][Verbose] Ignoring event type 1000156103
05-15 14:41:47.715 25921 25944 I Unity   : [XR] [485728508272] [14:41:47.715][Verbose] Ignoring event type 1000156104
05-15 14:41:47.748 25921 25944 I Unity   : [XR] [485728508272] [14:41:47.748][Verbose] Ignoring event type 1000156103
05-15 14:41:47.748 25921 25944 I Unity   : [XR] [485728508272] [14:41:47.748][Verbose] Ignoring event type 1000156104
05-15 14:41:47.781 25921 25944 I Unity   : [XR] [485728508272] [14:41:47.781][Verbose] Ignoring event type 1000156103
05-15 14:41:47.781 25921 25944 I Unity   : [XR] [485728508272] [14:41:47.781][Verbose] Ignoring event type 1000156104
05-15 14:41:47.816 25921 25944 I Unity   : [XR] [485728508272] [14:41:47.816][Verbose] Ignoring event type 1000156103
05-15 14:41:47.816 25921 25944 I Unity   : [XR] [485728508272] [14:41:47.816][Verbose] Ignoring event type 1000156104
05-15 14:41:47.849 25921 25944 I Unity   : [XR] [485728508272] [14:41:47.849][Verbose] Ignoring event type 1000156103
05-15 14:41:47.849 25921 25944 I Unity   : [XR] [485728508272] [14:41:47.849][Verbose] Ignoring event type 1000156104
05-15 14:41:47.882 25921 25944 I Unity   : [XR] [485728508272] [14:41:47.882][Verbose] Ignoring event type 1000156103
05-15 14:41:47.882 25921 25944 I Unity   : [XR] [485728508272] [14:41:47.882][Verbose] Ignoring event type 1000156104
05-15 14:41:47.915 25921 25944 I Unity   : [XR] [485728508272] [14:41:47.915][Verbose] Ignoring event type 1000156103
05-15 14:41:47.915 25921 25944 I Unity   : [XR] [485728508272] [14:41:47.915][Verbose] Ignoring event type 1000156104
05-15 14:41:47.948 25921 25944 I Unity   : [XR] [485728508272] [14:41:47.948][Verbose] Ignoring event type 1000156103
05-15 14:41:47.948 25921 25944 I Unity   : [XR] [485728508272] [14:41:47.948][Verbose] Ignoring event type 1000156104
05-15 14:41:47.982 25921 25944 I Unity   : [XR] [485728508272] [14:41:47.982][Verbose] Ignoring event type 1000156103
05-15 14:41:47.982 25921 25944 I Unity   : [XR] [485728508272] [14:41:47.982][Verbose] Ignoring event type 1000156104
05-15 14:41:48.015 25921 25944 I Unity   : [XR] [485728508272] [14:41:48.015][Verbose] Ignoring event type 1000156103
05-15 14:41:48.015 25921 25944 I Unity   : [XR] [485728508272] [14:41:48.015][Verbose] Ignoring event type 1000156104
05-15 14:41:48.049 25921 25944 I Unity   : [XR] [485728508272] [14:41:48.049][Verbose] Ignoring event type 1000156103
05-15 14:41:48.049 25921 25944 I Unity   : [XR] [485728508272] [14:41:48.049][Verbose] Ignoring event type 1000156104
05-15 14:41:48.049 25921 26076 I VrApi   : FPS=90/90,Prd=39ms,Tear=0,Early=30,Stale=0,Stale2/5/10/max=0/0/0/0,VSnc=1,Lat=-1,Fov=0,CPU4/GPU=3/2,1651/456MHz,OC=3F,TA=0/0/0,SP=N/N/N,Mem=2736MHz,Free=991MB,PLS=1,Temp=41.0C/0.0C,TW=1.37ms,App=3.57ms,GD=0.00ms,CPU&GPU=7.49ms,LCnt=2(DR91,LM2),GPU%=0.45,CPU%=0.68(W0.74),DSF=1.00,CFL=12.22/16.70,ICFLp95=15.38,LD=0,SF=1.00,LP=0,DVFS=0
05-15 14:41:48.082 25921 25944 I Unity   : [XR] [485728508272] [14:41:48.082][Verbose] Ignoring event type 1000156103
05-15 14:41:48.082 25921 25944 I Unity   : [XR] [485728508272] [14:41:48.082][Verbose] Ignoring event type 1000156104
05-15 14:41:48.115 25921 25944 I Unity   : [XR] [485728508272] [14:41:48.115][Verbose] Ignoring event type 1000156103
05-15 14:41:48.116 25921 25944 I Unity   : [XR] [485728508272] [14:41:48.116][Verbose] Ignoring event type 1000156104
05-15 14:41:48.146 25921 25944 I Unity   : [XR] [485728508272] [14:41:48.146][Verbose] Ignoring event type 1000156103
05-15 14:41:48.146 25921 25944 I Unity   : [XR] [485728508272] [14:41:48.146][Verbose] Ignoring event type 1000156104
05-15 14:41:48.182 25921 25944 I Unity   : [XR] [485728508272] [14:41:48.182][Verbose] Ignoring event type 1000156103
05-15 14:41:48.182 25921 25944 I Unity   : [XR] [485728508272] [14:41:48.182][Verbose] Ignoring event type 1000156104
05-15 14:41:48.215 25921 25944 I Unity   : [XR] [485728508272] [14:41:48.215][Verbose] Ignoring event type 1000156103
05-15 14:41:48.215 25921 25944 I Unity   : [XR] [485728508272] [14:41:48.215][Verbose] Ignoring event type 1000156104
05-15 14:41:48.248 25921 25944 I Unity   : [XR] [485728508272] [14:41:48.248][Verbose] Ignoring event type 1000156103
05-15 14:41:48.248 25921 25944 I Unity   : [XR] [485728508272] [14:41:48.248][Verbose] Ignoring event type 1000156104
05-15 14:41:48.282 25921 25944 I Unity   : [XR] [485728508272] [14:41:48.282][Verbose] Ignoring event type 1000156103
05-15 14:41:48.282 25921 25944 I Unity   : [XR] [485728508272] [14:41:48.282][Verbose] Ignoring event type 1000156104
05-15 14:41:48.315 25921 25944 I Unity   : [XR] [485728508272] [14:41:48.315][Verbose] Ignoring event type 1000156103
05-15 14:41:48.315 25921 25944 I Unity   : [XR] [485728508272] [14:41:48.315][Verbose] Ignoring event type 1000156104
05-15 14:41:48.348 25921 25944 I Unity   : [XR] [485728508272] [14:41:48.348][Verbose] Ignoring event type 1000156103
05-15 14:41:48.348 25921 25944 I Unity   : [XR] [485728508272] [14:41:48.348][Verbose] Ignoring event type 1000156104
05-15 14:41:48.369 25921 25944 I Unity   : [XR] [485728508272] [14:41:48.369][Verbose] Ignoring event type 1000156103
05-15 14:41:48.370 25921 25944 I Unity   : [XR] [485728508272] [14:41:48.370][Verbose] Ignoring event type 1000156104
05-15 14:41:48.404 25921 25944 I Unity   : [XR] [485728508272] [14:41:48.404][Verbose] Ignoring event type 1000156103
05-15 14:41:48.404 25921 25944 I Unity   : [XR] [485728508272] [14:41:48.404][Verbose] Ignoring event type 1000156104
05-15 14:41:48.437 25921 25944 I Unity   : [XR] [485728508272] [14:41:48.437][Verbose] Ignoring event type 1000156103
05-15 14:41:48.437 25921 25944 I Unity   : [XR] [485728508272] [14:41:48.437][Verbose] Ignoring event type 1000156104
05-15 14:41:48.470 25921 25944 I Unity   : [XR] [485728508272] [14:41:48.470][Verbose] Ignoring event type 1000156103
05-15 14:41:48.470 25921 25944 I Unity   : [XR] [485728508272] [14:41:48.470][Verbose] Ignoring event type 1000156104
05-15 14:41:48.503 25921 25944 I Unity   : [XR] [485728508272] [14:41:48.503][Verbose] Ignoring event type 1000156103
05-15 14:41:48.503 25921 25944 I Unity   : [XR] [485728508272] [14:41:48.503][Verbose] Ignoring event type 1000156104
05-15 14:41:48.536 25921 25944 I Unity   : [XR] [485728508272] [14:41:48.536][Verbose] Ignoring event type 1000156103
05-15 14:41:48.536 25921 25944 I Unity   : [XR] [485728508272] [14:41:48.536][Verbose] Ignoring event type 1000156104
05-15 14:41:48.568 25921 25944 I Unity   : [XR] [485728508272] [14:41:48.568][Verbose] Ignoring event type 1000156103
05-15 14:41:48.568 25921 25944 I Unity   : [XR] [485728508272] [14:41:48.568][Verbose] Ignoring event type 1000156104
05-15 14:41:48.602 25921 25944 I Unity   : [XR] [485728508272] [14:41:48.602][Verbose] Ignoring event type 1000156103
05-15 14:41:48.603 25921 25944 I Unity   : [XR] [485728508272] [14:41:48.603][Verbose] Ignoring event type 1000156104
05-15 14:41:48.637 25921 25944 I Unity   : [XR] [485728508272] [14:41:48.637][Verbose] Ignoring event type 1000156103
05-15 14:41:48.637 25921 25944 I Unity   : [XR] [485728508272] [14:41:48.637][Verbose] Ignoring event type 1000156104
05-15 14:41:48.668 25921 25944 I Unity   : [XR] [485728508272] [14:41:48.668][Verbose] Ignoring event type 1000156103
05-15 14:41:48.668 25921 25944 I Unity   : [XR] [485728508272] [14:41:48.668][Verbose] Ignoring event type 1000156104
05-15 14:41:48.692 25921 25944 I Unity   : [XR] [485728508272] [14:41:48.692][Verbose] Ignoring event type 1000156103
05-15 14:41:48.692 25921 25944 I Unity   : [XR] [485728508272] [14:41:48.692][Verbose] Ignoring event type 1000156104
05-15 14:41:48.725 25921 25944 I Unity   : [XR] [485728508272] [14:41:48.725][Verbose] Ignoring event type 1000156103
05-15 14:41:48.725 25921 25944 I Unity   : [XR] [485728508272] [14:41:48.725][Verbose] Ignoring event type 1000156104
05-15 14:41:48.758 25921 25944 I Unity   : [XR] [485728508272] [14:41:48.758][Verbose] Ignoring event type 1000156103
05-15 14:41:48.758 25921 25944 I Unity   : [XR] [485728508272] [14:41:48.758][Verbose] Ignoring event type 1000156104
05-15 14:41:48.792 25921 25944 I Unity   : [XR] [485728508272] [14:41:48.792][Verbose] Ignoring event type 1000156103
05-15 14:41:48.792 25921 25944 I Unity   : [XR] [485728508272] [14:41:48.792][Verbose] Ignoring event type 1000156104
05-15 14:41:48.824 25921 25944 I Unity   : [XR] [485728508272] [14:41:48.824][Verbose] Ignoring event type 1000156103
05-15 14:41:48.824 25921 25944 I Unity   : [XR] [485728508272] [14:41:48.824][Verbose] Ignoring event type 1000156104
05-15 14:41:48.858 25921 25944 I Unity   : [XR] [485728508272] [14:41:48.858][Verbose] Ignoring event type 1000156103
05-15 14:41:48.858 25921 25944 I Unity   : [XR] [485728508272] [14:41:48.858][Verbose] Ignoring event type 1000156104
05-15 14:41:48.891 25921 25944 I Unity   : [XR] [485728508272] [14:41:48.891][Verbose] Ignoring event type 1000156103
05-15 14:41:48.891 25921 25944 I Unity   : [XR] [485728508272] [14:41:48.891][Verbose] Ignoring event type 1000156104
05-15 14:41:48.925 25921 25944 I Unity   : [XR] [485728508272] [14:41:48.925][Verbose] Ignoring event type 1000156103
05-15 14:41:48.925 25921 25944 I Unity   : [XR] [485728508272] [14:41:48.925][Verbose] Ignoring event type 1000156104
05-15 14:41:48.958 25921 25944 I Unity   : [XR] [485728508272] [14:41:48.958][Verbose] Ignoring event type 1000156103
05-15 14:41:48.958 25921 25944 I Unity   : [XR] [485728508272] [14:41:48.958][Verbose] Ignoring event type 1000156104
05-15 14:41:48.991 25921 25944 I Unity   : [XR] [485728508272] [14:41:48.991][Verbose] Ignoring event type 1000156103
05-15 14:41:48.991 25921 25944 I Unity   : [XR] [485728508272] [14:41:48.991][Verbose] Ignoring event type 1000156104
05-15 14:41:49.025 25921 25944 I Unity   : [XR] [485728508272] [14:41:49.025][Verbose] Ignoring event type 1000156103
05-15 14:41:49.025 25921 25944 I Unity   : [XR] [485728508272] [14:41:49.025][Verbose] Ignoring event type 1000156104
05-15 14:41:49.049 25921 26076 I VrApi   : FPS=90/90,Prd=39ms,Tear=0,Early=36,Stale=1,Stale2/5/10/max=0/0/0/1,VSnc=1,Lat=-1,Fov=0,CPU4/GPU=3/2,1651/456MHz,OC=3F,TA=0/0/0,SP=N/N/N,Mem=2736MHz,Free=991MB,PLS=1,Temp=41.0C/0.0C,TW=1.41ms,App=4.33ms,GD=0.00ms,CPU&GPU=7.75ms,LCnt=2(DR91,LM2),GPU%=0.50,CPU%=0.75(W0.85),DSF=1.00,CFL=11.94/16.45,ICFLp95=14.96,LD=0,SF=1.00,LP=0,DVFS=0
05-15 14:41:49.058 25921 25944 I Unity   : [XR] [485728508272] [14:41:49.058][Verbose] Ignoring event type 1000156103
05-15 14:41:49.058 25921 25944 I Unity   : [XR] [485728508272] [14:41:49.058][Verbose] Ignoring event type 1000156104
05-15 14:41:49.091 25921 25944 I Unity   : [XR] [485728508272] [14:41:49.091][Verbose] Ignoring event type 1000156103
05-15 14:41:49.091 25921 25944 I Unity   : [XR] [485728508272] [14:41:49.091][Verbose] Ignoring event type 1000156104
05-15 14:41:49.124 25921 25944 I Unity   : [XR] [485728508272] [14:41:49.124][Verbose] Ignoring event type 1000156103
05-15 14:41:49.125 25921 25944 I Unity   : [XR] [485728508272] [14:41:49.125][Verbose] Ignoring event type 1000156104
05-15 14:41:49.170 25921 25944 I Unity   : [XR] [485728508272] [14:41:49.170][Verbose] Ignoring event type 1000156103
05-15 14:41:49.170 25921 25944 I Unity   : [XR] [485728508272] [14:41:49.170][Verbose] Ignoring event type 1000156104
05-15 14:41:49.203 25921 25944 I Unity   : [XR] [485728508272] [14:41:49.203][Verbose] Ignoring event type 1000156103
05-15 14:41:49.203 25921 25944 I Unity   : [XR] [485728508272] [14:41:49.203][Verbose] Ignoring event type 1000156104
05-15 14:41:49.236 25921 25944 I Unity   : [XR] [485728508272] [14:41:49.236][Verbose] Ignoring event type 1000156103
05-15 14:41:49.236 25921 25944 I Unity   : [XR] [485728508272] [14:41:49.236][Verbose] Ignoring event type 1000156104
05-15 14:41:49.270 25921 25944 I Unity   : [XR] [485728508272] [14:41:49.270][Verbose] Ignoring event type 1000156103
05-15 14:41:49.270 25921 25944 I Unity   : [XR] [485728508272] [14:41:49.270][Verbose] Ignoring event type 1000156104
05-15 14:41:49.302 25921 25944 I Unity   : [XR] [485728508272] [14:41:49.302][Verbose] Ignoring event type 1000156103
05-15 14:41:49.302 25921 25944 I Unity   : [XR] [485728508272] [14:41:49.302][Verbose] Ignoring event type 1000156104
05-15 14:41:49.336 25921 25944 I Unity   : [XR] [485728508272] [14:41:49.336][Verbose] Ignoring event type 1000156103
05-15 14:41:49.336 25921 25944 I Unity   : [XR] [485728508272] [14:41:49.336][Verbose] Ignoring event type 1000156104
05-15 14:41:49.380 25921 25944 I Unity   : [XR] [485728508272] [14:41:49.380][Verbose] Ignoring event type 1000156103
05-15 14:41:49.380 25921 25944 I Unity   : [XR] [485728508272] [14:41:49.380][Verbose] Ignoring event type 1000156104
05-15 14:41:49.413 25921 25944 I Unity   : [XR] [485728508272] [14:41:49.413][Verbose] Ignoring event type 1000156103
05-15 14:41:49.413 25921 25944 I Unity   : [XR] [485728508272] [14:41:49.413][Verbose] Ignoring event type 1000156104
05-15 14:41:49.446 25921 25944 I Unity   : [XR] [485728508272] [14:41:49.446][Verbose] Ignoring event type 1000156103
05-15 14:41:49.446 25921 25944 I Unity   : [XR] [485728508272] [14:41:49.446][Verbose] Ignoring event type 1000156104
05-15 14:41:49.479 25921 25944 I Unity   : [XR] [485728508272] [14:41:49.479][Verbose] Ignoring event type 1000156103
05-15 14:41:49.479 25921 25944 I Unity   : [XR] [485728508272] [14:41:49.479][Verbose] Ignoring event type 1000156104
05-15 14:41:49.513 25921 25944 I Unity   : [XR] [485728508272] [14:41:49.513][Verbose] Ignoring event type 1000156103
05-15 14:41:49.513 25921 25944 I Unity   : [XR] [485728508272] [14:41:49.513][Verbose] Ignoring event type 1000156104
05-15 14:41:49.547 25921 25944 I Unity   : [XR] [485728508272] [14:41:49.547][Verbose] Ignoring event type 1000156103
05-15 14:41:49.547 25921 25944 I Unity   : [XR] [485728508272] [14:41:49.547][Verbose] Ignoring event type 1000156104
05-15 14:41:49.580 25921 25944 I Unity   : [XR] [485728508272] [14:41:49.580][Verbose] Ignoring event type 1000156103
05-15 14:41:49.580 25921 25944 I Unity   : [XR] [485728508272] [14:41:49.580][Verbose] Ignoring event type 1000156104
05-15 14:41:49.612 25921 25944 I Unity   : [XR] [485728508272] [14:41:49.612][Verbose] Ignoring event type 1000156103
05-15 14:41:49.612 25921 25944 I Unity   : [XR] [485728508272] [14:41:49.612][Verbose] Ignoring event type 1000156104
05-15 14:41:49.634 25921 25944 I Unity   : [XR] [485728508272] [14:41:49.634][Verbose] Ignoring event type 1000156103
05-15 14:41:49.634 25921 25944 I Unity   : [XR] [485728508272] [14:41:49.634][Verbose] Ignoring event type 1000156104
05-15 14:41:49.657 25921 25944 I Unity   : [XR] [485728508272] [14:41:49.657][Verbose] Ignoring event type 1000156103
05-15 14:41:49.657 25921 25944 I Unity   : [XR] [485728508272] [14:41:49.657][Verbose] Ignoring event type 1000156104
05-15 14:41:49.691 25921 25944 I Unity   : [XR] [485728508272] [14:41:49.691][Verbose] Ignoring event type 1000156103
05-15 14:41:49.691 25921 25944 I Unity   : [XR] [485728508272] [14:41:49.691][Verbose] Ignoring event type 1000156104
05-15 14:41:49.725 25921 25944 I Unity   : [XR] [485728508272] [14:41:49.725][Verbose] Ignoring event type 1000156103
05-15 14:41:49.725 25921 25944 I Unity   : [XR] [485728508272] [14:41:49.725][Verbose] Ignoring event type 1000156104
05-15 14:41:49.758 25921 25944 I Unity   : [XR] [485728508272] [14:41:49.758][Verbose] Ignoring event type 1000156103
05-15 14:41:49.758 25921 25944 I Unity   : [XR] [485728508272] [14:41:49.758][Verbose] Ignoring event type 1000156104
05-15 14:41:49.791 25921 25944 I Unity   : [XR] [485728508272] [14:41:49.791][Verbose] Ignoring event type 1000156103
05-15 14:41:49.791 25921 25944 I Unity   : [XR] [485728508272] [14:41:49.791][Verbose] Ignoring event type 1000156104
05-15 14:41:49.822 25921 25944 I Unity   : [XR] [485728508272] [14:41:49.822][Verbose] Ignoring event type 1000156103
05-15 14:41:49.822 25921 25944 I Unity   : [XR] [485728508272] [14:41:49.822][Verbose] Ignoring event type 1000156104
05-15 14:41:49.858 25921 25944 I Unity   : [XR] [485728508272] [14:41:49.858][Verbose] Ignoring event type 1000156103
05-15 14:41:49.858 25921 25944 I Unity   : [XR] [485728508272] [14:41:49.858][Verbose] Ignoring event type 1000156104
05-15 14:41:49.890 25921 25944 I Unity   : [XR] [485728508272] [14:41:49.890][Verbose] Ignoring event type 1000156103
05-15 14:41:49.890 25921 25944 I Unity   : [XR] [485728508272] [14:41:49.890][Verbose] Ignoring event type 1000156104
05-15 14:41:49.924 25921 25944 I Unity   : [XR] [485728508272] [14:41:49.924][Verbose] Ignoring event type 1000156103
05-15 14:41:49.924 25921 25944 I Unity   : [XR] [485728508272] [14:41:49.924][Verbose] Ignoring event type 1000156104
05-15 14:41:49.968 25921 25944 I Unity   : [XR] [485728508272] [14:41:49.968][Verbose] Ignoring event type 1000156103
05-15 14:41:49.968 25921 25944 I Unity   : [XR] [485728508272] [14:41:49.968][Verbose] Ignoring event type 1000156104
05-15 14:41:50.013 25921 25944 I Unity   : [XR] [485728508272] [14:41:50.013][Verbose] Ignoring event type 1000156103
05-15 14:41:50.013 25921 25944 I Unity   : [XR] [485728508272] [14:41:50.013][Verbose] Ignoring event type 1000156104
05-15 14:41:50.046 25921 25944 I Unity   : [XR] [485728508272] [14:41:50.046][Verbose] Ignoring event type 1000156103
05-15 14:41:50.047 25921 25944 I Unity   : [XR] [485728508272] [14:41:50.047][Verbose] Ignoring event type 1000156104
05-15 14:41:50.049 25921 26076 I VrApi   : FPS=91/90,Prd=39ms,Tear=1,Early=38,Stale=0,Stale2/5/10/max=0/0/0/0,VSnc=1,Lat=-1,Fov=0,CPU4/GPU=3/2,1651/456MHz,OC=3F,TA=0/0/0,SP=N/N/N,Mem=2736MHz,Free=991MB,PLS=1,Temp=41.0C/0.0C,TW=1.41ms,App=4.18ms,GD=0.00ms,CPU&GPU=8.85ms,LCnt=2(DR91,LM2),GPU%=0.53,CPU%=0.74(W0.74),DSF=1.00,CFL=12.17/16.68,ICFLp95=15.42,LD=0,SF=1.00,LP=0,DVFS=0
05-15 14:41:50.077 25921 25944 I Unity   : [XR] [485728508272] [14:41:50.077][Verbose] Ignoring event type 1000156103
05-15 14:41:50.078 25921 25944 I Unity   : [XR] [485728508272] [14:41:50.078][Verbose] Ignoring event type 1000156104
05-15 14:41:50.113 25921 25944 I Unity   : [XR] [485728508272] [14:41:50.113][Verbose] Ignoring event type 1000156103
05-15 14:41:50.113 25921 25944 I Unity   : [XR] [485728508272] [14:41:50.113][Verbose] Ignoring event type 1000156104
05-15 14:41:50.144 25921 25944 I Unity   : [XR] [485728508272] [14:41:50.144][Verbose] Ignoring event type 1000156103
05-15 14:41:50.144 25921 25944 I Unity   : [XR] [485728508272] [14:41:50.144][Verbose] Ignoring event type 1000156104
05-15 14:41:50.177 25921 25944 I Unity   : [XR] [485728508272] [14:41:50.177][Verbose] Ignoring event type 1000156103
05-15 14:41:50.177 25921 25944 I Unity   : [XR] [485728508272] [14:41:50.177][Verbose] Ignoring event type 1000156104
05-15 14:41:50.212 25921 25944 I Unity   : [XR] [485728508272] [14:41:50.212][Verbose] Ignoring event type 1000156103
05-15 14:41:50.212 25921 25944 I Unity   : [XR] [485728508272] [14:41:50.212][Verbose] Ignoring event type 1000156104
05-15 14:41:50.245 25921 25944 I Unity   : [XR] [485728508272] [14:41:50.245][Verbose] Ignoring event type 1000156103
05-15 14:41:50.245 25921 25944 I Unity   : [XR] [485728508272] [14:41:50.245][Verbose] Ignoring event type 1000156104
05-15 14:41:50.279 25921 25944 I Unity   : [XR] [485728508272] [14:41:50.279][Verbose] Ignoring event type 1000156103
05-15 14:41:50.279 25921 25944 I Unity   : [XR] [485728508272] [14:41:50.279][Verbose] Ignoring event type 1000156104
05-15 14:41:50.311 25921 25944 I Unity   : [XR] [485728508272] [14:41:50.311][Verbose] Ignoring event type 1000156103
05-15 14:41:50.311 25921 25944 I Unity   : [XR] [485728508272] [14:41:50.311][Verbose] Ignoring event type 1000156104
05-15 14:41:50.343 25921 25944 I Unity   : [XR] [485728508272] [14:41:50.343][Verbose] Ignoring event type 1000156103
05-15 14:41:50.343 25921 25944 I Unity   : [XR] [485728508272] [14:41:50.343][Verbose] Ignoring event type 1000156104
05-15 14:41:50.379 25921 25944 I Unity   : [XR] [485728508272] [14:41:50.379][Verbose] Ignoring event type 1000156103
05-15 14:41:50.379 25921 25944 I Unity   : [XR] [485728508272] [14:41:50.379][Verbose] Ignoring event type 1000156104
05-15 14:41:50.412 25921 25944 I Unity   : [XR] [485728508272] [14:41:50.412][Verbose] Ignoring event type 1000156103
05-15 14:41:50.412 25921 25944 I Unity   : [XR] [485728508272] [14:41:50.412][Verbose] Ignoring event type 1000156104
05-15 14:41:50.444 25921 25944 I Unity   : [XR] [485728508272] [14:41:50.444][Verbose] Ignoring event type 1000156103
05-15 14:41:50.444 25921 25944 I Unity   : [XR] [485728508272] [14:41:50.444][Verbose] Ignoring event type 1000156104
05-15 14:41:50.467 25921 25944 I Unity   : [XR] [485728508272] [14:41:50.467][Verbose] Ignoring event type 1000156103
05-15 14:41:50.467 25921 25944 I Unity   : [XR] [485728508272] [14:41:50.467][Verbose] Ignoring event type 1000156104
05-15 14:41:50.500 25921 25944 I Unity   : [XR] [485728508272] [14:41:50.500][Verbose] Ignoring event type 1000156103
05-15 14:41:50.500 25921 25944 I Unity   : [XR] [485728508272] [14:41:50.500][Verbose] Ignoring event type 1000156104
05-15 14:41:50.534 25921 25944 I Unity   : [XR] [485728508272] [14:41:50.534][Verbose] Ignoring event type 1000156103
05-15 14:41:50.534 25921 25944 I Unity   : [XR] [485728508272] [14:41:50.534][Verbose] Ignoring event type 1000156104
05-15 14:41:50.568 25921 25944 I Unity   : [XR] [485728508272] [14:41:50.568][Verbose] Ignoring event type 1000156103
05-15 14:41:50.568 25921 25944 I Unity   : [XR] [485728508272] [14:41:50.568][Verbose] Ignoring event type 1000156104
05-15 14:41:50.611 25921 25944 I Unity   : [XR] [485728508272] [14:41:50.611][Verbose] Ignoring event type 1000156103
05-15 14:41:50.611 25921 25944 I Unity   : [XR] [485728508272] [14:41:50.611][Verbose] Ignoring event type 1000156104
05-15 14:41:50.644 25921 25944 I Unity   : [XR] [485728508272] [14:41:50.644][Verbose] Ignoring event type 1000156103
05-15 14:41:50.644 25921 25944 I Unity   : [XR] [485728508272] [14:41:50.644][Verbose] Ignoring event type 1000156104
05-15 14:41:50.667 25921 25944 I Unity   : [XR] [485728508272] [14:41:50.667][Verbose] Ignoring event type 1000156103
05-15 14:41:50.667 25921 25944 I Unity   : [XR] [485728508272] [14:41:50.667][Verbose] Ignoring event type 1000156104
05-15 14:41:50.700 25921 25944 I Unity   : [XR] [485728508272] [14:41:50.700][Verbose] Ignoring event type 1000156103
05-15 14:41:50.700 25921 25944 I Unity   : [XR] [485728508272] [14:41:50.700][Verbose] Ignoring event type 1000156104
05-15 14:41:50.732 25921 25944 I Unity   : [XR] [485728508272] [14:41:50.732][Verbose] Ignoring event type 1000156103
05-15 14:41:50.733 25921 25944 I Unity   : [XR] [485728508272] [14:41:50.733][Verbose] Ignoring event type 1000156104
05-15 14:41:50.766 25921 25944 I Unity   : [XR] [485728508272] [14:41:50.766][Verbose] Ignoring event type 1000156103
05-15 14:41:50.766 25921 25944 I Unity   : [XR] [485728508272] [14:41:50.766][Verbose] Ignoring event type 1000156104
05-15 14:41:50.801 25921 25944 I Unity   : [XR] [485728508272] [14:41:50.800][Verbose] Ignoring event type 1000156103
05-15 14:41:50.801 25921 25944 I Unity   : [XR] [485728508272] [14:41:50.801][Verbose] Ignoring event type 1000156104
05-15 14:41:50.834 25921 25944 I Unity   : [XR] [485728508272] [14:41:50.834][Verbose] Ignoring event type 1000156103
05-15 14:41:50.834 25921 25944 I Unity   : [XR] [485728508272] [14:41:50.834][Verbose] Ignoring event type 1000156104
05-15 14:41:50.865 25921 25944 I Unity   : [XR] [485728508272] [14:41:50.865][Verbose] Ignoring event type 1000156103
05-15 14:41:50.865 25921 25944 I Unity   : [XR] [485728508272] [14:41:50.865][Verbose] Ignoring event type 1000156104
05-15 14:41:50.901 25921 25944 I Unity   : [XR] [485728508272] [14:41:50.901][Verbose] Ignoring event type 1000156103
05-15 14:41:50.901 25921 25944 I Unity   : [XR] [485728508272] [14:41:50.901][Verbose] Ignoring event type 1000156104
05-15 14:41:50.934 25921 25944 I Unity   : [XR] [485728508272] [14:41:50.934][Verbose] Ignoring event type 1000156103
05-15 14:41:50.934 25921 25944 I Unity   : [XR] [485728508272] [14:41:50.934][Verbose] Ignoring event type 1000156104
05-15 14:41:50.965 25921 25944 I Unity   : [XR] [485728508272] [14:41:50.965][Verbose] Ignoring event type 1000156103
05-15 14:41:50.965 25921 25944 I Unity   : [XR] [485728508272] [14:41:50.965][Verbose] Ignoring event type 1000156104
05-15 14:41:51.001 25921 25944 I Unity   : [XR] [485728508272] [14:41:51.001][Verbose] Ignoring event type 1000156103
05-15 14:41:51.001 25921 25944 I Unity   : [XR] [485728508272] [14:41:51.001][Verbose] Ignoring event type 1000156104
05-15 14:41:51.044 25921 25944 I Unity   : [XR] [485728508272] [14:41:51.044][Verbose] Ignoring event type 1000156103
05-15 14:41:51.044 25921 25944 I Unity   : [XR] [485728508272] [14:41:51.044][Verbose] Ignoring event type 1000156104
05-15 14:41:51.049 25921 26076 I VrApi   : FPS=90/90,Prd=40ms,Tear=0,Early=21,Stale=0,Stale2/5/10/max=0/0/0/0,VSnc=1,Lat=-1,Fov=0,CPU4/GPU=3/2,1651/456MHz,OC=3F,TA=0/0/0,SP=N/N/N,Mem=2736MHz,Free=991MB,PLS=1,Temp=41.0C/0.0C,TW=1.43ms,App=5.09ms,GD=0.00ms,CPU&GPU=10.97ms,LCnt=2(DR90,LM2),GPU%=0.60,CPU%=0.78(W0.86),DSF=1.00,CFL=12.04/16.79,ICFLp95=15.35,LD=0,SF=1.00,LP=0,DVFS=0
05-15 14:41:51.078 25921 25944 I Unity   : [XR] [485728508272] [14:41:51.078][Verbose] Ignoring event type 1000156103
05-15 14:41:51.078 25921 25944 I Unity   : [XR] [485728508272] [14:41:51.078][Verbose] Ignoring event type 1000156104
05-15 14:41:51.121 25921 25944 I Unity   : [XR] [485728508272] [14:41:51.121][Verbose] Ignoring event type 1000156103
05-15 14:41:51.121 25921 25944 I Unity   : [XR] [485728508272] [14:41:51.121][Verbose] Ignoring event type 1000156104
05-15 14:41:51.143 25921 25944 I Unity   : [XR] [485728508272] [14:41:51.143][Verbose] Ignoring event type 1000156103
05-15 14:41:51.143 25921 25944 I Unity   : [XR] [485728508272] [14:41:51.143][Verbose] Ignoring event type 1000156104
05-15 14:41:51.178 25921 25944 I Unity   : [XR] [485728508272] [14:41:51.178][Verbose] Ignoring event type 1000156103
05-15 14:41:51.178 25921 25944 I Unity   : [XR] [485728508272] [14:41:51.178][Verbose] Ignoring event type 1000156104
05-15 14:41:51.211 25921 25944 I Unity   : [XR] [485728508272] [14:41:51.211][Verbose] Ignoring event type 1000156103
05-15 14:41:51.211 25921 25944 I Unity   : [XR] [485728508272] [14:41:51.211][Verbose] Ignoring event type 1000156104
05-15 14:41:51.241 25921 25944 I Unity   : [XR] [485728508272] [14:41:51.241][Verbose] Ignoring event type 1000156103
05-15 14:41:51.241 25921 25944 I Unity   : [XR] [485728508272] [14:41:51.241][Verbose] Ignoring event type 1000156104
05-15 14:41:51.278 25921 25944 I Unity   : [XR] [485728508272] [14:41:51.277][Verbose] Ignoring event type 1000156103
05-15 14:41:51.278 25921 25944 I Unity   : [XR] [485728508272] [14:41:51.278][Verbose] Ignoring event type 1000156104
05-15 14:41:51.311 25921 25944 I Unity   : [XR] [485728508272] [14:41:51.311][Verbose] Ignoring event type 1000156103
05-15 14:41:51.311 25921 25944 I Unity   : [XR] [485728508272] [14:41:51.311][Verbose] Ignoring event type 1000156104
05-15 14:41:51.333 25921 25944 I Unity   : [XR] [485728508272] [14:41:51.333][Verbose] Ignoring event type 1000156103
05-15 14:41:51.333 25921 25944 I Unity   : [XR] [485728508272] [14:41:51.333][Verbose] Ignoring event type 1000156104
05-15 14:41:51.367 25921 25944 I Unity   : [XR] [485728508272] [14:41:51.367][Verbose] Ignoring event type 1000156103
05-15 14:41:51.367 25921 25944 I Unity   : [XR] [485728508272] [14:41:51.367][Verbose] Ignoring event type 1000156104
05-15 14:41:51.399 25921 25944 I Unity   : [XR] [485728508272] [14:41:51.399][Verbose] Ignoring event type 1000156103
05-15 14:41:51.399 25921 25944 I Unity   : [XR] [485728508272] [14:41:51.399][Verbose] Ignoring event type 1000156104
05-15 14:41:51.445 25921 25944 I Unity   : [XR] [485728508272] [14:41:51.445][Verbose] Ignoring event type 1000156103
05-15 14:41:51.445 25921 25944 I Unity   : [XR] [485728508272] [14:41:51.445][Verbose] Ignoring event type 1000156104
05-15 14:41:51.476 25921 25944 I Unity   : [XR] [485728508272] [14:41:51.476][Verbose] Ignoring event type 1000156103
05-15 14:41:51.477 25921 25944 I Unity   : [XR] [485728508272] [14:41:51.477][Verbose] Ignoring event type 1000156104
05-15 14:41:51.512 25921 25944 I Unity   : [XR] [485728508272] [14:41:51.512][Verbose] Ignoring event type 1000156103
05-15 14:41:51.512 25921 25944 I Unity   : [XR] [485728508272] [14:41:51.512][Verbose] Ignoring event type 1000156104
05-15 14:41:51.543 25921 25944 I Unity   : [XR] [485728508272] [14:41:51.543][Verbose] Ignoring event type 1000156103
05-15 14:41:51.543 25921 25944 I Unity   : [XR] [485728508272] [14:41:51.543][Verbose] Ignoring event type 1000156104
05-15 14:41:51.578 25921 25944 I Unity   : [XR] [485728508272] [14:41:51.578][Verbose] Ignoring event type 1000156103
05-15 14:41:51.578 25921 25944 I Unity   : [XR] [485728508272] [14:41:51.578][Verbose] Ignoring event type 1000156104
05-15 14:41:51.611 25921 25944 I Unity   : [XR] [485728508272] [14:41:51.611][Verbose] Ignoring event type 1000156103
05-15 14:41:51.611 25921 25944 I Unity   : [XR] [485728508272] [14:41:51.611][Verbose] Ignoring event type 1000156104
05-15 14:41:51.645 25921 25944 I Unity   : [XR] [485728508272] [14:41:51.645][Verbose] Ignoring event type 1000156103
05-15 14:41:51.645 25921 25944 I Unity   : [XR] [485728508272] [14:41:51.645][Verbose] Ignoring event type 1000156104
05-15 14:41:51.688 25921 25944 I Unity   : [XR] [485728508272] [14:41:51.688][Verbose] Ignoring event type 1000156103
05-15 14:41:51.688 25921 25944 I Unity   : [XR] [485728508272] [14:41:51.688][Verbose] Ignoring event type 1000156104
05-15 14:41:51.722 25921 25944 I Unity   : [XR] [485728508272] [14:41:51.722][Verbose] Ignoring event type 1000156103
05-15 14:41:51.722 25921 25944 I Unity   : [XR] [485728508272] [14:41:51.722][Verbose] Ignoring event type 1000156104
05-15 14:41:51.755 25921 25944 I Unity   : [XR] [485728508272] [14:41:51.755][Verbose] Ignoring event type 1000156103
05-15 14:41:51.755 25921 25944 I Unity   : [XR] [485728508272] [14:41:51.755][Verbose] Ignoring event type 1000156104
05-15 14:41:51.789 25921 25944 I Unity   : [XR] [485728508272] [14:41:51.789][Verbose] Ignoring event type 1000156103
05-15 14:41:51.789 25921 25944 I Unity   : [XR] [485728508272] [14:41:51.789][Verbose] Ignoring event type 1000156104
05-15 14:41:51.822 25921 25944 I Unity   : [XR] [485728508272] [14:41:51.822][Verbose] Ignoring event type 1000156103
05-15 14:41:51.822 25921 25944 I Unity   : [XR] [485728508272] [14:41:51.822][Verbose] Ignoring event type 1000156104
05-15 14:41:51.853 25921 25944 I Unity   : [XR] [485728508272] [14:41:51.853][Verbose] Ignoring event type 1000156103
05-15 14:41:51.853 25921 25944 I Unity   : [XR] [485728508272] [14:41:51.853][Verbose] Ignoring event type 1000156104
05-15 14:41:51.887 25921 25944 I Unity   : [XR] [485728508272] [14:41:51.887][Verbose] Ignoring event type 1000156103
05-15 14:41:51.887 25921 25944 I Unity   : [XR] [485728508272] [14:41:51.887][Verbose] Ignoring event type 1000156104
05-15 14:41:51.921 25921 25944 I Unity   : [XR] [485728508272] [14:41:51.921][Verbose] Ignoring event type 1000156103
05-15 14:41:51.921 25921 25944 I Unity   : [XR] [485728508272] [14:41:51.921][Verbose] Ignoring event type 1000156104
05-15 14:41:51.953 25921 25944 I Unity   : [XR] [485728508272] [14:41:51.953][Verbose] Ignoring event type 1000156103
05-15 14:41:51.953 25921 25944 I Unity   : [XR] [485728508272] [14:41:51.953][Verbose] Ignoring event type 1000156104
05-15 14:41:51.987 25921 25944 I Unity   : [XR] [485728508272] [14:41:51.987][Verbose] Ignoring event type 1000156103
05-15 14:41:51.988 25921 25944 I Unity   : [XR] [485728508272] [14:41:51.988][Verbose] Ignoring event type 1000156104
05-15 14:41:52.021 25921 25944 I Unity   : [XR] [485728508272] [14:41:52.021][Verbose] Ignoring event type 1000156103
05-15 14:41:52.021 25921 25944 I Unity   : [XR] [485728508272] [14:41:52.021][Verbose] Ignoring event type 1000156104
05-15 14:41:52.049 25921 26076 I VrApi   : FPS=91/90,Prd=42ms,Tear=0,Early=38,Stale=0,Stale2/5/10/max=0/0/0/0,VSnc=1,Lat=-1,Fov=0,CPU4/GPU=3/2,1651/456MHz,OC=3F,TA=0/0/0,SP=N/N/N,Mem=2736MHz,Free=991MB,PLS=1,Temp=41.0C/0.0C,TW=1.41ms,App=6.27ms,GD=0.00ms,CPU&GPU=12.50ms,LCnt=2(DR91,LM2),GPU%=0.64,CPU%=0.72(W0.76),DSF=1.00,CFL=12.24/16.31,ICFLp95=15.43,LD=0,SF=1.00,LP=0,DVFS=0
05-15 14:41:52.054 25921 25944 I Unity   : [XR] [485728508272] [14:41:52.054][Verbose] Ignoring event type 1000156103
05-15 14:41:52.054 25921 25944 I Unity   : [XR] [485728508272] [14:41:52.054][Verbose] Ignoring event type 1000156104
05-15 14:41:52.097 25921 25944 I Unity   : [XR] [485728508272] [14:41:52.097][Verbose] Ignoring event type 1000156103
05-15 14:41:52.097 25921 25944 I Unity   : [XR] [485728508272] [14:41:52.097][Verbose] Ignoring event type 1000156104
05-15 14:41:52.131 25921 25944 I Unity   : [XR] [485728508272] [14:41:52.131][Verbose] Ignoring event type 1000156103
05-15 14:41:52.131 25921 25944 I Unity   : [XR] [485728508272] [14:41:52.131][Verbose] Ignoring event type 1000156104
05-15 14:41:52.164 25921 25944 I Unity   : [XR] [485728508272] [14:41:52.164][Verbose] Ignoring event type 1000156103
05-15 14:41:52.164 25921 25944 I Unity   : [XR] [485728508272] [14:41:52.164][Verbose] Ignoring event type 1000156104
05-15 14:41:52.200 25921 25944 I Unity   : [XR] [485728508272] [14:41:52.200][Verbose] Ignoring event type 1000156103
05-15 14:41:52.200 25921 25944 I Unity   : [XR] [485728508272] [14:41:52.200][Verbose] Ignoring event type 1000156104
05-15 14:41:52.232 25921 25944 I Unity   : [XR] [485728508272] [14:41:52.232][Verbose] Ignoring event type 1000156103
05-15 14:41:52.232 25921 25944 I Unity   : [XR] [485728508272] [14:41:52.232][Verbose] Ignoring event type 1000156104
05-15 14:41:52.264 25921 25944 I Unity   : [XR] [485728508272] [14:41:52.264][Verbose] Ignoring event type 1000156103
05-15 14:41:52.264 25921 25944 I Unity   : [XR] [485728508272] [14:41:52.264][Verbose] Ignoring event type 1000156104
05-15 14:41:52.297 25921 25944 I Unity   : [XR] [485728508272] [14:41:52.297][Verbose] Ignoring event type 1000156103
05-15 14:41:52.297 25921 25944 I Unity   : [XR] [485728508272] [14:41:52.297][Verbose] Ignoring event type 1000156104
05-15 14:41:52.331 25921 25944 I Unity   : [XR] [485728508272] [14:41:52.331][Verbose] Ignoring event type 1000156103
05-15 14:41:52.331 25921 25944 I Unity   : [XR] [485728508272] [14:41:52.331][Verbose] Ignoring event type 1000156104
05-15 14:41:52.365 25921 25944 I Unity   : [XR] [485728508272] [14:41:52.365][Verbose] Ignoring event type 1000156103
05-15 14:41:52.365 25921 25944 I Unity   : [XR] [485728508272] [14:41:52.365][Verbose] Ignoring event type 1000156104
05-15 14:41:52.398 25921 25944 I Unity   : [XR] [485728508272] [14:41:52.398][Verbose] Ignoring event type 1000156103
05-15 14:41:52.398 25921 25944 I Unity   : [XR] [485728508272] [14:41:52.398][Verbose] Ignoring event type 1000156104
05-15 14:41:52.431 25921 25944 I Unity   : [XR] [485728508272] [14:41:52.431][Verbose] Ignoring event type 1000156103
05-15 14:41:52.431 25921 25944 I Unity   : [XR] [485728508272] [14:41:52.431][Verbose] Ignoring event type 1000156104
05-15 14:41:52.462 25921 25944 I Unity   : [XR] [485728508272] [14:41:52.462][Verbose] Ignoring event type 1000156103
05-15 14:41:52.462 25921 25944 I Unity   : [XR] [485728508272] [14:41:52.462][Verbose] Ignoring event type 1000156104
05-15 14:41:52.498 25921 25944 I Unity   : [XR] [485728508272] [14:41:52.498][Verbose] Ignoring event type 1000156103
05-15 14:41:52.498 25921 25944 I Unity   : [XR] [485728508272] [14:41:52.498][Verbose] Ignoring event type 1000156104
05-15 14:41:52.529 25921 25944 I Unity   : [XR] [485728508272] [14:41:52.529][Verbose] Ignoring event type 1000156103
05-15 14:41:52.530 25921 25944 I Unity   : [XR] [485728508272] [14:41:52.530][Verbose] Ignoring event type 1000156104
05-15 14:41:52.562 25921 25944 I Unity   : [XR] [485728508272] [14:41:52.562][Verbose] Ignoring event type 1000156103
05-15 14:41:52.562 25921 25944 I Unity   : [XR] [485728508272] [14:41:52.562][Verbose] Ignoring event type 1000156104
05-15 14:41:52.597 25921 25944 I Unity   : [XR] [485728508272] [14:41:52.597][Verbose] Ignoring event type 1000156103
05-15 14:41:52.597 25921 25944 I Unity   : [XR] [485728508272] [14:41:52.597][Verbose] Ignoring event type 1000156104
05-15 14:41:52.642 25921 25944 I Unity   : [XR] [485728508272] [14:41:52.642][Verbose] Ignoring event type 1000156103
05-15 14:41:52.642 25921 25944 I Unity   : [XR] [485728508272] [14:41:52.642][Verbose] Ignoring event type 1000156104
05-15 14:41:52.684 25921 25944 I Unity   : [XR] [485728508272] [14:41:52.684][Verbose] Ignoring event type 1000156103
05-15 14:41:52.685 25921 25944 I Unity   : [XR] [485728508272] [14:41:52.685][Verbose] Ignoring event type 1000156104
05-15 14:41:52.719 25921 25944 I Unity   : [XR] [485728508272] [14:41:52.719][Verbose] Ignoring event type 1000156103
05-15 14:41:52.720 25921 25944 I Unity   : [XR] [485728508272] [14:41:52.720][Verbose] Ignoring event type 1000156104
05-15 14:41:52.755 25921 25944 I Unity   : [XR] [485728508272] [14:41:52.754][Verbose] Ignoring event type 1000156103
05-15 14:41:52.755 25921 25944 I Unity   : [XR] [485728508272] [14:41:52.755][Verbose] Ignoring event type 1000156104
05-15 14:41:52.784 25921 25944 I Unity   : [XR] [485728508272] [14:41:52.784][Verbose] Ignoring event type 1000156103
05-15 14:41:52.784 25921 25944 I Unity   : [XR] [485728508272] [14:41:52.784][Verbose] Ignoring event type 1000156104
05-15 14:41:52.819 25921 25944 I Unity   : [XR] [485728508272] [14:41:52.819][Verbose] Ignoring event type 1000156103
05-15 14:41:52.820 25921 25944 I Unity   : [XR] [485728508272] [14:41:52.820][Verbose] Ignoring event type 1000156104
05-15 14:41:52.850 25921 25944 I Unity   : [XR] [485728508272] [14:41:52.850][Verbose] Ignoring event type 1000156103
05-15 14:41:52.851 25921 25944 I Unity   : [XR] [485728508272] [14:41:52.851][Verbose] Ignoring event type 1000156104
05-15 14:41:52.887 25921 25944 I Unity   : [XR] [485728508272] [14:41:52.887][Verbose] Ignoring event type 1000156103
05-15 14:41:52.887 25921 25944 I Unity   : [XR] [485728508272] [14:41:52.887][Verbose] Ignoring event type 1000156104
05-15 14:41:52.919 25921 25944 I Unity   : [XR] [485728508272] [14:41:52.919][Verbose] Ignoring event type 1000156103
05-15 14:41:52.919 25921 25944 I Unity   : [XR] [485728508272] [14:41:52.919][Verbose] Ignoring event type 1000156104
05-15 14:41:52.952 25921 25944 I Unity   : [XR] [485728508272] [14:41:52.952][Verbose] Ignoring event type 1000156103
05-15 14:41:52.953 25921 25944 I Unity   : [XR] [485728508272] [14:41:52.953][Verbose] Ignoring event type 1000156104
05-15 14:41:52.987 25921 25944 I Unity   : [XR] [485728508272] [14:41:52.987][Verbose] Ignoring event type 1000156103
05-15 14:41:52.988 25921 25944 I Unity   : [XR] [485728508272] [14:41:52.988][Verbose] Ignoring event type 1000156104
05-15 14:41:53.021 25921 25944 I Unity   : [XR] [485728508272] [14:41:53.021][Verbose] Ignoring event type 1000156103
05-15 14:41:53.021 25921 25944 I Unity   : [XR] [485728508272] [14:41:53.021][Verbose] Ignoring event type 1000156104
05-15 14:41:53.050 25921 26076 I VrApi   : FPS=91/90,Prd=43ms,Tear=0,Early=36,Stale=0,Stale2/5/10/max=0/0/0/0,VSnc=1,Lat=-1,Fov=0,CPU4/GPU=3/2,1651/456MHz,OC=3F,TA=0/0/0,SP=N/N/N,Mem=3196MHz,Free=991MB,PLS=1,Temp=41.0C/0.0C,TW=1.38ms,App=6.16ms,GD=0.00ms,CPU&GPU=14.52ms,LCnt=2(DR90,LM2),GPU%=0.65,CPU%=0.85(W0.91),DSF=1.00,CFL=12.45/16.62,ICFLp95=15.43,LD=0,SF=1.00,LP=0,DVFS=0
05-15 14:41:53.052 25921 25944 I Unity   : [XR] [485728508272] [14:41:53.051][Verbose] Ignoring event type 1000156103
05-15 14:41:53.052 25921 25944 I Unity   : [XR] [485728508272] [14:41:53.052][Verbose] Ignoring event type 1000156104
05-15 14:41:53.085 25921 25944 I Unity   : [XR] [485728508272] [14:41:53.085][Verbose] Ignoring event type 1000156103
05-15 14:41:53.086 25921 25944 I Unity   : [XR] [485728508272] [14:41:53.086][Verbose] Ignoring event type 1000156104
05-15 14:41:53.128 25921 25944 I Unity   : [XR] [485728508272] [14:41:53.128][Verbose] Ignoring event type 1000156103
05-15 14:41:53.128 25921 25944 I Unity   : [XR] [485728508272] [14:41:53.128][Verbose] Ignoring event type 1000156104
05-15 14:41:53.164 25921 25944 I Unity   : [XR] [485728508272] [14:41:53.164][Verbose] Ignoring event type 1000156103
05-15 14:41:53.164 25921 25944 I Unity   : [XR] [485728508272] [14:41:53.164][Verbose] Ignoring event type 1000156104
05-15 14:41:53.196 25921 25944 I Unity   : [XR] [485728508272] [14:41:53.196][Verbose] Ignoring event type 1000156103
05-15 14:41:53.196 25921 25944 I Unity   : [XR] [485728508272] [14:41:53.196][Verbose] Ignoring event type 1000156104
05-15 14:41:53.232 25921 25944 I Unity   : [XR] [485728508272] [14:41:53.232][Verbose] Ignoring event type 1000156103
05-15 14:41:53.232 25921 25944 I Unity   : [XR] [485728508272] [14:41:53.232][Verbose] Ignoring event type 1000156104
05-15 14:41:53.264 25921 25944 I Unity   : [XR] [485728508272] [14:41:53.264][Verbose] Ignoring event type 1000156103
05-15 14:41:53.264 25921 25944 I Unity   : [XR] [485728508272] [14:41:53.264][Verbose] Ignoring event type 1000156104
05-15 14:41:53.297 25921 25944 I Unity   : [XR] [485728508272] [14:41:53.297][Verbose] Ignoring event type 1000156103
05-15 14:41:53.297 25921 25944 I Unity   : [XR] [485728508272] [14:41:53.297][Verbose] Ignoring event type 1000156104
05-15 14:41:53.331 25921 25944 I Unity   : [XR] [485728508272] [14:41:53.331][Verbose] Ignoring event type 1000156103
05-15 14:41:53.331 25921 25944 I Unity   : [XR] [485728508272] [14:41:53.331][Verbose] Ignoring event type 1000156104
05-15 14:41:53.363 25921 25944 I Unity   : [XR] [485728508272] [14:41:53.363][Verbose] Ignoring event type 1000156103
05-15 14:41:53.363 25921 25944 I Unity   : [XR] [485728508272] [14:41:53.363][Verbose] Ignoring event type 1000156104
05-15 14:41:53.397 25921 25944 I Unity   : [XR] [485728508272] [14:41:53.397][Verbose] Ignoring event type 1000156103
05-15 14:41:53.397 25921 25944 I Unity   : [XR] [485728508272] [14:41:53.397][Verbose] Ignoring event type 1000156104
05-15 14:41:53.430 25921 25944 I Unity   : [XR] [485728508272] [14:41:53.430][Verbose] Ignoring event type 1000156103
05-15 14:41:53.430 25921 25944 I Unity   : [XR] [485728508272] [14:41:53.430][Verbose] Ignoring event type 1000156104
05-15 14:41:53.464 25921 25944 I Unity   : [XR] [485728508272] [14:41:53.464][Verbose] Ignoring event type 1000156103
05-15 14:41:53.464 25921 25944 I Unity   : [XR] [485728508272] [14:41:53.464][Verbose] Ignoring event type 1000156104
05-15 14:41:53.496 25921 25944 I Unity   : [XR] [485728508272] [14:41:53.496][Verbose] Ignoring event type 1000156103
05-15 14:41:53.496 25921 25944 I Unity   : [XR] [485728508272] [14:41:53.496][Verbose] Ignoring event type 1000156104
05-15 14:41:53.543 25921 25944 I Unity   : [XR] [485728508272] [14:41:53.543][Verbose] Ignoring event type 1000156103
05-15 14:41:53.543 25921 25944 I Unity   : [XR] [485728508272] [14:41:53.543][Verbose] Ignoring event type 1000156104
05-15 14:41:53.586 25921 25944 I Unity   : [XR] [485728508272] [14:41:53.586][Verbose] Ignoring event type 1000156103
05-15 14:41:53.586 25921 25944 I Unity   : [XR] [485728508272] [14:41:53.586][Verbose] Ignoring event type 1000156104
05-15 14:41:53.619 25921 25944 I Unity   : [XR] [485728508272] [14:41:53.619][Verbose] Ignoring event type 1000156103
05-15 14:41:53.619 25921 25944 I Unity   : [XR] [485728508272] [14:41:53.619][Verbose] Ignoring event type 1000156104
05-15 14:41:53.652 25921 25944 I Unity   : [XR] [485728508272] [14:41:53.652][Verbose] Ignoring event type 1000156103
05-15 14:41:53.652 25921 25944 I Unity   : [XR] [485728508272] [14:41:53.652][Verbose] Ignoring event type 1000156104
05-15 14:41:53.696 25921 25944 I Unity   : [XR] [485728508272] [14:41:53.696][Verbose] Ignoring event type 1000156103
05-15 14:41:53.696 25921 25944 I Unity   : [XR] [485728508272] [14:41:53.696][Verbose] Ignoring event type 1000156104
05-15 14:41:53.730 25921 25944 I Unity   : [XR] [485728508272] [14:41:53.730][Verbose] Ignoring event type 1000156103
05-15 14:41:53.730 25921 25944 I Unity   : [XR] [485728508272] [14:41:53.730][Verbose] Ignoring event type 1000156104
05-15 14:41:53.764 25921 25944 I Unity   : [XR] [485728508272] [14:41:53.764][Verbose] Ignoring event type 1000156103
05-15 14:41:53.764 25921 25944 I Unity   : [XR] [485728508272] [14:41:53.764][Verbose] Ignoring event type 1000156104
05-15 14:41:53.797 25921 25944 I Unity   : [XR] [485728508272] [14:41:53.797][Verbose] Ignoring event type 1000156103
05-15 14:41:53.797 25921 25944 I Unity   : [XR] [485728508272] [14:41:53.797][Verbose] Ignoring event type 1000156104
05-15 14:41:53.828 25921 25944 I Unity   : [XR] [485728508272] [14:41:53.828][Verbose] Ignoring event type 1000156103
05-15 14:41:53.828 25921 25944 I Unity   : [XR] [485728508272] [14:41:53.828][Verbose] Ignoring event type 1000156104
05-15 14:41:53.853 25921 25944 I Unity   : [XR] [485728508272] [14:41:53.853][Verbose] Ignoring event type 1000156103
05-15 14:41:53.853 25921 25944 I Unity   : [XR] [485728508272] [14:41:53.853][Verbose] Ignoring event type 1000156104
05-15 14:41:53.886 25921 25944 I Unity   : [XR] [485728508272] [14:41:53.886][Verbose] Ignoring event type 1000156103
05-15 14:41:53.886 25921 25944 I Unity   : [XR] [485728508272] [14:41:53.886][Verbose] Ignoring event type 1000156104
05-15 14:41:53.920 25921 25944 I Unity   : [XR] [485728508272] [14:41:53.920][Verbose] Ignoring event type 1000156103
05-15 14:41:53.920 25921 25944 I Unity   : [XR] [485728508272] [14:41:53.920][Verbose] Ignoring event type 1000156104
05-15 14:41:53.954 25921 25944 I Unity   : [XR] [485728508272] [14:41:53.954][Verbose] Ignoring event type 1000156103
05-15 14:41:53.954 25921 25944 I Unity   : [XR] [485728508272] [14:41:53.954][Verbose] Ignoring event type 1000156104
05-15 14:41:53.986 25921 25944 I Unity   : [XR] [485728508272] [14:41:53.986][Verbose] Ignoring event type 1000156103
05-15 14:41:53.986 25921 25944 I Unity   : [XR] [485728508272] [14:41:53.986][Verbose] Ignoring event type 1000156104
05-15 14:41:54.019 25921 25944 I Unity   : [XR] [485728508272] [14:41:54.019][Verbose] Ignoring event type 1000156103
05-15 14:41:54.019 25921 25944 I Unity   : [XR] [485728508272] [14:41:54.019][Verbose] Ignoring event type 1000156104
05-15 14:41:54.050 25921 26076 I VrApi   : FPS=90/90,Prd=44ms,Tear=1,Early=32,Stale=0,Stale2/5/10/max=0/0/0/0,VSnc=1,Lat=-1,Fov=0,CPU4/GPU=3/2,1651/456MHz,OC=3F,TA=0/0/0,SP=N/N/N,Mem=3196MHz,Free=991MB,PLS=1,Temp=41.0C/0.0C,TW=1.37ms,App=6.41ms,GD=0.00ms,CPU&GPU=13.65ms,LCnt=2(DR90,LM2),GPU%=0.68,CPU%=0.80(W0.85),DSF=1.00,CFL=12.24/17.23,ICFLp95=15.76,LD=0,SF=1.00,LP=0,DVFS=0
05-15 14:41:54.052 25921 25944 I Unity   : [XR] [485728508272] [14:41:54.052][Verbose] Ignoring event type 1000156103
05-15 14:41:54.052 25921 25944 I Unity   : [XR] [485728508272] [14:41:54.052][Verbose] Ignoring event type 1000156104
05-15 14:41:54.087 25921 25944 I Unity   : [XR] [485728508272] [14:41:54.087][Verbose] Ignoring event type 1000156103
05-15 14:41:54.087 25921 25944 I Unity   : [XR] [485728508272] [14:41:54.087][Verbose] Ignoring event type 1000156104
05-15 14:41:54.120 25921 25944 I Unity   : [XR] [485728508272] [14:41:54.120][Verbose] Ignoring event type 1000156103
05-15 14:41:54.121 25921 25944 I Unity   : [XR] [485728508272] [14:41:54.121][Verbose] Ignoring event type 1000156104
05-15 14:41:54.156 25921 25944 I Unity   : [XR] [485728508272] [14:41:54.156][Verbose] Ignoring event type 1000156103
05-15 14:41:54.156 25921 25944 I Unity   : [XR] [485728508272] [14:41:54.156][Verbose] Ignoring event type 1000156104
05-15 14:41:54.187 25921 25944 I Unity   : [XR] [485728508272] [14:41:54.187][Verbose] Ignoring event type 1000156103
05-15 14:41:54.187 25921 25944 I Unity   : [XR] [485728508272] [14:41:54.187][Verbose] Ignoring event type 1000156104
05-15 14:41:54.219 25921 25944 I Unity   : [XR] [485728508272] [14:41:54.219][Verbose] Ignoring event type 1000156103
05-15 14:41:54.220 25921 25944 I Unity   : [XR] [485728508272] [14:41:54.220][Verbose] Ignoring event type 1000156104
05-15 14:41:54.252 25921 25944 I Unity   : [XR] [485728508272] [14:41:54.252][Verbose] Ignoring event type 1000156103
05-15 14:41:54.252 25921 25944 I Unity   : [XR] [485728508272] [14:41:54.252][Verbose] Ignoring event type 1000156104
