05-15 14:42:15.845 25921 25944 I Unity   : Starting test run 3 for BuiltIn with passthrough True
05-15 14:42:15.845 25921 25944 I Unity   : <ExecuteTests>d__48:MoveNext()
05-15 14:42:15.845 25921 25944 I Unity   : UnityEngine.SetupCoroutine:InvokeMoveNext(IEnumerator, IntPtr)
05-15 14:42:15.845 25921 25944 I Unity   : 
05-15 14:42:15.846 25921 25944 I Unity   : Recording starting BuiltIn-True-2024-05-15_14-42-15
05-15 14:42:15.846 25921 25944 I Unity   : <ExecuteTest>d__49:MoveNext()
05-15 14:42:15.846 25921 25944 I Unity   : UnityEngine.SetupCoroutine:InvokeMoveNext(IEnumerator, IntPtr)
05-15 14:42:15.846 25921 25944 I Unity   : 
05-15 14:42:15.846 25921 25944 I Unity   : Starting recording!
05-15 14:42:15.846 25921 25944 I Unity   : AutomatedTest:StartRecording()
05-15 14:42:15.846 25921 25944 I Unity   : <ExecuteTest>d__49:MoveNext()
05-15 14:42:15.846 25921 25944 I Unity   : UnityEngine.SetupCoroutine:InvokeMoveNext(IEnumerator, IntPtr)
05-15 14:42:15.846 25921 25944 I Unity   : 
05-15 14:42:15.871 25921 25944 I Unity   : [XR] [485728508272] [14:42:15.871][Verbose] Ignoring event type 1000156103
05-15 14:42:15.871 25921 25944 I Unity   : [XR] [485728508272] [14:42:15.871][Verbose] Ignoring event type 1000156104
05-15 14:42:15.903 25921 25944 I Unity   : [XR] [485728508272] [14:42:15.903][Verbose] Ignoring event type 1000156103
05-15 14:42:15.904 25921 25944 I Unity   : [XR] [485728508272] [14:42:15.904][Verbose] Ignoring event type 1000156104
05-15 14:42:15.938 25921 25944 I Unity   : [XR] [485728508272] [14:42:15.938][Verbose] Ignoring event type 1000156103
05-15 14:42:15.938 25921 25944 I Unity   : [XR] [485728508272] [14:42:15.938][Verbose] Ignoring event type 1000156104
05-15 14:42:15.971 25921 25944 I Unity   : [XR] [485728508272] [14:42:15.971][Verbose] Ignoring event type 1000156103
05-15 14:42:15.971 25921 25944 I Unity   : [XR] [485728508272] [14:42:15.971][Verbose] Ignoring event type 1000156104
05-15 14:42:16.004 25921 25944 I Unity   : [XR] [485728508272] [14:42:16.004][Verbose] Ignoring event type 1000156103
05-15 14:42:16.005 25921 25944 I Unity   : [XR] [485728508272] [14:42:16.005][Verbose] Ignoring event type 1000156104
05-15 14:42:16.038 25921 25944 I Unity   : [XR] [485728508272] [14:42:16.038][Verbose] Ignoring event type 1000156103
05-15 14:42:16.038 25921 25944 I Unity   : [XR] [485728508272] [14:42:16.038][Verbose] Ignoring event type 1000156104
05-15 14:42:16.058 25921 26076 I VrApi   : FPS=91/90,Prd=39ms,Tear=0,Early=30,Stale=0,Stale2/5/10/max=0/0/0/0,VSnc=1,Lat=-1,Fov=0,CPU4/GPU=3/2,1651/456MHz,OC=3F,TA=0/0/0,SP=N/N/N,Mem=2736MHz,Free=973MB,PLS=1,Temp=41.0C/0.0C,TW=1.35ms,App=3.63ms,GD=0.00ms,CPU&GPU=7.84ms,LCnt=2(DR91,LM2),GPU%=0.47,CPU%=0.68(W0.86),DSF=1.00,CFL=11.93/16.30,ICFLp95=15.09,LD=0,SF=1.00,LP=0,DVFS=0
05-15 14:42:16.069 25921 25944 I Unity   : [XR] [485728508272] [14:42:16.069][Verbose] Ignoring event type 1000156103
05-15 14:42:16.069 25921 25944 I Unity   : [XR] [485728508272] [14:42:16.069][Verbose] Ignoring event type 1000156104
05-15 14:42:16.104 25921 25944 I Unity   : [XR] [485728508272] [14:42:16.104][Verbose] Ignoring event type 1000156103
05-15 14:42:16.104 25921 25944 I Unity   : [XR] [485728508272] [14:42:16.104][Verbose] Ignoring event type 1000156104
05-15 14:42:16.136 25921 25944 I Unity   : [XR] [485728508272] [14:42:16.136][Verbose] Ignoring event type 1000156103
05-15 14:42:16.136 25921 25944 I Unity   : [XR] [485728508272] [14:42:16.136][Verbose] Ignoring event type 1000156104
05-15 14:42:16.172 25921 25944 I Unity   : [XR] [485728508272] [14:42:16.172][Verbose] Ignoring event type 1000156103
05-15 14:42:16.172 25921 25944 I Unity   : [XR] [485728508272] [14:42:16.172][Verbose] Ignoring event type 1000156104
05-15 14:42:16.203 25921 25944 I Unity   : [XR] [485728508272] [14:42:16.203][Verbose] Ignoring event type 1000156103
05-15 14:42:16.203 25921 25944 I Unity   : [XR] [485728508272] [14:42:16.203][Verbose] Ignoring event type 1000156104
05-15 14:42:16.236 25921 25944 I Unity   : [XR] [485728508272] [14:42:16.236][Verbose] Ignoring event type 1000156103
05-15 14:42:16.236 25921 25944 I Unity   : [XR] [485728508272] [14:42:16.236][Verbose] Ignoring event type 1000156104
05-15 14:42:16.259 25921 25944 I Unity   : [XR] [485728508272] [14:42:16.259][Verbose] Ignoring event type 1000156103
05-15 14:42:16.259 25921 25944 I Unity   : [XR] [485728508272] [14:42:16.259][Verbose] Ignoring event type 1000156104
05-15 14:42:16.295 25921 25944 I Unity   : [XR] [485728508272] [14:42:16.295][Verbose] Ignoring event type 1000156103
05-15 14:42:16.295 25921 25944 I Unity   : [XR] [485728508272] [14:42:16.295][Verbose] Ignoring event type 1000156104
05-15 14:42:16.327 25921 25944 I Unity   : [XR] [485728508272] [14:42:16.327][Verbose] Ignoring event type 1000156103
05-15 14:42:16.327 25921 25944 I Unity   : [XR] [485728508272] [14:42:16.327][Verbose] Ignoring event type 1000156104
05-15 14:42:16.360 25921 25944 I Unity   : [XR] [485728508272] [14:42:16.360][Verbose] Ignoring event type 1000156103
05-15 14:42:16.361 25921 25944 I Unity   : [XR] [485728508272] [14:42:16.361][Verbose] Ignoring event type 1000156104
05-15 14:42:16.391 25921 25944 I Unity   : [XR] [485728508272] [14:42:16.391][Verbose] Ignoring event type 1000156103
05-15 14:42:16.392 25921 25944 I Unity   : [XR] [485728508272] [14:42:16.392][Verbose] Ignoring event type 1000156104
05-15 14:42:16.416 25921 25944 I Unity   : [XR] [485728508272] [14:42:16.416][Verbose] Ignoring event type 1000156103
05-15 14:42:16.416 25921 25944 I Unity   : [XR] [485728508272] [14:42:16.416][Verbose] Ignoring event type 1000156104
05-15 14:42:16.447 25921 25944 I Unity   : [XR] [485728508272] [14:42:16.447][Verbose] Ignoring event type 1000156103
05-15 14:42:16.447 25921 25944 I Unity   : [XR] [485728508272] [14:42:16.447][Verbose] Ignoring event type 1000156104
05-15 14:42:16.480 25921 25944 I Unity   : [XR] [485728508272] [14:42:16.480][Verbose] Ignoring event type 1000156103
05-15 14:42:16.481 25921 25944 I Unity   : [XR] [485728508272] [14:42:16.480][Verbose] Ignoring event type 1000156104
05-15 14:42:16.503 25921 25944 I Unity   : [XR] [485728508272] [14:42:16.503][Verbose] Ignoring event type 1000156103
05-15 14:42:16.503 25921 25944 I Unity   : [XR] [485728508272] [14:42:16.503][Verbose] Ignoring event type 1000156104
05-15 14:42:16.537 25921 25944 I Unity   : [XR] [485728508272] [14:42:16.537][Verbose] Ignoring event type 1000156103
05-15 14:42:16.537 25921 25944 I Unity   : [XR] [485728508272] [14:42:16.537][Verbose] Ignoring event type 1000156104
05-15 14:42:16.570 25921 25944 I Unity   : [XR] [485728508272] [14:42:16.570][Verbose] Ignoring event type 1000156103
05-15 14:42:16.571 25921 25944 I Unity   : [XR] [485728508272] [14:42:16.571][Verbose] Ignoring event type 1000156104
05-15 14:42:16.602 25921 25944 I Unity   : [XR] [485728508272] [14:42:16.602][Verbose] Ignoring event type 1000156103
05-15 14:42:16.602 25921 25944 I Unity   : [XR] [485728508272] [14:42:16.602][Verbose] Ignoring event type 1000156104
05-15 14:42:16.626 25921 25944 I Unity   : [XR] [485728508272] [14:42:16.626][Verbose] Ignoring event type 1000156103
05-15 14:42:16.627 25921 25944 I Unity   : [XR] [485728508272] [14:42:16.626][Verbose] Ignoring event type 1000156104
05-15 14:42:16.660 25921 25944 I Unity   : [XR] [485728508272] [14:42:16.660][Verbose] Ignoring event type 1000156103
05-15 14:42:16.660 25921 25944 I Unity   : [XR] [485728508272] [14:42:16.660][Verbose] Ignoring event type 1000156104
05-15 14:42:16.693 25921 25944 I Unity   : [XR] [485728508272] [14:42:16.693][Verbose] Ignoring event type 1000156103
05-15 14:42:16.693 25921 25944 I Unity   : [XR] [485728508272] [14:42:16.693][Verbose] Ignoring event type 1000156104
05-15 14:42:16.724 25921 25944 I Unity   : [XR] [485728508272] [14:42:16.724][Verbose] Ignoring event type 1000156103
05-15 14:42:16.724 25921 25944 I Unity   : [XR] [485728508272] [14:42:16.724][Verbose] Ignoring event type 1000156104
05-15 14:42:16.759 25921 25944 I Unity   : [XR] [485728508272] [14:42:16.759][Verbose] Ignoring event type 1000156103
05-15 14:42:16.759 25921 25944 I Unity   : [XR] [485728508272] [14:42:16.759][Verbose] Ignoring event type 1000156104
05-15 14:42:16.782 25921 25944 I Unity   : [XR] [485728508272] [14:42:16.782][Verbose] Ignoring event type 1000156103
05-15 14:42:16.782 25921 25944 I Unity   : [XR] [485728508272] [14:42:16.782][Verbose] Ignoring event type 1000156104
05-15 14:42:16.815 25921 25944 I Unity   : [XR] [485728508272] [14:42:16.815][Verbose] Ignoring event type 1000156103
05-15 14:42:16.815 25921 25944 I Unity   : [XR] [485728508272] [14:42:16.815][Verbose] Ignoring event type 1000156104
05-15 14:42:16.848 25921 25944 I Unity   : [XR] [485728508272] [14:42:16.848][Verbose] Ignoring event type 1000156103
05-15 14:42:16.848 25921 25944 I Unity   : [XR] [485728508272] [14:42:16.848][Verbose] Ignoring event type 1000156104
05-15 14:42:16.882 25921 25944 I Unity   : [XR] [485728508272] [14:42:16.882][Verbose] Ignoring event type 1000156103
05-15 14:42:16.882 25921 25944 I Unity   : [XR] [485728508272] [14:42:16.882][Verbose] Ignoring event type 1000156104
05-15 14:42:16.913 25921 25944 I Unity   : [XR] [485728508272] [14:42:16.913][Verbose] Ignoring event type 1000156103
05-15 14:42:16.913 25921 25944 I Unity   : [XR] [485728508272] [14:42:16.913][Verbose] Ignoring event type 1000156104
05-15 14:42:16.938 25921 25944 I Unity   : [XR] [485728508272] [14:42:16.938][Verbose] Ignoring event type 1000156103
05-15 14:42:16.938 25921 25944 I Unity   : [XR] [485728508272] [14:42:16.938][Verbose] Ignoring event type 1000156104
05-15 14:42:16.971 25921 25944 I Unity   : [XR] [485728508272] [14:42:16.971][Verbose] Ignoring event type 1000156103
05-15 14:42:16.971 25921 25944 I Unity   : [XR] [485728508272] [14:42:16.971][Verbose] Ignoring event type 1000156104
05-15 14:42:17.004 25921 25944 I Unity   : [XR] [485728508272] [14:42:17.004][Verbose] Ignoring event type 1000156103
05-15 14:42:17.004 25921 25944 I Unity   : [XR] [485728508272] [14:42:17.004][Verbose] Ignoring event type 1000156104
05-15 14:42:17.035 25921 25944 I Unity   : [XR] [485728508272] [14:42:17.035][Verbose] Ignoring event type 1000156103
05-15 14:42:17.035 25921 25944 I Unity   : [XR] [485728508272] [14:42:17.035][Verbose] Ignoring event type 1000156104
05-15 14:42:17.058 25921 26076 I VrApi   : FPS=90/90,Prd=39ms,Tear=1,Early=23,Stale=1,Stale2/5/10/max=0/0/0/1,VSnc=1,Lat=-1,Fov=0,CPU4/GPU=3/2,1651/456MHz,OC=3F,TA=0/0/0,SP=N/N/N,Mem=2736MHz,Free=973MB,PLS=1,Temp=41.0C/0.0C,TW=1.40ms,App=3.40ms,GD=0.00ms,CPU&GPU=6.51ms,LCnt=2(DR91,LM2),GPU%=0.46,CPU%=0.77(W0.78),DSF=1.00,CFL=11.60/16.68,ICFLp95=15.03,LD=0,SF=1.00,LP=0,DVFS=0
05-15 14:42:17.070 25921 25944 I Unity   : [XR] [485728508272] [14:42:17.070][Verbose] Ignoring event type 1000156103
05-15 14:42:17.071 25921 25944 I Unity   : [XR] [485728508272] [14:42:17.071][Verbose] Ignoring event type 1000156104
05-15 14:42:17.104 25921 25944 I Unity   : [XR] [485728508272] [14:42:17.104][Verbose] Ignoring event type 1000156103
05-15 14:42:17.104 25921 25944 I Unity   : [XR] [485728508272] [14:42:17.104][Verbose] Ignoring event type 1000156104
05-15 14:42:17.136 25921 25944 I Unity   : [XR] [485728508272] [14:42:17.136][Verbose] Ignoring event type 1000156103
05-15 14:42:17.136 25921 25944 I Unity   : [XR] [485728508272] [14:42:17.136][Verbose] Ignoring event type 1000156104
05-15 14:42:17.170 25921 25944 I Unity   : [XR] [485728508272] [14:42:17.170][Verbose] Ignoring event type 1000156103
05-15 14:42:17.170 25921 25944 I Unity   : [XR] [485728508272] [14:42:17.170][Verbose] Ignoring event type 1000156104
05-15 14:42:17.203 25921 25944 I Unity   : [XR] [485728508272] [14:42:17.203][Verbose] Ignoring event type 1000156103
05-15 14:42:17.203 25921 25944 I Unity   : [XR] [485728508272] [14:42:17.203][Verbose] Ignoring event type 1000156104
05-15 14:42:17.236 25921 25944 I Unity   : [XR] [485728508272] [14:42:17.236][Verbose] Ignoring event type 1000156103
05-15 14:42:17.236 25921 25944 I Unity   : [XR] [485728508272] [14:42:17.236][Verbose] Ignoring event type 1000156104
05-15 14:42:17.268 25921 25944 I Unity   : [XR] [485728508272] [14:42:17.268][Verbose] Ignoring event type 1000156103
05-15 14:42:17.268 25921 25944 I Unity   : [XR] [485728508272] [14:42:17.268][Verbose] Ignoring event type 1000156104
05-15 14:42:17.303 25921 25944 I Unity   : [XR] [485728508272] [14:42:17.303][Verbose] Ignoring event type 1000156103
05-15 14:42:17.303 25921 25944 I Unity   : [XR] [485728508272] [14:42:17.303][Verbose] Ignoring event type 1000156104
05-15 14:42:17.336 25921 25944 I Unity   : [XR] [485728508272] [14:42:17.336][Verbose] Ignoring event type 1000156103
05-15 14:42:17.336 25921 25944 I Unity   : [XR] [485728508272] [14:42:17.336][Verbose] Ignoring event type 1000156104
05-15 14:42:17.370 25921 25944 I Unity   : [XR] [485728508272] [14:42:17.370][Verbose] Ignoring event type 1000156103
05-15 14:42:17.370 25921 25944 I Unity   : [XR] [485728508272] [14:42:17.370][Verbose] Ignoring event type 1000156104
05-15 14:42:17.402 25921 25944 I Unity   : [XR] [485728508272] [14:42:17.402][Verbose] Ignoring event type 1000156103
05-15 14:42:17.402 25921 25944 I Unity   : [XR] [485728508272] [14:42:17.402][Verbose] Ignoring event type 1000156104
05-15 14:42:17.436 25921 25944 I Unity   : [XR] [485728508272] [14:42:17.436][Verbose] Ignoring event type 1000156103
05-15 14:42:17.436 25921 25944 I Unity   : [XR] [485728508272] [14:42:17.436][Verbose] Ignoring event type 1000156104
05-15 14:42:17.469 25921 25944 I Unity   : [XR] [485728508272] [14:42:17.469][Verbose] Ignoring event type 1000156103
05-15 14:42:17.469 25921 25944 I Unity   : [XR] [485728508272] [14:42:17.469][Verbose] Ignoring event type 1000156104
05-15 14:42:17.502 25921 25944 I Unity   : [XR] [485728508272] [14:42:17.502][Verbose] Ignoring event type 1000156103
05-15 14:42:17.502 25921 25944 I Unity   : [XR] [485728508272] [14:42:17.502][Verbose] Ignoring event type 1000156104
05-15 14:42:17.534 25921 25944 I Unity   : [XR] [485728508272] [14:42:17.533][Verbose] Ignoring event type 1000156103
05-15 14:42:17.534 25921 25944 I Unity   : [XR] [485728508272] [14:42:17.534][Verbose] Ignoring event type 1000156104
05-15 14:42:17.569 25921 25944 I Unity   : [XR] [485728508272] [14:42:17.569][Verbose] Ignoring event type 1000156103
05-15 14:42:17.569 25921 25944 I Unity   : [XR] [485728508272] [14:42:17.569][Verbose] Ignoring event type 1000156104
05-15 14:42:17.602 25921 25944 I Unity   : [XR] [485728508272] [14:42:17.602][Verbose] Ignoring event type 1000156103
05-15 14:42:17.602 25921 25944 I Unity   : [XR] [485728508272] [14:42:17.602][Verbose] Ignoring event type 1000156104
05-15 14:42:17.635 25921 25944 I Unity   : [XR] [485728508272] [14:42:17.635][Verbose] Ignoring event type 1000156103
05-15 14:42:17.635 25921 25944 I Unity   : [XR] [485728508272] [14:42:17.635][Verbose] Ignoring event type 1000156104
05-15 14:42:17.656 25921 25944 I Unity   : [XR] [485728508272] [14:42:17.656][Verbose] Ignoring event type 1000156103
05-15 14:42:17.656 25921 25944 I Unity   : [XR] [485728508272] [14:42:17.656][Verbose] Ignoring event type 1000156104
05-15 14:42:17.691 25921 25944 I Unity   : [XR] [485728508272] [14:42:17.691][Verbose] Ignoring event type 1000156103
05-15 14:42:17.691 25921 25944 I Unity   : [XR] [485728508272] [14:42:17.691][Verbose] Ignoring event type 1000156104
05-15 14:42:17.724 25921 25944 I Unity   : [XR] [485728508272] [14:42:17.724][Verbose] Ignoring event type 1000156103
05-15 14:42:17.725 25921 25944 I Unity   : [XR] [485728508272] [14:42:17.725][Verbose] Ignoring event type 1000156104
05-15 14:42:17.769 25921 25944 I Unity   : [XR] [485728508272] [14:42:17.769][Verbose] Ignoring event type 1000156103
05-15 14:42:17.770 25921 25944 I Unity   : [XR] [485728508272] [14:42:17.770][Verbose] Ignoring event type 1000156104
05-15 14:42:17.813 25921 25944 I Unity   : [XR] [485728508272] [14:42:17.813][Verbose] Ignoring event type 1000156103
05-15 14:42:17.813 25921 25944 I Unity   : [XR] [485728508272] [14:42:17.813][Verbose] Ignoring event type 1000156104
05-15 14:42:17.845 25921 25944 I Unity   : [XR] [485728508272] [14:42:17.845][Verbose] Ignoring event type 1000156103
05-15 14:42:17.845 25921 25944 I Unity   : [XR] [485728508272] [14:42:17.845][Verbose] Ignoring event type 1000156104
05-15 14:42:17.880 25921 25944 I Unity   : [XR] [485728508272] [14:42:17.880][Verbose] Ignoring event type 1000156103
05-15 14:42:17.880 25921 25944 I Unity   : [XR] [485728508272] [14:42:17.880][Verbose] Ignoring event type 1000156104
05-15 14:42:17.912 25921 25944 I Unity   : [XR] [485728508272] [14:42:17.912][Verbose] Ignoring event type 1000156103
05-15 14:42:17.912 25921 25944 I Unity   : [XR] [485728508272] [14:42:17.912][Verbose] Ignoring event type 1000156104
05-15 14:42:17.945 25921 25944 I Unity   : [XR] [485728508272] [14:42:17.945][Verbose] Ignoring event type 1000156103
05-15 14:42:17.945 25921 25944 I Unity   : [XR] [485728508272] [14:42:17.945][Verbose] Ignoring event type 1000156104
05-15 14:42:17.980 25921 25944 I Unity   : [XR] [485728508272] [14:42:17.980][Verbose] Ignoring event type 1000156103
05-15 14:42:17.980 25921 25944 I Unity   : [XR] [485728508272] [14:42:17.980][Verbose] Ignoring event type 1000156104
05-15 14:42:18.013 25921 25944 I Unity   : [XR] [485728508272] [14:42:18.013][Verbose] Ignoring event type 1000156103
05-15 14:42:18.013 25921 25944 I Unity   : [XR] [485728508272] [14:42:18.013][Verbose] Ignoring event type 1000156104
05-15 14:42:18.046 25921 25944 I Unity   : [XR] [485728508272] [14:42:18.046][Verbose] Ignoring event type 1000156103
05-15 14:42:18.046 25921 25944 I Unity   : [XR] [485728508272] [14:42:18.046][Verbose] Ignoring event type 1000156104
05-15 14:42:18.058 25921 26076 I VrApi   : FPS=91/90,Prd=39ms,Tear=0,Early=23,Stale=0,Stale2/5/10/max=0/0/0/0,VSnc=1,Lat=-1,Fov=0,CPU4/GPU=3/2,1651/456MHz,OC=3F,TA=0/0/0,SP=N/N/N,Mem=2736MHz,Free=973MB,PLS=1,Temp=41.0C/0.0C,TW=1.50ms,App=5.03ms,GD=0.00ms,CPU&GPU=8.89ms,LCnt=2(DR90,LM2),GPU%=0.56,CPU%=0.78(W0.80),DSF=1.00,CFL=12.12/16.46,ICFLp95=15.00,LD=0,SF=1.00,LP=0,DVFS=0
05-15 14:42:18.079 25921 25944 I Unity   : [XR] [485728508272] [14:42:18.079][Verbose] Ignoring event type 1000156103
05-15 14:42:18.079 25921 25944 I Unity   : [XR] [485728508272] [14:42:18.079][Verbose] Ignoring event type 1000156104
05-15 14:42:18.113 25921 25944 I Unity   : [XR] [485728508272] [14:42:18.113][Verbose] Ignoring event type 1000156103
05-15 14:42:18.113 25921 25944 I Unity   : [XR] [485728508272] [14:42:18.113][Verbose] Ignoring event type 1000156104
05-15 14:42:18.146 25921 25944 I Unity   : [XR] [485728508272] [14:42:18.146][Verbose] Ignoring event type 1000156103
05-15 14:42:18.146 25921 25944 I Unity   : [XR] [485728508272] [14:42:18.146][Verbose] Ignoring event type 1000156104
05-15 14:42:18.178 25921 25944 I Unity   : [XR] [485728508272] [14:42:18.178][Verbose] Ignoring event type 1000156103
05-15 14:42:18.178 25921 25944 I Unity   : [XR] [485728508272] [14:42:18.178][Verbose] Ignoring event type 1000156104
05-15 14:42:18.213 25921 25944 I Unity   : [XR] [485728508272] [14:42:18.213][Verbose] Ignoring event type 1000156103
05-15 14:42:18.213 25921 25944 I Unity   : [XR] [485728508272] [14:42:18.213][Verbose] Ignoring event type 1000156104
05-15 14:42:18.247 25921 25944 I Unity   : [XR] [485728508272] [14:42:18.247][Verbose] Ignoring event type 1000156103
05-15 14:42:18.247 25921 25944 I Unity   : [XR] [485728508272] [14:42:18.247][Verbose] Ignoring event type 1000156104
05-15 14:42:18.290 25921 25944 I Unity   : [XR] [485728508272] [14:42:18.290][Verbose] Ignoring event type 1000156103
05-15 14:42:18.290 25921 25944 I Unity   : [XR] [485728508272] [14:42:18.290][Verbose] Ignoring event type 1000156104
05-15 14:42:18.323 25921 25944 I Unity   : [XR] [485728508272] [14:42:18.323][Verbose] Ignoring event type 1000156103
05-15 14:42:18.323 25921 25944 I Unity   : [XR] [485728508272] [14:42:18.323][Verbose] Ignoring event type 1000156104
05-15 14:42:18.354 25921 25944 I Unity   : [XR] [485728508272] [14:42:18.354][Verbose] Ignoring event type 1000156103
05-15 14:42:18.354 25921 25944 I Unity   : [XR] [485728508272] [14:42:18.354][Verbose] Ignoring event type 1000156104
05-15 14:42:18.378 25921 25944 I Unity   : [XR] [485728508272] [14:42:18.378][Verbose] Ignoring event type 1000156103
05-15 14:42:18.378 25921 25944 I Unity   : [XR] [485728508272] [14:42:18.378][Verbose] Ignoring event type 1000156104
05-15 14:42:18.412 25921 25944 I Unity   : [XR] [485728508272] [14:42:18.412][Verbose] Ignoring event type 1000156103
05-15 14:42:18.412 25921 25944 I Unity   : [XR] [485728508272] [14:42:18.412][Verbose] Ignoring event type 1000156104
05-15 14:42:18.444 25921 25944 I Unity   : [XR] [485728508272] [14:42:18.444][Verbose] Ignoring event type 1000156103
05-15 14:42:18.444 25921 25944 I Unity   : [XR] [485728508272] [14:42:18.444][Verbose] Ignoring event type 1000156104
05-15 14:42:18.479 25921 25944 I Unity   : [XR] [485728508272] [14:42:18.479][Verbose] Ignoring event type 1000156103
05-15 14:42:18.480 25921 25944 I Unity   : [XR] [485728508272] [14:42:18.480][Verbose] Ignoring event type 1000156104
05-15 14:42:18.512 25921 25944 I Unity   : [XR] [485728508272] [14:42:18.512][Verbose] Ignoring event type 1000156103
05-15 14:42:18.512 25921 25944 I Unity   : [XR] [485728508272] [14:42:18.512][Verbose] Ignoring event type 1000156104
05-15 14:42:18.544 25921 25944 I Unity   : [XR] [485728508272] [14:42:18.544][Verbose] Ignoring event type 1000156103
05-15 14:42:18.544 25921 25944 I Unity   : [XR] [485728508272] [14:42:18.544][Verbose] Ignoring event type 1000156104
05-15 14:42:18.579 25921 25944 I Unity   : [XR] [485728508272] [14:42:18.579][Verbose] Ignoring event type 1000156103
05-15 14:42:18.579 25921 25944 I Unity   : [XR] [485728508272] [14:42:18.579][Verbose] Ignoring event type 1000156104
05-15 14:42:18.612 25921 25944 I Unity   : [XR] [485728508272] [14:42:18.612][Verbose] Ignoring event type 1000156103
05-15 14:42:18.612 25921 25944 I Unity   : [XR] [485728508272] [14:42:18.612][Verbose] Ignoring event type 1000156104
05-15 14:42:18.646 25921 25944 I Unity   : [XR] [485728508272] [14:42:18.646][Verbose] Ignoring event type 1000156103
05-15 14:42:18.646 25921 25944 I Unity   : [XR] [485728508272] [14:42:18.646][Verbose] Ignoring event type 1000156104
05-15 14:42:18.679 25921 25944 I Unity   : [XR] [485728508272] [14:42:18.679][Verbose] Ignoring event type 1000156103
05-15 14:42:18.679 25921 25944 I Unity   : [XR] [485728508272] [14:42:18.679][Verbose] Ignoring event type 1000156104
05-15 14:42:18.711 25921 25944 I Unity   : [XR] [485728508272] [14:42:18.711][Verbose] Ignoring event type 1000156103
05-15 14:42:18.711 25921 25944 I Unity   : [XR] [485728508272] [14:42:18.711][Verbose] Ignoring event type 1000156104
05-15 14:42:18.734 25921 25944 I Unity   : [XR] [485728508272] [14:42:18.733][Verbose] Ignoring event type 1000156103
05-15 14:42:18.734 25921 25944 I Unity   : [XR] [485728508272] [14:42:18.734][Verbose] Ignoring event type 1000156104
05-15 14:42:18.765 25921 25944 I Unity   : [XR] [485728508272] [14:42:18.765][Verbose] Ignoring event type 1000156103
05-15 14:42:18.765 25921 25944 I Unity   : [XR] [485728508272] [14:42:18.765][Verbose] Ignoring event type 1000156104
05-15 14:42:18.801 25921 25944 I Unity   : [XR] [485728508272] [14:42:18.801][Verbose] Ignoring event type 1000156103
05-15 14:42:18.801 25921 25944 I Unity   : [XR] [485728508272] [14:42:18.801][Verbose] Ignoring event type 1000156104
05-15 14:42:18.835 25921 25944 I Unity   : [XR] [485728508272] [14:42:18.835][Verbose] Ignoring event type 1000156103
05-15 14:42:18.835 25921 25944 I Unity   : [XR] [485728508272] [14:42:18.835][Verbose] Ignoring event type 1000156104
05-15 14:42:18.867 25921 25944 I Unity   : [XR] [485728508272] [14:42:18.867][Verbose] Ignoring event type 1000156103
05-15 14:42:18.867 25921 25944 I Unity   : [XR] [485728508272] [14:42:18.867][Verbose] Ignoring event type 1000156104
05-15 14:42:18.901 25921 25944 I Unity   : [XR] [485728508272] [14:42:18.901][Verbose] Ignoring event type 1000156103
05-15 14:42:18.901 25921 25944 I Unity   : [XR] [485728508272] [14:42:18.901][Verbose] Ignoring event type 1000156104
05-15 14:42:18.934 25921 25944 I Unity   : [XR] [485728508272] [14:42:18.934][Verbose] Ignoring event type 1000156103
05-15 14:42:18.934 25921 25944 I Unity   : [XR] [485728508272] [14:42:18.934][Verbose] Ignoring event type 1000156104
05-15 14:42:18.967 25921 25944 I Unity   : [XR] [485728508272] [14:42:18.967][Verbose] Ignoring event type 1000156103
05-15 14:42:18.967 25921 25944 I Unity   : [XR] [485728508272] [14:42:18.967][Verbose] Ignoring event type 1000156104
05-15 14:42:19.000 25921 25944 I Unity   : [XR] [485728508272] [14:42:19.000][Verbose] Ignoring event type 1000156103
05-15 14:42:19.000 25921 25944 I Unity   : [XR] [485728508272] [14:42:19.000][Verbose] Ignoring event type 1000156104
05-15 14:42:19.034 25921 25944 I Unity   : [XR] [485728508272] [14:42:19.034][Verbose] Ignoring event type 1000156103
05-15 14:42:19.035 25921 25944 I Unity   : [XR] [485728508272] [14:42:19.035][Verbose] Ignoring event type 1000156104
05-15 14:42:19.067 25921 25944 I Unity   : [XR] [485728508272] [14:42:19.067][Verbose] Ignoring event type 1000156103
05-15 14:42:19.067 25921 25944 I Unity   : [XR] [485728508272] [14:42:19.067][Verbose] Ignoring event type 1000156104
05-15 14:42:19.098 25921 26076 I VrApi   : FPS=90/90,Prd=40ms,Tear=0,Early=34,Stale=0,Stale2/5/10/max=0/0/0/0,VSnc=1,Lat=-1,Fov=0,CPU4/GPU=3/2,1651/456MHz,OC=3F,TA=0/0/0,SP=N/N/N,Mem=2736MHz,Free=980MB,PLS=1,Temp=41.0C/0.0C,TW=1.43ms,App=4.96ms,GD=0.00ms,CPU&GPU=9.75ms,LCnt=2(DR91,LM2),GPU%=0.58,CPU%=0.73(W0.78),DSF=1.00,CFL=12.43/16.38,ICFLp95=15.20,LD=0,SF=1.00,LP=0,DVFS=0
05-15 14:42:19.103 25921 25944 I Unity   : [XR] [485728508272] [14:42:19.103][Verbose] Ignoring event type 1000156103
05-15 14:42:19.103 25921 25944 I Unity   : [XR] [485728508272] [14:42:19.103][Verbose] Ignoring event type 1000156104
05-15 14:42:19.133 25921 25944 I Unity   : [XR] [485728508272] [14:42:19.133][Verbose] Ignoring event type 1000156103
05-15 14:42:19.133 25921 25944 I Unity   : [XR] [485728508272] [14:42:19.133][Verbose] Ignoring event type 1000156104
05-15 14:42:19.166 25921 25944 I Unity   : [XR] [485728508272] [14:42:19.166][Verbose] Ignoring event type 1000156103
05-15 14:42:19.166 25921 25944 I Unity   : [XR] [485728508272] [14:42:19.166][Verbose] Ignoring event type 1000156104
05-15 14:42:19.199 25921 25944 I Unity   : [XR] [485728508272] [14:42:19.198][Verbose] Ignoring event type 1000156103
05-15 14:42:19.199 25921 25944 I Unity   : [XR] [485728508272] [14:42:19.199][Verbose] Ignoring event type 1000156104
05-15 14:42:19.221 25921 25944 I Unity   : [XR] [485728508272] [14:42:19.221][Verbose] Ignoring event type 1000156103
05-15 14:42:19.221 25921 25944 I Unity   : [XR] [485728508272] [14:42:19.221][Verbose] Ignoring event type 1000156104
05-15 14:42:19.256 25921 25944 I Unity   : [XR] [485728508272] [14:42:19.256][Verbose] Ignoring event type 1000156103
05-15 14:42:19.256 25921 25944 I Unity   : [XR] [485728508272] [14:42:19.256][Verbose] Ignoring event type 1000156104
05-15 14:42:19.289 25921 25944 I Unity   : [XR] [485728508272] [14:42:19.289][Verbose] Ignoring event type 1000156103
05-15 14:42:19.289 25921 25944 I Unity   : [XR] [485728508272] [14:42:19.289][Verbose] Ignoring event type 1000156104
05-15 14:42:19.322 25921 25944 I Unity   : [XR] [485728508272] [14:42:19.321][Verbose] Ignoring event type 1000156103
05-15 14:42:19.322 25921 25944 I Unity   : [XR] [485728508272] [14:42:19.322][Verbose] Ignoring event type 1000156104
05-15 14:42:19.353 25921 25944 I Unity   : [XR] [485728508272] [14:42:19.353][Verbose] Ignoring event type 1000156103
05-15 14:42:19.353 25921 25944 I Unity   : [XR] [485728508272] [14:42:19.353][Verbose] Ignoring event type 1000156104
05-15 14:42:19.389 25921 25944 I Unity   : [XR] [485728508272] [14:42:19.389][Verbose] Ignoring event type 1000156103
05-15 14:42:19.389 25921 25944 I Unity   : [XR] [485728508272] [14:42:19.389][Verbose] Ignoring event type 1000156104
05-15 14:42:19.421 25921 25944 I Unity   : [XR] [485728508272] [14:42:19.421][Verbose] Ignoring event type 1000156103
05-15 14:42:19.421 25921 25944 I Unity   : [XR] [485728508272] [14:42:19.421][Verbose] Ignoring event type 1000156104
05-15 14:42:19.454 25921 25944 I Unity   : [XR] [485728508272] [14:42:19.454][Verbose] Ignoring event type 1000156103
05-15 14:42:19.454 25921 25944 I Unity   : [XR] [485728508272] [14:42:19.454][Verbose] Ignoring event type 1000156104
05-15 14:42:19.487 25921 25944 I Unity   : [XR] [485728508272] [14:42:19.487][Verbose] Ignoring event type 1000156103
05-15 14:42:19.488 25921 25944 I Unity   : [XR] [485728508272] [14:42:19.488][Verbose] Ignoring event type 1000156104
05-15 14:42:19.521 25921 25944 I Unity   : [XR] [485728508272] [14:42:19.521][Verbose] Ignoring event type 1000156103
05-15 14:42:19.521 25921 25944 I Unity   : [XR] [485728508272] [14:42:19.521][Verbose] Ignoring event type 1000156104
05-15 14:42:19.557 25921 25944 I Unity   : [XR] [485728508272] [14:42:19.557][Verbose] Ignoring event type 1000156103
05-15 14:42:19.557 25921 25944 I Unity   : [XR] [485728508272] [14:42:19.557][Verbose] Ignoring event type 1000156104
05-15 14:42:19.589 25921 25944 I Unity   : [XR] [485728508272] [14:42:19.589][Verbose] Ignoring event type 1000156103
05-15 14:42:19.589 25921 25944 I Unity   : [XR] [485728508272] [14:42:19.589][Verbose] Ignoring event type 1000156104
05-15 14:42:19.621 25921 25944 I Unity   : [XR] [485728508272] [14:42:19.620][Verbose] Ignoring event type 1000156103
05-15 14:42:19.621 25921 25944 I Unity   : [XR] [485728508272] [14:42:19.621][Verbose] Ignoring event type 1000156104
05-15 14:42:19.655 25921 25944 I Unity   : [XR] [485728508272] [14:42:19.655][Verbose] Ignoring event type 1000156103
05-15 14:42:19.656 25921 25944 I Unity   : [XR] [485728508272] [14:42:19.656][Verbose] Ignoring event type 1000156104
05-15 14:42:19.687 25921 25944 I Unity   : [XR] [485728508272] [14:42:19.687][Verbose] Ignoring event type 1000156103
05-15 14:42:19.687 25921 25944 I Unity   : [XR] [485728508272] [14:42:19.687][Verbose] Ignoring event type 1000156104
05-15 14:42:19.720 25921 25944 I Unity   : [XR] [485728508272] [14:42:19.720][Verbose] Ignoring event type 1000156103
05-15 14:42:19.720 25921 25944 I Unity   : [XR] [485728508272] [14:42:19.720][Verbose] Ignoring event type 1000156104
05-15 14:42:19.755 25921 25944 I Unity   : [XR] [485728508272] [14:42:19.755][Verbose] Ignoring event type 1000156103
05-15 14:42:19.755 25921 25944 I Unity   : [XR] [485728508272] [14:42:19.755][Verbose] Ignoring event type 1000156104
05-15 14:42:19.789 25921 25944 I Unity   : [XR] [485728508272] [14:42:19.789][Verbose] Ignoring event type 1000156103
05-15 14:42:19.790 25921 25944 I Unity   : [XR] [485728508272] [14:42:19.789][Verbose] Ignoring event type 1000156104
05-15 14:42:19.821 25921 25944 I Unity   : [XR] [485728508272] [14:42:19.821][Verbose] Ignoring event type 1000156103
05-15 14:42:19.821 25921 25944 I Unity   : [XR] [485728508272] [14:42:19.821][Verbose] Ignoring event type 1000156104
05-15 14:42:19.854 25921 25944 I Unity   : [XR] [485728508272] [14:42:19.854][Verbose] Ignoring event type 1000156103
05-15 14:42:19.854 25921 25944 I Unity   : [XR] [485728508272] [14:42:19.854][Verbose] Ignoring event type 1000156104
05-15 14:42:19.889 25921 25944 I Unity   : [XR] [485728508272] [14:42:19.889][Verbose] Ignoring event type 1000156103
05-15 14:42:19.889 25921 25944 I Unity   : [XR] [485728508272] [14:42:19.889][Verbose] Ignoring event type 1000156104
05-15 14:42:19.921 25921 25944 I Unity   : [XR] [485728508272] [14:42:19.921][Verbose] Ignoring event type 1000156103
05-15 14:42:19.921 25921 25944 I Unity   : [XR] [485728508272] [14:42:19.921][Verbose] Ignoring event type 1000156104
05-15 14:42:19.953 25921 25944 I Unity   : [XR] [485728508272] [14:42:19.953][Verbose] Ignoring event type 1000156103
05-15 14:42:19.953 25921 25944 I Unity   : [XR] [485728508272] [14:42:19.953][Verbose] Ignoring event type 1000156104
05-15 14:42:19.976 25921 25944 I Unity   : [XR] [485728508272] [14:42:19.976][Verbose] Ignoring event type 1000156103
05-15 14:42:19.976 25921 25944 I Unity   : [XR] [485728508272] [14:42:19.976][Verbose] Ignoring event type 1000156104
05-15 14:42:20.011 25921 25944 I Unity   : [XR] [485728508272] [14:42:20.011][Verbose] Ignoring event type 1000156103
05-15 14:42:20.011 25921 25944 I Unity   : [XR] [485728508272] [14:42:20.011][Verbose] Ignoring event type 1000156104
05-15 14:42:20.043 25921 25944 I Unity   : [XR] [485728508272] [14:42:20.043][Verbose] Ignoring event type 1000156103
05-15 14:42:20.043 25921 25944 I Unity   : [XR] [485728508272] [14:42:20.043][Verbose] Ignoring event type 1000156104
05-15 14:42:20.058 25921 26076 I VrApi   : FPS=91/90,Prd=41ms,Tear=0,Early=39,Stale=0,Stale2/5/10/max=0/0/0/0,VSnc=1,Lat=-1,Fov=0,CPU4/GPU=3/2,1651/456MHz,OC=3F,TA=0/0/0,SP=N/N/N,Mem=3196MHz,Free=980MB,PLS=1,Temp=41.0C/0.0C,TW=1.44ms,App=6.28ms,GD=0.00ms,CPU&GPU=13.06ms,LCnt=2(DR90,LM2),GPU%=0.65,CPU%=0.80(W0.81),DSF=1.00,CFL=12.04/16.23,ICFLp95=15.18,LD=0,SF=1.00,LP=0,DVFS=0
05-15 14:42:20.089 25921 25944 I Unity   : [XR] [485728508272] [14:42:20.089][Verbose] Ignoring event type 1000156103
05-15 14:42:20.089 25921 25944 I Unity   : [XR] [485728508272] [14:42:20.089][Verbose] Ignoring event type 1000156104
05-15 14:42:20.120 25921 25944 I Unity   : [XR] [485728508272] [14:42:20.120][Verbose] Ignoring event type 1000156103
05-15 14:42:20.120 25921 25944 I Unity   : [XR] [485728508272] [14:42:20.120][Verbose] Ignoring event type 1000156104
05-15 14:42:20.141 25921 25944 I Unity   : [XR] [485728508272] [14:42:20.141][Verbose] Ignoring event type 1000156103
05-15 14:42:20.141 25921 25944 I Unity   : [XR] [485728508272] [14:42:20.141][Verbose] Ignoring event type 1000156104
05-15 14:42:20.177 25921 25944 I Unity   : [XR] [485728508272] [14:42:20.177][Verbose] Ignoring event type 1000156103
05-15 14:42:20.177 25921 25944 I Unity   : [XR] [485728508272] [14:42:20.177][Verbose] Ignoring event type 1000156104
05-15 14:42:20.218 25921 25944 I Unity   : [XR] [485728508272] [14:42:20.218][Verbose] Ignoring event type 1000156103
05-15 14:42:20.218 25921 25944 I Unity   : [XR] [485728508272] [14:42:20.218][Verbose] Ignoring event type 1000156104
05-15 14:42:20.253 25921 25944 I Unity   : [XR] [485728508272] [14:42:20.253][Verbose] Ignoring event type 1000156103
05-15 14:42:20.253 25921 25944 I Unity   : [XR] [485728508272] [14:42:20.253][Verbose] Ignoring event type 1000156104
05-15 14:42:20.285 25921 25944 I Unity   : [XR] [485728508272] [14:42:20.285][Verbose] Ignoring event type 1000156103
05-15 14:42:20.285 25921 25944 I Unity   : [XR] [485728508272] [14:42:20.285][Verbose] Ignoring event type 1000156104
05-15 14:42:20.318 25921 25944 I Unity   : [XR] [485728508272] [14:42:20.318][Verbose] Ignoring event type 1000156103
05-15 14:42:20.318 25921 25944 I Unity   : [XR] [485728508272] [14:42:20.318][Verbose] Ignoring event type 1000156104
05-15 14:42:20.355 25921 25944 I Unity   : [XR] [485728508272] [14:42:20.354][Verbose] Ignoring event type 1000156103
05-15 14:42:20.355 25921 25944 I Unity   : [XR] [485728508272] [14:42:20.355][Verbose] Ignoring event type 1000156104
05-15 14:42:20.385 25921 25944 I Unity   : [XR] [485728508272] [14:42:20.385][Verbose] Ignoring event type 1000156103
05-15 14:42:20.385 25921 25944 I Unity   : [XR] [485728508272] [14:42:20.385][Verbose] Ignoring event type 1000156104
05-15 14:42:20.420 25921 25944 I Unity   : [XR] [485728508272] [14:42:20.420][Verbose] Ignoring event type 1000156103
05-15 14:42:20.420 25921 25944 I Unity   : [XR] [485728508272] [14:42:20.420][Verbose] Ignoring event type 1000156104
05-15 14:42:20.453 25921 25944 I Unity   : [XR] [485728508272] [14:42:20.453][Verbose] Ignoring event type 1000156103
05-15 14:42:20.454 25921 25944 I Unity   : [XR] [485728508272] [14:42:20.454][Verbose] Ignoring event type 1000156104
05-15 14:42:20.485 25921 25944 I Unity   : [XR] [485728508272] [14:42:20.485][Verbose] Ignoring event type 1000156103
05-15 14:42:20.485 25921 25944 I Unity   : [XR] [485728508272] [14:42:20.485][Verbose] Ignoring event type 1000156104
05-15 14:42:20.520 25921 25944 I Unity   : [XR] [485728508272] [14:42:20.520][Verbose] Ignoring event type 1000156103
05-15 14:42:20.520 25921 25944 I Unity   : [XR] [485728508272] [14:42:20.520][Verbose] Ignoring event type 1000156104
05-15 14:42:20.543 25921 25944 I Unity   : [XR] [485728508272] [14:42:20.543][Verbose] Ignoring event type 1000156103
05-15 14:42:20.543 25921 25944 I Unity   : [XR] [485728508272] [14:42:20.543][Verbose] Ignoring event type 1000156104
05-15 14:42:20.575 25921 25944 I Unity   : [XR] [485728508272] [14:42:20.575][Verbose] Ignoring event type 1000156103
05-15 14:42:20.575 25921 25944 I Unity   : [XR] [485728508272] [14:42:20.575][Verbose] Ignoring event type 1000156104
05-15 14:42:20.605 25921 25944 I Unity   : [XR] [485728508272] [14:42:20.605][Verbose] Ignoring event type 1000156103
05-15 14:42:20.605 25921 25944 I Unity   : [XR] [485728508272] [14:42:20.605][Verbose] Ignoring event type 1000156104
05-15 14:42:20.642 25921 25944 I Unity   : [XR] [485728508272] [14:42:20.642][Verbose] Ignoring event type 1000156103
05-15 14:42:20.642 25921 25944 I Unity   : [XR] [485728508272] [14:42:20.642][Verbose] Ignoring event type 1000156104
05-15 14:42:20.675 25921 25944 I Unity   : [XR] [485728508272] [14:42:20.675][Verbose] Ignoring event type 1000156103
05-15 14:42:20.675 25921 25944 I Unity   : [XR] [485728508272] [14:42:20.675][Verbose] Ignoring event type 1000156104
05-15 14:42:20.699 25921 25944 I Unity   : [XR] [485728508272] [14:42:20.699][Verbose] Ignoring event type 1000156103
05-15 14:42:20.699 25921 25944 I Unity   : [XR] [485728508272] [14:42:20.699][Verbose] Ignoring event type 1000156104
05-15 14:42:20.742 25921 25944 I Unity   : [XR] [485728508272] [14:42:20.742][Verbose] Ignoring event type 1000156103
05-15 14:42:20.742 25921 25944 I Unity   : [XR] [485728508272] [14:42:20.742][Verbose] Ignoring event type 1000156104
05-15 14:42:20.775 25921 25944 I Unity   : [XR] [485728508272] [14:42:20.775][Verbose] Ignoring event type 1000156103
05-15 14:42:20.776 25921 25944 I Unity   : [XR] [485728508272] [14:42:20.776][Verbose] Ignoring event type 1000156104
05-15 14:42:20.808 25921 25944 I Unity   : [XR] [485728508272] [14:42:20.808][Verbose] Ignoring event type 1000156103
05-15 14:42:20.808 25921 25944 I Unity   : [XR] [485728508272] [14:42:20.808][Verbose] Ignoring event type 1000156104
05-15 14:42:20.853 25921 25944 I Unity   : [XR] [485728508272] [14:42:20.853][Verbose] Ignoring event type 1000156103
05-15 14:42:20.853 25921 25944 I Unity   : [XR] [485728508272] [14:42:20.853][Verbose] Ignoring event type 1000156104
05-15 14:42:20.883 25921 25944 I Unity   : [XR] [485728508272] [14:42:20.883][Verbose] Ignoring event type 1000156103
05-15 14:42:20.883 25921 25944 I Unity   : [XR] [485728508272] [14:42:20.883][Verbose] Ignoring event type 1000156104
05-15 14:42:20.917 25921 25944 I Unity   : [XR] [485728508272] [14:42:20.917][Verbose] Ignoring event type 1000156103
05-15 14:42:20.917 25921 25944 I Unity   : [XR] [485728508272] [14:42:20.917][Verbose] Ignoring event type 1000156104
05-15 14:42:20.953 25921 25944 I Unity   : [XR] [485728508272] [14:42:20.953][Verbose] Ignoring event type 1000156103
05-15 14:42:20.954 25921 25944 I Unity   : [XR] [485728508272] [14:42:20.954][Verbose] Ignoring event type 1000156104
05-15 14:42:20.984 25921 25944 I Unity   : [XR] [485728508272] [14:42:20.984][Verbose] Ignoring event type 1000156103
05-15 14:42:20.984 25921 25944 I Unity   : [XR] [485728508272] [14:42:20.984][Verbose] Ignoring event type 1000156104
05-15 14:42:21.019 25921 25944 I Unity   : [XR] [485728508272] [14:42:21.019][Verbose] Ignoring event type 1000156103
05-15 14:42:21.020 25921 25944 I Unity   : [XR] [485728508272] [14:42:21.019][Verbose] Ignoring event type 1000156104
05-15 14:42:21.052 25921 25944 I Unity   : [XR] [485728508272] [14:42:21.052][Verbose] Ignoring event type 1000156103
05-15 14:42:21.052 25921 25944 I Unity   : [XR] [485728508272] [14:42:21.052][Verbose] Ignoring event type 1000156104
05-15 14:42:21.059 25921 26076 I VrApi   : FPS=90/90,Prd=43ms,Tear=0,Early=35,Stale=0,Stale2/5/10/max=0/0/0/0,VSnc=1,Lat=-1,Fov=0,CPU4/GPU=3/2,1651/456MHz,OC=3F,TA=0/0/0,SP=N/N/N,Mem=3196MHz,Free=980MB,PLS=1,Temp=41.0C/0.0C,TW=1.39ms,App=6.17ms,GD=0.00ms,CPU&GPU=12.94ms,LCnt=2(DR91,LM2),GPU%=0.66,CPU%=0.84(W0.86),DSF=1.00,CFL=12.17/17.48,ICFLp95=15.63,LD=0,SF=1.00,LP=0,DVFS=0
05-15 14:42:21.085 25921 25944 I Unity   : [XR] [485728508272] [14:42:21.085][Verbose] Ignoring event type 1000156103
05-15 14:42:21.085 25921 25944 I Unity   : [XR] [485728508272] [14:42:21.085][Verbose] Ignoring event type 1000156104
05-15 14:42:21.131 25921 25944 I Unity   : [XR] [485728508272] [14:42:21.131][Verbose] Ignoring event type 1000156103
05-15 14:42:21.131 25921 25944 I Unity   : [XR] [485728508272] [14:42:21.131][Verbose] Ignoring event type 1000156104
05-15 14:42:21.164 25921 25944 I Unity   : [XR] [485728508272] [14:42:21.164][Verbose] Ignoring event type 1000156103
05-15 14:42:21.164 25921 25944 I Unity   : [XR] [485728508272] [14:42:21.164][Verbose] Ignoring event type 1000156104
05-15 14:42:21.196 25921 25944 I Unity   : [XR] [485728508272] [14:42:21.196][Verbose] Ignoring event type 1000156103
05-15 14:42:21.196 25921 25944 I Unity   : [XR] [485728508272] [14:42:21.196][Verbose] Ignoring event type 1000156104
05-15 14:42:21.231 25921 25944 I Unity   : [XR] [485728508272] [14:42:21.231][Verbose] Ignoring event type 1000156103
05-15 14:42:21.232 25921 25944 I Unity   : [XR] [485728508272] [14:42:21.232][Verbose] Ignoring event type 1000156104
05-15 14:42:21.263 25921 25944 I Unity   : [XR] [485728508272] [14:42:21.263][Verbose] Ignoring event type 1000156103
05-15 14:42:21.263 25921 25944 I Unity   : [XR] [485728508272] [14:42:21.263][Verbose] Ignoring event type 1000156104
05-15 14:42:21.297 25921 25944 I Unity   : [XR] [485728508272] [14:42:21.297][Verbose] Ignoring event type 1000156103
05-15 14:42:21.297 25921 25944 I Unity   : [XR] [485728508272] [14:42:21.297][Verbose] Ignoring event type 1000156104
05-15 14:42:21.330 25921 25944 I Unity   : [XR] [485728508272] [14:42:21.330][Verbose] Ignoring event type 1000156103
05-15 14:42:21.330 25921 25944 I Unity   : [XR] [485728508272] [14:42:21.330][Verbose] Ignoring event type 1000156104
05-15 14:42:21.364 25921 25944 I Unity   : [XR] [485728508272] [14:42:21.364][Verbose] Ignoring event type 1000156103
05-15 14:42:21.364 25921 25944 I Unity   : [XR] [485728508272] [14:42:21.364][Verbose] Ignoring event type 1000156104
05-15 14:42:21.398 25921 25944 I Unity   : [XR] [485728508272] [14:42:21.398][Verbose] Ignoring event type 1000156103
05-15 14:42:21.398 25921 25944 I Unity   : [XR] [485728508272] [14:42:21.398][Verbose] Ignoring event type 1000156104
05-15 14:42:21.432 25921 25944 I Unity   : [XR] [485728508272] [14:42:21.432][Verbose] Ignoring event type 1000156103
05-15 14:42:21.432 25921 25944 I Unity   : [XR] [485728508272] [14:42:21.432][Verbose] Ignoring event type 1000156104
05-15 14:42:21.463 25921 25944 I Unity   : [XR] [485728508272] [14:42:21.463][Verbose] Ignoring event type 1000156103
05-15 14:42:21.463 25921 25944 I Unity   : [XR] [485728508272] [14:42:21.463][Verbose] Ignoring event type 1000156104
05-15 14:42:21.489 25921 25944 I Unity   : [XR] [485728508272] [14:42:21.489][Verbose] Ignoring event type 1000156103
05-15 14:42:21.489 25921 25944 I Unity   : [XR] [485728508272] [14:42:21.489][Verbose] Ignoring event type 1000156104
05-15 14:42:21.529 25921 25944 I Unity   : [XR] [485728508272] [14:42:21.529][Verbose] Ignoring event type 1000156103
05-15 14:42:21.529 25921 25944 I Unity   : [XR] [485728508272] [14:42:21.529][Verbose] Ignoring event type 1000156104
05-15 14:42:21.564 25921 25944 I Unity   : [XR] [485728508272] [14:42:21.564][Verbose] Ignoring event type 1000156103
05-15 14:42:21.564 25921 25944 I Unity   : [XR] [485728508272] [14:42:21.564][Verbose] Ignoring event type 1000156104
05-15 14:42:21.596 25921 25944 I Unity   : [XR] [485728508272] [14:42:21.596][Verbose] Ignoring event type 1000156103
05-15 14:42:21.596 25921 25944 I Unity   : [XR] [485728508272] [14:42:21.596][Verbose] Ignoring event type 1000156104
05-15 14:42:21.631 25921 25944 I Unity   : [XR] [485728508272] [14:42:21.631][Verbose] Ignoring event type 1000156103
05-15 14:42:21.631 25921 25944 I Unity   : [XR] [485728508272] [14:42:21.631][Verbose] Ignoring event type 1000156104
05-15 14:42:21.662 25921 25944 I Unity   : [XR] [485728508272] [14:42:21.662][Verbose] Ignoring event type 1000156103
05-15 14:42:21.662 25921 25944 I Unity   : [XR] [485728508272] [14:42:21.662][Verbose] Ignoring event type 1000156104
05-15 14:42:21.695 25921 25944 I Unity   : [XR] [485728508272] [14:42:21.695][Verbose] Ignoring event type 1000156103
05-15 14:42:21.695 25921 25944 I Unity   : [XR] [485728508272] [14:42:21.695][Verbose] Ignoring event type 1000156104
05-15 14:42:21.728 25921 25944 I Unity   : [XR] [485728508272] [14:42:21.728][Verbose] Ignoring event type 1000156103
05-15 14:42:21.728 25921 25944 I Unity   : [XR] [485728508272] [14:42:21.728][Verbose] Ignoring event type 1000156104
05-15 14:42:21.764 25921 25944 I Unity   : [XR] [485728508272] [14:42:21.764][Verbose] Ignoring event type 1000156103
05-15 14:42:21.764 25921 25944 I Unity   : [XR] [485728508272] [14:42:21.764][Verbose] Ignoring event type 1000156104
05-15 14:42:21.797 25921 25944 I Unity   : [XR] [485728508272] [14:42:21.797][Verbose] Ignoring event type 1000156103
05-15 14:42:21.797 25921 25944 I Unity   : [XR] [485728508272] [14:42:21.797][Verbose] Ignoring event type 1000156104
05-15 14:42:21.830 25921 25944 I Unity   : [XR] [485728508272] [14:42:21.830][Verbose] Ignoring event type 1000156103
05-15 14:42:21.830 25921 25944 I Unity   : [XR] [485728508272] [14:42:21.830][Verbose] Ignoring event type 1000156104
05-15 14:42:21.864 25921 25944 I Unity   : [XR] [485728508272] [14:42:21.864][Verbose] Ignoring event type 1000156103
05-15 14:42:21.864 25921 25944 I Unity   : [XR] [485728508272] [14:42:21.864][Verbose] Ignoring event type 1000156104
05-15 14:42:21.897 25921 25944 I Unity   : [XR] [485728508272] [14:42:21.897][Verbose] Ignoring event type 1000156103
05-15 14:42:21.897 25921 25944 I Unity   : [XR] [485728508272] [14:42:21.897][Verbose] Ignoring event type 1000156104
05-15 14:42:21.930 25921 25944 I Unity   : [XR] [485728508272] [14:42:21.930][Verbose] Ignoring event type 1000156103
05-15 14:42:21.930 25921 25944 I Unity   : [XR] [485728508272] [14:42:21.930][Verbose] Ignoring event type 1000156104
05-15 14:42:21.964 25921 25944 I Unity   : [XR] [485728508272] [14:42:21.964][Verbose] Ignoring event type 1000156103
05-15 14:42:21.964 25921 25944 I Unity   : [XR] [485728508272] [14:42:21.964][Verbose] Ignoring event type 1000156104
05-15 14:42:22.009 25921 25944 I Unity   : [XR] [485728508272] [14:42:22.009][Verbose] Ignoring event type 1000156103
05-15 14:42:22.009 25921 25944 I Unity   : [XR] [485728508272] [14:42:22.009][Verbose] Ignoring event type 1000156104
05-15 14:42:22.043 25921 25944 I Unity   : [XR] [485728508272] [14:42:22.043][Verbose] Ignoring event type 1000156103
05-15 14:42:22.043 25921 25944 I Unity   : [XR] [485728508272] [14:42:22.043][Verbose] Ignoring event type 1000156104
05-15 14:42:22.059 25921 26076 I VrApi   : FPS=91/90,Prd=45ms,Tear=0,Early=36,Stale=0,Stale2/5/10/max=0/0/0/0,VSnc=1,Lat=-1,Fov=0,CPU4/GPU=3/2,1651/456MHz,OC=3F,TA=0/0/0,SP=N/N/N,Mem=3196MHz,Free=980MB,PLS=1,Temp=41.0C/0.0C,TW=1.35ms,App=6.50ms,GD=0.00ms,CPU&GPU=14.67ms,LCnt=2(DR90,LM2),GPU%=0.67,CPU%=0.88(W0.95),DSF=1.00,CFL=12.21/16.99,ICFLp95=15.65,LD=0,SF=1.00,LP=0,DVFS=0
05-15 14:42:22.086 25921 25944 I Unity   : [XR] [485728508272] [14:42:22.086][Verbose] Ignoring event type 1000156103
05-15 14:42:22.086 25921 25944 I Unity   : [XR] [485728508272] [14:42:22.086][Verbose] Ignoring event type 1000156104
05-15 14:42:22.120 25921 25944 I Unity   : [XR] [485728508272] [14:42:22.120][Verbose] Ignoring event type 1000156103
05-15 14:42:22.120 25921 25944 I Unity   : [XR] [485728508272] [14:42:22.120][Verbose] Ignoring event type 1000156104
05-15 14:42:22.154 25921 25944 I Unity   : [XR] [485728508272] [14:42:22.154][Verbose] Ignoring event type 1000156103
05-15 14:42:22.154 25921 25944 I Unity   : [XR] [485728508272] [14:42:22.154][Verbose] Ignoring event type 1000156104
05-15 14:42:22.185 25921 25944 I Unity   : [XR] [485728508272] [14:42:22.185][Verbose] Ignoring event type 1000156103
05-15 14:42:22.186 25921 25944 I Unity   : [XR] [485728508272] [14:42:22.186][Verbose] Ignoring event type 1000156104
05-15 14:42:22.231 25921 25944 I Unity   : [XR] [485728508272] [14:42:22.231][Verbose] Ignoring event type 1000156103
05-15 14:42:22.231 25921 25944 I Unity   : [XR] [485728508272] [14:42:22.231][Verbose] Ignoring event type 1000156104
05-15 14:42:22.264 25921 25944 I Unity   : [XR] [485728508272] [14:42:22.264][Verbose] Ignoring event type 1000156103
05-15 14:42:22.264 25921 25944 I Unity   : [XR] [485728508272] [14:42:22.264][Verbose] Ignoring event type 1000156104
05-15 14:42:22.298 25921 25944 I Unity   : [XR] [485728508272] [14:42:22.298][Verbose] Ignoring event type 1000156103
05-15 14:42:22.298 25921 25944 I Unity   : [XR] [485728508272] [14:42:22.298][Verbose] Ignoring event type 1000156104
05-15 14:42:22.331 25921 25944 I Unity   : [XR] [485728508272] [14:42:22.331][Verbose] Ignoring event type 1000156103
05-15 14:42:22.331 25921 25944 I Unity   : [XR] [485728508272] [14:42:22.331][Verbose] Ignoring event type 1000156104
