05-15 14:39:54.906 25921 25944 I Unity   : Starting test run 1 for BuiltIn with passthrough False
05-15 14:39:54.906 25921 25944 I Unity   : <ExecuteTests>d__48:MoveNext()
05-15 14:39:54.906 25921 25944 I Unity   : UnityEngine.SetupCoroutine:InvokeMoveNext(IEnumerator, IntPtr)
05-15 14:39:54.906 25921 25944 I Unity   : 
05-15 14:39:54.907 25921 25944 I Unity   : Recording starting BuiltIn-False-2024-05-15_14-39-54
05-15 14:39:54.907 25921 25944 I Unity   : <ExecuteTest>d__49:MoveNext()
05-15 14:39:54.907 25921 25944 I Unity   : UnityEngine.SetupCoroutine:InvokeMoveNext(IEnumerator, IntPtr)
05-15 14:39:54.907 25921 25944 I Unity   : 
05-15 14:39:54.907 25921 25944 I Unity   : Starting recording!
05-15 14:39:54.907 25921 25944 I Unity   : AutomatedTest:StartRecording()
05-15 14:39:54.907 25921 25944 I Unity   : <ExecuteTest>d__49:MoveNext()
05-15 14:39:54.907 25921 25944 I Unity   : UnityEngine.SetupCoroutine:InvokeMoveNext(IEnumerator, IntPtr)
05-15 14:39:54.907 25921 25944 I Unity   : 
05-15 14:39:54.918 25921 25944 I Unity   : [XR] [485728508272] [14:39:54.918][Verbose] Ignoring event type 1000156103
05-15 14:39:54.918 25921 25944 I Unity   : [XR] [485728508272] [14:39:54.918][Verbose] Ignoring event type 1000156104
05-15 14:39:54.947 25921 25944 I Unity   : [XR] [485728508272] [14:39:54.947][Verbose] Ignoring event type 1000156103
05-15 14:39:54.947 25921 25944 I Unity   : [XR] [485728508272] [14:39:54.947][Verbose] Ignoring event type 1000156104
05-15 14:39:54.981 25921 25944 I Unity   : [XR] [485728508272] [14:39:54.981][Verbose] Ignoring event type 1000156103
05-15 14:39:54.981 25921 25944 I Unity   : [XR] [485728508272] [14:39:54.981][Verbose] Ignoring event type 1000156104
05-15 14:39:55.014 25921 25944 I Unity   : [XR] [485728508272] [14:39:55.014][Verbose] Ignoring event type 1000156103
05-15 14:39:55.015 25921 25944 I Unity   : [XR] [485728508272] [14:39:55.014][Verbose] Ignoring event type 1000156104
05-15 14:39:55.019 25921 26076 I VrApi   : FPS=90/90,Prd=39ms,Tear=0,Early=17,Stale=0,Stale2/5/10/max=0/0/0/0,VSnc=1,Lat=-1,Fov=0,CPU4/GPU=3/2,1651/456MHz,OC=3F,TA=0/0/0,SP=N/N/N,Mem=2736MHz,Free=1261MB,PLS=1,Temp=39.0C/0.0C,TW=1.34ms,App=3.05ms,GD=0.00ms,CPU&GPU=7.18ms,LCnt=2(DR91,LM2),GPU%=0.45,CPU%=0.70(W0.84),DSF=1.00,CFL=12.22/17.00,ICFLp95=15.38,LD=0,SF=1.00,LP=0,DVFS=0
05-15 14:39:55.045 25921 25944 I Unity   : [XR] [485728508272] [14:39:55.044][Verbose] Ignoring event type 1000156103
05-15 14:39:55.045 25921 25944 I Unity   : [XR] [485728508272] [14:39:55.045][Verbose] Ignoring event type 1000156104
05-15 14:39:55.081 25921 25944 I Unity   : [XR] [485728508272] [14:39:55.081][Verbose] Ignoring event type 1000156103
05-15 14:39:55.081 25921 25944 I Unity   : [XR] [485728508272] [14:39:55.081][Verbose] Ignoring event type 1000156104
05-15 14:39:55.114 25921 25944 I Unity   : [XR] [485728508272] [14:39:55.114][Verbose] Ignoring event type 1000156103
05-15 14:39:55.114 25921 25944 I Unity   : [XR] [485728508272] [14:39:55.114][Verbose] Ignoring event type 1000156104
05-15 14:39:55.136 25921 25944 I Unity   : [XR] [485728508272] [14:39:55.136][Verbose] Ignoring event type 1000156103
05-15 14:39:55.136 25921 25944 I Unity   : [XR] [485728508272] [14:39:55.136][Verbose] Ignoring event type 1000156104
05-15 14:39:55.170 25921 25944 I Unity   : [XR] [485728508272] [14:39:55.170][Verbose] Ignoring event type 1000156103
05-15 14:39:55.170 25921 25944 I Unity   : [XR] [485728508272] [14:39:55.170][Verbose] Ignoring event type 1000156104
05-15 14:39:55.200 25921 25944 I Unity   : [XR] [485728508272] [14:39:55.200][Verbose] Ignoring event type 1000156103
05-15 14:39:55.200 25921 25944 I Unity   : [XR] [485728508272] [14:39:55.200][Verbose] Ignoring event type 1000156104
05-15 14:39:55.224 25921 25944 I Unity   : [XR] [485728508272] [14:39:55.224][Verbose] Ignoring event type 1000156103
05-15 14:39:55.224 25921 25944 I Unity   : [XR] [485728508272] [14:39:55.224][Verbose] Ignoring event type 1000156104
05-15 14:39:55.258 25921 25944 I Unity   : [XR] [485728508272] [14:39:55.258][Verbose] Ignoring event type 1000156103
05-15 14:39:55.258 25921 25944 I Unity   : [XR] [485728508272] [14:39:55.258][Verbose] Ignoring event type 1000156104
05-15 14:39:55.290 25921 25944 I Unity   : [XR] [485728508272] [14:39:55.290][Verbose] Ignoring event type 1000156103
05-15 14:39:55.290 25921 25944 I Unity   : [XR] [485728508272] [14:39:55.290][Verbose] Ignoring event type 1000156104
05-15 14:39:55.325 25921 25944 I Unity   : [XR] [485728508272] [14:39:55.325][Verbose] Ignoring event type 1000156103
05-15 14:39:55.326 25921 25944 I Unity   : [XR] [485728508272] [14:39:55.326][Verbose] Ignoring event type 1000156104
05-15 14:39:55.357 25921 25944 I Unity   : [XR] [485728508272] [14:39:55.357][Verbose] Ignoring event type 1000156103
05-15 14:39:55.357 25921 25944 I Unity   : [XR] [485728508272] [14:39:55.357][Verbose] Ignoring event type 1000156104
05-15 14:39:55.381 25921 25944 I Unity   : [XR] [485728508272] [14:39:55.381][Verbose] Ignoring event type 1000156103
05-15 14:39:55.381 25921 25944 I Unity   : [XR] [485728508272] [14:39:55.381][Verbose] Ignoring event type 1000156104
05-15 14:39:55.413 25921 25944 I Unity   : [XR] [485728508272] [14:39:55.413][Verbose] Ignoring event type 1000156103
05-15 14:39:55.413 25921 25944 I Unity   : [XR] [485728508272] [14:39:55.413][Verbose] Ignoring event type 1000156104
05-15 14:39:55.448 25921 25944 I Unity   : [XR] [485728508272] [14:39:55.448][Verbose] Ignoring event type 1000156103
05-15 14:39:55.448 25921 25944 I Unity   : [XR] [485728508272] [14:39:55.448][Verbose] Ignoring event type 1000156104
05-15 14:39:55.480 25921 25944 I Unity   : [XR] [485728508272] [14:39:55.480][Verbose] Ignoring event type 1000156103
05-15 14:39:55.480 25921 25944 I Unity   : [XR] [485728508272] [14:39:55.480][Verbose] Ignoring event type 1000156104
05-15 14:39:55.525 25921 25944 I Unity   : [XR] [485728508272] [14:39:55.525][Verbose] Ignoring event type 1000156103
05-15 14:39:55.525 25921 25944 I Unity   : [XR] [485728508272] [14:39:55.525][Verbose] Ignoring event type 1000156104
05-15 14:39:55.558 25921 25944 I Unity   : [XR] [485728508272] [14:39:55.558][Verbose] Ignoring event type 1000156103
05-15 14:39:55.558 25921 25944 I Unity   : [XR] [485728508272] [14:39:55.558][Verbose] Ignoring event type 1000156104
05-15 14:39:55.592 25921 25944 I Unity   : [XR] [485728508272] [14:39:55.592][Verbose] Ignoring event type 1000156103
05-15 14:39:55.592 25921 25944 I Unity   : [XR] [485728508272] [14:39:55.592][Verbose] Ignoring event type 1000156104
05-15 14:39:55.624 25921 25944 I Unity   : [XR] [485728508272] [14:39:55.624][Verbose] Ignoring event type 1000156103
05-15 14:39:55.624 25921 25944 I Unity   : [XR] [485728508272] [14:39:55.624][Verbose] Ignoring event type 1000156104
05-15 14:39:55.656 25921 25944 I Unity   : [XR] [485728508272] [14:39:55.656][Verbose] Ignoring event type 1000156103
05-15 14:39:55.657 25921 25944 I Unity   : [XR] [485728508272] [14:39:55.657][Verbose] Ignoring event type 1000156104
05-15 14:39:55.690 25921 25944 I Unity   : [XR] [485728508272] [14:39:55.690][Verbose] Ignoring event type 1000156103
05-15 14:39:55.690 25921 25944 I Unity   : [XR] [485728508272] [14:39:55.690][Verbose] Ignoring event type 1000156104
05-15 14:39:55.724 25921 25944 I Unity   : [XR] [485728508272] [14:39:55.724][Verbose] Ignoring event type 1000156103
05-15 14:39:55.724 25921 25944 I Unity   : [XR] [485728508272] [14:39:55.724][Verbose] Ignoring event type 1000156104
05-15 14:39:55.758 25921 25944 I Unity   : [XR] [485728508272] [14:39:55.758][Verbose] Ignoring event type 1000156103
05-15 14:39:55.758 25921 25944 I Unity   : [XR] [485728508272] [14:39:55.758][Verbose] Ignoring event type 1000156104
05-15 14:39:55.791 25921 25944 I Unity   : [XR] [485728508272] [14:39:55.791][Verbose] Ignoring event type 1000156103
05-15 14:39:55.791 25921 25944 I Unity   : [XR] [485728508272] [14:39:55.791][Verbose] Ignoring event type 1000156104
05-15 14:39:55.824 25921 25944 I Unity   : [XR] [485728508272] [14:39:55.824][Verbose] Ignoring event type 1000156103
05-15 14:39:55.824 25921 25944 I Unity   : [XR] [485728508272] [14:39:55.824][Verbose] Ignoring event type 1000156104
05-15 14:39:55.857 25921 25944 I Unity   : [XR] [485728508272] [14:39:55.857][Verbose] Ignoring event type 1000156103
05-15 14:39:55.858 25921 25944 I Unity   : [XR] [485728508272] [14:39:55.858][Verbose] Ignoring event type 1000156104
05-15 14:39:55.889 25921 25944 I Unity   : [XR] [485728508272] [14:39:55.889][Verbose] Ignoring event type 1000156103
05-15 14:39:55.889 25921 25944 I Unity   : [XR] [485728508272] [14:39:55.889][Verbose] Ignoring event type 1000156104
05-15 14:39:55.924 25921 25944 I Unity   : [XR] [485728508272] [14:39:55.924][Verbose] Ignoring event type 1000156103
05-15 14:39:55.924 25921 25944 I Unity   : [XR] [485728508272] [14:39:55.924][Verbose] Ignoring event type 1000156104
05-15 14:39:55.958 25921 25944 I Unity   : [XR] [485728508272] [14:39:55.958][Verbose] Ignoring event type 1000156103
05-15 14:39:55.958 25921 25944 I Unity   : [XR] [485728508272] [14:39:55.958][Verbose] Ignoring event type 1000156104
05-15 14:39:55.991 25921 25944 I Unity   : [XR] [485728508272] [14:39:55.990][Verbose] Ignoring event type 1000156103
05-15 14:39:55.991 25921 25944 I Unity   : [XR] [485728508272] [14:39:55.991][Verbose] Ignoring event type 1000156104
05-15 14:39:56.020 25921 26076 I VrApi   : FPS=91/90,Prd=39ms,Tear=0,Early=21,Stale=0,Stale2/5/10/max=0/0/0/0,VSnc=1,Lat=-1,Fov=0,CPU4/GPU=3/2,1651/456MHz,OC=3F,TA=0/0/0,SP=N/N/N,Mem=2736MHz,Free=1261MB,PLS=1,Temp=39.0C/0.0C,TW=1.40ms,App=4.89ms,GD=0.00ms,CPU&GPU=9.17ms,LCnt=2(DR90,LM2),GPU%=0.58,CPU%=0.73(W0.75),DSF=1.00,CFL=11.76/16.31,ICFLp95=14.96,LD=0,SF=1.00,LP=0,DVFS=0
05-15 14:39:56.023 25921 25944 I Unity   : [XR] [485728508272] [14:39:56.023][Verbose] Ignoring event type 1000156103
05-15 14:39:56.023 25921 25944 I Unity   : [XR] [485728508272] [14:39:56.023][Verbose] Ignoring event type 1000156104
05-15 14:39:56.055 25921 25944 I Unity   : [XR] [485728508272] [14:39:56.055][Verbose] Ignoring event type 1000156103
05-15 14:39:56.055 25921 25944 I Unity   : [XR] [485728508272] [14:39:56.055][Verbose] Ignoring event type 1000156104
05-15 14:39:56.089 25921 25944 I Unity   : [XR] [485728508272] [14:39:56.089][Verbose] Ignoring event type 1000156103
05-15 14:39:56.089 25921 25944 I Unity   : [XR] [485728508272] [14:39:56.089][Verbose] Ignoring event type 1000156104
05-15 14:39:56.124 25921 25944 I Unity   : [XR] [485728508272] [14:39:56.124][Verbose] Ignoring event type 1000156103
05-15 14:39:56.124 25921 25944 I Unity   : [XR] [485728508272] [14:39:56.124][Verbose] Ignoring event type 1000156104
05-15 14:39:56.157 25921 25944 I Unity   : [XR] [485728508272] [14:39:56.157][Verbose] Ignoring event type 1000156103
05-15 14:39:56.157 25921 25944 I Unity   : [XR] [485728508272] [14:39:56.157][Verbose] Ignoring event type 1000156104
05-15 14:39:56.179 25921 25944 I Unity   : [XR] [485728508272] [14:39:56.179][Verbose] Ignoring event type 1000156103
05-15 14:39:56.179 25921 25944 I Unity   : [XR] [485728508272] [14:39:56.179][Verbose] Ignoring event type 1000156104
05-15 14:39:56.213 25921 25944 I Unity   : [XR] [485728508272] [14:39:56.213][Verbose] Ignoring event type 1000156103
05-15 14:39:56.213 25921 25944 I Unity   : [XR] [485728508272] [14:39:56.213][Verbose] Ignoring event type 1000156104
05-15 14:39:56.245 25921 25944 I Unity   : [XR] [485728508272] [14:39:56.245][Verbose] Ignoring event type 1000156103
05-15 14:39:56.245 25921 25944 I Unity   : [XR] [485728508272] [14:39:56.245][Verbose] Ignoring event type 1000156104
05-15 14:39:56.279 25921 25944 I Unity   : [XR] [485728508272] [14:39:56.279][Verbose] Ignoring event type 1000156103
05-15 14:39:56.279 25921 25944 I Unity   : [XR] [485728508272] [14:39:56.279][Verbose] Ignoring event type 1000156104
05-15 14:39:56.324 25921 25944 I Unity   : [XR] [485728508272] [14:39:56.324][Verbose] Ignoring event type 1000156103
05-15 14:39:56.324 25921 25944 I Unity   : [XR] [485728508272] [14:39:56.324][Verbose] Ignoring event type 1000156104
05-15 14:39:56.357 25921 25944 I Unity   : [XR] [485728508272] [14:39:56.357][Verbose] Ignoring event type 1000156103
05-15 14:39:56.357 25921 25944 I Unity   : [XR] [485728508272] [14:39:56.357][Verbose] Ignoring event type 1000156104
05-15 14:39:56.389 25921 25944 I Unity   : [XR] [485728508272] [14:39:56.389][Verbose] Ignoring event type 1000156103
05-15 14:39:56.389 25921 25944 I Unity   : [XR] [485728508272] [14:39:56.389][Verbose] Ignoring event type 1000156104
05-15 14:39:56.423 25921 25944 I Unity   : [XR] [485728508272] [14:39:56.423][Verbose] Ignoring event type 1000156103
05-15 14:39:56.423 25921 25944 I Unity   : [XR] [485728508272] [14:39:56.423][Verbose] Ignoring event type 1000156104
05-15 14:39:56.456 25921 25944 I Unity   : [XR] [485728508272] [14:39:56.456][Verbose] Ignoring event type 1000156103
05-15 14:39:56.456 25921 25944 I Unity   : [XR] [485728508272] [14:39:56.456][Verbose] Ignoring event type 1000156104
05-15 14:39:56.491 25921 25944 I Unity   : [XR] [485728508272] [14:39:56.491][Verbose] Ignoring event type 1000156103
05-15 14:39:56.491 25921 25944 I Unity   : [XR] [485728508272] [14:39:56.491][Verbose] Ignoring event type 1000156104
05-15 14:39:56.523 25921 25944 I Unity   : [XR] [485728508272] [14:39:56.523][Verbose] Ignoring event type 1000156103
05-15 14:39:56.523 25921 25944 I Unity   : [XR] [485728508272] [14:39:56.523][Verbose] Ignoring event type 1000156104
05-15 14:39:56.557 25921 25944 I Unity   : [XR] [485728508272] [14:39:56.557][Verbose] Ignoring event type 1000156103
05-15 14:39:56.557 25921 25944 I Unity   : [XR] [485728508272] [14:39:56.557][Verbose] Ignoring event type 1000156104
05-15 14:39:56.590 25921 25944 I Unity   : [XR] [485728508272] [14:39:56.590][Verbose] Ignoring event type 1000156103
05-15 14:39:56.590 25921 25944 I Unity   : [XR] [485728508272] [14:39:56.590][Verbose] Ignoring event type 1000156104
05-15 14:39:56.623 25921 25944 I Unity   : [XR] [485728508272] [14:39:56.623][Verbose] Ignoring event type 1000156103
05-15 14:39:56.623 25921 25944 I Unity   : [XR] [485728508272] [14:39:56.623][Verbose] Ignoring event type 1000156104
05-15 14:39:56.657 25921 25944 I Unity   : [XR] [485728508272] [14:39:56.657][Verbose] Ignoring event type 1000156103
05-15 14:39:56.657 25921 25944 I Unity   : [XR] [485728508272] [14:39:56.657][Verbose] Ignoring event type 1000156104
05-15 14:39:56.690 25921 25944 I Unity   : [XR] [485728508272] [14:39:56.690][Verbose] Ignoring event type 1000156103
05-15 14:39:56.690 25921 25944 I Unity   : [XR] [485728508272] [14:39:56.690][Verbose] Ignoring event type 1000156104
05-15 14:39:56.724 25921 25944 I Unity   : [XR] [485728508272] [14:39:56.724][Verbose] Ignoring event type 1000156103
05-15 14:39:56.724 25921 25944 I Unity   : [XR] [485728508272] [14:39:56.724][Verbose] Ignoring event type 1000156104
05-15 14:39:56.756 25921 25944 I Unity   : [XR] [485728508272] [14:39:56.756][Verbose] Ignoring event type 1000156103
05-15 14:39:56.756 25921 25944 I Unity   : [XR] [485728508272] [14:39:56.756][Verbose] Ignoring event type 1000156104
05-15 14:39:56.778 25921 25944 I Unity   : [XR] [485728508272] [14:39:56.778][Verbose] Ignoring event type 1000156103
05-15 14:39:56.779 25921 25944 I Unity   : [XR] [485728508272] [14:39:56.779][Verbose] Ignoring event type 1000156104
05-15 14:39:56.812 25921 25944 I Unity   : [XR] [485728508272] [14:39:56.812][Verbose] Ignoring event type 1000156103
05-15 14:39:56.812 25921 25944 I Unity   : [XR] [485728508272] [14:39:56.812][Verbose] Ignoring event type 1000156104
05-15 14:39:56.845 25921 25944 I Unity   : [XR] [485728508272] [14:39:56.845][Verbose] Ignoring event type 1000156103
05-15 14:39:56.845 25921 25944 I Unity   : [XR] [485728508272] [14:39:56.845][Verbose] Ignoring event type 1000156104
05-15 14:39:56.899 25921 25944 I Unity   : [XR] [485728508272] [14:39:56.899][Verbose] Ignoring event type 1000156103
05-15 14:39:56.899 25921 25944 I Unity   : [XR] [485728508272] [14:39:56.899][Verbose] Ignoring event type 1000156104
05-15 14:39:56.933 25921 25944 I Unity   : [XR] [485728508272] [14:39:56.933][Verbose] Ignoring event type 1000156103
05-15 14:39:56.933 25921 25944 I Unity   : [XR] [485728508272] [14:39:56.933][Verbose] Ignoring event type 1000156104
05-15 14:39:56.968 25921 25944 I Unity   : [XR] [485728508272] [14:39:56.968][Verbose] Ignoring event type 1000156103
05-15 14:39:56.968 25921 25944 I Unity   : [XR] [485728508272] [14:39:56.968][Verbose] Ignoring event type 1000156104
05-15 14:39:57.000 25921 25944 I Unity   : [XR] [485728508272] [14:39:57.000][Verbose] Ignoring event type 1000156103
05-15 14:39:57.000 25921 25944 I Unity   : [XR] [485728508272] [14:39:57.000][Verbose] Ignoring event type 1000156104
05-15 14:39:57.020 25921 26076 I VrApi   : FPS=90/90,Prd=41ms,Tear=0,Early=20,Stale=0,Stale2/5/10/max=0/0/0/0,VSnc=1,Lat=-1,Fov=0,CPU4/GPU=3/2,1651/456MHz,OC=3F,TA=0/0/0,SP=N/N/N,Mem=2736MHz,Free=1261MB,PLS=1,Temp=40.0C/0.0C,TW=1.43ms,App=5.90ms,GD=0.00ms,CPU&GPU=10.13ms,LCnt=2(DR90,LM2),GPU%=0.65,CPU%=0.75(W0.80),DSF=1.00,CFL=11.75/16.93,ICFLp95=15.33,LD=0,SF=1.00,LP=0,DVFS=0
05-15 14:39:57.035 25921 25944 I Unity   : [XR] [485728508272] [14:39:57.035][Verbose] Ignoring event type 1000156103
05-15 14:39:57.035 25921 25944 I Unity   : [XR] [485728508272] [14:39:57.035][Verbose] Ignoring event type 1000156104
05-15 14:39:57.068 25921 25944 I Unity   : [XR] [485728508272] [14:39:57.068][Verbose] Ignoring event type 1000156103
05-15 14:39:57.068 25921 25944 I Unity   : [XR] [485728508272] [14:39:57.068][Verbose] Ignoring event type 1000156104
05-15 14:39:57.099 25921 25944 I Unity   : [XR] [485728508272] [14:39:57.099][Verbose] Ignoring event type 1000156103
05-15 14:39:57.100 25921 25944 I Unity   : [XR] [485728508272] [14:39:57.100][Verbose] Ignoring event type 1000156104
05-15 14:39:57.135 25921 25944 I Unity   : [XR] [485728508272] [14:39:57.135][Verbose] Ignoring event type 1000156103
05-15 14:39:57.135 25921 25944 I Unity   : [XR] [485728508272] [14:39:57.135][Verbose] Ignoring event type 1000156104
05-15 14:39:57.175 25921 25944 I Unity   : [XR] [485728508272] [14:39:57.175][Verbose] Ignoring event type 1000156103
05-15 14:39:57.175 25921 25944 I Unity   : [XR] [485728508272] [14:39:57.175][Verbose] Ignoring event type 1000156104
05-15 14:39:57.210 25921 25944 I Unity   : [XR] [485728508272] [14:39:57.210][Verbose] Ignoring event type 1000156103
05-15 14:39:57.211 25921 25944 I Unity   : [XR] [485728508272] [14:39:57.211][Verbose] Ignoring event type 1000156104
05-15 14:39:57.243 25921 25944 I Unity   : [XR] [485728508272] [14:39:57.243][Verbose] Ignoring event type 1000156103
05-15 14:39:57.243 25921 25944 I Unity   : [XR] [485728508272] [14:39:57.243][Verbose] Ignoring event type 1000156104
05-15 14:39:57.279 25921 25944 I Unity   : [XR] [485728508272] [14:39:57.279][Verbose] Ignoring event type 1000156103
05-15 14:39:57.279 25921 25944 I Unity   : [XR] [485728508272] [14:39:57.279][Verbose] Ignoring event type 1000156104
05-15 14:39:57.312 25921 25944 I Unity   : [XR] [485728508272] [14:39:57.312][Verbose] Ignoring event type 1000156103
05-15 14:39:57.312 25921 25944 I Unity   : [XR] [485728508272] [14:39:57.312][Verbose] Ignoring event type 1000156104
05-15 14:39:57.344 25921 25944 I Unity   : [XR] [485728508272] [14:39:57.344][Verbose] Ignoring event type 1000156103
05-15 14:39:57.344 25921 25944 I Unity   : [XR] [485728508272] [14:39:57.344][Verbose] Ignoring event type 1000156104
05-15 14:39:57.378 25921 25944 I Unity   : [XR] [485728508272] [14:39:57.378][Verbose] Ignoring event type 1000156103
05-15 14:39:57.378 25921 25944 I Unity   : [XR] [485728508272] [14:39:57.378][Verbose] Ignoring event type 1000156104
05-15 14:39:57.410 25921 25944 I Unity   : [XR] [485728508272] [14:39:57.410][Verbose] Ignoring event type 1000156103
05-15 14:39:57.410 25921 25944 I Unity   : [XR] [485728508272] [14:39:57.410][Verbose] Ignoring event type 1000156104
05-15 14:39:57.454 25921 25944 I Unity   : [XR] [485728508272] [14:39:57.454][Verbose] Ignoring event type 1000156103
05-15 14:39:57.454 25921 25944 I Unity   : [XR] [485728508272] [14:39:57.454][Verbose] Ignoring event type 1000156104
05-15 14:39:57.488 25921 25944 I Unity   : [XR] [485728508272] [14:39:57.488][Verbose] Ignoring event type 1000156103
05-15 14:39:57.488 25921 25944 I Unity   : [XR] [485728508272] [14:39:57.488][Verbose] Ignoring event type 1000156104
05-15 14:39:57.522 25921 25944 I Unity   : [XR] [485728508272] [14:39:57.522][Verbose] Ignoring event type 1000156103
05-15 14:39:57.522 25921 25944 I Unity   : [XR] [485728508272] [14:39:57.522][Verbose] Ignoring event type 1000156104
05-15 14:39:57.555 25921 25944 I Unity   : [XR] [485728508272] [14:39:57.555][Verbose] Ignoring event type 1000156103
05-15 14:39:57.555 25921 25944 I Unity   : [XR] [485728508272] [14:39:57.555][Verbose] Ignoring event type 1000156104
05-15 14:39:57.588 25921 25944 I Unity   : [XR] [485728508272] [14:39:57.588][Verbose] Ignoring event type 1000156103
05-15 14:39:57.588 25921 25944 I Unity   : [XR] [485728508272] [14:39:57.588][Verbose] Ignoring event type 1000156104
05-15 14:39:57.622 25921 25944 I Unity   : [XR] [485728508272] [14:39:57.622][Verbose] Ignoring event type 1000156103
05-15 14:39:57.622 25921 25944 I Unity   : [XR] [485728508272] [14:39:57.622][Verbose] Ignoring event type 1000156104
05-15 14:39:57.655 25921 25944 I Unity   : [XR] [485728508272] [14:39:57.655][Verbose] Ignoring event type 1000156103
05-15 14:39:57.655 25921 25944 I Unity   : [XR] [485728508272] [14:39:57.655][Verbose] Ignoring event type 1000156104
05-15 14:39:57.688 25921 25944 I Unity   : [XR] [485728508272] [14:39:57.688][Verbose] Ignoring event type 1000156103
05-15 14:39:57.688 25921 25944 I Unity   : [XR] [485728508272] [14:39:57.688][Verbose] Ignoring event type 1000156104
05-15 14:39:57.721 25921 25944 I Unity   : [XR] [485728508272] [14:39:57.721][Verbose] Ignoring event type 1000156103
05-15 14:39:57.721 25921 25944 I Unity   : [XR] [485728508272] [14:39:57.721][Verbose] Ignoring event type 1000156104
05-15 14:39:57.756 25921 25944 I Unity   : [XR] [485728508272] [14:39:57.756][Verbose] Ignoring event type 1000156103
05-15 14:39:57.756 25921 25944 I Unity   : [XR] [485728508272] [14:39:57.756][Verbose] Ignoring event type 1000156104
05-15 14:39:57.788 25921 25944 I Unity   : [XR] [485728508272] [14:39:57.788][Verbose] Ignoring event type 1000156103
05-15 14:39:57.788 25921 25944 I Unity   : [XR] [485728508272] [14:39:57.788][Verbose] Ignoring event type 1000156104
05-15 14:39:57.819 25921 25944 I Unity   : [XR] [485728508272] [14:39:57.819][Verbose] Ignoring event type 1000156103
05-15 14:39:57.819 25921 25944 I Unity   : [XR] [485728508272] [14:39:57.819][Verbose] Ignoring event type 1000156104
05-15 14:39:57.854 25921 25944 I Unity   : [XR] [485728508272] [14:39:57.854][Verbose] Ignoring event type 1000156103
05-15 14:39:57.855 25921 25944 I Unity   : [XR] [485728508272] [14:39:57.855][Verbose] Ignoring event type 1000156104
05-15 14:39:57.897 25921 25944 I Unity   : [XR] [485728508272] [14:39:57.897][Verbose] Ignoring event type 1000156103
05-15 14:39:57.897 25921 25944 I Unity   : [XR] [485728508272] [14:39:57.897][Verbose] Ignoring event type 1000156104
05-15 14:39:57.932 25921 25944 I Unity   : [XR] [485728508272] [14:39:57.932][Verbose] Ignoring event type 1000156103
05-15 14:39:57.932 25921 25944 I Unity   : [XR] [485728508272] [14:39:57.932][Verbose] Ignoring event type 1000156104
05-15 14:39:57.966 25921 25944 I Unity   : [XR] [485728508272] [14:39:57.965][Verbose] Ignoring event type 1000156103
05-15 14:39:57.966 25921 25944 I Unity   : [XR] [485728508272] [14:39:57.966][Verbose] Ignoring event type 1000156104
05-15 14:39:57.999 25921 25944 I Unity   : [XR] [485728508272] [14:39:57.999][Verbose] Ignoring event type 1000156103
05-15 14:39:57.999 25921 25944 I Unity   : [XR] [485728508272] [14:39:57.999][Verbose] Ignoring event type 1000156104
05-15 14:39:58.022 25921 26076 I VrApi   : FPS=91/90,Prd=41ms,Tear=0,Early=29,Stale=0,Stale2/5/10/max=0/0/0/0,VSnc=1,Lat=-1,Fov=0,CPU4/GPU=3/2,1651/456MHz,OC=3F,TA=0/0/0,SP=N/N/N,Mem=2736MHz,Free=1261MB,PLS=1,Temp=40.0C/0.0C,TW=1.53ms,App=6.47ms,GD=0.00ms,CPU&GPU=11.32ms,LCnt=2(DR91,LM2),GPU%=0.66,CPU%=0.76(W0.79),DSF=1.00,CFL=12.16/16.88,ICFLp95=15.50,LD=0,SF=1.00,LP=0,DVFS=0
05-15 14:39:58.032 25921 25944 I Unity   : [XR] [485728508272] [14:39:58.032][Verbose] Ignoring event type 1000156103
05-15 14:39:58.033 25921 25944 I Unity   : [XR] [485728508272] [14:39:58.033][Verbose] Ignoring event type 1000156104
05-15 14:39:58.067 25921 25944 I Unity   : [XR] [485728508272] [14:39:58.067][Verbose] Ignoring event type 1000156103
05-15 14:39:58.067 25921 25944 I Unity   : [XR] [485728508272] [14:39:58.067][Verbose] Ignoring event type 1000156104
05-15 14:39:58.100 25921 25944 I Unity   : [XR] [485728508272] [14:39:58.100][Verbose] Ignoring event type 1000156103
05-15 14:39:58.100 25921 25944 I Unity   : [XR] [485728508272] [14:39:58.100][Verbose] Ignoring event type 1000156104
05-15 14:39:58.132 25921 25944 I Unity   : [XR] [485728508272] [14:39:58.132][Verbose] Ignoring event type 1000156103
05-15 14:39:58.133 25921 25944 I Unity   : [XR] [485728508272] [14:39:58.133][Verbose] Ignoring event type 1000156104
05-15 14:39:58.177 25921 25944 I Unity   : [XR] [485728508272] [14:39:58.177][Verbose] Ignoring event type 1000156103
05-15 14:39:58.177 25921 25944 I Unity   : [XR] [485728508272] [14:39:58.177][Verbose] Ignoring event type 1000156104
05-15 14:39:58.219 25921 25944 I Unity   : [XR] [485728508272] [14:39:58.219][Verbose] Ignoring event type 1000156103
05-15 14:39:58.219 25921 25944 I Unity   : [XR] [485728508272] [14:39:58.219][Verbose] Ignoring event type 1000156104
05-15 14:39:58.255 25921 25944 I Unity   : [XR] [485728508272] [14:39:58.255][Verbose] Ignoring event type 1000156103
05-15 14:39:58.255 25921 25944 I Unity   : [XR] [485728508272] [14:39:58.255][Verbose] Ignoring event type 1000156104
05-15 14:39:58.286 25921 25944 I Unity   : [XR] [485728508272] [14:39:58.286][Verbose] Ignoring event type 1000156103
05-15 14:39:58.286 25921 25944 I Unity   : [XR] [485728508272] [14:39:58.286][Verbose] Ignoring event type 1000156104
05-15 14:39:58.320 25921 25944 I Unity   : [XR] [485728508272] [14:39:58.320][Verbose] Ignoring event type 1000156103
05-15 14:39:58.320 25921 25944 I Unity   : [XR] [485728508272] [14:39:58.320][Verbose] Ignoring event type 1000156104
05-15 14:39:58.365 25921 25944 I Unity   : [XR] [485728508272] [14:39:58.364][Verbose] Ignoring event type 1000156103
05-15 14:39:58.365 25921 25944 I Unity   : [XR] [485728508272] [14:39:58.365][Verbose] Ignoring event type 1000156104
05-15 14:39:58.407 25921 25944 I Unity   : [XR] [485728508272] [14:39:58.407][Verbose] Ignoring event type 1000156103
05-15 14:39:58.407 25921 25944 I Unity   : [XR] [485728508272] [14:39:58.407][Verbose] Ignoring event type 1000156104
05-15 14:39:58.442 25921 25944 I Unity   : [XR] [485728508272] [14:39:58.442][Verbose] Ignoring event type 1000156103
05-15 14:39:58.442 25921 25944 I Unity   : [XR] [485728508272] [14:39:58.442][Verbose] Ignoring event type 1000156104
05-15 14:39:58.474 25921 25944 I Unity   : [XR] [485728508272] [14:39:58.474][Verbose] Ignoring event type 1000156103
05-15 14:39:58.474 25921 25944 I Unity   : [XR] [485728508272] [14:39:58.474][Verbose] Ignoring event type 1000156104
05-15 14:39:58.510 25921 25944 I Unity   : [XR] [485728508272] [14:39:58.509][Verbose] Ignoring event type 1000156103
05-15 14:39:58.510 25921 25944 I Unity   : [XR] [485728508272] [14:39:58.510][Verbose] Ignoring event type 1000156104
05-15 14:39:58.544 25921 25944 I Unity   : [XR] [485728508272] [14:39:58.544][Verbose] Ignoring event type 1000156103
05-15 14:39:58.544 25921 25944 I Unity   : [XR] [485728508272] [14:39:58.544][Verbose] Ignoring event type 1000156104
05-15 14:39:58.576 25921 25944 I Unity   : [XR] [485728508272] [14:39:58.576][Verbose] Ignoring event type 1000156103
05-15 14:39:58.577 25921 25944 I Unity   : [XR] [485728508272] [14:39:58.577][Verbose] Ignoring event type 1000156104
05-15 14:39:58.609 25921 25944 I Unity   : [XR] [485728508272] [14:39:58.609][Verbose] Ignoring event type 1000156103
05-15 14:39:58.609 25921 25944 I Unity   : [XR] [485728508272] [14:39:58.609][Verbose] Ignoring event type 1000156104
05-15 14:39:58.642 25921 25944 I Unity   : [XR] [485728508272] [14:39:58.642][Verbose] Ignoring event type 1000156103
05-15 14:39:58.643 25921 25944 I Unity   : [XR] [485728508272] [14:39:58.643][Verbose] Ignoring event type 1000156104
05-15 14:39:58.676 25921 25944 I Unity   : [XR] [485728508272] [14:39:58.676][Verbose] Ignoring event type 1000156103
05-15 14:39:58.676 25921 25944 I Unity   : [XR] [485728508272] [14:39:58.676][Verbose] Ignoring event type 1000156104
05-15 14:39:58.699 25921 25944 I Unity   : [XR] [485728508272] [14:39:58.699][Verbose] Ignoring event type 1000156103
05-15 14:39:58.699 25921 25944 I Unity   : [XR] [485728508272] [14:39:58.699][Verbose] Ignoring event type 1000156104
05-15 14:39:58.730 25921 25944 I Unity   : [XR] [485728508272] [14:39:58.730][Verbose] Ignoring event type 1000156103
05-15 14:39:58.730 25921 25944 I Unity   : [XR] [485728508272] [14:39:58.730][Verbose] Ignoring event type 1000156104
05-15 14:39:58.764 25921 25944 I Unity   : [XR] [485728508272] [14:39:58.764][Verbose] Ignoring event type 1000156103
05-15 14:39:58.764 25921 25944 I Unity   : [XR] [485728508272] [14:39:58.764][Verbose] Ignoring event type 1000156104
05-15 14:39:58.798 25921 25944 I Unity   : [XR] [485728508272] [14:39:58.798][Verbose] Ignoring event type 1000156103
05-15 14:39:58.798 25921 25944 I Unity   : [XR] [485728508272] [14:39:58.798][Verbose] Ignoring event type 1000156104
05-15 14:39:58.832 25921 25944 I Unity   : [XR] [485728508272] [14:39:58.832][Verbose] Ignoring event type 1000156103
05-15 14:39:58.833 25921 25944 I Unity   : [XR] [485728508272] [14:39:58.833][Verbose] Ignoring event type 1000156104
05-15 14:39:58.864 25921 25944 I Unity   : [XR] [485728508272] [14:39:58.864][Verbose] Ignoring event type 1000156103
05-15 14:39:58.864 25921 25944 I Unity   : [XR] [485728508272] [14:39:58.864][Verbose] Ignoring event type 1000156104
05-15 14:39:58.898 25921 25944 I Unity   : [XR] [485728508272] [14:39:58.898][Verbose] Ignoring event type 1000156103
05-15 14:39:58.898 25921 25944 I Unity   : [XR] [485728508272] [14:39:58.898][Verbose] Ignoring event type 1000156104
05-15 14:39:58.931 25921 25944 I Unity   : [XR] [485728508272] [14:39:58.931][Verbose] Ignoring event type 1000156103
05-15 14:39:58.931 25921 25944 I Unity   : [XR] [485728508272] [14:39:58.931][Verbose] Ignoring event type 1000156104
05-15 14:39:58.964 25921 25944 I Unity   : [XR] [485728508272] [14:39:58.964][Verbose] Ignoring event type 1000156103
05-15 14:39:58.964 25921 25944 I Unity   : [XR] [485728508272] [14:39:58.964][Verbose] Ignoring event type 1000156104
05-15 14:39:58.996 25921 25944 I Unity   : [XR] [485728508272] [14:39:58.996][Verbose] Ignoring event type 1000156103
05-15 14:39:58.996 25921 25944 I Unity   : [XR] [485728508272] [14:39:58.996][Verbose] Ignoring event type 1000156104
05-15 14:39:59.031 25921 25944 I Unity   : [XR] [485728508272] [14:39:59.031][Verbose] Ignoring event type 1000156103
05-15 14:39:59.031 25921 25944 I Unity   : [XR] [485728508272] [14:39:59.031][Verbose] Ignoring event type 1000156104
05-15 14:39:59.058 25921 26076 I VrApi   : FPS=91/90,Prd=43ms,Tear=0,Early=31,Stale=0,Stale2/5/10/max=0/0/0/0,VSnc=1,Lat=-1,Fov=0,CPU4/GPU=3/2,1651/456MHz,OC=3F,TA=0/0/0,SP=N/N/N,Mem=2736MHz,Free=1068MB,PLS=1,Temp=40.0C/0.0C,TW=1.45ms,App=6.65ms,GD=0.00ms,CPU&GPU=13.81ms,LCnt=2(DR90,LM2),GPU%=0.71,CPU%=0.77(W0.78),DSF=1.00,CFL=12.26/16.63,ICFLp95=15.41,LD=0,SF=1.00,LP=0,DVFS=0
05-15 14:39:59.075 25921 25944 I Unity   : [XR] [485728508272] [14:39:59.075][Verbose] Ignoring event type 1000156103
05-15 14:39:59.076 25921 25944 I Unity   : [XR] [485728508272] [14:39:59.076][Verbose] Ignoring event type 1000156104
05-15 14:39:59.108 25921 25944 I Unity   : [XR] [485728508272] [14:39:59.108][Verbose] Ignoring event type 1000156103
05-15 14:39:59.108 25921 25944 I Unity   : [XR] [485728508272] [14:39:59.108][Verbose] Ignoring event type 1000156104
05-15 14:39:59.142 25921 25944 I Unity   : [XR] [485728508272] [14:39:59.142][Verbose] Ignoring event type 1000156103
05-15 14:39:59.142 25921 25944 I Unity   : [XR] [485728508272] [14:39:59.142][Verbose] Ignoring event type 1000156104
05-15 14:39:59.176 25921 25944 I Unity   : [XR] [485728508272] [14:39:59.175][Verbose] Ignoring event type 1000156103
05-15 14:39:59.176 25921 25944 I Unity   : [XR] [485728508272] [14:39:59.176][Verbose] Ignoring event type 1000156104
05-15 14:39:59.209 25921 25944 I Unity   : [XR] [485728508272] [14:39:59.209][Verbose] Ignoring event type 1000156103
05-15 14:39:59.209 25921 25944 I Unity   : [XR] [485728508272] [14:39:59.209][Verbose] Ignoring event type 1000156104
05-15 14:39:59.243 25921 25944 I Unity   : [XR] [485728508272] [14:39:59.243][Verbose] Ignoring event type 1000156103
05-15 14:39:59.243 25921 25944 I Unity   : [XR] [485728508272] [14:39:59.243][Verbose] Ignoring event type 1000156104
05-15 14:39:59.274 25921 25944 I Unity   : [XR] [485728508272] [14:39:59.274][Verbose] Ignoring event type 1000156103
05-15 14:39:59.274 25921 25944 I Unity   : [XR] [485728508272] [14:39:59.274][Verbose] Ignoring event type 1000156104
05-15 14:39:59.298 25921 25944 I Unity   : [XR] [485728508272] [14:39:59.298][Verbose] Ignoring event type 1000156103
05-15 14:39:59.298 25921 25944 I Unity   : [XR] [485728508272] [14:39:59.298][Verbose] Ignoring event type 1000156104
05-15 14:39:59.333 25921 25944 I Unity   : [XR] [485728508272] [14:39:59.333][Verbose] Ignoring event type 1000156103
05-15 14:39:59.333 25921 25944 I Unity   : [XR] [485728508272] [14:39:59.333][Verbose] Ignoring event type 1000156104
05-15 14:39:59.370 25921 25944 I Unity   : [XR] [485728508272] [14:39:59.370][Verbose] Ignoring event type 1000156103
05-15 14:39:59.371 25921 25944 I Unity   : [XR] [485728508272] [14:39:59.370][Verbose] Ignoring event type 1000156104
05-15 14:39:59.408 25921 25944 I Unity   : [XR] [485728508272] [14:39:59.408][Verbose] Ignoring event type 1000156103
05-15 14:39:59.408 25921 25944 I Unity   : [XR] [485728508272] [14:39:59.408][Verbose] Ignoring event type 1000156104
05-15 14:39:59.453 25921 25944 I Unity   : [XR] [485728508272] [14:39:59.453][Verbose] Ignoring event type 1000156103
05-15 14:39:59.454 25921 25944 I Unity   : [XR] [485728508272] [14:39:59.454][Verbose] Ignoring event type 1000156104
05-15 14:39:59.494 25921 25944 I Unity   : [XR] [485728508272] [14:39:59.494][Verbose] Ignoring event type 1000156103
05-15 14:39:59.494 25921 25944 I Unity   : [XR] [485728508272] [14:39:59.494][Verbose] Ignoring event type 1000156104
05-15 14:39:59.529 25921 25944 I Unity   : [XR] [485728508272] [14:39:59.529][Verbose] Ignoring event type 1000156103
05-15 14:39:59.530 25921 25944 I Unity   : [XR] [485728508272] [14:39:59.529][Verbose] Ignoring event type 1000156104
05-15 14:39:59.560 25921 25944 I Unity   : [XR] [485728508272] [14:39:59.560][Verbose] Ignoring event type 1000156103
05-15 14:39:59.560 25921 25944 I Unity   : [XR] [485728508272] [14:39:59.560][Verbose] Ignoring event type 1000156104
05-15 14:39:59.596 25921 25944 I Unity   : [XR] [485728508272] [14:39:59.596][Verbose] Ignoring event type 1000156103
05-15 14:39:59.596 25921 25944 I Unity   : [XR] [485728508272] [14:39:59.596][Verbose] Ignoring event type 1000156104
05-15 14:39:59.629 25921 25944 I Unity   : [XR] [485728508272] [14:39:59.629][Verbose] Ignoring event type 1000156103
05-15 14:39:59.629 25921 25944 I Unity   : [XR] [485728508272] [14:39:59.629][Verbose] Ignoring event type 1000156104
05-15 14:39:59.663 25921 25944 I Unity   : [XR] [485728508272] [14:39:59.663][Verbose] Ignoring event type 1000156103
05-15 14:39:59.664 25921 25944 I Unity   : [XR] [485728508272] [14:39:59.664][Verbose] Ignoring event type 1000156104
05-15 14:39:59.697 25921 25944 I Unity   : [XR] [485728508272] [14:39:59.697][Verbose] Ignoring event type 1000156103
05-15 14:39:59.697 25921 25944 I Unity   : [XR] [485728508272] [14:39:59.697][Verbose] Ignoring event type 1000156104
05-15 14:39:59.730 25921 25944 I Unity   : [XR] [485728508272] [14:39:59.730][Verbose] Ignoring event type 1000156103
05-15 14:39:59.730 25921 25944 I Unity   : [XR] [485728508272] [14:39:59.730][Verbose] Ignoring event type 1000156104
05-15 14:39:59.762 25921 25944 I Unity   : [XR] [485728508272] [14:39:59.762][Verbose] Ignoring event type 1000156103
05-15 14:39:59.762 25921 25944 I Unity   : [XR] [485728508272] [14:39:59.762][Verbose] Ignoring event type 1000156104
05-15 14:39:59.798 25921 25944 I Unity   : [XR] [485728508272] [14:39:59.798][Verbose] Ignoring event type 1000156103
05-15 14:39:59.798 25921 25944 I Unity   : [XR] [485728508272] [14:39:59.798][Verbose] Ignoring event type 1000156104
05-15 14:39:59.830 25921 25944 I Unity   : [XR] [485728508272] [14:39:59.830][Verbose] Ignoring event type 1000156103
05-15 14:39:59.830 25921 25944 I Unity   : [XR] [485728508272] [14:39:59.830][Verbose] Ignoring event type 1000156104
05-15 14:39:59.865 25921 25944 I Unity   : [XR] [485728508272] [14:39:59.865][Verbose] Ignoring event type 1000156103
05-15 14:39:59.866 25921 25944 I Unity   : [XR] [485728508272] [14:39:59.866][Verbose] Ignoring event type 1000156104
05-15 14:39:59.897 25921 25944 I Unity   : [XR] [485728508272] [14:39:59.897][Verbose] Ignoring event type 1000156103
05-15 14:39:59.897 25921 25944 I Unity   : [XR] [485728508272] [14:39:59.897][Verbose] Ignoring event type 1000156104
05-15 14:39:59.930 25921 25944 I Unity   : [XR] [485728508272] [14:39:59.930][Verbose] Ignoring event type 1000156103
05-15 14:39:59.930 25921 25944 I Unity   : [XR] [485728508272] [14:39:59.930][Verbose] Ignoring event type 1000156104
05-15 14:39:59.964 25921 25944 I Unity   : [XR] [485728508272] [14:39:59.964][Verbose] Ignoring event type 1000156103
05-15 14:39:59.964 25921 25944 I Unity   : [XR] [485728508272] [14:39:59.964][Verbose] Ignoring event type 1000156104
05-15 14:39:59.998 25921 25944 I Unity   : [XR] [485728508272] [14:39:59.998][Verbose] Ignoring event type 1000156103
05-15 14:39:59.998 25921 25944 I Unity   : [XR] [485728508272] [14:39:59.998][Verbose] Ignoring event type 1000156104
05-15 14:40:00.022 25921 26076 I VrApi   : FPS=91/90,Prd=44ms,Tear=1,Early=28,Stale=2,Stale2/5/10/max=1/0/0/2,VSnc=1,Lat=-1,Fov=0,CPU4/GPU=3/2,1651/456MHz,OC=3F,TA=0/0/0,SP=N/N/N,Mem=3196MHz,Free=1068MB,PLS=1,Temp=40.0C/0.0C,TW=1.29ms,App=7.07ms,GD=0.00ms,CPU&GPU=13.44ms,LCnt=2(DR90,LM2),GPU%=0.74,CPU%=0.81(W0.83),DSF=1.00,CFL=12.11/16.70,ICFLp95=15.41,LD=0,SF=1.00,LP=0,DVFS=0
05-15 14:40:00.041 25921 25944 I Unity   : [XR] [485728508272] [14:40:00.041][Verbose] Ignoring event type 1000156103
05-15 14:40:00.041 25921 25944 I Unity   : [XR] [485728508272] [14:40:00.041][Verbose] Ignoring event type 1000156104
05-15 14:40:00.075 25921 25944 I Unity   : [XR] [485728508272] [14:40:00.075][Verbose] Ignoring event type 1000156103
05-15 14:40:00.075 25921 25944 I Unity   : [XR] [485728508272] [14:40:00.075][Verbose] Ignoring event type 1000156104
05-15 14:40:00.108 25921 25944 I Unity   : [XR] [485728508272] [14:40:00.108][Verbose] Ignoring event type 1000156103
05-15 14:40:00.108 25921 25944 I Unity   : [XR] [485728508272] [14:40:00.108][Verbose] Ignoring event type 1000156104
05-15 14:40:00.140 25921 25944 I Unity   : [XR] [485728508272] [14:40:00.140][Verbose] Ignoring event type 1000156103
05-15 14:40:00.140 25921 25944 I Unity   : [XR] [485728508272] [14:40:00.140][Verbose] Ignoring event type 1000156104
05-15 14:40:00.172 25921 25944 I Unity   : [XR] [485728508272] [14:40:00.172][Verbose] Ignoring event type 1000156103
05-15 14:40:00.172 25921 25944 I Unity   : [XR] [485728508272] [14:40:00.172][Verbose] Ignoring event type 1000156104
05-15 14:40:00.208 25921 25944 I Unity   : [XR] [485728508272] [14:40:00.208][Verbose] Ignoring event type 1000156103
05-15 14:40:00.209 25921 25944 I Unity   : [XR] [485728508272] [14:40:00.209][Verbose] Ignoring event type 1000156104
05-15 14:40:00.240 25921 25944 I Unity   : [XR] [485728508272] [14:40:00.239][Verbose] Ignoring event type 1000156103
05-15 14:40:00.240 25921 25944 I Unity   : [XR] [485728508272] [14:40:00.240][Verbose] Ignoring event type 1000156104
05-15 14:40:00.273 25921 25944 I Unity   : [XR] [485728508272] [14:40:00.273][Verbose] Ignoring event type 1000156103
05-15 14:40:00.273 25921 25944 I Unity   : [XR] [485728508272] [14:40:00.273][Verbose] Ignoring event type 1000156104
05-15 14:40:00.307 25921 25944 I Unity   : [XR] [485728508272] [14:40:00.307][Verbose] Ignoring event type 1000156103
05-15 14:40:00.307 25921 25944 I Unity   : [XR] [485728508272] [14:40:00.307][Verbose] Ignoring event type 1000156104
05-15 14:40:00.340 25921 25944 I Unity   : [XR] [485728508272] [14:40:00.340][Verbose] Ignoring event type 1000156103
05-15 14:40:00.340 25921 25944 I Unity   : [XR] [485728508272] [14:40:00.340][Verbose] Ignoring event type 1000156104
05-15 14:40:00.375 25921 25944 I Unity   : [XR] [485728508272] [14:40:00.375][Verbose] Ignoring event type 1000156103
05-15 14:40:00.375 25921 25944 I Unity   : [XR] [485728508272] [14:40:00.375][Verbose] Ignoring event type 1000156104
05-15 14:40:00.408 25921 25944 I Unity   : [XR] [485728508272] [14:40:00.408][Verbose] Ignoring event type 1000156103
05-15 14:40:00.408 25921 25944 I Unity   : [XR] [485728508272] [14:40:00.408][Verbose] Ignoring event type 1000156104
05-15 14:40:00.441 25921 25944 I Unity   : [XR] [485728508272] [14:40:00.441][Verbose] Ignoring event type 1000156103
05-15 14:40:00.441 25921 25944 I Unity   : [XR] [485728508272] [14:40:00.441][Verbose] Ignoring event type 1000156104
05-15 14:40:00.486 25921 25944 I Unity   : [XR] [485728508272] [14:40:00.486][Verbose] Ignoring event type 1000156103
05-15 14:40:00.486 25921 25944 I Unity   : [XR] [485728508272] [14:40:00.486][Verbose] Ignoring event type 1000156104
05-15 14:40:00.519 25921 25944 I Unity   : [XR] [485728508272] [14:40:00.519][Verbose] Ignoring event type 1000156103
05-15 14:40:00.519 25921 25944 I Unity   : [XR] [485728508272] [14:40:00.519][Verbose] Ignoring event type 1000156104
05-15 14:40:00.563 25921 25944 I Unity   : [XR] [485728508272] [14:40:00.563][Verbose] Ignoring event type 1000156103
05-15 14:40:00.563 25921 25944 I Unity   : [XR] [485728508272] [14:40:00.563][Verbose] Ignoring event type 1000156104
05-15 14:40:00.596 25921 25944 I Unity   : [XR] [485728508272] [14:40:00.596][Verbose] Ignoring event type 1000156103
05-15 14:40:00.596 25921 25944 I Unity   : [XR] [485728508272] [14:40:00.596][Verbose] Ignoring event type 1000156104
05-15 14:40:00.629 25921 25944 I Unity   : [XR] [485728508272] [14:40:00.629][Verbose] Ignoring event type 1000156103
05-15 14:40:00.629 25921 25944 I Unity   : [XR] [485728508272] [14:40:00.629][Verbose] Ignoring event type 1000156104
05-15 14:40:00.663 25921 25944 I Unity   : [XR] [485728508272] [14:40:00.663][Verbose] Ignoring event type 1000156103
05-15 14:40:00.663 25921 25944 I Unity   : [XR] [485728508272] [14:40:00.663][Verbose] Ignoring event type 1000156104
05-15 14:40:00.696 25921 25944 I Unity   : [XR] [485728508272] [14:40:00.696][Verbose] Ignoring event type 1000156103
05-15 14:40:00.696 25921 25944 I Unity   : [XR] [485728508272] [14:40:00.696][Verbose] Ignoring event type 1000156104
05-15 14:40:00.729 25921 25944 I Unity   : [XR] [485728508272] [14:40:00.729][Verbose] Ignoring event type 1000156103
05-15 14:40:00.729 25921 25944 I Unity   : [XR] [485728508272] [14:40:00.729][Verbose] Ignoring event type 1000156104
05-15 14:40:00.764 25921 25944 I Unity   : [XR] [485728508272] [14:40:00.764][Verbose] Ignoring event type 1000156103
05-15 14:40:00.764 25921 25944 I Unity   : [XR] [485728508272] [14:40:00.764][Verbose] Ignoring event type 1000156104
05-15 14:40:00.796 25921 25944 I Unity   : [XR] [485728508272] [14:40:00.796][Verbose] Ignoring event type 1000156103
05-15 14:40:00.796 25921 25944 I Unity   : [XR] [485728508272] [14:40:00.796][Verbose] Ignoring event type 1000156104
05-15 14:40:00.831 25921 25944 I Unity   : [XR] [485728508272] [14:40:00.831][Verbose] Ignoring event type 1000156103
05-15 14:40:00.832 25921 25944 I Unity   : [XR] [485728508272] [14:40:00.832][Verbose] Ignoring event type 1000156104
05-15 14:40:00.864 25921 25944 I Unity   : [XR] [485728508272] [14:40:00.864][Verbose] Ignoring event type 1000156103
05-15 14:40:00.864 25921 25944 I Unity   : [XR] [485728508272] [14:40:00.864][Verbose] Ignoring event type 1000156104
05-15 14:40:00.897 25921 25944 I Unity   : [XR] [485728508272] [14:40:00.897][Verbose] Ignoring event type 1000156103
05-15 14:40:00.897 25921 25944 I Unity   : [XR] [485728508272] [14:40:00.897][Verbose] Ignoring event type 1000156104
05-15 14:40:00.929 25921 25944 I Unity   : [XR] [485728508272] [14:40:00.929][Verbose] Ignoring event type 1000156103
05-15 14:40:00.929 25921 25944 I Unity   : [XR] [485728508272] [14:40:00.929][Verbose] Ignoring event type 1000156104
05-15 14:40:00.962 25921 25944 I Unity   : [XR] [485728508272] [14:40:00.961][Verbose] Ignoring event type 1000156103
05-15 14:40:00.962 25921 25944 I Unity   : [XR] [485728508272] [14:40:00.962][Verbose] Ignoring event type 1000156104
05-15 14:40:00.996 25921 25944 I Unity   : [XR] [485728508272] [14:40:00.996][Verbose] Ignoring event type 1000156103
05-15 14:40:00.996 25921 25944 I Unity   : [XR] [485728508272] [14:40:00.996][Verbose] Ignoring event type 1000156104
05-15 14:40:01.022 25921 26076 I VrApi   : FPS=90/90,Prd=45ms,Tear=0,Early=24,Stale=0,Stale2/5/10/max=0/0/0/0,VSnc=1,Lat=-1,Fov=0,CPU4/GPU=3/2,1651/456MHz,OC=3F,TA=0/0/0,SP=N/N/N,Mem=3196MHz,Free=1068MB,PLS=1,Temp=40.0C/0.0C,TW=1.29ms,App=7.32ms,GD=0.00ms,CPU&GPU=16.18ms,LCnt=2(DR90,LM2),GPU%=0.78,CPU%=0.81(W0.85),DSF=1.00,CFL=12.03/16.98,ICFLp95=15.52,LD=0,SF=1.00,LP=0,DVFS=0
05-15 14:40:01.028 25921 25944 I Unity   : [XR] [485728508272] [14:40:01.028][Verbose] Ignoring event type 1000156103
05-15 14:40:01.028 25921 25944 I Unity   : [XR] [485728508272] [14:40:01.028][Verbose] Ignoring event type 1000156104
05-15 14:40:01.064 25921 25944 I Unity   : [XR] [485728508272] [14:40:01.064][Verbose] Ignoring event type 1000156103
05-15 14:40:01.064 25921 25944 I Unity   : [XR] [485728508272] [14:40:01.064][Verbose] Ignoring event type 1000156104
05-15 14:40:01.095 25921 25944 I Unity   : [XR] [485728508272] [14:40:01.095][Verbose] Ignoring event type 1000156103
05-15 14:40:01.095 25921 25944 I Unity   : [XR] [485728508272] [14:40:01.095][Verbose] Ignoring event type 1000156104
05-15 14:40:01.129 25921 25944 I Unity   : [XR] [485728508272] [14:40:01.129][Verbose] Ignoring event type 1000156103
05-15 14:40:01.129 25921 25944 I Unity   : [XR] [485728508272] [14:40:01.129][Verbose] Ignoring event type 1000156104
05-15 14:40:01.162 25921 25944 I Unity   : [XR] [485728508272] [14:40:01.162][Verbose] Ignoring event type 1000156103
05-15 14:40:01.162 25921 25944 I Unity   : [XR] [485728508272] [14:40:01.162][Verbose] Ignoring event type 1000156104
05-15 14:40:01.196 25921 25944 I Unity   : [XR] [485728508272] [14:40:01.196][Verbose] Ignoring event type 1000156103
05-15 14:40:01.196 25921 25944 I Unity   : [XR] [485728508272] [14:40:01.196][Verbose] Ignoring event type 1000156104
05-15 14:40:01.227 25921 25944 I Unity   : [XR] [485728508272] [14:40:01.227][Verbose] Ignoring event type 1000156103
05-15 14:40:01.228 25921 25944 I Unity   : [XR] [485728508272] [14:40:01.227][Verbose] Ignoring event type 1000156104
05-15 14:40:01.262 25921 25944 I Unity   : [XR] [485728508272] [14:40:01.262][Verbose] Ignoring event type 1000156103
05-15 14:40:01.263 25921 25944 I Unity   : [XR] [485728508272] [14:40:01.263][Verbose] Ignoring event type 1000156104
05-15 14:40:01.296 25921 25944 I Unity   : [XR] [485728508272] [14:40:01.296][Verbose] Ignoring event type 1000156103
05-15 14:40:01.296 25921 25944 I Unity   : [XR] [485728508272] [14:40:01.296][Verbose] Ignoring event type 1000156104
05-15 14:40:01.329 25921 25944 I Unity   : [XR] [485728508272] [14:40:01.329][Verbose] Ignoring event type 1000156103
05-15 14:40:01.329 25921 25944 I Unity   : [XR] [485728508272] [14:40:01.329][Verbose] Ignoring event type 1000156104
05-15 14:40:01.370 25921 25944 I Unity   : [XR] [485728508272] [14:40:01.370][Verbose] Ignoring event type 1000156103
05-15 14:40:01.370 25921 25944 I Unity   : [XR] [485728508272] [14:40:01.370][Verbose] Ignoring event type 1000156104
05-15 14:40:01.406 25921 25944 I Unity   : [XR] [485728508272] [14:40:01.406][Verbose] Ignoring event type 1000156103
05-15 14:40:01.406 25921 25944 I Unity   : [XR] [485728508272] [14:40:01.406][Verbose] Ignoring event type 1000156104
05-15 14:40:01.440 25921 25944 I Unity   : [XR] [485728508272] [14:40:01.440][Verbose] Ignoring event type 1000156103
05-15 14:40:01.441 25921 25944 I Unity   : [XR] [485728508272] [14:40:01.441][Verbose] Ignoring event type 1000156104
05-15 14:40:01.487 25921 25944 I Unity   : [XR] [485728508272] [14:40:01.486][Verbose] Ignoring event type 1000156103
05-15 14:40:01.487 25921 25944 I Unity   : [XR] [485728508272] [14:40:01.487][Verbose] Ignoring event type 1000156104
05-15 14:40:01.517 25921 25944 I Unity   : [XR] [485728508272] [14:40:01.517][Verbose] Ignoring event type 1000156103
05-15 14:40:01.517 25921 25944 I Unity   : [XR] [485728508272] [14:40:01.517][Verbose] Ignoring event type 1000156104
05-15 14:40:01.551 25921 25944 I Unity   : [XR] [485728508272] [14:40:01.551][Verbose] Ignoring event type 1000156103
05-15 14:40:01.551 25921 25944 I Unity   : [XR] [485728508272] [14:40:01.551][Verbose] Ignoring event type 1000156104
