05-15 14:37:02.435 25921 25944 I Unity   : [XR] [485728508272] [14:37:02.435][Verbose] Ignoring event type 1000156104
05-15 14:37:02.458 25921 25944 I Unity   : [XR] [485728508272] [14:37:02.458][Verbose] Ignoring event type 1000156103
05-15 14:37:02.458 25921 25944 I Unity   : [XR] [485728508272] [14:37:02.458][Verbose] Ignoring event type 1000156104
05-15 14:37:02.492 25921 25944 I Unity   : [XR] [485728508272] [14:37:02.492][Verbose] Ignoring event type 1000156103
05-15 14:37:02.492 25921 25944 I Unity   : [XR] [485728508272] [14:37:02.492][Verbose] Ignoring event type 1000156104
05-15 14:37:02.525 25921 25944 I Unity   : [XR] [485728508272] [14:37:02.525][Verbose] Ignoring event type 1000156103
05-15 14:37:02.525 25921 25944 I Unity   : [XR] [485728508272] [14:37:02.525][Verbose] Ignoring event type 1000156104
05-15 14:37:02.549 25921 25944 I Unity   : [XR] [485728508272] [14:37:02.549][Verbose] Ignoring event type 1000156103
05-15 14:37:02.549 25921 25944 I Unity   : [XR] [485728508272] [14:37:02.549][Verbose] Ignoring event type 1000156104
05-15 14:37:02.583 25921 25944 I Unity   : [XR] [485728508272] [14:37:02.583][Verbose] Ignoring event type 1000156103
05-15 14:37:02.583 25921 25944 I Unity   : [XR] [485728508272] [14:37:02.583][Verbose] Ignoring event type 1000156104
05-15 14:37:02.603 25921 25944 I Unity   : [XR] [485728508272] [14:37:02.603][Verbose] Ignoring event type 1000156103
05-15 14:37:02.604 25921 25944 I Unity   : [XR] [485728508272] [14:37:02.604][Verbose] Ignoring event type 1000156104
05-15 14:37:02.637 25921 25944 I Unity   : [XR] [485728508272] [14:37:02.637][Verbose] Ignoring event type 1000156103
05-15 14:37:02.637 25921 25944 I Unity   : [XR] [485728508272] [14:37:02.637][Verbose] Ignoring event type 1000156104
05-15 14:37:02.660  2851  3218 I PerformanceManager_ZSF: [EVENT] Performance profile changed to: COLLABORATION
05-15 14:37:02.671 25921 25944 I Unity   : [XR] [485728508272] [14:37:02.671][Verbose] Ignoring event type 1000156103
05-15 14:37:02.671 25921 25944 I Unity   : [XR] [485728508272] [14:37:02.671][Verbose] Ignoring event type 1000156104
05-15 14:37:02.671 25921 25944 I Unity   : [XR] [485728508272] [14:37:02.671][Verbose] Ignoring event type 1000282000
05-15 14:37:02.690 25921 25944 I Unity   : [XR] [485728508272] [14:37:02.690][Verbose] Ignoring event type 1000156103
05-15 14:37:02.690 25921 25944 I Unity   : [XR] [485728508272] [14:37:02.690][Verbose] Ignoring event type 1000156104
05-15 14:37:02.725 25921 25944 I Unity   : [XR] [485728508272] [14:37:02.725][Verbose] Ignoring event type 1000156103
05-15 14:37:02.725 25921 25944 I Unity   : [XR] [485728508272] [14:37:02.725][Verbose] Ignoring event type 1000156104
05-15 14:37:02.756 25921 25944 I Unity   : [XR] [485728508272] [14:37:02.756][Verbose] Ignoring event type 1000156103
05-15 14:37:02.756 25921 25944 I Unity   : [XR] [485728508272] [14:37:02.756][Verbose] Ignoring event type 1000156104
05-15 14:37:02.781 25921 25944 I Unity   : [XR] [485728508272] [14:37:02.780][Verbose] Ignoring event type 1000156103
05-15 14:37:02.781 25921 25944 I Unity   : [XR] [485728508272] [14:37:02.781][Verbose] Ignoring event type 1000156104
05-15 14:37:02.813 25921 25944 I Unity   : [XR] [485728508272] [14:37:02.813][Verbose] Ignoring event type 1000156103
05-15 14:37:02.813 25921 25944 I Unity   : [XR] [485728508272] [14:37:02.813][Verbose] Ignoring event type 1000156104
05-15 14:37:02.834 25921 25944 I Unity   : [XR] [485728508272] [14:37:02.834][Verbose] Ignoring event type 1000156103
05-15 14:37:02.834 25921 25944 I Unity   : [XR] [485728508272] [14:37:02.834][Verbose] Ignoring event type 1000156104
05-15 14:37:02.870 25921 25944 I Unity   : [XR] [485728508272] [14:37:02.870][Verbose] Ignoring event type 1000156103
05-15 14:37:02.870 25921 25944 I Unity   : [XR] [485728508272] [14:37:02.870][Verbose] Ignoring event type 1000156104
05-15 14:37:02.902 25921 25944 I Unity   : [XR] [485728508272] [14:37:02.902][Verbose] Ignoring event type 1000156103
05-15 14:37:02.903 25921 25944 I Unity   : [XR] [485728508272] [14:37:02.903][Verbose] Ignoring event type 1000156104
05-15 14:37:02.935 25921 25944 I Unity   : [XR] [485728508272] [14:37:02.935][Verbose] Ignoring event type 1000156103
05-15 14:37:02.935 25921 25944 I Unity   : [XR] [485728508272] [14:37:02.935][Verbose] Ignoring event type 1000156104
05-15 14:37:02.968 25921 25944 I Unity   : [XR] [485728508272] [14:37:02.968][Verbose] Ignoring event type 1000156103
05-15 14:37:02.968 25921 25944 I Unity   : [XR] [485728508272] [14:37:02.968][Verbose] Ignoring event type 1000156104
05-15 14:37:03.000 25921 25944 I Unity   : [XR] [485728508272] [14:37:03.000][Verbose] Ignoring event type 1000156103
05-15 14:37:03.000 25921 25944 I Unity   : [XR] [485728508272] [14:37:03.000][Verbose] Ignoring event type 1000156104
05-15 14:37:03.000 25921 26076 I VrApi   : FPS=72/90,Prd=40ms,Tear=0,Early=17,Stale=14,Stale2/5/10/max=1/0/1/10,VSnc=1,Lat=-1,Fov=0,CPU4/GPU=3/2,2208/456MHz,OC=3F,TA=0/0/0,SP=N/N/N,Mem=3196MHz,Free=1767MB,PLS=1,Temp=35.0C/0.0C,TW=0.97ms,App=3.24ms,GD=0.00ms,CPU&GPU=4.58ms,LCnt=2(DR39,LM2),GPU%=0.42,CPU%=0.49(W0.52),DSF=1.00,CFL=11.96/26.25,ICFLp95=16.20,LD=0,SF=1.00,LP=0,DVFS=0
05-15 14:37:03.034 25921 25944 I Unity   : [XR] [485728508272] [14:37:03.034][Verbose] Ignoring event type 1000156103
05-15 14:37:03.035 25921 25944 I Unity   : [XR] [485728508272] [14:37:03.034][Verbose] Ignoring event type 1000156104
05-15 14:37:03.057 25921 25944 I Unity   : [XR] [485728508272] [14:37:03.057][Verbose] Ignoring event type 1000156103
05-15 14:37:03.057 25921 25944 I Unity   : [XR] [485728508272] [14:37:03.057][Verbose] Ignoring event type 1000156104
05-15 14:37:03.089 25921 25944 I Unity   : [XR] [485728508272] [14:37:03.089][Verbose] Ignoring event type 1000156103
05-15 14:37:03.089 25921 25944 I Unity   : [XR] [485728508272] [14:37:03.089][Verbose] Ignoring event type 1000156104
05-15 14:37:03.111 25921 25944 I Unity   : [XR] [485728508272] [14:37:03.111][Verbose] Ignoring event type 1000156103
05-15 14:37:03.111 25921 25944 I Unity   : [XR] [485728508272] [14:37:03.111][Verbose] Ignoring event type 1000156104
05-15 14:37:03.133 25921 25944 I Unity   : [XR] [485728508272] [14:37:03.133][Verbose] Ignoring event type 1000156103
05-15 14:37:03.133 25921 25944 I Unity   : [XR] [485728508272] [14:37:03.133][Verbose] Ignoring event type 1000156104
05-15 14:37:03.156 25921 25944 I Unity   : [XR] [485728508272] [14:37:03.156][Verbose] Ignoring event type 1000156103
05-15 14:37:03.156 25921 25944 I Unity   : [XR] [485728508272] [14:37:03.156][Verbose] Ignoring event type 1000156104
05-15 14:37:03.179 25921 25944 I Unity   : [XR] [485728508272] [14:37:03.179][Verbose] Ignoring event type 1000156103
05-15 14:37:03.179 25921 25944 I Unity   : [XR] [485728508272] [14:37:03.179][Verbose] Ignoring event type 1000156104
05-15 14:37:03.200 25921 25944 I Unity   : [XR] [485728508272] [14:37:03.200][Verbose] Ignoring event type 1000156103
05-15 14:37:03.200 25921 25944 I Unity   : [XR] [485728508272] [14:37:03.200][Verbose] Ignoring event type 1000156104
05-15 14:37:03.222 25921 25944 I Unity   : [XR] [485728508272] [14:37:03.222][Verbose] Ignoring event type 1000156103
05-15 14:37:03.222 25921 25944 I Unity   : [XR] [485728508272] [14:37:03.222][Verbose] Ignoring event type 1000156104
05-15 14:37:03.245 25921 25944 I Unity   : [XR] [485728508272] [14:37:03.245][Verbose] Ignoring event type 1000156103
05-15 14:37:03.245 25921 25944 I Unity   : [XR] [485728508272] [14:37:03.245][Verbose] Ignoring event type 1000156104
05-15 14:37:03.317 25921 25944 I Unity   : [XR] [485728508272] [14:37:03.317][Verbose] Ignoring event type 1000156103
05-15 14:37:03.317 25921 25944 I Unity   : [XR] [485728508272] [14:37:03.317][Verbose] Ignoring event type 1000156104
05-15 14:37:03.346 25921 25944 I Unity   : [XR] [485728508272] [14:37:03.346][Verbose] Ignoring event type 1000156103
05-15 14:37:03.346 25921 25944 I Unity   : [XR] [485728508272] [14:37:03.346][Verbose] Ignoring event type 1000156104
05-15 14:37:03.378 25921 25944 I Unity   : [XR] [485728508272] [14:37:03.378][Verbose] Ignoring event type 1000156103
05-15 14:37:03.378 25921 25944 I Unity   : [XR] [485728508272] [14:37:03.378][Verbose] Ignoring event type 1000156104
05-15 14:37:03.401 25921 25944 I Unity   : [XR] [485728508272] [14:37:03.401][Verbose] Ignoring event type 1000156103
05-15 14:37:03.401 25921 25944 I Unity   : [XR] [485728508272] [14:37:03.401][Verbose] Ignoring event type 1000156104
05-15 14:37:03.434 25921 25944 I Unity   : [XR] [485728508272] [14:37:03.434][Verbose] Ignoring event type 1000156103
05-15 14:37:03.434 25921 25944 I Unity   : [XR] [485728508272] [14:37:03.434][Verbose] Ignoring event type 1000156104
05-15 14:37:03.457 25921 25944 I Unity   : [XR] [485728508272] [14:37:03.457][Verbose] Ignoring event type 1000156103
05-15 14:37:03.458 25921 25944 I Unity   : [XR] [485728508272] [14:37:03.458][Verbose] Ignoring event type 1000156104
05-15 14:37:03.490 25921 25944 I Unity   : [XR] [485728508272] [14:37:03.490][Verbose] Ignoring event type 1000156103
05-15 14:37:03.490 25921 25944 I Unity   : [XR] [485728508272] [14:37:03.490][Verbose] Ignoring event type 1000156104
05-15 14:37:03.511 25921 25944 I Unity   : [XR] [485728508272] [14:37:03.511][Verbose] Ignoring event type 1000156103
05-15 14:37:03.511 25921 25944 I Unity   : [XR] [485728508272] [14:37:03.511][Verbose] Ignoring event type 1000156104
05-15 14:37:03.533 25921 25944 I Unity   : [XR] [485728508272] [14:37:03.533][Verbose] Ignoring event type 1000156103
05-15 14:37:03.533 25921 25944 I Unity   : [XR] [485728508272] [14:37:03.533][Verbose] Ignoring event type 1000156104
05-15 14:37:03.556 25921 25944 I Unity   : [XR] [485728508272] [14:37:03.556][Verbose] Ignoring event type 1000156103
05-15 14:37:03.556 25921 25944 I Unity   : [XR] [485728508272] [14:37:03.556][Verbose] Ignoring event type 1000156104
05-15 14:37:03.579 25921 25944 I Unity   : [XR] [485728508272] [14:37:03.579][Verbose] Ignoring event type 1000156103
05-15 14:37:03.579 25921 25944 I Unity   : [XR] [485728508272] [14:37:03.579][Verbose] Ignoring event type 1000156104
05-15 14:37:03.602 25921 25944 I Unity   : [XR] [485728508272] [14:37:03.602][Verbose] Ignoring event type 1000156103
05-15 14:37:03.602 25921 25944 I Unity   : [XR] [485728508272] [14:37:03.602][Verbose] Ignoring event type 1000156104
05-15 14:37:03.623 25921 25944 I Unity   : [XR] [485728508272] [14:37:03.623][Verbose] Ignoring event type 1000156103
05-15 14:37:03.623 25921 25944 I Unity   : [XR] [485728508272] [14:37:03.623][Verbose] Ignoring event type 1000156104
05-15 14:37:03.645 25921 25944 I Unity   : [XR] [485728508272] [14:37:03.645][Verbose] Ignoring event type 1000156103
05-15 14:37:03.645 25921 25944 I Unity   : [XR] [485728508272] [14:37:03.645][Verbose] Ignoring event type 1000156104
05-15 14:37:03.668 25921 25944 I Unity   : [XR] [485728508272] [14:37:03.668][Verbose] Ignoring event type 1000156103
05-15 14:37:03.668 25921 25944 I Unity   : [XR] [485728508272] [14:37:03.668][Verbose] Ignoring event type 1000156104
05-15 14:37:03.690 25921 25944 I Unity   : [XR] [485728508272] [14:37:03.690][Verbose] Ignoring event type 1000156103
05-15 14:37:03.690 25921 25944 I Unity   : [XR] [485728508272] [14:37:03.690][Verbose] Ignoring event type 1000156104
05-15 14:37:03.711 25921 25944 I Unity   : [XR] [485728508272] [14:37:03.711][Verbose] Ignoring event type 1000156103
05-15 14:37:03.711 25921 25944 I Unity   : [XR] [485728508272] [14:37:03.711][Verbose] Ignoring event type 1000156104
05-15 14:37:03.733 25921 25944 I Unity   : [XR] [485728508272] [14:37:03.733][Verbose] Ignoring event type 1000156103
05-15 14:37:03.733 25921 25944 I Unity   : [XR] [485728508272] [14:37:03.733][Verbose] Ignoring event type 1000156104
05-15 14:37:03.757 25921 25944 I Unity   : [XR] [485728508272] [14:37:03.757][Verbose] Ignoring event type 1000156103
05-15 14:37:03.757 25921 25944 I Unity   : [XR] [485728508272] [14:37:03.757][Verbose] Ignoring event type 1000156104
05-15 14:37:03.789 25921 25944 I Unity   : [XR] [485728508272] [14:37:03.789][Verbose] Ignoring event type 1000156103
05-15 14:37:03.789 25921 25944 I Unity   : [XR] [485728508272] [14:37:03.789][Verbose] Ignoring event type 1000156104
05-15 14:37:03.813 25921 25944 I Unity   : [XR] [485728508272] [14:37:03.813][Verbose] Ignoring event type 1000156103
05-15 14:37:03.813 25921 25944 I Unity   : [XR] [485728508272] [14:37:03.813][Verbose] Ignoring event type 1000156104
05-15 14:37:03.846 25921 25944 I Unity   : [XR] [485728508272] [14:37:03.846][Verbose] Ignoring event type 1000156103
05-15 14:37:03.847 25921 25944 I Unity   : [XR] [485728508272] [14:37:03.847][Verbose] Ignoring event type 1000156104
05-15 14:37:03.880 25921 25944 I Unity   : [XR] [485728508272] [14:37:03.880][Verbose] Ignoring event type 1000156103
05-15 14:37:03.880 25921 25944 I Unity   : [XR] [485728508272] [14:37:03.880][Verbose] Ignoring event type 1000156104
05-15 14:37:03.913 25921 25944 I Unity   : [XR] [485728508272] [14:37:03.913][Verbose] Ignoring event type 1000156103
05-15 14:37:03.913 25921 25944 I Unity   : [XR] [485728508272] [14:37:03.913][Verbose] Ignoring event type 1000156104
05-15 14:37:03.934 25921 25944 I Unity   : [XR] [485728508272] [14:37:03.934][Verbose] Ignoring event type 1000156103
05-15 14:37:03.934 25921 25944 I Unity   : [XR] [485728508272] [14:37:03.934][Verbose] Ignoring event type 1000156104
05-15 14:37:03.968 25921 25944 I Unity   : [XR] [485728508272] [14:37:03.968][Verbose] Ignoring event type 1000156103
05-15 14:37:03.968 25921 25944 I Unity   : [XR] [485728508272] [14:37:03.968][Verbose] Ignoring event type 1000156104
05-15 14:37:04.000 25921 26076 I VrApi   : FPS=74/90,Prd=42ms,Tear=0,Early=26,Stale=3,Stale2/5/10/max=1/0/0/3,VSnc=1,Lat=-1,Fov=0,CPU4/GPU=3/2,2361/456MHz,OC=3F,TA=0/0/0,SP=N/N/N,Mem=3196MHz,Free=1767MB,PLS=1,Temp=35.0C/0.0C,TW=1.27ms,App=5.67ms,GD=0.00ms,CPU&GPU=8.67ms,LCnt=2(DR90,LM2),GPU%=0.60,CPU%=0.51(W0.58),DSF=1.00,CFL=12.61/18.64,ICFLp95=17.19,LD=0,SF=1.00,LP=0,DVFS=0
05-15 14:37:04.001 25921 25944 I Unity   : [XR] [485728508272] [14:37:04.001][Verbose] Ignoring event type 1000156103
05-15 14:37:04.001 25921 25944 I Unity   : [XR] [485728508272] [14:37:04.001][Verbose] Ignoring event type 1000156104
05-15 14:37:04.023 25921 25944 I Unity   : [XR] [485728508272] [14:37:04.023][Verbose] Ignoring event type 1000156103
05-15 14:37:04.023 25921 25944 I Unity   : [XR] [485728508272] [14:37:04.023][Verbose] Ignoring event type 1000156104
05-15 14:37:04.047 25921 25944 I Unity   : [XR] [485728508272] [14:37:04.047][Verbose] Ignoring event type 1000156103
05-15 14:37:04.047 25921 25944 I Unity   : [XR] [485728508272] [14:37:04.047][Verbose] Ignoring event type 1000156104
05-15 14:37:04.079 25921 25944 I Unity   : [XR] [485728508272] [14:37:04.079][Verbose] Ignoring event type 1000156103
05-15 14:37:04.079 25921 25944 I Unity   : [XR] [485728508272] [14:37:04.079][Verbose] Ignoring event type 1000156104
05-15 14:37:04.112 25921 25944 I Unity   : [XR] [485728508272] [14:37:04.112][Verbose] Ignoring event type 1000156103
05-15 14:37:04.112 25921 25944 I Unity   : [XR] [485728508272] [14:37:04.112][Verbose] Ignoring event type 1000156104
05-15 14:37:04.134 25921 25944 I Unity   : [XR] [485728508272] [14:37:04.134][Verbose] Ignoring event type 1000156103
05-15 14:37:04.134 25921 25944 I Unity   : [XR] [485728508272] [14:37:04.134][Verbose] Ignoring event type 1000156104
05-15 14:37:04.168 25921 25944 I Unity   : [XR] [485728508272] [14:37:04.168][Verbose] Ignoring event type 1000156103
05-15 14:37:04.168 25921 25944 I Unity   : [XR] [485728508272] [14:37:04.168][Verbose] Ignoring event type 1000156104
05-15 14:37:04.202 25921 25944 I Unity   : [XR] [485728508272] [14:37:04.202][Verbose] Ignoring event type 1000156103
05-15 14:37:04.202 25921 25944 I Unity   : [XR] [485728508272] [14:37:04.202][Verbose] Ignoring event type 1000156104
05-15 14:37:04.234 25921 25944 I Unity   : [XR] [485728508272] [14:37:04.234][Verbose] Ignoring event type 1000156103
05-15 14:37:04.234 25921 25944 I Unity   : [XR] [485728508272] [14:37:04.234][Verbose] Ignoring event type 1000156104
05-15 14:37:04.269 25921 25944 I Unity   : [XR] [485728508272] [14:37:04.269][Verbose] Ignoring event type 1000156103
05-15 14:37:04.269 25921 25944 I Unity   : [XR] [485728508272] [14:37:04.269][Verbose] Ignoring event type 1000156104
05-15 14:37:04.301 25921 25944 I Unity   : [XR] [485728508272] [14:37:04.301][Verbose] Ignoring event type 1000156103
05-15 14:37:04.302 25921 25944 I Unity   : [XR] [485728508272] [14:37:04.302][Verbose] Ignoring event type 1000156104
05-15 14:37:04.323 25921 25944 I Unity   : [XR] [485728508272] [14:37:04.323][Verbose] Ignoring event type 1000156103
05-15 14:37:04.323 25921 25944 I Unity   : [XR] [485728508272] [14:37:04.323][Verbose] Ignoring event type 1000156104
05-15 14:37:04.346 25921 25944 I Unity   : [XR] [485728508272] [14:37:04.346][Verbose] Ignoring event type 1000156103
05-15 14:37:04.346 25921 25944 I Unity   : [XR] [485728508272] [14:37:04.346][Verbose] Ignoring event type 1000156104
05-15 14:37:04.366 25921 25944 I Unity   : [XR] [485728508272] [14:37:04.366][Verbose] Ignoring event type 1000156103
05-15 14:37:04.367 25921 25944 I Unity   : [XR] [485728508272] [14:37:04.366][Verbose] Ignoring event type 1000156104
05-15 14:37:04.401 25921 25944 I Unity   : [XR] [485728508272] [14:37:04.401][Verbose] Ignoring event type 1000156103
05-15 14:37:04.401 25921 25944 I Unity   : [XR] [485728508272] [14:37:04.401][Verbose] Ignoring event type 1000156104
05-15 14:37:04.424 25921 25944 I Unity   : [XR] [485728508272] [14:37:04.424][Verbose] Ignoring event type 1000156103
05-15 14:37:04.424 25921 25944 I Unity   : [XR] [485728508272] [14:37:04.424][Verbose] Ignoring event type 1000156104
05-15 14:37:04.446 25921 25944 I Unity   : [XR] [485728508272] [14:37:04.446][Verbose] Ignoring event type 1000156103
05-15 14:37:04.446 25921 25944 I Unity   : [XR] [485728508272] [14:37:04.446][Verbose] Ignoring event type 1000156104
05-15 14:37:04.479 25921 25944 I Unity   : [XR] [485728508272] [14:37:04.479][Verbose] Ignoring event type 1000156103
05-15 14:37:04.479 25921 25944 I Unity   : [XR] [485728508272] [14:37:04.479][Verbose] Ignoring event type 1000156104
05-15 14:37:04.501 25921 25944 I Unity   : [XR] [485728508272] [14:37:04.501][Verbose] Ignoring event type 1000156103
05-15 14:37:04.501 25921 25944 I Unity   : [XR] [485728508272] [14:37:04.501][Verbose] Ignoring event type 1000156104
05-15 14:37:04.523 25921 25944 I Unity   : [XR] [485728508272] [14:37:04.523][Verbose] Ignoring event type 1000156103
05-15 14:37:04.524 25921 25944 I Unity   : [XR] [485728508272] [14:37:04.524][Verbose] Ignoring event type 1000156104
05-15 14:37:04.557 25921 25944 I Unity   : [XR] [485728508272] [14:37:04.557][Verbose] Ignoring event type 1000156103
05-15 14:37:04.557 25921 25944 I Unity   : [XR] [485728508272] [14:37:04.557][Verbose] Ignoring event type 1000156104
05-15 14:37:04.590 25921 25944 I Unity   : [XR] [485728508272] [14:37:04.590][Verbose] Ignoring event type 1000156103
05-15 14:37:04.591 25921 25944 I Unity   : [XR] [485728508272] [14:37:04.591][Verbose] Ignoring event type 1000156104
05-15 14:37:04.613 25921 25944 I Unity   : [XR] [485728508272] [14:37:04.613][Verbose] Ignoring event type 1000156103
05-15 14:37:04.613 25921 25944 I Unity   : [XR] [485728508272] [14:37:04.613][Verbose] Ignoring event type 1000156104
05-15 14:37:04.646 25921 25944 I Unity   : [XR] [485728508272] [14:37:04.646][Verbose] Ignoring event type 1000156103
05-15 14:37:04.647 25921 25944 I Unity   : [XR] [485728508272] [14:37:04.647][Verbose] Ignoring event type 1000156104
05-15 14:37:04.679 25921 25944 I Unity   : [XR] [485728508272] [14:37:04.679][Verbose] Ignoring event type 1000156103
05-15 14:37:04.679 25921 25944 I Unity   : [XR] [485728508272] [14:37:04.679][Verbose] Ignoring event type 1000156104
05-15 14:37:04.713 25921 25944 I Unity   : [XR] [485728508272] [14:37:04.713][Verbose] Ignoring event type 1000156103
05-15 14:37:04.713 25921 25944 I Unity   : [XR] [485728508272] [14:37:04.713][Verbose] Ignoring event type 1000156104
05-15 14:37:04.747 25921 25944 I Unity   : [XR] [485728508272] [14:37:04.747][Verbose] Ignoring event type 1000156103
05-15 14:37:04.747 25921 25944 I Unity   : [XR] [485728508272] [14:37:04.747][Verbose] Ignoring event type 1000156104
05-15 14:37:04.759  2851  3218 I PerformanceManager_ZSF: perfmgr: SetClockLevels: Apply pending clock request change: 3,2 -> 2,2
05-15 14:37:04.778 25921 25944 I Unity   : [XR] [485728508272] [14:37:04.778][Verbose] Ignoring event type 1000156103
05-15 14:37:04.778 25921 25944 I Unity   : [XR] [485728508272] [14:37:04.778][Verbose] Ignoring event type 1000156104
05-15 14:37:04.800 25921 25944 I Unity   : [XR] [485728508272] [14:37:04.800][Verbose] Ignoring event type 1000156103
05-15 14:37:04.800 25921 25944 I Unity   : [XR] [485728508272] [14:37:04.800][Verbose] Ignoring event type 1000156104
05-15 14:37:04.816 25921 25944 I Unity   : Testing started and tracked pose driver disabled
05-15 14:37:04.816 25921 25944 I Unity   : <ExecuteTests>d__48:MoveNext()
05-15 14:37:04.816 25921 25944 I Unity   : UnityEngine.SetupCoroutine:InvokeMoveNext(IEnumerator, IntPtr)
05-15 14:37:04.816 25921 25944 I Unity   : UIInteractionManager:OnButtonPressed(Int32)
05-15 14:37:04.816 25921 25944 I Unity   : UnityEngine.Events.UnityEvent:Invoke()
05-15 14:37:04.816 25921 25944 I Unity   : UnityEngine.EventSystems.ExecuteEvents:Execute(GameObject, BaseEventData, EventFunction`1)
05-15 14:37:04.816 25921 25944 I Unity   : UnityEngine.XR.Interaction.Toolkit.UI.UIInputModule:ProcessPointerButton(ButtonDeltaState, PointerEventData)
05-15 14:37:04.816 25921 25944 I Unity   : UnityEngine.XR.Interaction.Toolkit.UI.UIInputModule:ProcessTrackedDevice(TrackedDeviceModel&, Boolean)
05-15 14:37:04.816 25921 25944 I Unity   : UnityEngine.XR.Interaction.Toolkit.UI.XRUIInputModule:DoProcess()
05-15 14:37:04.816 25921 25944 I Unity   : 
05-15 14:37:04.817 25921 25944 I Unity   : Starting test run 1 for VFX with passthrough False
05-15 14:37:04.817 25921 25944 I Unity   : <ExecuteTests>d__48:MoveNext()
05-15 14:37:04.817 25921 25944 I Unity   : UnityEngine.SetupCoroutine:InvokeMoveNext(IEnumerator, IntPtr)
05-15 14:37:04.817 25921 25944 I Unity   : UIInteractionManager:OnButtonPressed(Int32)
05-15 14:37:04.817 25921 25944 I Unity   : UnityEngine.Events.UnityEvent:Invoke()
05-15 14:37:04.817 25921 25944 I Unity   : UnityEngine.EventSystems.ExecuteEvents:Execute(GameObject, BaseEventData, EventFunction`1)
05-15 14:37:04.817 25921 25944 I Unity   : UnityEngine.XR.Interaction.Toolkit.UI.UIInputModule:ProcessPointerButton(ButtonDeltaState, PointerEventData)
05-15 14:37:04.817 25921 25944 I Unity   : UnityEngine.XR.Interaction.Toolkit.UI.UIInputModule:ProcessTrackedDevice(TrackedDeviceModel&, Boolean)
05-15 14:37:04.817 25921 25944 I Unity   : UnityEngine.XR.Interaction.Toolkit.UI.XRUIInputModule:DoProcess()
05-15 14:37:04.817 25921 25944 I Unity   : 
05-15 14:37:04.992  2851  3218 I PerformanceManager_ZSF: perfmgr: SetClockLevels: Apply pending clock request change: 2,2 -> 3,2
05-15 14:37:05.000 25921 26076 I VrApi   : FPS=88/90,Prd=43ms,Tear=0,Early=41,Stale=0,Stale2/5/10/max=0/0/0/0,VSnc=1,Lat=-1,Fov=0,CPU4/GPU=2/2,1920/456MHz,OC=3F,TA=0/0/0,SP=N/N/N,Mem=2736MHz,Free=1767MB,PLS=1,Temp=35.0C/0.0C,TW=1.35ms,App=5.64ms,GD=0.00ms,CPU&GPU=9.73ms,LCnt=2(DR90,LM2),GPU%=0.62,CPU%=0.49(W0.53),DSF=1.00,CFL=12.39/17.67,ICFLp95=16.11,LD=0,SF=1.00,LP=0,DVFS=0
05-15 14:37:05.018 25921 25944 I Unity   : Recording starting VFX-False-2024-05-15_14-37-04
05-15 14:37:05.018 25921 25944 I Unity   : <ExecuteTest>d__49:MoveNext()
05-15 14:37:05.018 25921 25944 I Unity   : UnityEngine.SetupCoroutine:InvokeMoveNext(IEnumerator, IntPtr)
05-15 14:37:05.018 25921 25944 I Unity   : UIInteractionManager:OnButtonPressed(Int32)
05-15 14:37:05.018 25921 25944 I Unity   : UnityEngine.Events.UnityEvent:Invoke()
05-15 14:37:05.018 25921 25944 I Unity   : UnityEngine.EventSystems.ExecuteEvents:Execute(GameObject, BaseEventData, EventFunction`1)
05-15 14:37:05.018 25921 25944 I Unity   : UnityEngine.XR.Interaction.Toolkit.UI.UIInputModule:ProcessPointerButton(ButtonDeltaState, PointerEventData)
05-15 14:37:05.018 25921 25944 I Unity   : UnityEngine.XR.Interaction.Toolkit.UI.UIInputModule:ProcessTrackedDevice(TrackedDeviceModel&, Boolean)
05-15 14:37:05.018 25921 25944 I Unity   : UnityEngine.XR.Interaction.Toolkit.UI.XRUIInputModule:DoProcess()
05-15 14:37:05.018 25921 25944 I Unity   : 
05-15 14:37:05.018 25921 25944 I Unity   : Starting recording!
05-15 14:37:05.018 25921 25944 I Unity   : AutomatedTest:StartRecording()
05-15 14:37:05.018 25921 25944 I Unity   : <ExecuteTest>d__49:MoveNext()
05-15 14:37:05.018 25921 25944 I Unity   : UnityEngine.SetupCoroutine:InvokeMoveNext(IEnumerator, IntPtr)
05-15 14:37:05.018 25921 25944 I Unity   : UIInteractionManager:OnButtonPressed(Int32)
05-15 14:37:05.018 25921 25944 I Unity   : UnityEngine.Events.UnityEvent:Invoke()
05-15 14:37:05.018 25921 25944 I Unity   : UnityEngine.EventSystems.ExecuteEvents:Execute(GameObject, BaseEventData, EventFunction`1)
05-15 14:37:05.018 25921 25944 I Unity   : UnityEngine.XR.Interaction.Toolkit.UI.UIInputModule:ProcessPointerButton(ButtonDeltaState, PointerEventData)
05-15 14:37:05.018 25921 25944 I Unity   : UnityEngine.XR.Interaction.Toolkit.UI.UIInputModule:ProcessTrackedDevice(TrackedDeviceModel&, Boolean)
05-15 14:37:05.018 25921 25944 I Unity   : UnityEngine.XR.Interaction.Toolkit.UI.XRUIInputModule:DoProcess()
05-15 14:37:05.018 25921 25944 I Unity   : 
05-15 14:37:05.038 25921 25944 I Unity   : [XR] [485728508272] [14:37:05.038][Verbose] Ignoring event type 1000156103
05-15 14:37:05.038 25921 25944 I Unity   : [XR] [485728508272] [14:37:05.038][Verbose] Ignoring event type 1000156104
05-15 14:37:05.068 25921 25944 I Unity   : [XR] [485728508272] [14:37:05.068][Verbose] Ignoring event type 1000156103
05-15 14:37:05.068 25921 25944 I Unity   : [XR] [485728508272] [14:37:05.068][Verbose] Ignoring event type 1000156104
05-15 14:37:05.090 25921 25944 I Unity   : [XR] [485728508272] [14:37:05.090][Verbose] Ignoring event type 1000156103
05-15 14:37:05.090 25921 25944 I Unity   : [XR] [485728508272] [14:37:05.090][Verbose] Ignoring event type 1000156104
05-15 14:37:05.123 25921 25944 I Unity   : [XR] [485728508272] [14:37:05.123][Verbose] Ignoring event type 1000156103
05-15 14:37:05.124 25921 25944 I Unity   : [XR] [485728508272] [14:37:05.124][Verbose] Ignoring event type 1000156104
05-15 14:37:05.146 25921 25944 I Unity   : [XR] [485728508272] [14:37:05.146][Verbose] Ignoring event type 1000156103
05-15 14:37:05.146 25921 25944 I Unity   : [XR] [485728508272] [14:37:05.146][Verbose] Ignoring event type 1000156104
05-15 14:37:05.168 25921 25944 I Unity   : [XR] [485728508272] [14:37:05.168][Verbose] Ignoring event type 1000156103
05-15 14:37:05.168 25921 25944 I Unity   : [XR] [485728508272] [14:37:05.168][Verbose] Ignoring event type 1000156104
05-15 14:37:05.201 25921 25944 I Unity   : [XR] [485728508272] [14:37:05.201][Verbose] Ignoring event type 1000156103
05-15 14:37:05.201 25921 25944 I Unity   : [XR] [485728508272] [14:37:05.201][Verbose] Ignoring event type 1000156104
05-15 14:37:05.223 25921 25944 I Unity   : [XR] [485728508272] [14:37:05.223][Verbose] Ignoring event type 1000156103
05-15 14:37:05.223 25921 25944 I Unity   : [XR] [485728508272] [14:37:05.223][Verbose] Ignoring event type 1000156104
05-15 14:37:05.245 25921 25944 I Unity   : [XR] [485728508272] [14:37:05.245][Verbose] Ignoring event type 1000156103
05-15 14:37:05.245 25921 25944 I Unity   : [XR] [485728508272] [14:37:05.245][Verbose] Ignoring event type 1000156104
05-15 14:37:05.279 25921 25944 I Unity   : [XR] [485728508272] [14:37:05.279][Verbose] Ignoring event type 1000156103
05-15 14:37:05.280 25921 25944 I Unity   : [XR] [485728508272] [14:37:05.280][Verbose] Ignoring event type 1000156104
05-15 14:37:05.313 25921 25944 I Unity   : [XR] [485728508272] [14:37:05.313][Verbose] Ignoring event type 1000156103
05-15 14:37:05.313 25921 25944 I Unity   : [XR] [485728508272] [14:37:05.313][Verbose] Ignoring event type 1000156104
05-15 14:37:05.346 25921 25944 I Unity   : [XR] [485728508272] [14:37:05.346][Verbose] Ignoring event type 1000156103
05-15 14:37:05.346 25921 25944 I Unity   : [XR] [485728508272] [14:37:05.346][Verbose] Ignoring event type 1000156104
05-15 14:37:05.367 25921 25944 I Unity   : [XR] [485728508272] [14:37:05.367][Verbose] Ignoring event type 1000156103
05-15 14:37:05.367 25921 25944 I Unity   : [XR] [485728508272] [14:37:05.367][Verbose] Ignoring event type 1000156104
05-15 14:37:05.389 25921 25944 I Unity   : [XR] [485728508272] [14:37:05.389][Verbose] Ignoring event type 1000156103
05-15 14:37:05.389 25921 25944 I Unity   : [XR] [485728508272] [14:37:05.389][Verbose] Ignoring event type 1000156104
05-15 14:37:05.413 25921 25944 I Unity   : [XR] [485728508272] [14:37:05.413][Verbose] Ignoring event type 1000156103
05-15 14:37:05.413 25921 25944 I Unity   : [XR] [485728508272] [14:37:05.413][Verbose] Ignoring event type 1000156104
05-15 14:37:05.447 25921 25944 I Unity   : [XR] [485728508272] [14:37:05.447][Verbose] Ignoring event type 1000156103
05-15 14:37:05.447 25921 25944 I Unity   : [XR] [485728508272] [14:37:05.447][Verbose] Ignoring event type 1000156104
05-15 14:37:05.480 25921 25944 I Unity   : [XR] [485728508272] [14:37:05.480][Verbose] Ignoring event type 1000156103
05-15 14:37:05.480 25921 25944 I Unity   : [XR] [485728508272] [14:37:05.480][Verbose] Ignoring event type 1000156104
05-15 14:37:05.513 25921 25944 I Unity   : [XR] [485728508272] [14:37:05.513][Verbose] Ignoring event type 1000156103
05-15 14:37:05.513 25921 25944 I Unity   : [XR] [485728508272] [14:37:05.513][Verbose] Ignoring event type 1000156104
05-15 14:37:05.547 25921 25944 I Unity   : [XR] [485728508272] [14:37:05.547][Verbose] Ignoring event type 1000156103
05-15 14:37:05.547 25921 25944 I Unity   : [XR] [485728508272] [14:37:05.547][Verbose] Ignoring event type 1000156104
05-15 14:37:05.580 25921 25944 I Unity   : [XR] [485728508272] [14:37:05.580][Verbose] Ignoring event type 1000156103
05-15 14:37:05.580 25921 25944 I Unity   : [XR] [485728508272] [14:37:05.580][Verbose] Ignoring event type 1000156104
05-15 14:37:05.612 25921 25944 I Unity   : [XR] [485728508272] [14:37:05.612][Verbose] Ignoring event type 1000156103
05-15 14:37:05.612 25921 25944 I Unity   : [XR] [485728508272] [14:37:05.612][Verbose] Ignoring event type 1000156104
05-15 14:37:05.646 25921 25944 I Unity   : [XR] [485728508272] [14:37:05.646][Verbose] Ignoring event type 1000156103
05-15 14:37:05.646 25921 25944 I Unity   : [XR] [485728508272] [14:37:05.646][Verbose] Ignoring event type 1000156104
05-15 14:37:05.680 25921 25944 I Unity   : [XR] [485728508272] [14:37:05.680][Verbose] Ignoring event type 1000156103
05-15 14:37:05.680 25921 25944 I Unity   : [XR] [485728508272] [14:37:05.680][Verbose] Ignoring event type 1000156104
05-15 14:37:05.713 25921 25944 I Unity   : [XR] [485728508272] [14:37:05.713][Verbose] Ignoring event type 1000156103
05-15 14:37:05.713 25921 25944 I Unity   : [XR] [485728508272] [14:37:05.713][Verbose] Ignoring event type 1000156104
05-15 14:37:05.747 25921 25944 I Unity   : [XR] [485728508272] [14:37:05.747][Verbose] Ignoring event type 1000156103
05-15 14:37:05.747 25921 25944 I Unity   : [XR] [485728508272] [14:37:05.747][Verbose] Ignoring event type 1000156104
05-15 14:37:05.780 25921 25944 I Unity   : [XR] [485728508272] [14:37:05.780][Verbose] Ignoring event type 1000156103
05-15 14:37:05.780 25921 25944 I Unity   : [XR] [485728508272] [14:37:05.780][Verbose] Ignoring event type 1000156104
05-15 14:37:05.813 25921 25944 I Unity   : [XR] [485728508272] [14:37:05.813][Verbose] Ignoring event type 1000156103
05-15 14:37:05.813 25921 25944 I Unity   : [XR] [485728508272] [14:37:05.813][Verbose] Ignoring event type 1000156104
05-15 14:37:05.846 25921 25944 I Unity   : [XR] [485728508272] [14:37:05.846][Verbose] Ignoring event type 1000156103
05-15 14:37:05.846 25921 25944 I Unity   : [XR] [485728508272] [14:37:05.846][Verbose] Ignoring event type 1000156104
05-15 14:37:05.878 25921 25944 I Unity   : [XR] [485728508272] [14:37:05.878][Verbose] Ignoring event type 1000156103
05-15 14:37:05.878 25921 25944 I Unity   : [XR] [485728508272] [14:37:05.878][Verbose] Ignoring event type 1000156104
05-15 14:37:05.902 25921 25944 I Unity   : [XR] [485728508272] [14:37:05.902][Verbose] Ignoring event type 1000156103
05-15 14:37:05.902 25921 25944 I Unity   : [XR] [485728508272] [14:37:05.902][Verbose] Ignoring event type 1000156104
05-15 14:37:05.923 25921 25944 I Unity   : [XR] [485728508272] [14:37:05.923][Verbose] Ignoring event type 1000156103
05-15 14:37:05.923 25921 25944 I Unity   : [XR] [485728508272] [14:37:05.923][Verbose] Ignoring event type 1000156104
05-15 14:37:05.946 25921 25944 I Unity   : [XR] [485728508272] [14:37:05.946][Verbose] Ignoring event type 1000156103
05-15 14:37:05.946 25921 25944 I Unity   : [XR] [485728508272] [14:37:05.946][Verbose] Ignoring event type 1000156104
05-15 14:37:05.969 25921 25944 I Unity   : [XR] [485728508272] [14:37:05.969][Verbose] Ignoring event type 1000156103
05-15 14:37:05.969 25921 25944 I Unity   : [XR] [485728508272] [14:37:05.969][Verbose] Ignoring event type 1000156104
05-15 14:37:06.000 25921 26076 I VrApi   : FPS=72/90,Prd=43ms,Tear=0,Early=20,Stale=19,Stale2/5/10/max=0/0/1/19,VSnc=1,Lat=-1,Fov=0,CPU4/GPU=3/2,1651/456MHz,OC=3F,TA=0/0/0,SP=N/N/N,Mem=2736MHz,Free=1767MB,PLS=1,Temp=35.0C/0.0C,TW=1.38ms,App=5.44ms,GD=0.00ms,CPU&GPU=9.20ms,LCnt=2(DR90,LM2),GPU%=0.63,CPU%=0.48(W0.53),DSF=1.00,CFL=11.99/17.77,ICFLp95=15.91,LD=0,SF=1.00,LP=0,DVFS=0
05-15 14:37:06.001 25921 25944 I Unity   : [XR] [485728508272] [14:37:06.001][Verbose] Ignoring event type 1000156103
05-15 14:37:06.002 25921 25944 I Unity   : [XR] [485728508272] [14:37:06.002][Verbose] Ignoring event type 1000156104
05-15 14:37:06.023 25921 25944 I Unity   : [XR] [485728508272] [14:37:06.023][Verbose] Ignoring event type 1000156103
05-15 14:37:06.023 25921 25944 I Unity   : [XR] [485728508272] [14:37:06.023][Verbose] Ignoring event type 1000156104
05-15 14:37:06.057 25921 25944 I Unity   : [XR] [485728508272] [14:37:06.057][Verbose] Ignoring event type 1000156103
05-15 14:37:06.057 25921 25944 I Unity   : [XR] [485728508272] [14:37:06.057][Verbose] Ignoring event type 1000156104
05-15 14:37:06.091 25921 25944 I Unity   : [XR] [485728508272] [14:37:06.091][Verbose] Ignoring event type 1000156103
05-15 14:37:06.091 25921 25944 I Unity   : [XR] [485728508272] [14:37:06.091][Verbose] Ignoring event type 1000156104
05-15 14:37:06.122 25921 25944 I Unity   : [XR] [485728508272] [14:37:06.122][Verbose] Ignoring event type 1000156103
05-15 14:37:06.122 25921 25944 I Unity   : [XR] [485728508272] [14:37:06.122][Verbose] Ignoring event type 1000156104
05-15 14:37:06.156 25921 25944 I Unity   : [XR] [485728508272] [14:37:06.156][Verbose] Ignoring event type 1000156103
05-15 14:37:06.157 25921 25944 I Unity   : [XR] [485728508272] [14:37:06.157][Verbose] Ignoring event type 1000156104
05-15 14:37:06.191 25921 25944 I Unity   : [XR] [485728508272] [14:37:06.191][Verbose] Ignoring event type 1000156103
05-15 14:37:06.191 25921 25944 I Unity   : [XR] [485728508272] [14:37:06.191][Verbose] Ignoring event type 1000156104
05-15 14:37:06.213 25921 25944 I Unity   : [XR] [485728508272] [14:37:06.213][Verbose] Ignoring event type 1000156103
05-15 14:37:06.213 25921 25944 I Unity   : [XR] [485728508272] [14:37:06.213][Verbose] Ignoring event type 1000156104
05-15 14:37:06.247 25921 25944 I Unity   : [XR] [485728508272] [14:37:06.247][Verbose] Ignoring event type 1000156103
05-15 14:37:06.247 25921 25944 I Unity   : [XR] [485728508272] [14:37:06.247][Verbose] Ignoring event type 1000156104
05-15 14:37:06.278 25921 25944 I Unity   : [XR] [485728508272] [14:37:06.278][Verbose] Ignoring event type 1000156103
05-15 14:37:06.278 25921 25944 I Unity   : [XR] [485728508272] [14:37:06.278][Verbose] Ignoring event type 1000156104
05-15 14:37:06.301 25921 25944 I Unity   : [XR] [485728508272] [14:37:06.301][Verbose] Ignoring event type 1000156103
05-15 14:37:06.302 25921 25944 I Unity   : [XR] [485728508272] [14:37:06.302][Verbose] Ignoring event type 1000156104
05-15 14:37:06.335 25921 25944 I Unity   : [XR] [485728508272] [14:37:06.335][Verbose] Ignoring event type 1000156103
05-15 14:37:06.335 25921 25944 I Unity   : [XR] [485728508272] [14:37:06.335][Verbose] Ignoring event type 1000156104
05-15 14:37:06.356 25921 25944 I Unity   : [XR] [485728508272] [14:37:06.356][Verbose] Ignoring event type 1000156103
05-15 14:37:06.356 25921 25944 I Unity   : [XR] [485728508272] [14:37:06.356][Verbose] Ignoring event type 1000156104
05-15 14:37:06.391 25921 25944 I Unity   : [XR] [485728508272] [14:37:06.391][Verbose] Ignoring event type 1000156103
05-15 14:37:06.391 25921 25944 I Unity   : [XR] [485728508272] [14:37:06.391][Verbose] Ignoring event type 1000156104
05-15 14:37:06.412 25921 25944 I Unity   : [XR] [485728508272] [14:37:06.412][Verbose] Ignoring event type 1000156103
05-15 14:37:06.412 25921 25944 I Unity   : [XR] [485728508272] [14:37:06.412][Verbose] Ignoring event type 1000156104
05-15 14:37:06.445 25921 25944 I Unity   : [XR] [485728508272] [14:37:06.445][Verbose] Ignoring event type 1000156103
05-15 14:37:06.445 25921 25944 I Unity   : [XR] [485728508272] [14:37:06.445][Verbose] Ignoring event type 1000156104
05-15 14:37:06.480 25921 25944 I Unity   : [XR] [485728508272] [14:37:06.479][Verbose] Ignoring event type 1000156103
05-15 14:37:06.480 25921 25944 I Unity   : [XR] [485728508272] [14:37:06.480][Verbose] Ignoring event type 1000156104
05-15 14:37:06.481  2851  3218 I PerformanceManager_ZSF: perfmgr: SetClockLevels: Apply pending clock request change: 3,2 -> 2,2
05-15 14:37:06.514 25921 25944 I Unity   : [XR] [485728508272] [14:37:06.514][Verbose] Ignoring event type 1000156103
05-15 14:37:06.514 25921 25944 I Unity   : [XR] [485728508272] [14:37:06.514][Verbose] Ignoring event type 1000156104
05-15 14:37:06.546 25921 25944 I Unity   : [XR] [485728508272] [14:37:06.546][Verbose] Ignoring event type 1000156103
05-15 14:37:06.546 25921 25944 I Unity   : [XR] [485728508272] [14:37:06.546][Verbose] Ignoring event type 1000156104
05-15 14:37:06.568 25921 25944 I Unity   : [XR] [485728508272] [14:37:06.568][Verbose] Ignoring event type 1000156103
05-15 14:37:06.569 25921 25944 I Unity   : [XR] [485728508272] [14:37:06.568][Verbose] Ignoring event type 1000156104
05-15 14:37:06.602 25921 25944 I Unity   : [XR] [485728508272] [14:37:06.602][Verbose] Ignoring event type 1000156103
05-15 14:37:06.602 25921 25944 I Unity   : [XR] [485728508272] [14:37:06.602][Verbose] Ignoring event type 1000156104
05-15 14:37:06.634 25921 25944 I Unity   : [XR] [485728508272] [14:37:06.634][Verbose] Ignoring event type 1000156103
05-15 14:37:06.634 25921 25944 I Unity   : [XR] [485728508272] [14:37:06.634][Verbose] Ignoring event type 1000156104
05-15 14:37:06.657 25921 25944 I Unity   : [XR] [485728508272] [14:37:06.657][Verbose] Ignoring event type 1000156103
05-15 14:37:06.657 25921 25944 I Unity   : [XR] [485728508272] [14:37:06.657][Verbose] Ignoring event type 1000156104
05-15 14:37:06.690 25921 25944 I Unity   : [XR] [485728508272] [14:37:06.690][Verbose] Ignoring event type 1000156103
05-15 14:37:06.690 25921 25944 I Unity   : [XR] [485728508272] [14:37:06.690][Verbose] Ignoring event type 1000156104
05-15 14:37:06.725 25921 25944 I Unity   : [XR] [485728508272] [14:37:06.725][Verbose] Ignoring event type 1000156103
05-15 14:37:06.725 25921 25944 I Unity   : [XR] [485728508272] [14:37:06.725][Verbose] Ignoring event type 1000156104
05-15 14:37:06.755 25921 25944 I Unity   : [XR] [485728508272] [14:37:06.754][Verbose] Ignoring event type 1000156103
05-15 14:37:06.755 25921 25944 I Unity   : [XR] [485728508272] [14:37:06.755][Verbose] Ignoring event type 1000156104
05-15 14:37:06.780 25921 25944 I Unity   : [XR] [485728508272] [14:37:06.780][Verbose] Ignoring event type 1000156103
05-15 14:37:06.780 25921 25944 I Unity   : [XR] [485728508272] [14:37:06.780][Verbose] Ignoring event type 1000156104
05-15 14:37:06.812 25921 25944 I Unity   : [XR] [485728508272] [14:37:06.812][Verbose] Ignoring event type 1000156103
05-15 14:37:06.812 25921 25944 I Unity   : [XR] [485728508272] [14:37:06.812][Verbose] Ignoring event type 1000156104
05-15 14:37:06.846 25921 25944 I Unity   : [XR] [485728508272] [14:37:06.846][Verbose] Ignoring event type 1000156103
05-15 14:37:06.846 25921 25944 I Unity   : [XR] [485728508272] [14:37:06.846][Verbose] Ignoring event type 1000156104
05-15 14:37:06.879 25921 25944 I Unity   : [XR] [485728508272] [14:37:06.879][Verbose] Ignoring event type 1000156103
05-15 14:37:06.879 25921 25944 I Unity   : [XR] [485728508272] [14:37:06.879][Verbose] Ignoring event type 1000156104
05-15 14:37:06.911 25921 25944 I Unity   : [XR] [485728508272] [14:37:06.911][Verbose] Ignoring event type 1000156103
05-15 14:37:06.911 25921 25944 I Unity   : [XR] [485728508272] [14:37:06.911][Verbose] Ignoring event type 1000156104
05-15 14:37:06.936 25921 25944 I Unity   : [XR] [485728508272] [14:37:06.936][Verbose] Ignoring event type 1000156103
05-15 14:37:06.936 25921 25944 I Unity   : [XR] [485728508272] [14:37:06.936][Verbose] Ignoring event type 1000156104
05-15 14:37:06.969 25921 25944 I Unity   : [XR] [485728508272] [14:37:06.969][Verbose] Ignoring event type 1000156103
05-15 14:37:06.969 25921 25944 I Unity   : [XR] [485728508272] [14:37:06.969][Verbose] Ignoring event type 1000156104
05-15 14:37:07.000 25921 26076 I VrApi   : FPS=91/90,Prd=42ms,Tear=0,Early=20,Stale=0,Stale2/5/10/max=0/0/0/0,VSnc=1,Lat=-1,Fov=0,CPU4/GPU=2/2,2054/456MHz,OC=3F,TA=0/0/0,SP=N/N/N,Mem=2736MHz,Free=1767MB,PLS=1,Temp=35.0C/0.0C,TW=1.38ms,App=6.49ms,GD=0.00ms,CPU&GPU=10.68ms,LCnt=2(DR90,LM2),GPU%=0.68,CPU%=0.52(W0.57),DSF=1.00,CFL=11.84/17.00,ICFLp95=15.72,LD=0,SF=1.00,LP=0,DVFS=0
05-15 14:37:07.001 25921 25944 I Unity   : [XR] [485728508272] [14:37:07.001][Verbose] Ignoring event type 1000156103
05-15 14:37:07.001 25921 25944 I Unity   : [XR] [485728508272] [14:37:07.001][Verbose] Ignoring event type 1000156104
05-15 14:37:07.035 25921 25944 I Unity   : [XR] [485728508272] [14:37:07.035][Verbose] Ignoring event type 1000156103
05-15 14:37:07.035 25921 25944 I Unity   : [XR] [485728508272] [14:37:07.035][Verbose] Ignoring event type 1000156104
05-15 14:37:07.068 25921 25944 I Unity   : [XR] [485728508272] [14:37:07.068][Verbose] Ignoring event type 1000156103
05-15 14:37:07.068 25921 25944 I Unity   : [XR] [485728508272] [14:37:07.068][Verbose] Ignoring event type 1000156104
05-15 14:37:07.091 25921 25944 I Unity   : [XR] [485728508272] [14:37:07.091][Verbose] Ignoring event type 1000156103
05-15 14:37:07.092 25921 25944 I Unity   : [XR] [485728508272] [14:37:07.092][Verbose] Ignoring event type 1000156104
05-15 14:37:07.123 25921 25944 I Unity   : [XR] [485728508272] [14:37:07.123][Verbose] Ignoring event type 1000156103
05-15 14:37:07.123 25921 25944 I Unity   : [XR] [485728508272] [14:37:07.123][Verbose] Ignoring event type 1000156104
05-15 14:37:07.146 25921 25944 I Unity   : [XR] [485728508272] [14:37:07.146][Verbose] Ignoring event type 1000156103
05-15 14:37:07.147 25921 25944 I Unity   : [XR] [485728508272] [14:37:07.146][Verbose] Ignoring event type 1000156104
05-15 14:37:07.167 25921 25944 I Unity   : [XR] [485728508272] [14:37:07.167][Verbose] Ignoring event type 1000156103
05-15 14:37:07.167 25921 25944 I Unity   : [XR] [485728508272] [14:37:07.167][Verbose] Ignoring event type 1000156104
05-15 14:37:07.200 25921 25944 I Unity   : [XR] [485728508272] [14:37:07.200][Verbose] Ignoring event type 1000156103
05-15 14:37:07.200 25921 25944 I Unity   : [XR] [485728508272] [14:37:07.200][Verbose] Ignoring event type 1000156104
05-15 14:37:07.224 25921 25944 I Unity   : [XR] [485728508272] [14:37:07.224][Verbose] Ignoring event type 1000156103
05-15 14:37:07.224 25921 25944 I Unity   : [XR] [485728508272] [14:37:07.224][Verbose] Ignoring event type 1000156104
05-15 14:37:07.246 25921 25944 I Unity   : [XR] [485728508272] [14:37:07.246][Verbose] Ignoring event type 1000156103
05-15 14:37:07.246 25921 25944 I Unity   : [XR] [485728508272] [14:37:07.246][Verbose] Ignoring event type 1000156104
05-15 14:37:07.279 25921 25944 I Unity   : [XR] [485728508272] [14:37:07.279][Verbose] Ignoring event type 1000156103
05-15 14:37:07.279 25921 25944 I Unity   : [XR] [485728508272] [14:37:07.279][Verbose] Ignoring event type 1000156104
05-15 14:37:07.313 25921 25944 I Unity   : [XR] [485728508272] [14:37:07.313][Verbose] Ignoring event type 1000156103
05-15 14:37:07.313 25921 25944 I Unity   : [XR] [485728508272] [14:37:07.313][Verbose] Ignoring event type 1000156104
05-15 14:37:07.345 25921 25944 I Unity   : [XR] [485728508272] [14:37:07.345][Verbose] Ignoring event type 1000156103
05-15 14:37:07.345 25921 25944 I Unity   : [XR] [485728508272] [14:37:07.345][Verbose] Ignoring event type 1000156104
05-15 14:37:07.379 25921 25944 I Unity   : [XR] [485728508272] [14:37:07.379][Verbose] Ignoring event type 1000156103
05-15 14:37:07.380 25921 25944 I Unity   : [XR] [485728508272] [14:37:07.380][Verbose] Ignoring event type 1000156104
05-15 14:37:07.401 25921 25944 I Unity   : [XR] [485728508272] [14:37:07.401][Verbose] Ignoring event type 1000156103
05-15 14:37:07.401 25921 25944 I Unity   : [XR] [485728508272] [14:37:07.401][Verbose] Ignoring event type 1000156104
05-15 14:37:07.424 25921 25944 I Unity   : [XR] [485728508272] [14:37:07.424][Verbose] Ignoring event type 1000156103
05-15 14:37:07.424 25921 25944 I Unity   : [XR] [485728508272] [14:37:07.424][Verbose] Ignoring event type 1000156104
05-15 14:37:07.456 25921 25944 I Unity   : [XR] [485728508272] [14:37:07.456][Verbose] Ignoring event type 1000156103
05-15 14:37:07.456 25921 25944 I Unity   : [XR] [485728508272] [14:37:07.456][Verbose] Ignoring event type 1000156104
05-15 14:37:07.478 25921 25944 I Unity   : [XR] [485728508272] [14:37:07.477][Verbose] Ignoring event type 1000156103
05-15 14:37:07.478 25921 25944 I Unity   : [XR] [485728508272] [14:37:07.478][Verbose] Ignoring event type 1000156104
05-15 14:37:07.502 25921 25944 I Unity   : [XR] [485728508272] [14:37:07.502][Verbose] Ignoring event type 1000156103
05-15 14:37:07.502 25921 25944 I Unity   : [XR] [485728508272] [14:37:07.502][Verbose] Ignoring event type 1000156104
05-15 14:37:07.523 25921 25944 I Unity   : [XR] [485728508272] [14:37:07.523][Verbose] Ignoring event type 1000156103
05-15 14:37:07.523 25921 25944 I Unity   : [XR] [485728508272] [14:37:07.523][Verbose] Ignoring event type 1000156104
05-15 14:37:07.546 25921 25944 I Unity   : [XR] [485728508272] [14:37:07.546][Verbose] Ignoring event type 1000156103
05-15 14:37:07.546 25921 25944 I Unity   : [XR] [485728508272] [14:37:07.546][Verbose] Ignoring event type 1000156104
05-15 14:37:07.567 25921 25944 I Unity   : [XR] [485728508272] [14:37:07.567][Verbose] Ignoring event type 1000156103
05-15 14:37:07.567 25921 25944 I Unity   : [XR] [485728508272] [14:37:07.567][Verbose] Ignoring event type 1000156104
05-15 14:37:07.601 25921 25944 I Unity   : [XR] [485728508272] [14:37:07.601][Verbose] Ignoring event type 1000156103
05-15 14:37:07.601 25921 25944 I Unity   : [XR] [485728508272] [14:37:07.601][Verbose] Ignoring event type 1000156104
05-15 14:37:07.624 25921 25944 I Unity   : [XR] [485728508272] [14:37:07.624][Verbose] Ignoring event type 1000156103
05-15 14:37:07.624 25921 25944 I Unity   : [XR] [485728508272] [14:37:07.624][Verbose] Ignoring event type 1000156104
05-15 14:37:07.658 25921 25944 I Unity   : [XR] [485728508272] [14:37:07.658][Verbose] Ignoring event type 1000156103
05-15 14:37:07.658 25921 25944 I Unity   : [XR] [485728508272] [14:37:07.658][Verbose] Ignoring event type 1000156104
05-15 14:37:07.690 25921 25944 I Unity   : [XR] [485728508272] [14:37:07.690][Verbose] Ignoring event type 1000156103
05-15 14:37:07.690 25921 25944 I Unity   : [XR] [485728508272] [14:37:07.690][Verbose] Ignoring event type 1000156104
05-15 14:37:07.724 25921 25944 I Unity   : [XR] [485728508272] [14:37:07.724][Verbose] Ignoring event type 1000156103
05-15 14:37:07.724 25921 25944 I Unity   : [XR] [485728508272] [14:37:07.724][Verbose] Ignoring event type 1000156104
05-15 14:37:07.757 25921 25944 I Unity   : [XR] [485728508272] [14:37:07.757][Verbose] Ignoring event type 1000156103
05-15 14:37:07.758 25921 25944 I Unity   : [XR] [485728508272] [14:37:07.758][Verbose] Ignoring event type 1000156104
05-15 14:37:07.791 25921 25944 I Unity   : [XR] [485728508272] [14:37:07.791][Verbose] Ignoring event type 1000156103
05-15 14:37:07.792 25921 25944 I Unity   : [XR] [485728508272] [14:37:07.792][Verbose] Ignoring event type 1000156104
05-15 14:37:07.823 25921 25944 I Unity   : [XR] [485728508272] [14:37:07.823][Verbose] Ignoring event type 1000156103
05-15 14:37:07.823 25921 25944 I Unity   : [XR] [485728508272] [14:37:07.823][Verbose] Ignoring event type 1000156104
05-15 14:37:07.856 25921 25944 I Unity   : [XR] [485728508272] [14:37:07.856][Verbose] Ignoring event type 1000156103
05-15 14:37:07.856 25921 25944 I Unity   : [XR] [485728508272] [14:37:07.856][Verbose] Ignoring event type 1000156104
05-15 14:37:07.889 25921 25944 I Unity   : [XR] [485728508272] [14:37:07.889][Verbose] Ignoring event type 1000156103
05-15 14:37:07.889 25921 25944 I Unity   : [XR] [485728508272] [14:37:07.889][Verbose] Ignoring event type 1000156104
05-15 14:37:07.923 25921 25944 I Unity   : [XR] [485728508272] [14:37:07.923][Verbose] Ignoring event type 1000156103
05-15 14:37:07.923 25921 25944 I Unity   : [XR] [485728508272] [14:37:07.923][Verbose] Ignoring event type 1000156104
