05-15 14:37:26.444 25921 25944 I Unity   : [XR] [485728508272] [14:37:26.444][Verbose] Ignoring event type 1000156104
05-15 14:37:26.476 25921 25944 I Unity   : [XR] [485728508272] [14:37:26.476][Verbose] Ignoring event type 1000156103
05-15 14:37:26.476 25921 25944 I Unity   : [XR] [485728508272] [14:37:26.476][Verbose] Ignoring event type 1000156104
05-15 14:37:26.510 25921 25944 I Unity   : [XR] [485728508272] [14:37:26.510][Verbose] Ignoring event type 1000156103
05-15 14:37:26.510 25921 25944 I Unity   : [XR] [485728508272] [14:37:26.510][Verbose] Ignoring event type 1000156104
05-15 14:37:26.534 25921 25944 I Unity   : [XR] [485728508272] [14:37:26.534][Verbose] Ignoring event type 1000156103
05-15 14:37:26.534 25921 25944 I Unity   : [XR] [485728508272] [14:37:26.534][Verbose] Ignoring event type 1000156104
05-15 14:37:26.566 25921 25944 I Unity   : [XR] [485728508272] [14:37:26.566][Verbose] Ignoring event type 1000156103
05-15 14:37:26.566 25921 25944 I Unity   : [XR] [485728508272] [14:37:26.566][Verbose] Ignoring event type 1000156104
05-15 14:37:26.599 25921 25944 I Unity   : [XR] [485728508272] [14:37:26.599][Verbose] Ignoring event type 1000156103
05-15 14:37:26.599 25921 25944 I Unity   : [XR] [485728508272] [14:37:26.599][Verbose] Ignoring event type 1000156104
05-15 14:37:26.631 25921 25944 I Unity   : [XR] [485728508272] [14:37:26.631][Verbose] Ignoring event type 1000156103
05-15 14:37:26.631 25921 25944 I Unity   : [XR] [485728508272] [14:37:26.631][Verbose] Ignoring event type 1000156104
05-15 14:37:26.654 25921 25944 I Unity   : [XR] [485728508272] [14:37:26.654][Verbose] Ignoring event type 1000156103
05-15 14:37:26.654 25921 25944 I Unity   : [XR] [485728508272] [14:37:26.654][Verbose] Ignoring event type 1000156104
05-15 14:37:26.676 25921 25944 I Unity   : [XR] [485728508272] [14:37:26.676][Verbose] Ignoring event type 1000156103
05-15 14:37:26.677 25921 25944 I Unity   : [XR] [485728508272] [14:37:26.677][Verbose] Ignoring event type 1000156104
05-15 14:37:26.711 25921 25944 I Unity   : [XR] [485728508272] [14:37:26.711][Verbose] Ignoring event type 1000156103
05-15 14:37:26.711 25921 25944 I Unity   : [XR] [485728508272] [14:37:26.711][Verbose] Ignoring event type 1000156104
05-15 14:37:26.733 25921 25944 I Unity   : [XR] [485728508272] [14:37:26.733][Verbose] Ignoring event type 1000156103
05-15 14:37:26.733 25921 25944 I Unity   : [XR] [485728508272] [14:37:26.733][Verbose] Ignoring event type 1000156104
05-15 14:37:26.765 25921 25944 I Unity   : [XR] [485728508272] [14:37:26.765][Verbose] Ignoring event type 1000156103
05-15 14:37:26.766 25921 25944 I Unity   : [XR] [485728508272] [14:37:26.766][Verbose] Ignoring event type 1000156104
05-15 14:37:26.800 25921 25944 I Unity   : [XR] [485728508272] [14:37:26.799][Verbose] Ignoring event type 1000156103
05-15 14:37:26.800 25921 25944 I Unity   : [XR] [485728508272] [14:37:26.800][Verbose] Ignoring event type 1000156104
05-15 14:37:26.833 25921 25944 I Unity   : [XR] [485728508272] [14:37:26.833][Verbose] Ignoring event type 1000156103
05-15 14:37:26.833 25921 25944 I Unity   : [XR] [485728508272] [14:37:26.833][Verbose] Ignoring event type 1000156104
05-15 14:37:26.865 25921 25944 I Unity   : [XR] [485728508272] [14:37:26.865][Verbose] Ignoring event type 1000156103
05-15 14:37:26.865 25921 25944 I Unity   : [XR] [485728508272] [14:37:26.865][Verbose] Ignoring event type 1000156104
05-15 14:37:26.900 25921 25944 I Unity   : [XR] [485728508272] [14:37:26.900][Verbose] Ignoring event type 1000156103
05-15 14:37:26.900 25921 25944 I Unity   : [XR] [485728508272] [14:37:26.900][Verbose] Ignoring event type 1000156104
05-15 14:37:26.933 25921 25944 I Unity   : [XR] [485728508272] [14:37:26.933][Verbose] Ignoring event type 1000156103
05-15 14:37:26.933 25921 25944 I Unity   : [XR] [485728508272] [14:37:26.933][Verbose] Ignoring event type 1000156104
05-15 14:37:26.966 25921 25944 I Unity   : [XR] [485728508272] [14:37:26.966][Verbose] Ignoring event type 1000156103
05-15 14:37:26.967 25921 25944 I Unity   : [XR] [485728508272] [14:37:26.967][Verbose] Ignoring event type 1000156104
05-15 14:37:26.999 25921 25944 I Unity   : [XR] [485728508272] [14:37:26.999][Verbose] Ignoring event type 1000156103
05-15 14:37:26.999 25921 25944 I Unity   : [XR] [485728508272] [14:37:26.999][Verbose] Ignoring event type 1000156104
05-15 14:37:27.002 25921 26076 I VrApi   : FPS=91/90,Prd=44ms,Tear=0,Early=0,Stale=0,Stale2/5/10/max=0/0/0/0,VSnc=1,Lat=-1,Fov=0,CPU4/GPU=2/2,2361/456MHz,OC=3F,TA=0/0/0,SP=N/N/N,Mem=3196MHz,Free=1396MB,PLS=1,Temp=35.0C/0.0C,TW=1.29ms,App=8.92ms,GD=0.00ms,CPU&GPU=15.10ms,LCnt=2(DR90,LM2),GPU%=0.94,CPU%=0.47(W0.52),DSF=1.00,CFL=11.88/16.63,ICFLp95=15.21,LD=0,SF=1.00,LP=0,DVFS=0
05-15 14:37:27.031 25921 25944 I Unity   : [XR] [485728508272] [14:37:27.031][Verbose] Ignoring event type 1000156103
05-15 14:37:27.032 25921 25944 I Unity   : [XR] [485728508272] [14:37:27.032][Verbose] Ignoring event type 1000156104
05-15 14:37:27.054 25921 25944 I Unity   : [XR] [485728508272] [14:37:27.054][Verbose] Ignoring event type 1000156103
05-15 14:37:27.054 25921 25944 I Unity   : [XR] [485728508272] [14:37:27.054][Verbose] Ignoring event type 1000156104
05-15 14:37:27.087 25921 25944 I Unity   : [XR] [485728508272] [14:37:27.087][Verbose] Ignoring event type 1000156103
05-15 14:37:27.088 25921 25944 I Unity   : [XR] [485728508272] [14:37:27.088][Verbose] Ignoring event type 1000156104
05-15 14:37:27.122 25921 25944 I Unity   : [XR] [485728508272] [14:37:27.122][Verbose] Ignoring event type 1000156103
05-15 14:37:27.123 25921 25944 I Unity   : [XR] [485728508272] [14:37:27.123][Verbose] Ignoring event type 1000156104
05-15 14:37:27.155 25921 25944 I Unity   : [XR] [485728508272] [14:37:27.155][Verbose] Ignoring event type 1000156103
05-15 14:37:27.155 25921 25944 I Unity   : [XR] [485728508272] [14:37:27.155][Verbose] Ignoring event type 1000156104
05-15 14:37:27.177 25921 25944 I Unity   : [XR] [485728508272] [14:37:27.176][Verbose] Ignoring event type 1000156103
05-15 14:37:27.177 25921 25944 I Unity   : [XR] [485728508272] [14:37:27.177][Verbose] Ignoring event type 1000156104
05-15 14:37:27.210 25921 25944 I Unity   : [XR] [485728508272] [14:37:27.210][Verbose] Ignoring event type 1000156103
05-15 14:37:27.210 25921 25944 I Unity   : [XR] [485728508272] [14:37:27.210][Verbose] Ignoring event type 1000156104
05-15 14:37:27.242 25921 25944 I Unity   : [XR] [485728508272] [14:37:27.242][Verbose] Ignoring event type 1000156103
05-15 14:37:27.242 25921 25944 I Unity   : [XR] [485728508272] [14:37:27.242][Verbose] Ignoring event type 1000156104
05-15 14:37:27.276 25921 25944 I Unity   : [XR] [485728508272] [14:37:27.276][Verbose] Ignoring event type 1000156103
05-15 14:37:27.277 25921 25944 I Unity   : [XR] [485728508272] [14:37:27.277][Verbose] Ignoring event type 1000156104
05-15 14:37:27.310 25921 25944 I Unity   : [XR] [485728508272] [14:37:27.310][Verbose] Ignoring event type 1000156103
05-15 14:37:27.310 25921 25944 I Unity   : [XR] [485728508272] [14:37:27.310][Verbose] Ignoring event type 1000156104
05-15 14:37:27.333 25921 25944 I Unity   : [XR] [485728508272] [14:37:27.333][Verbose] Ignoring event type 1000156103
05-15 14:37:27.333 25921 25944 I Unity   : [XR] [485728508272] [14:37:27.333][Verbose] Ignoring event type 1000156104
05-15 14:37:27.367 25921 25944 I Unity   : [XR] [485728508272] [14:37:27.367][Verbose] Ignoring event type 1000156103
05-15 14:37:27.367 25921 25944 I Unity   : [XR] [485728508272] [14:37:27.367][Verbose] Ignoring event type 1000156104
05-15 14:37:27.399 25921 25944 I Unity   : [XR] [485728508272] [14:37:27.399][Verbose] Ignoring event type 1000156103
05-15 14:37:27.399 25921 25944 I Unity   : [XR] [485728508272] [14:37:27.399][Verbose] Ignoring event type 1000156104
05-15 14:37:27.431 25921 25944 I Unity   : [XR] [485728508272] [14:37:27.431][Verbose] Ignoring event type 1000156103
05-15 14:37:27.431 25921 25944 I Unity   : [XR] [485728508272] [14:37:27.431][Verbose] Ignoring event type 1000156104
05-15 14:37:27.454 25921 25944 I Unity   : [XR] [485728508272] [14:37:27.453][Verbose] Ignoring event type 1000156103
05-15 14:37:27.454 25921 25944 I Unity   : [XR] [485728508272] [14:37:27.454][Verbose] Ignoring event type 1000156104
05-15 14:37:27.488 25921 25944 I Unity   : [XR] [485728508272] [14:37:27.487][Verbose] Ignoring event type 1000156103
05-15 14:37:27.488 25921 25944 I Unity   : [XR] [485728508272] [14:37:27.488][Verbose] Ignoring event type 1000156104
05-15 14:37:27.520 25921 25944 I Unity   : [XR] [485728508272] [14:37:27.520][Verbose] Ignoring event type 1000156103
05-15 14:37:27.520 25921 25944 I Unity   : [XR] [485728508272] [14:37:27.520][Verbose] Ignoring event type 1000156104
05-15 14:37:27.544 25921 25944 I Unity   : [XR] [485728508272] [14:37:27.543][Verbose] Ignoring event type 1000156103
05-15 14:37:27.544 25921 25944 I Unity   : [XR] [485728508272] [14:37:27.544][Verbose] Ignoring event type 1000156104
05-15 14:37:27.577 25921 25944 I Unity   : [XR] [485728508272] [14:37:27.577][Verbose] Ignoring event type 1000156103
05-15 14:37:27.577 25921 25944 I Unity   : [XR] [485728508272] [14:37:27.577][Verbose] Ignoring event type 1000156104
05-15 14:37:27.611 25921 25944 I Unity   : [XR] [485728508272] [14:37:27.611][Verbose] Ignoring event type 1000156103
05-15 14:37:27.611 25921 25944 I Unity   : [XR] [485728508272] [14:37:27.611][Verbose] Ignoring event type 1000156104
05-15 14:37:27.644 25921 25944 I Unity   : [XR] [485728508272] [14:37:27.644][Verbose] Ignoring event type 1000156103
05-15 14:37:27.644 25921 25944 I Unity   : [XR] [485728508272] [14:37:27.644][Verbose] Ignoring event type 1000156104
05-15 14:37:27.676 25921 25944 I Unity   : [XR] [485728508272] [14:37:27.676][Verbose] Ignoring event type 1000156103
05-15 14:37:27.676 25921 25944 I Unity   : [XR] [485728508272] [14:37:27.676][Verbose] Ignoring event type 1000156104
05-15 14:37:27.710 25921 25944 I Unity   : [XR] [485728508272] [14:37:27.710][Verbose] Ignoring event type 1000156103
05-15 14:37:27.710 25921 25944 I Unity   : [XR] [485728508272] [14:37:27.710][Verbose] Ignoring event type 1000156104
05-15 14:37:27.745 25921 25944 I Unity   : [XR] [485728508272] [14:37:27.745][Verbose] Ignoring event type 1000156103
05-15 14:37:27.745 25921 25944 I Unity   : [XR] [485728508272] [14:37:27.745][Verbose] Ignoring event type 1000156104
05-15 14:37:27.777 25921 25944 I Unity   : [XR] [485728508272] [14:37:27.777][Verbose] Ignoring event type 1000156103
05-15 14:37:27.777 25921 25944 I Unity   : [XR] [485728508272] [14:37:27.777][Verbose] Ignoring event type 1000156104
05-15 14:37:27.799 25921 25944 I Unity   : [XR] [485728508272] [14:37:27.799][Verbose] Ignoring event type 1000156103
05-15 14:37:27.799 25921 25944 I Unity   : [XR] [485728508272] [14:37:27.799][Verbose] Ignoring event type 1000156104
05-15 14:37:27.832 25921 25944 I Unity   : [XR] [485728508272] [14:37:27.832][Verbose] Ignoring event type 1000156103
05-15 14:37:27.833 25921 25944 I Unity   : [XR] [485728508272] [14:37:27.833][Verbose] Ignoring event type 1000156104
05-15 14:37:27.867 25921 25944 I Unity   : [XR] [485728508272] [14:37:27.867][Verbose] Ignoring event type 1000156103
05-15 14:37:27.867 25921 25944 I Unity   : [XR] [485728508272] [14:37:27.867][Verbose] Ignoring event type 1000156104
05-15 14:37:27.900 25921 25944 I Unity   : [XR] [485728508272] [14:37:27.900][Verbose] Ignoring event type 1000156103
05-15 14:37:27.900 25921 25944 I Unity   : [XR] [485728508272] [14:37:27.900][Verbose] Ignoring event type 1000156104
05-15 14:37:27.932 25921 25944 I Unity   : [XR] [485728508272] [14:37:27.932][Verbose] Ignoring event type 1000156103
05-15 14:37:27.932 25921 25944 I Unity   : [XR] [485728508272] [14:37:27.932][Verbose] Ignoring event type 1000156104
05-15 14:37:27.965 25921 25944 I Unity   : [XR] [485728508272] [14:37:27.965][Verbose] Ignoring event type 1000156103
05-15 14:37:27.965 25921 25944 I Unity   : [XR] [485728508272] [14:37:27.965][Verbose] Ignoring event type 1000156104
05-15 14:37:28.000 25921 25944 I Unity   : [XR] [485728508272] [14:37:27.999][Verbose] Ignoring event type 1000156103
05-15 14:37:28.000 25921 25944 I Unity   : [XR] [485728508272] [14:37:28.000][Verbose] Ignoring event type 1000156104
05-15 14:37:28.002 25921 26076 I VrApi   : FPS=91/90,Prd=44ms,Tear=0,Early=0,Stale=0,Stale2/5/10/max=0/0/0/0,VSnc=1,Lat=-1,Fov=0,CPU4/GPU=2/2,1382/456MHz,OC=3F,TA=0/0/0,SP=N/N/N,Mem=3196MHz,Free=1396MB,PLS=1,Temp=35.0C/0.0C,TW=1.31ms,App=9.55ms,GD=0.00ms,CPU&GPU=15.33ms,LCnt=2(DR91,LM2),GPU%=0.94,CPU%=0.48(W0.52),DSF=1.00,CFL=12.01/16.82,ICFLp95=15.37,LD=0,SF=1.00,LP=0,DVFS=0
05-15 14:37:28.032 25921 25944 I Unity   : [XR] [485728508272] [14:37:28.032][Verbose] Ignoring event type 1000156103
05-15 14:37:28.032 25921 25944 I Unity   : [XR] [485728508272] [14:37:28.032][Verbose] Ignoring event type 1000156104
05-15 14:37:28.055 25921 25944 I Unity   : [XR] [485728508272] [14:37:28.055][Verbose] Ignoring event type 1000156103
05-15 14:37:28.055 25921 25944 I Unity   : [XR] [485728508272] [14:37:28.055][Verbose] Ignoring event type 1000156104
05-15 14:37:28.088 25921 25944 I Unity   : [XR] [485728508272] [14:37:28.087][Verbose] Ignoring event type 1000156103
05-15 14:37:28.088 25921 25944 I Unity   : [XR] [485728508272] [14:37:28.088][Verbose] Ignoring event type 1000156104
05-15 14:37:28.124 25921 25944 I Unity   : [XR] [485728508272] [14:37:28.124][Verbose] Ignoring event type 1000156103
05-15 14:37:28.124 25921 25944 I Unity   : [XR] [485728508272] [14:37:28.124][Verbose] Ignoring event type 1000156104
05-15 14:37:28.155 25921 25944 I Unity   : [XR] [485728508272] [14:37:28.155][Verbose] Ignoring event type 1000156103
05-15 14:37:28.155 25921 25944 I Unity   : [XR] [485728508272] [14:37:28.155][Verbose] Ignoring event type 1000156104
05-15 14:37:28.188 25921 25944 I Unity   : [XR] [485728508272] [14:37:28.188][Verbose] Ignoring event type 1000156103
05-15 14:37:28.189 25921 25944 I Unity   : [XR] [485728508272] [14:37:28.189][Verbose] Ignoring event type 1000156104
05-15 14:37:28.211 25921 25944 I Unity   : [XR] [485728508272] [14:37:28.211][Verbose] Ignoring event type 1000156103
05-15 14:37:28.211 25921 25944 I Unity   : [XR] [485728508272] [14:37:28.211][Verbose] Ignoring event type 1000156104
05-15 14:37:28.242 25921 25944 I Unity   : [XR] [485728508272] [14:37:28.242][Verbose] Ignoring event type 1000156103
05-15 14:37:28.242 25921 25944 I Unity   : [XR] [485728508272] [14:37:28.242][Verbose] Ignoring event type 1000156104
05-15 14:37:28.277 25921 25944 I Unity   : [XR] [485728508272] [14:37:28.277][Verbose] Ignoring event type 1000156103
05-15 14:37:28.277 25921 25944 I Unity   : [XR] [485728508272] [14:37:28.277][Verbose] Ignoring event type 1000156104
05-15 14:37:28.310 25921 25944 I Unity   : [XR] [485728508272] [14:37:28.310][Verbose] Ignoring event type 1000156103
05-15 14:37:28.310 25921 25944 I Unity   : [XR] [485728508272] [14:37:28.310][Verbose] Ignoring event type 1000156104
05-15 14:37:28.331 25921 25944 I Unity   : [XR] [485728508272] [14:37:28.331][Verbose] Ignoring event type 1000156103
05-15 14:37:28.331 25921 25944 I Unity   : [XR] [485728508272] [14:37:28.331][Verbose] Ignoring event type 1000156104
05-15 14:37:28.356 25921 25944 I Unity   : [XR] [485728508272] [14:37:28.356][Verbose] Ignoring event type 1000156103
05-15 14:37:28.356 25921 25944 I Unity   : [XR] [485728508272] [14:37:28.356][Verbose] Ignoring event type 1000156104
05-15 14:37:28.377 25921 25944 I Unity   : [XR] [485728508272] [14:37:28.377][Verbose] Ignoring event type 1000156103
05-15 14:37:28.377 25921 25944 I Unity   : [XR] [485728508272] [14:37:28.377][Verbose] Ignoring event type 1000156104
05-15 14:37:28.410 25921 25944 I Unity   : [XR] [485728508272] [14:37:28.410][Verbose] Ignoring event type 1000156103
05-15 14:37:28.410 25921 25944 I Unity   : [XR] [485728508272] [14:37:28.410][Verbose] Ignoring event type 1000156104
05-15 14:37:28.445 25921 25944 I Unity   : [XR] [485728508272] [14:37:28.445][Verbose] Ignoring event type 1000156103
05-15 14:37:28.445 25921 25944 I Unity   : [XR] [485728508272] [14:37:28.445][Verbose] Ignoring event type 1000156104
05-15 14:37:28.478 25921 25944 I Unity   : [XR] [485728508272] [14:37:28.478][Verbose] Ignoring event type 1000156103
05-15 14:37:28.478 25921 25944 I Unity   : [XR] [485728508272] [14:37:28.478][Verbose] Ignoring event type 1000156104
05-15 14:37:28.512 25921 25944 I Unity   : [XR] [485728508272] [14:37:28.512][Verbose] Ignoring event type 1000156103
05-15 14:37:28.512 25921 25944 I Unity   : [XR] [485728508272] [14:37:28.512][Verbose] Ignoring event type 1000156104
05-15 14:37:28.545 25921 25944 I Unity   : [XR] [485728508272] [14:37:28.545][Verbose] Ignoring event type 1000156103
05-15 14:37:28.545 25921 25944 I Unity   : [XR] [485728508272] [14:37:28.545][Verbose] Ignoring event type 1000156104
05-15 14:37:28.576 25921 25944 I Unity   : [XR] [485728508272] [14:37:28.576][Verbose] Ignoring event type 1000156103
05-15 14:37:28.576 25921 25944 I Unity   : [XR] [485728508272] [14:37:28.576][Verbose] Ignoring event type 1000156104
05-15 14:37:28.598 25921 25944 I Unity   : [XR] [485728508272] [14:37:28.598][Verbose] Ignoring event type 1000156103
05-15 14:37:28.598 25921 25944 I Unity   : [XR] [485728508272] [14:37:28.598][Verbose] Ignoring event type 1000156104
05-15 14:37:28.622 25921 25944 I Unity   : [XR] [485728508272] [14:37:28.622][Verbose] Ignoring event type 1000156103
05-15 14:37:28.622 25921 25944 I Unity   : [XR] [485728508272] [14:37:28.622][Verbose] Ignoring event type 1000156104
05-15 14:37:28.655 25921 25944 I Unity   : [XR] [485728508272] [14:37:28.655][Verbose] Ignoring event type 1000156103
05-15 14:37:28.656 25921 25944 I Unity   : [XR] [485728508272] [14:37:28.656][Verbose] Ignoring event type 1000156104
05-15 14:37:28.689 25921 25944 I Unity   : [XR] [485728508272] [14:37:28.689][Verbose] Ignoring event type 1000156103
05-15 14:37:28.689 25921 25944 I Unity   : [XR] [485728508272] [14:37:28.689][Verbose] Ignoring event type 1000156104
05-15 14:37:28.721 25921 25944 I Unity   : [XR] [485728508272] [14:37:28.721][Verbose] Ignoring event type 1000156103
05-15 14:37:28.721 25921 25944 I Unity   : [XR] [485728508272] [14:37:28.721][Verbose] Ignoring event type 1000156104
05-15 14:37:28.744 25921 25944 I Unity   : [XR] [485728508272] [14:37:28.744][Verbose] Ignoring event type 1000156103
05-15 14:37:28.744 25921 25944 I Unity   : [XR] [485728508272] [14:37:28.744][Verbose] Ignoring event type 1000156104
05-15 14:37:28.766 25921 25944 I Unity   : [XR] [485728508272] [14:37:28.766][Verbose] Ignoring event type 1000156103
05-15 14:37:28.766 25921 25944 I Unity   : [XR] [485728508272] [14:37:28.766][Verbose] Ignoring event type 1000156104
05-15 14:37:28.799 25921 25944 I Unity   : [XR] [485728508272] [14:37:28.799][Verbose] Ignoring event type 1000156103
05-15 14:37:28.799 25921 25944 I Unity   : [XR] [485728508272] [14:37:28.799][Verbose] Ignoring event type 1000156104
05-15 14:37:28.822 25921 25944 I Unity   : [XR] [485728508272] [14:37:28.822][Verbose] Ignoring event type 1000156103
05-15 14:37:28.822 25921 25944 I Unity   : [XR] [485728508272] [14:37:28.822][Verbose] Ignoring event type 1000156104
05-15 14:37:28.844 25921 25944 I Unity   : [XR] [485728508272] [14:37:28.844][Verbose] Ignoring event type 1000156103
05-15 14:37:28.844 25921 25944 I Unity   : [XR] [485728508272] [14:37:28.844][Verbose] Ignoring event type 1000156104
05-15 14:37:28.876 25921 25944 I Unity   : [XR] [485728508272] [14:37:28.876][Verbose] Ignoring event type 1000156103
05-15 14:37:28.876 25921 25944 I Unity   : [XR] [485728508272] [14:37:28.876][Verbose] Ignoring event type 1000156104
05-15 14:37:28.900 25921 25944 I Unity   : [XR] [485728508272] [14:37:28.900][Verbose] Ignoring event type 1000156103
05-15 14:37:28.900 25921 25944 I Unity   : [XR] [485728508272] [14:37:28.900][Verbose] Ignoring event type 1000156104
05-15 14:37:28.934 25921 25944 I Unity   : [XR] [485728508272] [14:37:28.934][Verbose] Ignoring event type 1000156103
05-15 14:37:28.935 25921 25944 I Unity   : [XR] [485728508272] [14:37:28.935][Verbose] Ignoring event type 1000156104
05-15 14:37:28.967 25921 25944 I Unity   : [XR] [485728508272] [14:37:28.967][Verbose] Ignoring event type 1000156103
05-15 14:37:28.967 25921 25944 I Unity   : [XR] [485728508272] [14:37:28.967][Verbose] Ignoring event type 1000156104
05-15 14:37:28.998 25921 25944 I Unity   : [XR] [485728508272] [14:37:28.998][Verbose] Ignoring event type 1000156103
05-15 14:37:28.998 25921 25944 I Unity   : [XR] [485728508272] [14:37:28.998][Verbose] Ignoring event type 1000156104
05-15 14:37:29.002 25921 26076 I VrApi   : FPS=90/90,Prd=44ms,Tear=0,Early=0,Stale=0,Stale2/5/10/max=0/0/0/0,VSnc=1,Lat=-1,Fov=0,CPU4/GPU=2/2,2361/456MHz,OC=3F,TA=0/0/0,SP=N/N/N,Mem=3196MHz,Free=1396MB,PLS=1,Temp=35.0C/0.0C,TW=1.29ms,App=8.53ms,GD=0.00ms,CPU&GPU=15.01ms,LCnt=2(DR90,LM2),GPU%=0.92,CPU%=0.50(W0.55),DSF=1.00,CFL=12.15/17.27,ICFLp95=15.46,LD=0,SF=1.00,LP=0,DVFS=0
05-15 14:37:29.033 25921 25944 I Unity   : [XR] [485728508272] [14:37:29.033][Verbose] Ignoring event type 1000156103
05-15 14:37:29.033 25921 25944 I Unity   : [XR] [485728508272] [14:37:29.033][Verbose] Ignoring event type 1000156104
05-15 14:37:29.067 25921 25944 I Unity   : [XR] [485728508272] [14:37:29.067][Verbose] Ignoring event type 1000156103
05-15 14:37:29.067 25921 25944 I Unity   : [XR] [485728508272] [14:37:29.067][Verbose] Ignoring event type 1000156104
05-15 14:37:29.099 25921 25944 I Unity   : [XR] [485728508272] [14:37:29.098][Verbose] Ignoring event type 1000156103
05-15 14:37:29.099 25921 25944 I Unity   : [XR] [485728508272] [14:37:29.099][Verbose] Ignoring event type 1000156104
05-15 14:37:29.120 25921 25944 I Unity   : [XR] [485728508272] [14:37:29.120][Verbose] Ignoring event type 1000156103
05-15 14:37:29.120 25921 25944 I Unity   : [XR] [485728508272] [14:37:29.120][Verbose] Ignoring event type 1000156104
05-15 14:37:29.144 25921 25944 I Unity   : [XR] [485728508272] [14:37:29.144][Verbose] Ignoring event type 1000156103
05-15 14:37:29.144 25921 25944 I Unity   : [XR] [485728508272] [14:37:29.144][Verbose] Ignoring event type 1000156104
05-15 14:37:29.167 25921 25944 I Unity   : [XR] [485728508272] [14:37:29.167][Verbose] Ignoring event type 1000156103
05-15 14:37:29.167 25921 25944 I Unity   : [XR] [485728508272] [14:37:29.167][Verbose] Ignoring event type 1000156104
05-15 14:37:29.200 25921 25944 I Unity   : [XR] [485728508272] [14:37:29.200][Verbose] Ignoring event type 1000156103
05-15 14:37:29.200 25921 25944 I Unity   : [XR] [485728508272] [14:37:29.200][Verbose] Ignoring event type 1000156104
05-15 14:37:29.222 25921 25944 I Unity   : [XR] [485728508272] [14:37:29.222][Verbose] Ignoring event type 1000156103
05-15 14:37:29.222 25921 25944 I Unity   : [XR] [485728508272] [14:37:29.222][Verbose] Ignoring event type 1000156104
05-15 14:37:29.243 25921 25944 I Unity   : [XR] [485728508272] [14:37:29.243][Verbose] Ignoring event type 1000156103
05-15 14:37:29.243 25921 25944 I Unity   : [XR] [485728508272] [14:37:29.243][Verbose] Ignoring event type 1000156104
05-15 14:37:29.290 25921 25944 I Unity   : [XR] [485728508272] [14:37:29.290][Verbose] Ignoring event type 1000156103
05-15 14:37:29.290 25921 25944 I Unity   : [XR] [485728508272] [14:37:29.290][Verbose] Ignoring event type 1000156104
05-15 14:37:29.322 25921 25944 I Unity   : [XR] [485728508272] [14:37:29.322][Verbose] Ignoring event type 1000156103
05-15 14:37:29.323 25921 25944 I Unity   : [XR] [485728508272] [14:37:29.322][Verbose] Ignoring event type 1000156104
05-15 14:37:29.355 25921 25944 I Unity   : [XR] [485728508272] [14:37:29.355][Verbose] Ignoring event type 1000156103
05-15 14:37:29.355 25921 25944 I Unity   : [XR] [485728508272] [14:37:29.355][Verbose] Ignoring event type 1000156104
05-15 14:37:29.388 25921 25944 I Unity   : [XR] [485728508272] [14:37:29.388][Verbose] Ignoring event type 1000156103
05-15 14:37:29.388 25921 25944 I Unity   : [XR] [485728508272] [14:37:29.388][Verbose] Ignoring event type 1000156104
05-15 14:37:29.411 25921 25944 I Unity   : [XR] [485728508272] [14:37:29.411][Verbose] Ignoring event type 1000156103
05-15 14:37:29.411 25921 25944 I Unity   : [XR] [485728508272] [14:37:29.411][Verbose] Ignoring event type 1000156104
05-15 14:37:29.443 25921 25944 I Unity   : [XR] [485728508272] [14:37:29.443][Verbose] Ignoring event type 1000156103
05-15 14:37:29.443 25921 25944 I Unity   : [XR] [485728508272] [14:37:29.443][Verbose] Ignoring event type 1000156104
05-15 14:37:29.477 25921 25944 I Unity   : [XR] [485728508272] [14:37:29.477][Verbose] Ignoring event type 1000156103
05-15 14:37:29.477 25921 25944 I Unity   : [XR] [485728508272] [14:37:29.477][Verbose] Ignoring event type 1000156104
05-15 14:37:29.511 25921 25944 I Unity   : [XR] [485728508272] [14:37:29.511][Verbose] Ignoring event type 1000156103
05-15 14:37:29.511 25921 25944 I Unity   : [XR] [485728508272] [14:37:29.511][Verbose] Ignoring event type 1000156104
05-15 14:37:29.544 25921 25944 I Unity   : [XR] [485728508272] [14:37:29.544][Verbose] Ignoring event type 1000156103
05-15 14:37:29.544 25921 25944 I Unity   : [XR] [485728508272] [14:37:29.544][Verbose] Ignoring event type 1000156104
05-15 14:37:29.576 25921 25944 I Unity   : [XR] [485728508272] [14:37:29.576][Verbose] Ignoring event type 1000156103
05-15 14:37:29.576 25921 25944 I Unity   : [XR] [485728508272] [14:37:29.576][Verbose] Ignoring event type 1000156104
05-15 14:37:29.611 25921 25944 I Unity   : [XR] [485728508272] [14:37:29.611][Verbose] Ignoring event type 1000156103
05-15 14:37:29.612 25921 25944 I Unity   : [XR] [485728508272] [14:37:29.612][Verbose] Ignoring event type 1000156104
05-15 14:37:29.644 25921 25944 I Unity   : [XR] [485728508272] [14:37:29.644][Verbose] Ignoring event type 1000156103
05-15 14:37:29.644 25921 25944 I Unity   : [XR] [485728508272] [14:37:29.644][Verbose] Ignoring event type 1000156104
05-15 14:37:29.676 25921 25944 I Unity   : [XR] [485728508272] [14:37:29.676][Verbose] Ignoring event type 1000156103
05-15 14:37:29.677 25921 25944 I Unity   : [XR] [485728508272] [14:37:29.677][Verbose] Ignoring event type 1000156104
05-15 14:37:29.699 25921 25944 I Unity   : [XR] [485728508272] [14:37:29.699][Verbose] Ignoring event type 1000156103
05-15 14:37:29.699 25921 25944 I Unity   : [XR] [485728508272] [14:37:29.699][Verbose] Ignoring event type 1000156104
05-15 14:37:29.720 25921 25944 I Unity   : [XR] [485728508272] [14:37:29.720][Verbose] Ignoring event type 1000156103
05-15 14:37:29.720 25921 25944 I Unity   : [XR] [485728508272] [14:37:29.720][Verbose] Ignoring event type 1000156104
05-15 14:37:29.744 25921 25944 I Unity   : [XR] [485728508272] [14:37:29.744][Verbose] Ignoring event type 1000156103
05-15 14:37:29.744 25921 25944 I Unity   : [XR] [485728508272] [14:37:29.744][Verbose] Ignoring event type 1000156104
05-15 14:37:29.766 25921 25944 I Unity   : [XR] [485728508272] [14:37:29.766][Verbose] Ignoring event type 1000156103
05-15 14:37:29.767 25921 25944 I Unity   : [XR] [485728508272] [14:37:29.767][Verbose] Ignoring event type 1000156104
05-15 14:37:29.800 25921 25944 I Unity   : [XR] [485728508272] [14:37:29.800][Verbose] Ignoring event type 1000156103
05-15 14:37:29.801 25921 25944 I Unity   : [XR] [485728508272] [14:37:29.801][Verbose] Ignoring event type 1000156104
05-15 14:37:29.833 25921 25944 I Unity   : [XR] [485728508272] [14:37:29.833][Verbose] Ignoring event type 1000156103
05-15 14:37:29.833 25921 25944 I Unity   : [XR] [485728508272] [14:37:29.833][Verbose] Ignoring event type 1000156104
05-15 14:37:29.865 25921 25944 I Unity   : [XR] [485728508272] [14:37:29.865][Verbose] Ignoring event type 1000156103
05-15 14:37:29.865 25921 25944 I Unity   : [XR] [485728508272] [14:37:29.865][Verbose] Ignoring event type 1000156104
05-15 14:37:29.900 25921 25944 I Unity   : [XR] [485728508272] [14:37:29.900][Verbose] Ignoring event type 1000156103
05-15 14:37:29.900 25921 25944 I Unity   : [XR] [485728508272] [14:37:29.900][Verbose] Ignoring event type 1000156104
05-15 14:37:29.933 25921 25944 I Unity   : [XR] [485728508272] [14:37:29.933][Verbose] Ignoring event type 1000156103
05-15 14:37:29.933 25921 25944 I Unity   : [XR] [485728508272] [14:37:29.933][Verbose] Ignoring event type 1000156104
05-15 14:37:29.966 25921 25944 I Unity   : [XR] [485728508272] [14:37:29.966][Verbose] Ignoring event type 1000156103
05-15 14:37:29.966 25921 25944 I Unity   : [XR] [485728508272] [14:37:29.966][Verbose] Ignoring event type 1000156104
05-15 14:37:30.000 25921 25944 I Unity   : [XR] [485728508272] [14:37:30.000][Verbose] Ignoring event type 1000156103
05-15 14:37:30.000 25921 25944 I Unity   : [XR] [485728508272] [14:37:30.000][Verbose] Ignoring event type 1000156104
05-15 14:37:30.002 25921 26076 I VrApi   : FPS=91/90,Prd=44ms,Tear=0,Early=0,Stale=0,Stale2/5/10/max=0/0/0/0,VSnc=1,Lat=-1,Fov=0,CPU4/GPU=2/2,1920/456MHz,OC=3F,TA=0/0/0,SP=N/N/N,Mem=3196MHz,Free=1396MB,PLS=1,Temp=35.0C/0.0C,TW=1.29ms,App=8.68ms,GD=0.00ms,CPU&GPU=14.89ms,LCnt=2(DR91,LM2),GPU%=0.92,CPU%=0.48(W0.50),DSF=1.00,CFL=12.35/16.82,ICFLp95=15.37,LD=0,SF=1.00,LP=0,DVFS=0
05-15 14:37:30.032 25921 25944 I Unity   : [XR] [485728508272] [14:37:30.032][Verbose] Ignoring event type 1000156103
05-15 14:37:30.032 25921 25944 I Unity   : [XR] [485728508272] [14:37:30.032][Verbose] Ignoring event type 1000156104
05-15 14:37:30.053 25921 25944 I Unity   : [XR] [485728508272] [14:37:30.053][Verbose] Ignoring event type 1000156103
05-15 14:37:30.053 25921 25944 I Unity   : [XR] [485728508272] [14:37:30.053][Verbose] Ignoring event type 1000156104
05-15 14:37:30.089 25921 25944 I Unity   : [XR] [485728508272] [14:37:30.089][Verbose] Ignoring event type 1000156103
05-15 14:37:30.089 25921 25944 I Unity   : [XR] [485728508272] [14:37:30.089][Verbose] Ignoring event type 1000156104
05-15 14:37:30.111 25921 25944 I Unity   : [XR] [485728508272] [14:37:30.111][Verbose] Ignoring event type 1000156103
05-15 14:37:30.112 25921 25944 I Unity   : [XR] [485728508272] [14:37:30.111][Verbose] Ignoring event type 1000156104
05-15 14:37:30.144 25921 25944 I Unity   : [XR] [485728508272] [14:37:30.144][Verbose] Ignoring event type 1000156103
05-15 14:37:30.145 25921 25944 I Unity   : [XR] [485728508272] [14:37:30.145][Verbose] Ignoring event type 1000156104
05-15 14:37:30.177 25921 25944 I Unity   : [XR] [485728508272] [14:37:30.177][Verbose] Ignoring event type 1000156103
05-15 14:37:30.177 25921 25944 I Unity   : [XR] [485728508272] [14:37:30.177][Verbose] Ignoring event type 1000156104
05-15 14:37:30.199 25921 25944 I Unity   : [XR] [485728508272] [14:37:30.199][Verbose] Ignoring event type 1000156103
05-15 14:37:30.199 25921 25944 I Unity   : [XR] [485728508272] [14:37:30.199][Verbose] Ignoring event type 1000156104
05-15 14:37:30.221 25921 25944 I Unity   : [XR] [485728508272] [14:37:30.221][Verbose] Ignoring event type 1000156103
05-15 14:37:30.221 25921 25944 I Unity   : [XR] [485728508272] [14:37:30.221][Verbose] Ignoring event type 1000156104
05-15 14:37:30.245 25921 25944 I Unity   : [XR] [485728508272] [14:37:30.245][Verbose] Ignoring event type 1000156103
05-15 14:37:30.245 25921 25944 I Unity   : [XR] [485728508272] [14:37:30.245][Verbose] Ignoring event type 1000156104
05-15 14:37:30.277 25921 25944 I Unity   : [XR] [485728508272] [14:37:30.277][Verbose] Ignoring event type 1000156103
05-15 14:37:30.277 25921 25944 I Unity   : [XR] [485728508272] [14:37:30.277][Verbose] Ignoring event type 1000156104
05-15 14:37:30.311 25921 25944 I Unity   : [XR] [485728508272] [14:37:30.311][Verbose] Ignoring event type 1000156103
05-15 14:37:30.311 25921 25944 I Unity   : [XR] [485728508272] [14:37:30.311][Verbose] Ignoring event type 1000156104
05-15 14:37:30.345 25921 25944 I Unity   : [XR] [485728508272] [14:37:30.345][Verbose] Ignoring event type 1000156103
05-15 14:37:30.345 25921 25944 I Unity   : [XR] [485728508272] [14:37:30.345][Verbose] Ignoring event type 1000156104
05-15 14:37:30.377 25921 25944 I Unity   : [XR] [485728508272] [14:37:30.377][Verbose] Ignoring event type 1000156103
05-15 14:37:30.377 25921 25944 I Unity   : [XR] [485728508272] [14:37:30.377][Verbose] Ignoring event type 1000156104
05-15 14:37:30.408 25921 25944 I Unity   : [XR] [485728508272] [14:37:30.408][Verbose] Ignoring event type 1000156103
05-15 14:37:30.409 25921 25944 I Unity   : [XR] [485728508272] [14:37:30.409][Verbose] Ignoring event type 1000156104
05-15 14:37:30.443 25921 25944 I Unity   : [XR] [485728508272] [14:37:30.443][Verbose] Ignoring event type 1000156103
05-15 14:37:30.443 25921 25944 I Unity   : [XR] [485728508272] [14:37:30.443][Verbose] Ignoring event type 1000156104
05-15 14:37:30.477 25921 25944 I Unity   : [XR] [485728508272] [14:37:30.477][Verbose] Ignoring event type 1000156103
05-15 14:37:30.477 25921 25944 I Unity   : [XR] [485728508272] [14:37:30.477][Verbose] Ignoring event type 1000156104
05-15 14:37:30.511 25921 25944 I Unity   : [XR] [485728508272] [14:37:30.511][Verbose] Ignoring event type 1000156103
05-15 14:37:30.511 25921 25944 I Unity   : [XR] [485728508272] [14:37:30.511][Verbose] Ignoring event type 1000156104
05-15 14:37:30.544 25921 25944 I Unity   : [XR] [485728508272] [14:37:30.544][Verbose] Ignoring event type 1000156103
05-15 14:37:30.544 25921 25944 I Unity   : [XR] [485728508272] [14:37:30.544][Verbose] Ignoring event type 1000156104
05-15 14:37:30.566 25921 25944 I Unity   : [XR] [485728508272] [14:37:30.566][Verbose] Ignoring event type 1000156103
05-15 14:37:30.566 25921 25944 I Unity   : [XR] [485728508272] [14:37:30.566][Verbose] Ignoring event type 1000156104
05-15 14:37:30.587 25921 25944 I Unity   : [XR] [485728508272] [14:37:30.587][Verbose] Ignoring event type 1000156103
05-15 14:37:30.587 25921 25944 I Unity   : [XR] [485728508272] [14:37:30.587][Verbose] Ignoring event type 1000156104
05-15 14:37:30.610 25921 25944 I Unity   : [XR] [485728508272] [14:37:30.610][Verbose] Ignoring event type 1000156103
05-15 14:37:30.610 25921 25944 I Unity   : [XR] [485728508272] [14:37:30.610][Verbose] Ignoring event type 1000156104
05-15 14:37:30.633 25921 25944 I Unity   : [XR] [485728508272] [14:37:30.633][Verbose] Ignoring event type 1000156103
05-15 14:37:30.633 25921 25944 I Unity   : [XR] [485728508272] [14:37:30.633][Verbose] Ignoring event type 1000156104
05-15 14:37:30.654 25921 25944 I Unity   : [XR] [485728508272] [14:37:30.654][Verbose] Ignoring event type 1000156103
05-15 14:37:30.654 25921 25944 I Unity   : [XR] [485728508272] [14:37:30.654][Verbose] Ignoring event type 1000156104
05-15 14:37:30.677 25921 25944 I Unity   : [XR] [485728508272] [14:37:30.677][Verbose] Ignoring event type 1000156103
05-15 14:37:30.677 25921 25944 I Unity   : [XR] [485728508272] [14:37:30.677][Verbose] Ignoring event type 1000156104
05-15 14:37:30.711 25921 25944 I Unity   : [XR] [485728508272] [14:37:30.711][Verbose] Ignoring event type 1000156103
05-15 14:37:30.711 25921 25944 I Unity   : [XR] [485728508272] [14:37:30.711][Verbose] Ignoring event type 1000156104
05-15 14:37:30.744 25921 25944 I Unity   : [XR] [485728508272] [14:37:30.744][Verbose] Ignoring event type 1000156103
05-15 14:37:30.745 25921 25944 I Unity   : [XR] [485728508272] [14:37:30.745][Verbose] Ignoring event type 1000156104
05-15 14:37:30.777 25921 25944 I Unity   : [XR] [485728508272] [14:37:30.777][Verbose] Ignoring event type 1000156103
05-15 14:37:30.777 25921 25944 I Unity   : [XR] [485728508272] [14:37:30.777][Verbose] Ignoring event type 1000156104
05-15 14:37:30.809 25921 25944 I Unity   : [XR] [485728508272] [14:37:30.809][Verbose] Ignoring event type 1000156103
05-15 14:37:30.809 25921 25944 I Unity   : [XR] [485728508272] [14:37:30.809][Verbose] Ignoring event type 1000156104
05-15 14:37:30.844 25921 25944 I Unity   : [XR] [485728508272] [14:37:30.844][Verbose] Ignoring event type 1000156103
05-15 14:37:30.844 25921 25944 I Unity   : [XR] [485728508272] [14:37:30.844][Verbose] Ignoring event type 1000156104
05-15 14:37:30.877 25921 25944 I Unity   : [XR] [485728508272] [14:37:30.877][Verbose] Ignoring event type 1000156103
05-15 14:37:30.877 25921 25944 I Unity   : [XR] [485728508272] [14:37:30.877][Verbose] Ignoring event type 1000156104
05-15 14:37:30.911 25921 25944 I Unity   : [XR] [485728508272] [14:37:30.911][Verbose] Ignoring event type 1000156103
05-15 14:37:30.912 25921 25944 I Unity   : [XR] [485728508272] [14:37:30.912][Verbose] Ignoring event type 1000156104
05-15 14:37:30.944 25921 25944 I Unity   : [XR] [485728508272] [14:37:30.944][Verbose] Ignoring event type 1000156103
05-15 14:37:30.944 25921 25944 I Unity   : [XR] [485728508272] [14:37:30.944][Verbose] Ignoring event type 1000156104
05-15 14:37:30.966 25921 25944 I Unity   : [XR] [485728508272] [14:37:30.966][Verbose] Ignoring event type 1000156103
05-15 14:37:30.966 25921 25944 I Unity   : [XR] [485728508272] [14:37:30.966][Verbose] Ignoring event type 1000156104
05-15 14:37:31.000 25921 25944 I Unity   : [XR] [485728508272] [14:37:31.000][Verbose] Ignoring event type 1000156103
05-15 14:37:31.000 25921 25944 I Unity   : [XR] [485728508272] [14:37:31.000][Verbose] Ignoring event type 1000156104
05-15 14:37:31.003 25921 26076 I VrApi   : FPS=91/90,Prd=44ms,Tear=0,Early=0,Stale=0,Stale2/5/10/max=0/0/0/0,VSnc=1,Lat=-1,Fov=0,CPU4/GPU=2/2,1382/456MHz,OC=3F,TA=0/0/0,SP=N/N/N,Mem=3196MHz,Free=1396MB,PLS=1,Temp=35.0C/0.0C,TW=1.28ms,App=8.87ms,GD=0.00ms,CPU&GPU=14.94ms,LCnt=2(DR90,LM2),GPU%=0.94,CPU%=0.50(W0.52),DSF=1.00,CFL=12.20/16.55,ICFLp95=15.26,LD=0,SF=1.00,LP=0,DVFS=0
05-15 14:37:31.032 25921 25944 I Unity   : [XR] [485728508272] [14:37:31.032][Verbose] Ignoring event type 1000156103
05-15 14:37:31.032 25921 25944 I Unity   : [XR] [485728508272] [14:37:31.032][Verbose] Ignoring event type 1000156104
05-15 14:37:31.053 25921 25944 I Unity   : [XR] [485728508272] [14:37:31.053][Verbose] Ignoring event type 1000156103
05-15 14:37:31.053 25921 25944 I Unity   : [XR] [485728508272] [14:37:31.053][Verbose] Ignoring event type 1000156104
05-15 14:37:31.077 25921 25944 I Unity   : [XR] [485728508272] [14:37:31.077][Verbose] Ignoring event type 1000156103
05-15 14:37:31.077 25921 25944 I Unity   : [XR] [485728508272] [14:37:31.077][Verbose] Ignoring event type 1000156104
05-15 14:37:31.112 25921 25944 I Unity   : [XR] [485728508272] [14:37:31.112][Verbose] Ignoring event type 1000156103
05-15 14:37:31.112 25921 25944 I Unity   : [XR] [485728508272] [14:37:31.112][Verbose] Ignoring event type 1000156104
05-15 14:37:31.143 25921 25944 I Unity   : [XR] [485728508272] [14:37:31.143][Verbose] Ignoring event type 1000156103
05-15 14:37:31.144 25921 25944 I Unity   : [XR] [485728508272] [14:37:31.144][Verbose] Ignoring event type 1000156104
05-15 14:37:31.166 25921 25944 I Unity   : [XR] [485728508272] [14:37:31.166][Verbose] Ignoring event type 1000156103
05-15 14:37:31.166 25921 25944 I Unity   : [XR] [485728508272] [14:37:31.166][Verbose] Ignoring event type 1000156104
05-15 14:37:31.198 25921 25944 I Unity   : [XR] [485728508272] [14:37:31.198][Verbose] Ignoring event type 1000156103
05-15 14:37:31.198 25921 25944 I Unity   : [XR] [485728508272] [14:37:31.198][Verbose] Ignoring event type 1000156104
05-15 14:37:31.223 25921 25944 I Unity   : [XR] [485728508272] [14:37:31.223][Verbose] Ignoring event type 1000156103
05-15 14:37:31.223 25921 25944 I Unity   : [XR] [485728508272] [14:37:31.223][Verbose] Ignoring event type 1000156104
05-15 14:37:31.245 25921 25944 I Unity   : [XR] [485728508272] [14:37:31.245][Verbose] Ignoring event type 1000156103
05-15 14:37:31.245 25921 25944 I Unity   : [XR] [485728508272] [14:37:31.245][Verbose] Ignoring event type 1000156104
05-15 14:37:31.277 25921 25944 I Unity   : [XR] [485728508272] [14:37:31.277][Verbose] Ignoring event type 1000156103
05-15 14:37:31.277 25921 25944 I Unity   : [XR] [485728508272] [14:37:31.277][Verbose] Ignoring event type 1000156104
05-15 14:37:31.309 25921 25944 I Unity   : [XR] [485728508272] [14:37:31.309][Verbose] Ignoring event type 1000156103
05-15 14:37:31.309 25921 25944 I Unity   : [XR] [485728508272] [14:37:31.309][Verbose] Ignoring event type 1000156104
05-15 14:37:31.332 25921 25944 I Unity   : [XR] [485728508272] [14:37:31.332][Verbose] Ignoring event type 1000156103
05-15 14:37:31.332 25921 25944 I Unity   : [XR] [485728508272] [14:37:31.332][Verbose] Ignoring event type 1000156104
05-15 14:37:31.367 25921 25944 I Unity   : [XR] [485728508272] [14:37:31.367][Verbose] Ignoring event type 1000156103
05-15 14:37:31.368 25921 25944 I Unity   : [XR] [485728508272] [14:37:31.368][Verbose] Ignoring event type 1000156104
05-15 14:37:31.398 25921 25944 I Unity   : [XR] [485728508272] [14:37:31.398][Verbose] Ignoring event type 1000156103
05-15 14:37:31.399 25921 25944 I Unity   : [XR] [485728508272] [14:37:31.398][Verbose] Ignoring event type 1000156104
05-15 14:37:31.405 25921 25944 I Unity   : Stopping recording!
05-15 14:37:31.405 25921 25944 I Unity   : AutomatedTest:StopRecording(String)
05-15 14:37:31.405 25921 25944 I Unity   : <ExecuteTest>d__49:MoveNext()
05-15 14:37:31.405 25921 25944 I Unity   : UnityEngine.SetupCoroutine:InvokeMoveNext(IEnumerator, IntPtr)
05-15 14:37:31.405 25921 25944 I Unity   : 
05-15 14:37:31.405 25921 25944 I Unity   : Recording stopped VFX-False-2024-05-15_14-37-04
05-15 14:37:31.405 25921 25944 I Unity   : <ExecuteTest>d__49:MoveNext()
05-15 14:37:31.405 25921 25944 I Unity   : UnityEngine.SetupCoroutine:InvokeMoveNext(IEnumerator, IntPtr)
05-15 14:37:31.405 25921 25944 I Unity   : 
05-15 14:37:31.406 25921 25944 I Unity   : Ended test run 1 for VFX with passthrough False
05-15 14:37:31.406 25921 25944 I Unity   : <ExecuteTests>d__48:MoveNext()
05-15 14:37:31.406 25921 25944 I Unity   : UnityEngine.SetupCoroutine:InvokeMoveNext(IEnumerator, IntPtr)
05-15 14:37:31.406 25921 25944 I Unity   : 
05-15 14:37:31.432 25921 25944 I Unity   : [XR] [485728508272] [14:37:31.432][Verbose] Ignoring event type 1000156103
05-15 14:37:31.432 25921 25944 I Unity   : [XR] [485728508272] [14:37:31.432][Verbose] Ignoring event type 1000156104
05-15 14:37:31.456 25921 25944 I Unity   : [XR] [485728508272] [14:37:31.456][Verbose] Ignoring event type 1000156103
05-15 14:37:31.456 25921 25944 I Unity   : [XR] [485728508272] [14:37:31.456][Verbose] Ignoring event type 1000156104
05-15 14:37:31.491 25921 25944 I Unity   : [XR] [485728508272] [14:37:31.491][Verbose] Ignoring event type 1000156103
05-15 14:37:31.492 25921 25944 I Unity   : [XR] [485728508272] [14:37:31.492][Verbose] Ignoring event type 1000156104
05-15 14:37:31.526 25921 25944 I Unity   : [XR] [485728508272] [14:37:31.526][Verbose] Ignoring event type 1000156103
05-15 14:37:31.526 25921 25944 I Unity   : [XR] [485728508272] [14:37:31.526][Verbose] Ignoring event type 1000156104
05-15 14:37:31.559 25921 25944 I Unity   : [XR] [485728508272] [14:37:31.559][Verbose] Ignoring event type 1000156103
05-15 14:37:31.559 25921 25944 I Unity   : [XR] [485728508272] [14:37:31.559][Verbose] Ignoring event type 1000156104
05-15 14:37:31.592 25921 25944 I Unity   : [XR] [485728508272] [14:37:31.592][Verbose] Ignoring event type 1000156103
05-15 14:37:31.593 25921 25944 I Unity   : [XR] [485728508272] [14:37:31.593][Verbose] Ignoring event type 1000156104
05-15 14:37:31.625 25921 25944 I Unity   : [XR] [485728508272] [14:37:31.625][Verbose] Ignoring event type 1000156103
05-15 14:37:31.625 25921 25944 I Unity   : [XR] [485728508272] [14:37:31.625][Verbose] Ignoring event type 1000156104
05-15 14:37:31.660 25921 25944 I Unity   : [XR] [485728508272] [14:37:31.660][Verbose] Ignoring event type 1000156103
05-15 14:37:31.660 25921 25944 I Unity   : [XR] [485728508272] [14:37:31.660][Verbose] Ignoring event type 1000156104
05-15 14:37:31.692 25921 25944 I Unity   : [XR] [485728508272] [14:37:31.692][Verbose] Ignoring event type 1000156103
05-15 14:37:31.692 25921 25944 I Unity   : [XR] [485728508272] [14:37:31.692][Verbose] Ignoring event type 1000156104
05-15 14:37:31.725 25921 25944 I Unity   : [XR] [485728508272] [14:37:31.725][Verbose] Ignoring event type 1000156103
05-15 14:37:31.725 25921 25944 I Unity   : [XR] [485728508272] [14:37:31.725][Verbose] Ignoring event type 1000156104
05-15 14:37:31.759 25921 25944 I Unity   : [XR] [485728508272] [14:37:31.759][Verbose] Ignoring event type 1000156103
05-15 14:37:31.760 25921 25944 I Unity   : [XR] [485728508272] [14:37:31.759][Verbose] Ignoring event type 1000156104
05-15 14:37:31.792 25921 25944 I Unity   : [XR] [485728508272] [14:37:31.792][Verbose] Ignoring event type 1000156103
05-15 14:37:31.792 25921 25944 I Unity   : [XR] [485728508272] [14:37:31.792][Verbose] Ignoring event type 1000156104
05-15 14:37:31.826 25921 25944 I Unity   : [XR] [485728508272] [14:37:31.826][Verbose] Ignoring event type 1000156103
05-15 14:37:31.827 25921 25944 I Unity   : [XR] [485728508272] [14:37:31.827][Verbose] Ignoring event type 1000156104
05-15 14:37:31.859 25921 25944 I Unity   : [XR] [485728508272] [14:37:31.859][Verbose] Ignoring event type 1000156103
05-15 14:37:31.859 25921 25944 I Unity   : [XR] [485728508272] [14:37:31.859][Verbose] Ignoring event type 1000156104
05-15 14:37:31.881 25921 25944 I Unity   : [XR] [485728508272] [14:37:31.881][Verbose] Ignoring event type 1000156103
05-15 14:37:31.881 25921 25944 I Unity   : [XR] [485728508272] [14:37:31.881][Verbose] Ignoring event type 1000156104
05-15 14:37:31.915 25921 25944 I Unity   : [XR] [485728508272] [14:37:31.915][Verbose] Ignoring event type 1000156103
05-15 14:37:31.915 25921 25944 I Unity   : [XR] [485728508272] [14:37:31.915][Verbose] Ignoring event type 1000156104
05-15 14:37:31.949 25921 25944 I Unity   : [XR] [485728508272] [14:37:31.949][Verbose] Ignoring event type 1000156103
05-15 14:37:31.949 25921 25944 I Unity   : [XR] [485728508272] [14:37:31.949][Verbose] Ignoring event type 1000156104
05-15 14:37:31.982 25921 25944 I Unity   : [XR] [485728508272] [14:37:31.982][Verbose] Ignoring event type 1000156103
05-15 14:37:31.982 25921 25944 I Unity   : [XR] [485728508272] [14:37:31.982][Verbose] Ignoring event type 1000156104
05-15 14:37:32.003 25921 26076 I VrApi   : FPS=90/90,Prd=44ms,Tear=0,Early=0,Stale=0,Stale2/5/10/max=0/0/0/0,VSnc=1,Lat=-1,Fov=0,CPU4/GPU=2/2,1920/456MHz,OC=3F,TA=0/0/0,SP=N/N/N,Mem=3196MHz,Free=1396MB,PLS=1,Temp=35.0C/0.0C,TW=1.26ms,App=4.36ms,GD=0.00ms,CPU&GPU=14.23ms,LCnt=2(DR91,LM2),GPU%=0.61,CPU%=0.46(W0.52),DSF=1.00,CFL=12.08/16.93,ICFLp95=15.36,LD=0,SF=1.00,LP=0,DVFS=0
05-15 14:37:32.016 25921 25944 I Unity   : [XR] [485728508272] [14:37:32.016][Verbose] Ignoring event type 1000156103
05-15 14:37:32.016 25921 25944 I Unity   : [XR] [485728508272] [14:37:32.016][Verbose] Ignoring event type 1000156104
05-15 14:37:32.048 25921 25944 I Unity   : [XR] [485728508272] [14:37:32.048][Verbose] Ignoring event type 1000156103
05-15 14:37:32.048 25921 25944 I Unity   : [XR] [485728508272] [14:37:32.048][Verbose] Ignoring event type 1000156104
05-15 14:37:32.082 25921 25944 I Unity   : [XR] [485728508272] [14:37:32.082][Verbose] Ignoring event type 1000156103
05-15 14:37:32.082 25921 25944 I Unity   : [XR] [485728508272] [14:37:32.082][Verbose] Ignoring event type 1000156104
05-15 14:37:32.114 25921 25944 I Unity   : [XR] [485728508272] [14:37:32.114][Verbose] Ignoring event type 1000156103
05-15 14:37:32.114 25921 25944 I Unity   : [XR] [485728508272] [14:37:32.114][Verbose] Ignoring event type 1000156104
05-15 14:37:32.149 25921 25944 I Unity   : [XR] [485728508272] [14:37:32.149][Verbose] Ignoring event type 1000156103
05-15 14:37:32.149 25921 25944 I Unity   : [XR] [485728508272] [14:37:32.149][Verbose] Ignoring event type 1000156104
05-15 14:37:32.183 25921 25944 I Unity   : [XR] [485728508272] [14:37:32.183][Verbose] Ignoring event type 1000156103
05-15 14:37:32.183 25921 25944 I Unity   : [XR] [485728508272] [14:37:32.183][Verbose] Ignoring event type 1000156104
05-15 14:37:32.215 25921 25944 I Unity   : [XR] [485728508272] [14:37:32.215][Verbose] Ignoring event type 1000156103
05-15 14:37:32.215 25921 25944 I Unity   : [XR] [485728508272] [14:37:32.215][Verbose] Ignoring event type 1000156104
05-15 14:37:32.246 25921 25944 I Unity   : [XR] [485728508272] [14:37:32.246][Verbose] Ignoring event type 1000156103
05-15 14:37:32.246 25921 25944 I Unity   : [XR] [485728508272] [14:37:32.246][Verbose] Ignoring event type 1000156104
05-15 14:37:32.282 25921 25944 I Unity   : [XR] [485728508272] [14:37:32.282][Verbose] Ignoring event type 1000156103
05-15 14:37:32.283 25921 25944 I Unity   : [XR] [485728508272] [14:37:32.283][Verbose] Ignoring event type 1000156104
05-15 14:37:32.314 25921 25944 I Unity   : [XR] [485728508272] [14:37:32.314][Verbose] Ignoring event type 1000156103
05-15 14:37:32.314 25921 25944 I Unity   : [XR] [485728508272] [14:37:32.314][Verbose] Ignoring event type 1000156104
05-15 14:37:32.349 25921 25944 I Unity   : [XR] [485728508272] [14:37:32.349][Verbose] Ignoring event type 1000156103
05-15 14:37:32.349 25921 25944 I Unity   : [XR] [485728508272] [14:37:32.349][Verbose] Ignoring event type 1000156104
05-15 14:37:32.404 25921 25944 I Unity   : [XR] [485728508272] [14:37:32.404][Verbose] Ignoring event type 1000156103
05-15 14:37:32.405 25921 25944 I Unity   : [XR] [485728508272] [14:37:32.405][Verbose] Ignoring event type 1000156104
05-15 14:37:32.438 25921 25944 I Unity   : [XR] [485728508272] [14:37:32.438][Verbose] Ignoring event type 1000156103
05-15 14:37:32.438 25921 25944 I Unity   : [XR] [485728508272] [14:37:32.438][Verbose] Ignoring event type 1000156104
05-15 14:37:32.470 25921 25944 I Unity   : [XR] [485728508272] [14:37:32.470][Verbose] Ignoring event type 1000156103
05-15 14:37:32.470 25921 25944 I Unity   : [XR] [485728508272] [14:37:32.470][Verbose] Ignoring event type 1000156104
05-15 14:37:32.491 25921 25944 I Unity   : [XR] [485728508272] [14:37:32.491][Verbose] Ignoring event type 1000156103
