--------- beginning of main
05-15 14:36:22.000 25549 25736 I VrApi   : FPS=0/72,Prd=0ms,Tear=0,Early=0,Stale=0,Stale2/5/10/max=0/0/0/0,VSnc=1,Lat=0,Fov=0,CPU4/GPU=2/2,2361/456MHz,OC=3F,TA=0/0/0,SP=N/N/N,Mem=2736MHz,Free=3082MB,PLS=1,Temp=0.0C/0.0C,TW=0.00ms,App=0.00ms,GD=0.00ms,CPU&GPU=0.00ms,LCnt=0(DR0,LM0),GPU%=0.12,CPU%=0.31(W0.33),DSF=1.00,CFL=0.00/0.00,ICFLp95=0.00,LD=0,SF=0.00,LP=0,DVFS=0
05-15 14:36:23.000 25549 25736 I VrApi   : FPS=0/72,Prd=0ms,Tear=0,Early=0,Stale=0,Stale2/5/10/max=0/0/0/0,VSnc=1,Lat=0,Fov=0,CPU4/GPU=2/2,2361/456MHz,OC=3F,TA=0/0/0,SP=N/N/N,Mem=2736MHz,Free=3082MB,PLS=1,Temp=0.0C/0.0C,TW=0.00ms,App=0.00ms,GD=0.00ms,CPU&GPU=0.00ms,LCnt=0(DR0,LM0),GPU%=0.12,CPU%=0.31(W0.33),DSF=1.00,CFL=0.00/0.00,ICFLp95=0.00,LD=0,SF=0.00,LP=0,DVFS=0
05-15 14:36:23.326 25549 25576 W VrApi   : Time to first swap: 8.115 seconds
05-15 14:36:23.333  2851  3218 I PerformanceManager_ZSF: perfmgr: SetClockLevels: Apply pending clock request change: 2,2 -> 3,4
05-15 14:36:23.400  2851  3218 I PerformanceManager_ZSF: perfmgr: SetClockLevels: Apply pending clock request change: 3,4 -> 4,4
05-15 14:36:24.000 25549 25736 I VrApi   : FPS=1/72,Prd=0ms,Tear=0,Early=0,Stale=71,Stale2/5/10/max=1/0/1/847,VSnc=0,Lat=0,Fov=0,CPU4/GPU=4/4,1382/456MHz,OC=3F,TA=0/38/0,SP=N/F/N,Mem=1555MHz,Free=3082MB,PLS=1,Temp=33.0C/0.0C,TW=1.86ms,App=0.00ms,GD=0.45ms,CPU&GPU=445814560.00ms,LCnt=3(DR65,LM2),GPU%=0.22,CPU%=0.53(W0.58),DSF=1.00,CFL=11.87/19.89,ICFLp95=17.06,LD=0,SF=0.00,LP=0,DVFS=0
05-15 14:36:25.000 25549 25736 I VrApi   : FPS=42/72,Prd=0ms,Tear=0,Early=0,Stale=67,Stale2/5/10/max=3/1/0/7,VSnc=1,Lat=0,Fov=0,CPU4/GPU=4/4,1920/545MHz,OC=3F,TA=0/38/0,SP=N/F/N,Mem=1555MHz,Free=3082MB,PLS=1,Temp=33.0C/0.0C,TW=1.51ms,App=0.14ms,GD=0.45ms,CPU&GPU=10614653.00ms,LCnt=3(DR0,LM2),GPU%=0.25,CPU%=0.51(W0.55),DSF=1.00,CFL=13.35/19.91,ICFLp95=18.98,LD=0,SF=1.25,LP=0,DVFS=0
05-15 14:36:26.000 25549 25736 I VrApi   : FPS=48/72,Prd=0ms,Tear=0,Early=0,Stale=72,Stale2/5/10/max=0/0/0/0,VSnc=1,Lat=0,Fov=0,CPU4/GPU=4/4,1920/545MHz,OC=3F,TA=0/38/0,SP=N/F/N,Mem=1555MHz,Free=3082MB,PLS=1,Temp=33.0C/0.0C,TW=1.53ms,App=1.86ms,GD=0.45ms,CPU&GPU=21.36ms,LCnt=2(DR0,LM0),GPU%=0.20,CPU%=0.40(W0.42),DSF=1.00,CFL=13.84/19.68,ICFLp95=17.77,LD=0,SF=1.25,LP=0,DVFS=0
05-15 14:36:27.001 25549 25736 I VrApi   : FPS=39/72,Prd=0ms,Tear=0,Early=0,Stale=72,Stale2/5/10/max=0/0/0/0,VSnc=1,Lat=0,Fov=0,CPU4/GPU=4/4,1920/545MHz,OC=3F,TA=0/38/0,SP=N/F/N,Mem=1555MHz,Free=3082MB,PLS=1,Temp=33.0C/0.0C,TW=0.91ms,App=0.88ms,GD=0.00ms,CPU&GPU=25.37ms,LCnt=1(DR35,LM0),GPU%=0.14,CPU%=0.40(W0.41),DSF=1.00,CFL=13.84/19.83,ICFLp95=17.78,LD=0,SF=1.25,LP=0,DVFS=0
05-15 14:36:28.001 25549 25736 I VrApi   : FPS=43/72,Prd=0ms,Tear=0,Early=0,Stale=73,Stale2/5/10/max=0/0/0/0,VSnc=1,Lat=0,Fov=0,CPU4/GPU=4/4,1920/545MHz,OC=3F,TA=0/38/0,SP=N/F/N,Mem=1555MHz,Free=3082MB,PLS=1,Temp=33.0C/0.0C,TW=0.92ms,App=1.91ms,GD=0.00ms,CPU&GPU=24.47ms,LCnt=1(DR73,LM0),GPU%=0.14,CPU%=0.40(W0.45),DSF=1.00,CFL=13.66/19.54,ICFLp95=17.57,LD=0,SF=1.25,LP=0,DVFS=0
05-15 14:36:29.001 25549 25736 I VrApi   : FPS=43/72,Prd=0ms,Tear=0,Early=0,Stale=73,Stale2/5/10/max=0/0/0/0,VSnc=1,Lat=0,Fov=0,CPU4/GPU=4/4,1920/545MHz,OC=3F,TA=0/38/0,SP=N/N/N,Mem=1555MHz,Free=3082MB,PLS=1,Temp=33.0C/0.0C,TW=0.92ms,App=1.91ms,GD=0.00ms,CPU&GPU=24.47ms,LCnt=1(DR73,LM0),GPU%=0.14,CPU%=0.40(W0.45),DSF=1.00,CFL=13.66/19.54,ICFLp95=17.57,LD=0,SF=1.25,LP=0,DVFS=0
05-15 14:36:29.610  2851  3218 I PerformanceManager_ZSF: perfmgr: SetClockLevels: Apply pending clock request change: 4,4 -> 3,4
05-15 14:36:30.001 25549 25736 I VrApi   : FPS=43/72,Prd=0ms,Tear=0,Early=0,Stale=73,Stale2/5/10/max=0/0/0/0,VSnc=1,Lat=0,Fov=0,CPU4/GPU=4/4,1920/545MHz,OC=3F,TA=0/38/0,SP=N/N/N,Mem=1555MHz,Free=3082MB,PLS=1,Temp=33.0C/0.0C,TW=0.92ms,App=1.91ms,GD=0.00ms,CPU&GPU=24.47ms,LCnt=1(DR73,LM0),GPU%=0.14,CPU%=0.40(W0.45),DSF=1.00,CFL=13.66/19.54,ICFLp95=17.57,LD=0,SF=1.25,LP=0,DVFS=0
05-15 14:36:30.401  2851  3218 I PerformanceManager_ZSF: perfmgr: SetClockLevels: Apply pending clock request change: 3,4 -> 4,4
05-15 14:36:31.001 25549 25736 I VrApi   : FPS=46/72,Prd=0ms,Tear=0,Early=0,Stale=73,Stale2/5/10/max=0/0/0/0,VSnc=1,Lat=0,Fov=0,CPU4/GPU=4/4,1651/545MHz,OC=3F,TA=0/38/0,SP=N/F/N,Mem=1555MHz,Free=3082MB,PLS=1,Temp=33.0C/0.0C,TW=0.92ms,App=0.92ms,GD=0.00ms,CPU&GPU=22.07ms,LCnt=1(DR73,LM0),GPU%=0.16,CPU%=0.47(W0.53),DSF=1.00,CFL=13.43/18.56,ICFLp95=16.96,LD=0,SF=1.25,LP=0,DVFS=0
05-15 14:36:32.001 25549 25736 I VrApi   : FPS=61/72,Prd=0ms,Tear=0,Early=0,Stale=69,Stale2/5/10/max=0/0/1/221,VSnc=1,Lat=0,Fov=0,CPU4/GPU=4/4,1920/545MHz,OC=3F,TA=0/38/0,SP=N/F/N,Mem=1555MHz,Free=3082MB,PLS=1,Temp=33.0C/0.0C,TW=1.01ms,App=1.20ms,GD=0.00ms,CPU&GPU=47.93ms,LCnt=1(DR73,LM0),GPU%=0.19,CPU%=0.54(W0.56),DSF=1.00,CFL=13.51/18.96,ICFLp95=17.14,LD=0,SF=1.25,LP=0,DVFS=0
05-15 14:36:33.001 25549 25736 I VrApi   : FPS=72/72,Prd=0ms,Tear=0,Early=0,Stale=1,Stale2/5/10/max=0/1/0/7,VSnc=1,Lat=0,Fov=0,CPU4/GPU=4/4,1920/545MHz,OC=3F,TA=0/38/0,SP=N/F/N,Mem=1708MHz,Free=3082MB,PLS=1,Temp=33.0C/0.0C,TW=1.08ms,App=1.56ms,GD=0.00ms,CPU&GPU=13.71ms,LCnt=1(DR73,LM0),GPU%=0.21,CPU%=0.55(W0.57),DSF=1.00,CFL=13.68/18.56,ICFLp95=17.05,LD=0,SF=1.25,LP=0,DVFS=0
05-15 14:36:33.039  2851  3218 I PerformanceManager_ZSF: perfmgr: SetClockLevels: Apply pending clock request change: 4,4 -> 3,4
05-15 14:36:33.442  2851  3218 I PerformanceManager_ZSF: perfmgr: SetClockLevels: Apply pending clock request change: 3,4 -> 4,4
05-15 14:36:34.001 25549 25736 I VrApi   : FPS=73/72,Prd=0ms,Tear=0,Early=0,Stale=6,Stale2/5/10/max=0/1/0/6,VSnc=1,Lat=0,Fov=0,CPU4/GPU=4/4,1651/545MHz,OC=3F,TA=0/38/0,SP=N/F/N,Mem=3196MHz,Free=3082MB,PLS=1,Temp=33.0C/0.0C,TW=1.01ms,App=1.80ms,GD=0.00ms,CPU&GPU=13.85ms,LCnt=1(DR72,LM0),GPU%=0.20,CPU%=0.52(W0.55),DSF=1.00,CFL=13.75/19.57,ICFLp95=17.31,LD=0,SF=1.25,LP=0,DVFS=0
05-15 14:36:34.858  2851  3218 I PerformanceManager_ZSF: perfmgr: SetClockLevels: Apply pending clock request change: 4,4 -> 3,4
05-15 14:36:35.001 25549 25736 I VrApi   : FPS=72/72,Prd=0ms,Tear=0,Early=0,Stale=0,Stale2/5/10/max=0/0/0/0,VSnc=1,Lat=0,Fov=0,CPU4/GPU=4/4,2054/545MHz,OC=3F,TA=0/38/0,SP=N/F/N,Mem=1708MHz,Free=3082MB,PLS=1,Temp=33.0C/0.0C,TW=1.10ms,App=1.37ms,GD=0.00ms,CPU&GPU=13.85ms,LCnt=1(DR73,LM0),GPU%=0.21,CPU%=0.57(W0.64),DSF=1.00,CFL=13.74/19.63,ICFLp95=17.51,LD=0,SF=1.25,LP=0,DVFS=0
05-15 14:36:36.001 25549 25736 I VrApi   : FPS=72/72,Prd=0ms,Tear=0,Early=0,Stale=0,Stale2/5/10/max=0/0/0/0,VSnc=1,Lat=0,Fov=0,CPU4/GPU=3/4,1651/545MHz,OC=3F,TA=0/38/0,SP=N/F/N,Mem=1708MHz,Free=3082MB,PLS=1,Temp=33.0C/0.0C,TW=1.06ms,App=1.43ms,GD=0.00ms,CPU&GPU=13.84ms,LCnt=1(DR73,LM0),GPU%=0.20,CPU%=0.56(W0.58),DSF=1.00,CFL=13.74/19.46,ICFLp95=17.56,LD=0,SF=1.25,LP=0,DVFS=0
05-15 14:36:37.002 25549 25736 I VrApi   : FPS=72/72,Prd=0ms,Tear=0,Early=0,Stale=0,Stale2/5/10/max=0/0/0/0,VSnc=1,Lat=0,Fov=0,CPU4/GPU=3/4,2361/545MHz,OC=3F,TA=0/38/0,SP=N/F/N,Mem=1708MHz,Free=3082MB,PLS=1,Temp=33.0C/0.0C,TW=1.66ms,App=2.06ms,GD=0.96ms,CPU&GPU=13.85ms,LCnt=2(DR58,LM0),GPU%=0.32,CPU%=0.61(W0.62),DSF=1.00,CFL=13.68/18.81,ICFLp95=17.23,LD=0,SF=1.25,LP=0,DVFS=0
05-15 14:36:37.283 25549 25576 I VrApi   : Opaque frame needs background layer.
05-15 14:36:37.285 25549 25576 I VrApi   : ---------- vrapi_LeaveVrMode [start] ----------
05-15 14:36:37.323 25549 25576 I VrApi   : ---------- vrapi_LeaveVrMode [end] ----------
05-15 14:36:37.427  2851  3218 I PerformanceManager_ZSF: perfmgr: SetClockLevels: Apply pending clock request change: 3,4 -> 4,4
05-15 14:36:38.459  2851  3218 I PerformanceManager_ZSF: perfmgr: SetClockLevels: Apply pending clock request change: 4,4 -> 4,3
05-15 14:36:39.051  1967 25785 I VrApi   : FPS=79/90,Prd=24ms,Tear=0,Early=0,Stale=6,Stale2/5/10/max=2/0/0/2,VSnc=1,Lat=-1,Fov=0,CPU4/GPU=4/3,2361/545MHz,OC=3F,TA=0/38/0,SP=N/F/N,Mem=2736MHz,Free=2735MB,PLS=1,Temp=33.0C/0.0C,TW=0.82ms,App=0.07ms,GD=0.00ms,CPU&GPU=2.35ms,LCnt=2(DR0,LM0),GPU%=0.20,CPU%=0.56(W0.62),DSF=1.00,CFL=12.60/18.17,ICFLp95=17.16,LD=0,SF=1.00,LP=0,DVFS=0
05-15 14:36:39.191 25549 25576 I VrApi   : ------------ vrapi_DestroySystemVulkan -----------
05-15 14:36:39.192 25549 25576 I VrApi   : ------------ vrapi_Shutdown [start] -----------
05-15 14:36:39.192 25549 25576 W VrApi   : IsOvrValid: ovr == nullptr. Package: com.oculus.xrstreamingclient
05-15 14:36:39.209 25549 25576 I VrApi   : ------------ vrapi_Shutdown [end] -----------
05-15 14:36:40.001  1967 25785 I VrApi   : FPS=90/90,Prd=34ms,Tear=0,Early=81,Stale=6,Stale2/5/10/max=0/0/0/1,VSnc=1,Lat=-1,Fov=0,CPU4/GPU=4/3,2361/492MHz,OC=3F,TA=0/38/0,SP=N/F/N,Mem=3196MHz,Free=2735MB,PLS=1,Temp=33.0C/0.0C,TW=0.83ms,App=5.50ms,GD=0.00ms,CPU&GPU=2.28ms,LCnt=2(DR0,LM0),GPU%=0.31,CPU%=0.85(W0.94),DSF=1.00,CFL=12.17/17.08,ICFLp95=15.68,LD=0,SF=1.00,LP=0,DVFS=0
05-15 14:36:41.001  1967 25785 I VrApi   : FPS=78/90,Prd=39ms,Tear=0,Early=72,Stale=9,Stale2/5/10/max=4/0/0/4,VSnc=1,Lat=-1,Fov=0,CPU4/GPU=4/3,1920/492MHz,OC=3F,TA=0/38/0,SP=N/F/N,Mem=3196MHz,Free=2735MB,PLS=1,Temp=33.0C/0.0C,TW=1.56ms,App=4.47ms,GD=0.00ms,CPU&GPU=9.67ms,LCnt=6(DR0,LM0),GPU%=0.58,CPU%=0.54(W0.76),DSF=1.00,CFL=12.07/18.74,ICFLp95=17.39,LD=0,SF=1.00,LP=0,DVFS=0
05-15 14:36:41.193  2851  3218 I PerformanceManager_ZSF: perfmgr: SetClockLevels: Apply pending clock request change: 4,3 -> 3,3
05-15 14:36:42.002  1967 25785 I VrApi   : FPS=90/90,Prd=38ms,Tear=0,Early=48,Stale=0,Stale2/5/10/max=0/0/0/0,VSnc=1,Lat=-1,Fov=0,CPU4/GPU=3/3,1920/492MHz,OC=3F,TA=0/38/0,SP=N/F/N,Mem=2736MHz,Free=2735MB,PLS=1,Temp=33.0C/0.0C,TW=1.44ms,App=4.68ms,GD=0.00ms,CPU&GPU=9.76ms,LCnt=6(DR0,LM0),GPU%=0.55,CPU%=0.55(W0.65),DSF=1.00,CFL=12.39/17.91,ICFLp95=16.37,LD=0,SF=1.00,LP=0,DVFS=0
05-15 14:36:42.194  2851  3218 I PerformanceManager_ZSF: perfmgr: SetClockLevels: Apply pending clock request change: 3,3 -> 2,3
05-15 14:36:43.002  1967 25785 I VrApi   : FPS=90/90,Prd=39ms,Tear=0,Early=88,Stale=1,Stale2/5/10/max=0/0/0/1,VSnc=1,Lat=-1,Fov=0,CPU4/GPU=2/3,1651/492MHz,OC=3F,TA=0/38/0,SP=N/F/N,Mem=2736MHz,Free=2735MB,PLS=1,Temp=33.0C/0.0C,TW=1.24ms,App=5.16ms,GD=0.00ms,CPU&GPU=9.81ms,LCnt=2(DR0,LM0),GPU%=0.56,CPU%=0.64(W0.84),DSF=1.00,CFL=11.89/17.67,ICFLp95=16.57,LD=0,SF=1.00,LP=0,DVFS=0
05-15 14:36:44.002  1967 25785 I VrApi   : FPS=87/90,Prd=37ms,Tear=0,Early=17,Stale=3,Stale2/5/10/max=0/0/0/1,VSnc=1,Lat=-1,Fov=0,CPU4/GPU=2/3,1382/492MHz,OC=3F,TA=0/38/0,SP=N/F/N,Mem=2736MHz,Free=2735MB,PLS=1,Temp=33.0C/0.0C,TW=0.98ms,App=4.40ms,GD=0.00ms,CPU&GPU=9.37ms,LCnt=2(DR0,LM0),GPU%=0.54,CPU%=0.73(W0.81),DSF=1.00,CFL=11.70/17.34,ICFLp95=15.42,LD=0,SF=1.00,LP=0,DVFS=0
05-15 14:36:45.002  1967 25785 I VrApi   : FPS=90/90,Prd=34ms,Tear=1,Early=9,Stale=1,Stale2/5/10/max=0/0/0/1,VSnc=1,Lat=-1,Fov=0,CPU4/GPU=2/3,1920/545MHz,OC=3F,TA=0/38/0,SP=N/F/N,Mem=3196MHz,Free=2735MB,PLS=1,Temp=33.0C/0.0C,TW=1.50ms,App=2.08ms,GD=0.00ms,CPU&GPU=4.34ms,LCnt=3(DR0,LM2),GPU%=0.40,CPU%=0.48(W0.50),DSF=1.00,CFL=11.75/19.42,ICFLp95=17.77,LD=0,SF=1.00,LP=0,DVFS=0
05-15 14:36:46.002  1967 25785 I VrApi   : FPS=90/90,Prd=30ms,Tear=0,Early=0,Stale=0,Stale2/5/10/max=0/0/0/0,VSnc=1,Lat=-1,Fov=0,CPU4/GPU=2/3,1920/545MHz,OC=3F,TA=0/38/0,SP=N/F/N,Mem=2736MHz,Free=2735MB,PLS=1,Temp=33.0C/0.0C,TW=1.55ms,App=2.21ms,GD=0.00ms,CPU&GPU=5.13ms,LCnt=3(DR0,LM2),GPU%=0.37,CPU%=0.35(W0.48),DSF=1.00,CFL=11.97/19.06,ICFLp95=17.21,LD=0,SF=1.00,LP=0,DVFS=0
05-15 14:36:47.002  1967 25785 I VrApi   : FPS=90/90,Prd=30ms,Tear=0,Early=0,Stale=0,Stale2/5/10/max=0/0/0/0,VSnc=1,Lat=-1,Fov=0,CPU4/GPU=2/3,1920/545MHz,OC=3F,TA=0/38/0,SP=N/N/N,Mem=2736MHz,Free=2735MB,PLS=1,Temp=33.0C/0.0C,TW=1.55ms,App=2.21ms,GD=0.00ms,CPU&GPU=5.13ms,LCnt=3(DR0,LM2),GPU%=0.37,CPU%=0.35(W0.48),DSF=1.00,CFL=11.97/19.06,ICFLp95=17.21,LD=0,SF=1.00,LP=0,DVFS=0
05-15 14:36:48.002  1967 25785 I VrApi   : FPS=64/90,Prd=31ms,Tear=2,Early=0,Stale=28,Stale2/5/10/max=0/0/1/27,VSnc=1,Lat=-1,Fov=0,CPU4/GPU=2/3,1920/545MHz,OC=3F,TA=0/38/0,SP=N/F/N,Mem=3196MHz,Free=2735MB,PLS=1,Temp=34.0C/0.0C,TW=1.22ms,App=4.96ms,GD=0.00ms,CPU&GPU=9.35ms,LCnt=2(DR83,LM2),GPU%=0.58,CPU%=0.30(W0.59),DSF=1.00,CFL=12.98/18.72,ICFLp95=17.74,LD=0,SF=1.00,LP=0,DVFS=0
05-15 14:36:49.002  1967 25785 I VrApi   : FPS=90/90,Prd=34ms,Tear=0,Early=0,Stale=0,Stale2/5/10/max=0/0/0/0,VSnc=1,Lat=-1,Fov=0,CPU4/GPU=2/3,1920/545MHz,OC=3F,TA=0/38/0,SP=N/F/N,Mem=2736MHz,Free=2735MB,PLS=1,Temp=34.0C/0.0C,TW=1.23ms,App=4.80ms,GD=0.00ms,CPU&GPU=9.56ms,LCnt=2(DR90,LM2),GPU%=0.58,CPU%=0.32(W0.61),DSF=1.00,CFL=12.62/18.02,ICFLp95=16.76,LD=0,SF=1.00,LP=0,DVFS=0
05-15 14:36:49.915  2851  3218 I PerformanceManager_ZSF: perfmgr: SetClockLevels: Apply pending clock request change: 2,3 -> 3,3
05-15 14:36:50.002  1967 25785 I VrApi   : FPS=90/90,Prd=32ms,Tear=0,Early=0,Stale=0,Stale2/5/10/max=0/0/0/0,VSnc=1,Lat=-1,Fov=0,CPU4/GPU=2/3,1920/545MHz,OC=3F,TA=0/38/0,SP=N/F/N,Mem=2736MHz,Free=2735MB,PLS=1,Temp=34.0C/0.0C,TW=1.25ms,App=5.18ms,GD=0.00ms,CPU&GPU=9.71ms,LCnt=2(DR90,LM2),GPU%=0.60,CPU%=0.31(W0.40),DSF=1.00,CFL=12.32/17.34,ICFLp95=15.84,LD=0,SF=1.00,LP=0,DVFS=0
05-15 14:36:51.003  1967 25785 I VrApi   : FPS=85/90,Prd=29ms,Tear=0,Early=8,Stale=6,Stale2/5/10/max=2/0/0/2,VSnc=1,Lat=-1,Fov=0,CPU4/GPU=3/3,1920/545MHz,OC=3F,TA=0/38/0,SP=N/F/N,Mem=3196MHz,Free=2735MB,PLS=1,Temp=34.0C/0.0C,TW=1.45ms,App=2.65ms,GD=0.00ms,CPU&GPU=4.18ms,LCnt=3(DR91,LM2),GPU%=0.37,CPU%=0.42(W0.50),DSF=1.00,CFL=12.26/17.23,ICFLp95=15.99,LD=0,SF=1.00,LP=0,DVFS=0
05-15 14:36:51.126  2851  3218 I PerformanceManager_ZSF: perfmgr: SetClockLevels: Apply pending clock request change: 3,3 -> 2,3
05-15 14:36:52.003  1967 25785 I VrApi   : FPS=90/90,Prd=28ms,Tear=0,Early=0,Stale=0,Stale2/5/10/max=0/0/0/0,VSnc=1,Lat=-1,Fov=0,CPU4/GPU=2/3,1920/545MHz,OC=3F,TA=0/38/0,SP=N/F/N,Mem=2736MHz,Free=2735MB,PLS=1,Temp=34.0C/0.0C,TW=1.47ms,App=2.30ms,GD=0.00ms,CPU&GPU=4.17ms,LCnt=3(DR91,LM2),GPU%=0.36,CPU%=0.44(W0.48),DSF=1.00,CFL=11.42/17.71,ICFLp95=16.27,LD=0,SF=1.00,LP=0,DVFS=0
05-15 14:36:53.003  1967 25785 I VrApi   : FPS=90/90,Prd=27ms,Tear=0,Early=0,Stale=0,Stale2/5/10/max=0/0/0/0,VSnc=1,Lat=-1,Fov=0,CPU4/GPU=2/3,1920/545MHz,OC=3F,TA=0/38/0,SP=N/F/N,Mem=2736MHz,Free=2735MB,PLS=1,Temp=34.0C/0.0C,TW=1.57ms,App=2.52ms,GD=0.00ms,CPU&GPU=4.07ms,LCnt=3(DR30,LM2),GPU%=0.36,CPU%=0.42(W0.45),DSF=1.00,CFL=12.99/17.07,ICFLp95=15.83,LD=0,SF=1.00,LP=0,DVFS=0
05-15 14:36:54.003  1967 25785 I VrApi   : FPS=91/90,Prd=26ms,Tear=0,Early=0,Stale=0,Stale2/5/10/max=0/0/0/0,VSnc=1,Lat=-1,Fov=0,CPU4/GPU=2/3,1920/545MHz,OC=3F,TA=0/38/0,SP=N/F/N,Mem=2736MHz,Free=2735MB,PLS=1,Temp=34.0C/0.0C,TW=1.56ms,App=2.75ms,GD=0.00ms,CPU&GPU=4.59ms,LCnt=3(DR0,LM2),GPU%=0.37,CPU%=0.37(W0.45),DSF=1.00,CFL=12.43/17.05,ICFLp95=15.84,LD=0,SF=1.00,LP=0,DVFS=0
05-15 14:36:55.003  1967 25785 I VrApi   : FPS=91/90,Prd=27ms,Tear=0,Early=0,Stale=0,Stale2/5/10/max=0/0/0/0,VSnc=1,Lat=-1,Fov=0,CPU4/GPU=2/3,2054/545MHz,OC=3F,TA=0/38/0,SP=N/F/N,Mem=2736MHz,Free=2735MB,PLS=1,Temp=34.0C/0.0C,TW=1.55ms,App=2.29ms,GD=0.00ms,CPU&GPU=4.72ms,LCnt=3(DR0,LM2),GPU%=0.39,CPU%=0.42(W0.45),DSF=1.00,CFL=13.01/17.58,ICFLp95=16.12,LD=0,SF=1.00,LP=0,DVFS=0
05-15 14:36:55.611  2851  3218 I PerformanceManager_ZSF: perfmgr: SetClockLevels: Apply pending clock request change: 2,3 -> 4,3
05-15 14:36:56.346 25921 25944 I Unity   : MemoryManager: Using 'Dynamic Heap' Allocator.
05-15 14:36:56.376 25921 25944 I Unity   : SystemInfo CPU = ARM64 FP ASIMD AES, Cores = 6, Memory = 7731mb
05-15 14:36:56.376 25921 25944 I Unity   : SystemInfo ARM big.LITTLE configuration: 4 big (mask: 0x3c), 2 little (mask: 0x3)
05-15 14:36:56.376 25921 25944 I Unity   : ApplicationInfo com.ak.ot version 1.0.0
05-15 14:36:56.376 25921 25944 I Unity   : Built from '2022.3/staging' branch, Version '2022.3.14f1 (eff2de9070d8)', Build type 'Release', Scripting Backend 'il2cpp', CPU 'arm64-v8a', Stripping 'Enabled'
05-15 14:36:56.625 25921 25944 I Unity   : Company Name: DefaultCompany
05-15 14:36:56.626 25921 25944 I Unity   : Product Name: OT
05-15 14:36:56.678 25921 25944 I Unity   : [XR] [485728508272] [14:36:56.678][Info   ] Available Layers: (0)
05-15 14:36:57.034 25921 25944 W Unity   : The referenced script (Unknown) on this Behaviour is missing!
05-15 14:36:57.034 25921 25944 W Unity   : The referenced script on this Behaviour (Game Object '<null>') is missing!
05-15 14:36:57.069 25921 25944 I Unity   : XRGeneral Settings awakening...
05-15 14:36:57.069 25921 25944 I Unity   : UnityEngine.XR.Management.XRGeneralSettings:Awake()
05-15 14:36:57.069 25921 25944 I Unity   : 
05-15 14:36:57.137 25921 25944 W Unity   : [XR] XR_META_performance_metrics: Attempted to stop before session ready
05-15 14:36:57.164 25921 25944 I Unity   : [XR] [485728508272] [14:36:57.164][Info   ] Available Layers: (0)
05-15 14:36:57.211 25921 25944 W Unity   : Orientation Listener cannot detect orientation.
05-15 14:36:57.543 25921 25944 I Unity   : [XR] [485728508272] [14:36:57.543][Info   ] OpenXRSession::HandleSessionStateChangedEvent: state XR_SESSION_STATE_UNKNOWN->XR_SESSION_STATE_IDLE session=144115188075855877 time=445847763056482
05-15 14:36:57.543 25921 25944 I Unity   : [XR] [485728508272] [14:36:57.543][Info   ] OpenXRSession::HandleSessionStateChangedEvent: state XR_SESSION_STATE_IDLE->XR_SESSION_STATE_READY session=144115188075855877 time=445847763385648
05-15 14:36:57.559  2851  3218 I PerformanceManager_ZSF: [EVENT] Performance profile changed to: HIGH_PERFORMANCE_GAMING
05-15 14:36:57.560  2851  3218 I PerformanceManager_ZSF: SetClockLevels: Force releasing clocks
05-15 14:36:57.560  2851  3218 I PerformanceManager_ZSF: perfmgr: SetClockLevels: Apply pending clock request change: 4,3 -> -1,-1
05-15 14:36:57.565 25921 25944 I Unity   : [XR] XR_META_performance_metrics: Active providers:
05-15 14:36:57.565 25921 25944 I Unity   : [XR] XR_META_performance_metrics: /perfmetrics_meta/app/gpu_frametime
05-15 14:36:57.565 25921 25944 I Unity   : [XR] XR_META_performance_metrics: /perfmetrics_meta/app/gpu_frametime
05-15 14:36:57.565 25921 25944 I Unity   : [XR] XR_META_performance_metrics: /perfmetrics_meta/compositor/gpu_frametime
05-15 14:36:57.565 25921 25944 I Unity   : [XR] XR_META_performance_metrics: /perfmetrics_meta/compositor/gpu_frametime
05-15 14:36:57.565 25921 25944 I Unity   : [XR] XR_META_performance_metrics: /perfmetrics_meta/device/gpu_utilization
05-15 14:36:57.565 25921 25944 I Unity   : [XR] XR_META_performance_metrics: /perfmetrics_meta/device/cpu_utilization_average
05-15 14:36:57.565 25921 25944 I Unity   : [XR] XR_META_performance_metrics: /perfmetrics_meta/device/cpu_utilization_worst
05-15 14:36:57.565 25921 25944 I Unity   : [XR] XR_META_performance_metrics: /perfmetrics_meta/compositor/dropped_frame_count
05-15 14:36:57.565 25921 25944 I Unity   : [XR] XR_META_performance_metrics: /perfmetrics_meta/compositor/dropped_frame_count
05-15 14:36:57.565 25921 25944 I Unity   : [XR] XR_META_performance_metrics: /perfmetrics_meta/app/motion_to_photon_latency
05-15 14:36:57.572  2851  3218 I PerformanceManager_ZSF: perfmgr: SetClockLevels: Apply pending clock request change: -1,-1 -> 2,2
05-15 14:36:57.649 25921 25965 W Unity   : Couldn't create a Convex Mesh from source mesh "pTorus4" within the maximum polygons limit (256). The partial hull will be used. Consider simplifying your mesh.
05-15 14:36:57.652 25921 25966 W Unity   : Couldn't create a Convex Mesh from source mesh "pTorus3" within the maximum polygons limit (256). The partial hull will be used. Consider simplifying your mesh.
05-15 14:36:58.030  2851  3218 I PerformanceManager_ZSF: [EVENT] Performance profile changed to: GAMING
05-15 14:36:58.068  2851  3218 I PerformanceManager_ZSF: perfmgr: SetClockLevels: Apply pending clock request change: 2,2 -> 3,2
05-15 14:36:58.077 25921 25944 I Unity   : [XR] [485728508272] [14:36:58.077][Info   ] OpenXRSession::HandleSessionStateChangedEvent: state XR_SESSION_STATE_READY->XR_SESSION_STATE_SYNCHRONIZED session=144115188075855877 time=445848297680700
05-15 14:36:58.078 25921 25944 I Unity   : [XR] [485728508272] [14:36:58.078][Info   ] OpenXRSession::HandleSessionStateChangedEvent: state XR_SESSION_STATE_SYNCHRONIZED->XR_SESSION_STATE_VISIBLE session=144115188075855877 time=445848298134867
05-15 14:36:58.078 25921 25944 I Unity   : [XR] [485728508272] [14:36:58.078][Info   ] OpenXRSession::HandleSessionStateChangedEvent: state XR_SESSION_STATE_VISIBLE->XR_SESSION_STATE_FOCUSED session=144115188075855877 time=445848298679085
05-15 14:36:58.079 25921 25944 I Unity   : [XR] [485728508272] [14:36:58.079][Info   ] 
05-15 14:36:58.079 25921 25944 I Unity   : 
05-15 14:36:58.079 25921 25944 I Unity   : ==== Start Unity OpenXR Diagnostic Report ====
05-15 14:36:58.079 25921 25944 I Unity   : 
05-15 14:36:58.079 25921 25944 I Unity   : 
05-15 14:36:58.079 25921 25944 I Unity   : [XR] [485728508272] [14:36:58.079][Info   ] ==== Report Reason: System Startup Completed ====
05-15 14:36:58.079 25921 25944 I Unity   : 
05-15 14:36:58.079 25921 25944 I Unity   : 
05-15 14:36:58.079 25921 25944 I Unity   : [XR] [485728508272] [14:36:58.079][Info   ] ==== OpenXR Provider Info ====
05-15 14:36:58.079 25921 25944 I Unity   : [XR] [485728508272] [14:36:58.079][Info   ] 
05-15 14:36:58.079 25921 25944 I Unity   : [XR] [485728508272] [14:36:58.079][Info   ] Spec Version: 1.0.29
05-15 14:36:58.079 25921 25944 I Unity   : [XR] [485728508272] [14:36:58.079][Info   ] Provider Version: 1.9.1
05-15 14:36:58.079 25921 25944 I Unity   : [XR] [485728508272] [14:36:58.079][Info   ] App: OT #1292362234
05-15 14:36:58.079 25921 25944 I Unity   : [XR] [485728508272] [14:36:58.079][Info   ] Engine: 2022.3.14f1 #53535745
05-15 14:36:58.079 25921 25944 I Unity   : [XR] [485728508272] [14:36:58.079][Info   ] 
05-15 14:36:58.079 25921 25944 I Unity   : [XR] [485728508272] [14:36:58.079][Info   ] ==== OpenXR Runtime Info ====
05-15 14:36:58.079 25921 25944 I Unity   : [XR] [485728508272] [14:36:58.079][Info   ] 
05-15 14:36:58.079 25921 25944 I Unity   : [XR] [485728508272] [14:36:58.079][Info   ] Features requested to be enabled: (11)
05-15 14:36:58.079 25921 25944 I Unity   : [XR] [485728508272] [14:36:58.079][Info   ]   Meta Hand Tracking Aim: Version=0.0.1, Company="Unity", Extensions="XR_FB_hand_tracking_aim"
05-15 14:36:58.079 25921 25944 I Unity   : [XR] [485728508272] [14:36:58.079][Info   ]   Meta Quest Support: Version=1.0.0, Company="Unity", Extensions="XR_OCULUS_android_initialize_loader"
05-15 14:36:58.079 25921 25944 I Unity   : [XR] [485728508272] [14:36:58.079][Info   ]   Meta Quest Touch Pro Controller Profile: Version=0.0.1, Company="Unity", Extensions="XR_FB_touch_controller_pro"
05-15 14:36:58.079 25921 25944 I Unity   : [XR] [485728508272] [14:36:58.079][Info   ]   Meta Quest: AR Anchors: Version=0.1.0, Company="Unity Technologies", Extensions="XR_FB_spatial_entity"
05-15 14:36:58.079 25921 25944 I Unity   : [XR] [485728508272] [14:36:58.079][Info   ]   Meta Quest: AR Camera (Passthrough): Version=0.1.0, Company="Unity Technologies", Extensions="XR_FB_passthrough XR_FB_composition_layer_alpha_blend"
05-15 14:36:58.079 25921 25944 I Unity   : [XR] [485728508272] [14:36:58.079][Info   ]   Meta Quest: AR Plane Detection: Version=0.1.0, Company="Unity Technologies", Extensions="XR_FB_spatial_entity XR_FB_spatial_entity_query XR_FB_spatial_entity_storage XR_FB_scene"
05-15 14:36:58.079 25921 25944 I Unity   : [XR] [485728508272] [14:36:58.079][Info   ]   Meta Quest: AR Raycasts: Version=0.1.0, Company="Unity Technologies"
05-15 14:36:58.079 25921 25944 I Unity   : [XR] [485728508272] [14:36:58.079][Info   ]   Meta Quest: AR Session: Version=0.1.0, Company="Unity Technologies", Extensions="XR_FB_scene_capture"
05-15 14:36:58.079 25921 25944 I Unity   : [XR] [485728508272] [14:36:58.079][Info   ]   Meta Quest: Display Utilities: Version=0.1.0, Company="Unity Technologies", Extensions="XR_FB_display_refresh_rate"
05-15 14:36:58.079 25921 25944 I Unity   : [XR] [485728508272] [14:36:58.079][Info   ]   Oculus Touch Controller Profile: Version=0.0.1, Company="Unity"
05-15 14:36:58.079 25921 25944 I Unity   : [XR] [485728508272] [14:36:58.079][Info   ]   Hand Tracking Subsystem: Version=0.0.1, Company="Unity", Extensions="XR_EXT_hand_tracking"
05-15 14:36:58.079 25921 25944 I Unity   : [XR] [485728508272] [14:36:58.079][Info   ] 
05-15 14:36:58.079 25921 25944 I Unity   : [XR] [485728508272] [14:36:58.079][Info   ] Requested feature extensions not supported by runtime: (1)
05-15 14:36:58.079 25921 25944 I Unity   : [XR] [485728508272] [14:36:58.079][Info   ]   XR_OCULUS_android_initialize_loader: Feature="Meta Quest Support": Version=1.0.0, Company="Unity"
05-15 14:36:58.079 25921 25944 I Unity   : [XR] [485728508272] [14:36:58.079][Info   ] 
05-15 14:36:58.079 25921 25944 I Unity   : [XR] [485728508272] [14:36:58.079][Info   ] Available Runtime Extensions: (85)
05-15 14:36:58.079 25921 25944 I Unity   : [XR] [485728508272] [14:36:58.079][Info   ]   XR_KHR_android_create_instance: Version=3
05-15 14:36:58.079 25921 25944 I Unity   : [XR] [485728508272] [14:36:58.079][Info   ]   XR_KHR_android_surface_swapchain: Version=4
05-15 14:36:58.079 25921 25944 I Unity   : [XR] [485728508272] [14:36:58.079][Info   ]   XR_KHR_android_thread_settings: Version=6
05-15 14:36:58.079 25921 25944 I Unity   : [XR] [485728508272] [14:36:58.079][Info   ]   XR_FB_android_surface_swapchain_create: Version=1
05-15 14:36:58.079 25921 25944 I Unity   : [XR] [485728508272] [14:36:58.079][Info   ]   XR_KHR_opengl_es_enable: Version=8
05-15 14:36:58.079 25921 25944 I Unity   : [XR] [485728508272] [14:36:58.079][Info   ]   XR_KHR_vulkan_enable: Version=8
05-15 14:36:58.079 25921 25944 I Unity   : [XR] [485728508272] [14:36:58.079][Info   ]   XR_KHR_vulkan_enable2: Version=2
05-15 14:36:58.079 25921 25944 I Unity   : [XR] [485728508272] [14:36:58.079][Info   ]   XR_KHR_composition_layer_cube: Version=8
05-15 14:36:58.079 25921 25944 I Unity   : [XR] [485728508272] [14:36:58.079][Info   ]   XR_KHR_composition_layer_cylinder: Version=4
05-15 14:36:58.079 25921 25944 I Unity   : [XR] [485728508272] [14:36:58.079][Info   ]   XR_KHR_composition_layer_equirect2: Version=1
05-15 14:36:58.079 25921 25944 I Unity   : [XR] [485728508272] [14:36:58.079][Info   ]   XR_KHR_composition_layer_color_scale_bias: Version=5
05-15 14:36:58.079 25921 25944 I Unity   : [XR] [485728508272] [14:36:58.079][Info   ]   XR_KHR_composition_layer_depth: Version=6
05-15 14:36:58.079 25921 25944 I Unity   : [XR] [485728508272] [14:36:58.079][Info   ]   XR_FB_color_space: Version=3
05-15 14:36:58.079 25921 25944 I Unity   : [XR] [485728508272] [14:36:58.079][Info   ]   XR_EXT_performance_settings: Version=4
05-15 14:36:58.079 25921 25944 I Unity   : [XR] [485728508272] [14:36:58.079][Info   ]   XR_EXT_hand_tracking: Version=4
05-15 14:36:58.079 25921 25944 I Unity   : [XR] [485728508272] [14:36:58.079][Info   ]   XR_EXT_debug_utils: Version=5
05-15 14:36:58.079 25921 25944 I Unity   : [XR] [485728508272] [14:36:58.079][Info   ]   XR_FB_display_refresh_rate: Version=1
05-15 14:36:58.079 25921 25944 I Unity   : [XR] [485728508272] [14:36:58.079][Info   ]   XR_FB_swapchain_update_state: Version=3
05-15 14:36:58.079 25921 25944 I Unity   : [XR] [485728508272] [14:36:58.079][Info   ]   XR_FB_swapchain_update_state_opengl_es: Version=1
05-15 14:36:58.079 25921 25944 I Unity   : [XR] [485728508272] [14:36:58.079][Info   ]   XR_FB_swapchain_update_state_vulkan: Version=1
05-15 14:36:58.079 25921 25944 I Unity   : [XR] [485728508272] [14:36:58.079][Info   ]   XR_FB_swapchain_update_state_android_surface: Version=1
05-15 14:36:58.079 25921 25944 I Unity   : [XR] [485728508272] [14:36:58.079][Info   ]   XR_OCULUS_common_reference_spaces: Version=1
05-15 14:36:58.079 25921 25944 I Unity   : [XR] [485728508272] [14:36:58.079][Info   ]   XR_FB_composition_layer_image_layout: Version=1
05-15 14:36:58.079 25921 25944 I Unity   : [XR] [485728508272] [14:36:58.079][Info   ]   XR_FB_composition_layer_alpha_blend: Version=2
05-15 14:36:58.079 25921 25944 I Unity   : [XR] [485728508272] [14:36:58.079][Info   ]   XR_FB_common_events: Version=2
05-15 14:36:58.079 25921 25944 I Unity   : [XR] [485728508272] [14:36:58.079][Info   ]   XR_FB_hand_tracking_mesh: Version=3
05-15 14:36:58.079 25921 25944 I Unity   : [XR] [485728508272] [14:36:58.079][Info   ]   XR_FB_hand_tracking_aim: Version=2
05-15 14:36:58.079 25921 25944 I Unity   : [XR] [485728508272] [14:36:58.079][Info   ]   XR_FB_hand_tracking_capsules: Version=3
05-15 14:36:58.079 25921 25944 I Unity   : [XR] [485728508272] [14:36:58.079][Info   ]   XR_FB_foveation: Version=1
05-15 14:36:58.079 25921 25944 I Unity   : [XR] [485728508272] [14:36:58.079][Info   ]   XR_FB_foveation_configuration: Version=1
05-15 14:36:58.079 25921 25944 I Unity   : [XR] [485728508272] [14:36:58.079][Info   ]   XR_FB_foveation_vulkan: Version=1
05-15 14:36:58.079 25921 25944 I Unity   : [XR] [485728508272] [14:36:58.079][Info   ]   XR_FB_composition_layer_secure_content: Version=1
05-15 14:36:58.079 25921 25944 I Unity   : [XR] [485728508272] [14:36:58.079][Info   ]   XR_KHR_convert_timespec_time: Version=1
05-15 14:36:58.079 25921 25944 I Unity   : [XR] [485728508272] [14:36:58.079][Info   ]   XR_META_body_tracking_full_body: Version=1
05-15 14:36:58.079 25921 25944 I Unity   : [XR] [485728508272] [14:36:58.079][Info   ]   XR_FB_body_tracking: Version=1
05-15 14:36:58.079 25921 25944 I Unity   : [XR] [485728508272] [14:36:58.079][Info   ]   XR_FB_keyboard_tracking: Version=1
05-15 14:36:58.079 25921 25944 I Unity   : [XR] [485728508272] [14:36:58.079][Info   ]   XR_FB_spatial_entity: Version=1
05-15 14:36:58.079 25921 25944 I Unity   : [XR] [485728508272] [14:36:58.079][Info   ]   XR_FB_triangle_mesh: Version=2
05-15 14:36:58.079 25921 25944 I Unity   : [XR] [485728508272] [14:36:58.079][Info   ]   XR_FB_passthrough: Version=3
05-15 14:36:58.079 25921 25944 I Unity   : [XR] [485728508272] [14:36:58.079][Info   ]   XR_META_passthrough_color_lut: Version=1
05-15 14:36:58.079 25921 25944 I Unity   : [XR] [485728508272] [14:36:58.079][Info   ]   XR_META_passthrough_layer_resumed_event: Version=1
05-15 14:36:58.079 25921 25944 I Unity   : [XR] [485728508272] [14:36:58.079][Info   ]   XR_META_passthrough_preferences: Version=1
05-15 14:36:58.079 25921 25944 I Unity   : [XR] [485728508272] [14:36:58.079][Info   ]   XR_FB_render_model: Version=4
05-15 14:36:58.079 25921 25944 I Unity   : [XR] [485728508272] [14:36:58.079][Info   ]   XR_FB_spatial_entity_query: Version=1
05-15 14:36:58.079 25921 25944 I Unity   : [XR] [485728508272] [14:36:58.079][Info   ]   XR_FB_touch_controller_proximity: Version=1
05-15 14:36:58.079 25921 25944 I Unity   : [XR] [485728508272] [14:36:58.079][Info   ]   XR_FB_touch_controller_pro: Version=1
05-15 14:36:58.079 25921 25944 I Unity   : [XR] [485728508272] [14:36:58.079][Info   ]   XR_META_touch_controller_plus: Version=1
05-15 14:36:58.079 25921 25944 I Unity   : [XR] [485728508272] [14:36:58.079][Info   ]   XR_FB_haptic_amplitude_envelope: Version=1
05-15 14:36:58.079 25921 25944 I Unity   : [XR] [485728508272] [14:36:58.079][Info   ]   XR_FB_haptic_pcm: Version=1
05-15 14:36:58.079 25921 25944 I Unity   : [XR] [485728508272] [14:36:58.079][Info   ]   XR_FB_spatial_entity_storage: Version=1
05-15 14:36:58.079 25921 25944 I Unity   : [XR] [485728508272] [14:36:58.079][Info   ]   XR_FB_spatial_entity_storage_batch: Version=1
05-15 14:36:58.079 25921 25944 I Unity   : [XR] [485728508272] [14:36:58.079][Info   ]   XR_FB_spatial_entity_sharing: Version=1
05-15 14:36:58.079 25921 25944 I Unity   : [XR] [485728508272] [14:36:58.079][Info   ]   XR_FB_spatial_entity_user: Version=1
05-15 14:36:58.079 25921 25944 I Unity   : [XR] [485728508272] [14:36:58.079][Info   ]   XR_FB_space_warp: Version=2
05-15 14:36:58.079 25921 25944 I Unity   : [XR] [485728508272] [14:36:58.079][Info   ]   XR_FB_spatial_entity_container: Version=1
05-15 14:36:58.079 25921 25944 I Unity   : [XR] [485728508272] [14:36:58.079][Info   ]   XR_FB_scene: Version=1
05-15 14:36:58.079 25921 25944 I Unity   : [XR] [485728508272] [14:36:58.079][Info   ]   XR_FB_scene_capture: Version=1
05-15 14:36:58.079 25921 25944 I Unity   : [XR] [485728508272] [14:36:58.079][Info   ]   XR_META_spatial_entity_mesh: Version=1
05-15 14:36:58.079 25921 25944 I Unity   : [XR] [485728508272] [14:36:58.079][Info   ]   XR_FB_face_tracking: Version=1
05-15 14:36:58.079 25921 25944 I Unity   : [XR] [485728508272] [14:36:58.079][Info   ]   XR_FB_face_tracking2: Version=1
05-15 14:36:58.079 25921 25944 I Unity   : [XR] [485728508272] [14:36:58.079][Info   ]   XR_META_local_dimming: Version=1
05-15 14:36:58.079 25921 25944 I Unity   : [XR] [485728508272] [14:36:58.079][Info   ]   XR_META_vulkan_swapchain_create_info: Version=1
05-15 14:36:58.079 25921 25944 I Unity   : [XR] [485728508272] [14:36:58.079][Info   ]   XR_META_foveation_eye_tracked: Version=1
05-15 14:36:58.079 25921 25944 I Unity   : [XR] [485728508272] [14:36:58.079][Info   ]   XR_FB_eye_tracking_social: Version=1
05-15 14:36:58.079 25921 25944 I Unity   : [XR] [485728508272] [14:36:58.079][Info   ]   XR_FB_passthrough_keyboard_hands: Version=2
05-15 14:36:58.079 25921 25944 I Unity   : [XR] [485728508272] [14:36:58.079][Info   ]   XR_FB_composition_layer_settings: Version=1
05-15 14:36:58.079 25921 25944 I Unity   : [XR] [485728508272] [14:36:58.079][Info   ]   XR_META_feature_fidelity: Version=1
05-15 14:36:58.079 25921 25944 I Unity   : [XR] [485728508272] [14:36:58.079][Info   ]   XR_FB_composition_layer_depth_test: Version=1
05-15 14:36:58.079 25921 25944 I Unity   : [XR] [485728508272] [14:36:58.079][Info   ]   XR_EXT_eye_gaze_interaction: Version=2
05-15 14:36:58.079 25921 25944 I Unity   : [XR] [485728508272] [14:36:58.079][Info   ]   XR_EXT_hand_joints_motion_range: Version=1
05-15 14:36:58.079 25921 25944 I Unity   : [XR] [485728508272] [14:36:58.079][Info   ]   XR_EXT_hand_tracking_data_source: Version=1
05-15 14:36:58.079 25921 25944 I Unity   : [XR] [485728508272] [14:36:58.079][Info   ]   XR_META_hand_tracking_wide_motion_mode: Version=1
05-15 14:36:58.079 25921 25944 I Unity   : [XR] [485728508272] [14:36:58.079][Info   ]   XR_META_performance_metrics: Version=2
05-15 14:36:58.079 25921 25944 I Unity   : [XR] [485728508272] [14:36:58.079][Info   ]   XR_META_virtual_keyboard: Version=1
05-15 14:36:58.079 25921 25944 I Unity   : [XR] [485728508272] [14:36:58.079][Info   ]   XR_META_detached_controllers: Version=1
05-15 14:36:58.079 25921 25944 I Unity   : [XR] [485728508272] [14:36:58.079][Info   ]   XR_MSFT_hand_interaction: Version=1
05-15 14:36:58.079 25921 25944 I Unity   : [XR] [485728508272] [14:36:58.079][Info   ]   XR_META_headset_id: Version=1
05-15 14:36:58.079 25921 25944 I Unity   : [XR] [485728508272] [14:36:58.079][Info   ]   XR_META_recommended_layer_resolution: Version=1
05-15 14:36:58.079 25921 25944 I Unity   : [XR] [485728508272] [14:36:58.079][Info   ]   XR_META_environment_depth: Version=1
05-15 14:36:58.079 25921 25944 I Unity   : [XR] [485728508272] [14:36:58.079][Info   ]   XR_EXT_active_action_set_priority: Version=1
05-15 14:36:58.079 25921 25944 I Unity   : [XR] [485728508272] [14:36:58.079][Info   ]   XR_META_automatic_layer_filter: Version=1
05-15 14:36:58.079 25921 25944 I Unity   : [XR] [485728508272] [14:36:58.079][Info   ]   XR_META_body_tracking_fidelity: Version=1
05-15 14:36:58.079 25921 25944 I Unity   : [XR] [485728508272] [14:36:58.079][Info   ]   XR_META_simultaneous_hands_and_controllers: Version=1
05-15 14:36:58.079 25921 25944 I Unity   : [XR] [485728508272] [14:36:58.079][Info   ]   XR_EXT_local_floor: Version=1
05-15 14:36:58.079 25921 25944 I Unity   : [XR] [485728508272] [14:36:58.079][Info   ]   XR_META_body_tracking_calibration: Version=1
05-15 14:36:58.079 25921 25944 I Unity   : [XR] [485728508272] [14:36:58.079][Info   ] 
05-15 14:36:58.079 25921 25944 I Unity   : [XR] [485728508272] [14:36:58.079][Info   ] Available Layers: (0)
05-15 14:36:58.079 25921 25944 I Unity   : [XR] [485728508272] [14:36:58.079][Info   ] 
05-15 14:36:58.079 25921 25944 I Unity   : [XR] [485728508272] [14:36:58.079][Info   ] Runtime Name: Oculus
05-15 14:36:58.079 25921 25944 I Unity   : [XR] [485728508272] [14:36:58.079][Info   ] Runtime Version: 63.399.0
05-15 14:36:58.079 25921 25944 I Unity   : [XR] [485728508272] [14:36:58.079][Info   ] 
05-15 14:36:58.079 25921 25944 I Unity   : [XR] [485728508272] [14:36:58.079][Info   ] Form factor: XR_FORM_FACTOR_HEAD_MOUNTED_DISPLAY
05-15 14:36:58.079 25921 25944 I Unity   : [XR] [485728508272] [14:36:58.079][Info   ] 
05-15 14:36:58.079 25921 25944 I Unity   : [XR] [485728508272] [14:36:58.079][Info   ] Runtime extensions enabled: (15)
05-15 14:36:58.079 25921 25944 I Unity   : [XR] [485728508272] [14:36:58.079][Info   ]   XR_EXT_hand_tracking: Version=4
05-15 14:36:58.079 25921 25944 I Unity   : [XR] [485728508272] [14:36:58.079][Info   ]   XR_FB_composition_layer_alpha_blend: Version=2
05-15 14:36:58.079 25921 25944 I Unity   : [XR] [485728508272] [14:36:58.079][Info   ]   XR_FB_display_refresh_rate: Version=1
05-15 14:36:58.079 25921 25944 I Unity   : [XR] [485728508272] [14:36:58.079][Info   ]   XR_FB_hand_tracking_aim: Version=2
05-15 14:36:58.079 25921 25944 I Unity   : [XR] [485728508272] [14:36:58.079][Info   ]   XR_FB_passthrough: Version=3
05-15 14:36:58.079 25921 25944 I Unity   : [XR] [485728508272] [14:36:58.079][Info   ]   XR_FB_scene: Version=1
05-15 14:36:58.079 25921 25944 I Unity   : [XR] [485728508272] [14:36:58.079][Info   ]   XR_FB_scene_capture: Version=1
05-15 14:36:58.079 25921 25944 I Unity   : [XR] [485728508272] [14:36:58.079][Info   ]   XR_FB_spatial_entity: Version=1
05-15 14:36:58.079 25921 25944 I Unity   : [XR] [485728508272] [14:36:58.079][Info   ]   XR_FB_spatial_entity_query: Version=1
05-15 14:36:58.079 25921 25944 I Unity   : [XR] [485728508272] [14:36:58.079][Info   ]   XR_FB_spatial_entity_storage: Version=1
05-15 14:36:58.079 25921 25944 I Unity   : [XR] [485728508272] [14:36:58.079][Info   ]   XR_FB_touch_controller_pro: Version=1
05-15 14:36:58.079 25921 25944 I Unity   : [XR] [485728508272] [14:36:58.079][Info   ]   XR_KHR_android_create_instance: Version=3
05-15 14:36:58.079 25921 25944 I Unity   : [XR] [485728508272] [14:36:58.079][Info   ]   XR_KHR_composition_layer_depth: Version=6
05-15 14:36:58.079 25921 25944 I Unity   : [XR] [485728508272] [14:36:58.079][Info   ]   XR_KHR_vulkan_enable2: Version=2
05-15 14:36:58.079 25921 25944 I Unity   : [XR] [485728508272] [14:36:58.079][Info   ]   XR_META_performance_metrics: Version=2
05-15 14:36:58.079 25921 25944 I Unity   : [XR] [485728508272] [14:36:58.079][Info   ] 
05-15 14:36:58.079 25921 25944 I Unity   : [XR] [485728508272] [14:36:58.079][Info   ] Available Reference Spaces: (3)
05-15 14:36:58.079 25921 25944 I Unity   : [XR] [485728508272] [14:36:58.079][Info   ]   XR_REFERENCE_SPACE_TYPE_LOCAL
05-15 14:36:58.079 25921 25944 I Unity   : [XR] [485728508272] [14:36:58.079][Info   ]   XR_REFERENCE_SPACE_TYPE_VIEW
05-15 14:36:58.079 25921 25944 I Unity   : [XR] [485728508272] [14:36:58.079][Info   ]   XR_REFERENCE_SPACE_TYPE_STAGE
05-15 14:36:58.079 25921 25944 I Unity   : [XR] [485728508272] [14:36:58.079][Info   ] 
05-15 14:36:58.079 25921 25944 I Unity   : [XR] [485728508272] [14:36:58.079][Info   ] Instance Id  : 0x3
05-15 14:36:58.079 25921 25944 I Unity   : [XR] [485728508272] [14:36:58.079][Info   ] System Id    : 0xcccc0001
05-15 14:36:58.079 25921 25944 I Unity   : [XR] [485728508272] [14:36:58.079][Info   ] Session Id   : 0x5
05-15 14:36:58.079 25921 25944 I Unity   : [XR] [485728508272] [14:36:58.079][Info   ] 
05-15 14:36:58.080 25921 25944 I Unity   : [XR] [485728508272] [14:36:58.080][Info   ] Available View Configuration Types: (1)
05-15 14:36:58.080 25921 25944 I Unity   : [XR] [485728508272] [14:36:58.080][Info   ]   XR_VIEW_CONFIGURATION_TYPE_PRIMARY_STEREO (Selected): FovMutable=True
05-15 14:36:58.080 25921 25944 I Unity   : [XR] [485728508272] [14:36:58.080][Info   ]     [0]: Recommended: Width=1680, Height=1760, SampleCount=1
05-15 14:36:58.080 25921 25944 I Unity   : [XR] [485728508272] [14:36:58.080][Info   ]     [0]:     Maximum: Width=8192, Height=8192, SampleCount=1
05-15 14:36:58.080 25921 25944 I Unity   : [XR] [485728508272] [14:36:58.080][Info   ]     [1]: Recommended: Width=1680, Height=1760, SampleCount=1
05-15 14:36:58.080 25921 25944 I Unity   : [XR] [485728508272] [14:36:58.080][Info   ]     [1]:     Maximum: Width=8192, Height=8192, SampleCount=1
05-15 14:36:58.080 25921 25944 I Unity   : [XR] [485728508272] [14:36:58.080][Info   ] 
05-15 14:36:58.080 25921 25944 I Unity   : [XR] [485728508272] [14:36:58.080][Info   ] Skip Present To Main Screen: Yes
05-15 14:36:58.080 25921 25944 I Unity   : [XR] [485728508272] [14:36:58.080][Info   ] 
05-15 14:36:58.080 25921 25944 I Unity   : [XR] [485728508272] [14:36:58.080][Info   ] Available Environment Blend Modes: (1)
05-15 14:36:58.080 25921 25944 I Unity   : [XR] [485728508272] [14:36:58.080][Info   ]   XR_ENVIRONMENT_BLEND_MODE_OPAQUE (Selected)
05-15 14:36:58.080 25921 25944 I Unity   : [XR] [485728508272] [14:36:58.080][Info   ] 
05-15 14:36:58.080 25921 25944 I Unity   : [XR] [485728508272] [14:36:58.080][Info   ] System Properties: Name="Oculus Headset1", VendorId=10291
05-15 14:36:58.080 25921 25944 I Unity   : [XR] [485728508272] [14:36:58.080][Info   ] System Graphics Properties: MaxWidth=8192, MaxHeight=8192, MaxLayers=32
05-15 14:36:58.080 25921 25944 I Unity   : [XR] [485728508272] [14:36:58.080][Info   ] System Tracking Properties: OrientationTracking=True, PositionTracking=True
05-15 14:36:58.080 25921 25944 I Unity   : [XR] [485728508272] [14:36:58.080][Info   ] 
05-15 14:36:58.080 25921 25944 I Unity   : [XR] [485728508272] [14:36:58.080][Info   ] ==== Vulkan ====
05-15 14:36:58.080 25921 25944 I Unity   : [XR] [485728508272] [14:36:58.080][Info   ] 
05-15 14:36:58.080 25921 25944 I Unity   : [XR] [485728508272] [14:36:58.080][Info   ] Depth Support Available: Yes
05-15 14:36:58.080 25921 25944 I Unity   : [XR] [485728508272] [14:36:58.080][Info   ] 
05-15 14:36:58.080 25921 25944 I Unity   : [XR] [485728508272] [14:36:58.080][Info   ] Enable: XR_KHR_vulkan_enable2
05-15 14:36:58.080 25921 25944 I Unity   : [XR] [485728508272] [14:36:58.080][Info   ] 
05-15 14:36:58.080 25921 25944 I Unity   : [XR] [485728508272] [14:36:58.080][Info   ] ==== OpenXR Input ====
05-15 14:36:58.080 25921 25944 I Unity   : [XR] [485728508272] [14:36:58.080][Info   ] 
05-15 14:36:58.080 25921 25944 I Unity   : [XR] [485728508272] [14:36:58.080][Info   ] Action Sets (2): 
05-15 14:36:58.080 25921 25944 I Unity   : [XR] [485728508272] [14:36:58.080][Info   ]   questprotouchcontroller: ActionCount=25
05-15 14:36:58.080 25921 25944 I Unity   : [XR] [485728508272] [14:36:58.080][Info   ]   oculustouchcontroller: ActionCount=17
05-15 14:36:58.080 25921 25944 I Unity   : [XR] [485728508272] [14:36:58.080][Info   ] 
05-15 14:36:58.080 25921 25944 I Unity   : [XR] [485728508272] [14:36:58.080][Info   ] 
05-15 14:36:58.080 25921 25944 I Unity   : [XR] [485728508272] [14:36:58.080][Info   ] ==== OpenXR Swapchain Details ====
05-15 14:36:58.080 25921 25944 I Unity   : [XR] [485728508272] [14:36:58.080][Info   ] 
05-15 14:36:58.080 25921 25944 I Unity   : [XR] [485728508272] [14:36:58.080][Info   ] Render Mode: Single Pass Instanced
05-15 14:36:58.080 25921 25944 I Unity   : [XR] [485728508272] [14:36:58.080][Info   ] Depth Submission Mode: None
05-15 14:36:58.080 25921 25944 I Unity   : [XR] [485728508272] [14:36:58.080][Info   ] 
05-15 14:36:58.080 25921 25944 I Unity   : [XR] [485728508272] [14:36:58.080][Info   ] Swapchain Formats:  22 29 [c:43] 9 16 37 10 17 38 15 70 77 91 71 78 92 74 81 95 75 82 96 76 83 97 100 2 8 147 149 151 148 150 152 153 155 154 156 157 159 161 163 165 167 169 171 173 175 177 179 181 183 158 160 162 164 166 168 170 172 174 176 178 180 182 184 124 125 126 129
05-15 14:36:58.080 25921 25944 I Unity   : [XR] [485728508272] [14:36:58.080][Info   ] Swapchain Views: (2)
05-15 14:36:58.080 25921 25944 I Unity   : [XR] [485728508272] [14:36:58.080][Info   ]   [0]: Width=1680, Height=1760, SampleCount=1
05-15 14:36:58.080 25921 25944 I Unity   : [XR] [485728508272] [14:36:58.080][Info   ] 
05-15 14:36:58.080 25921 25944 I Unity   : [XR] [485728508272] [14:36:58.080][Info   ] ==== Last 20 Events ====
05-15 14:36:58.080 25921 25944 I Unity   : [XR] [485728508272] [14:36:58.080][Info   ] XrEventDataSessionStateChanged: XR_SESSION_STATE_UNKNOWN->XR_SESSION_STATE_IDLE
05-15 14:36:58.080 25921 25944 I Unity   : [XR] [485728508272] [14:36:58.080][Info   ] XrEventDataSessionStateChanged: XR_SESSION_STATE_IDLE->XR_SESSION_STATE_READY
05-15 14:36:58.080 25921 25944 I Unity   : [XR] [485728508272] [14:36:58.080][Info   ] XrEventDataSessionStateChanged: XR_SESSION_STATE_READY->XR_SESSION_STATE_SYNCHRONIZED
05-15 14:36:58.080 25921 25944 I Unity   : [XR] [485728508272] [14:36:58.080][Info   ] XrEventDataSessionStateChanged: XR_SESSION_STATE_SYNCHRONIZED->XR_SESSION_STATE_VISIBLE
05-15 14:36:58.080 25921 25944 I Unity   : [XR] [485728508272] [14:36:58.080][Info   ] XrEventDataSessionStateChanged: XR_SESSION_STATE_VISIBLE->XR_SESSION_STATE_FOCUSED
05-15 14:36:58.080 25921 25944 I Unity   : [XR] [485728508272] [14:36:58.080][Info   ] 
05-15 14:36:58.080 25921 25944 I Unity   : 
05-15 14:36:58.080 25921 25944 I Unity   : ==== End Unity OpenXR Diagnostic Report ====
05-15 14:36:58.080 25921 25944 I Unity   : 
05-15 14:36:58.080 25921 25944 I Unity   : 
05-15 14:36:59.022 25921 26076 I VrApi   : FPS=1/72,Prd=0ms,Tear=1,Early=13,Stale=38,Stale2/5/10/max=0/0/1/647,VSnc=1,Lat=-1,Fov=0,CPU4/GPU=3/2,1651/456MHz,OC=3F,TA=0/0/0,SP=N/N/N,Mem=1555MHz,Free=1767MB,PLS=1,Temp=35.0C/0.0C,TW=0.84ms,App=0.00ms,GD=0.00ms,CPU&GPU=0.00ms,LCnt=2(DR42,LM2),GPU%=0.21,CPU%=0.29(W0.32),DSF=1.00,CFL=12.11/20.20,ICFLp95=19.69,LD=0,SF=0.00,LP=0,DVFS=0
05-15 14:36:59.528  2851  3218 I PerformanceManager_ZSF: perfmgr: SetClockLevels: Apply pending clock request change: 3,2 -> 2,2
05-15 14:37:00.000 25921 26076 I VrApi   : FPS=64/72,Prd=45ms,Tear=0,Early=0,Stale=0,Stale2/5/10/max=0/0/0/0,VSnc=1,Lat=-1,Fov=0,CPU4/GPU=2/2,1382/456MHz,OC=3F,TA=0/0/0,SP=N/N/N,Mem=1555MHz,Free=1767MB,PLS=1,Temp=35.0C/0.0C,TW=0.75ms,App=1.56ms,GD=0.00ms,CPU&GPU=5.13ms,LCnt=1(DR72,LM0),GPU%=0.21,CPU%=0.27(W0.30),DSF=1.00,CFL=14.15/18.92,ICFLp95=17.76,LD=0,SF=1.00,LP=0,DVFS=0
05-15 14:37:01.000 25921 26076 I VrApi   : FPS=72/72,Prd=42ms,Tear=0,Early=0,Stale=0,Stale2/5/10/max=0/0/0/0,VSnc=1,Lat=-1,Fov=0,CPU4/GPU=2/2,1382/456MHz,OC=3F,TA=0/0/0,SP=N/N/N,Mem=1555MHz,Free=1767MB,PLS=1,Temp=35.0C/0.0C,TW=0.77ms,App=1.80ms,GD=0.00ms,CPU&GPU=5.15ms,LCnt=1(DR72,LM0),GPU%=0.20,CPU%=0.31(W0.33),DSF=1.00,CFL=13.03/18.17,ICFLp95=16.66,LD=0,SF=1.00,LP=0,DVFS=0
05-15 14:37:02.000 25921 26076 I VrApi   : FPS=72/72,Prd=39ms,Tear=0,Early=0,Stale=0,Stale2/5/10/max=0/0/0/0,VSnc=1,Lat=-1,Fov=0,CPU4/GPU=2/2,1382/456MHz,OC=3F,TA=0/0/0,SP=N/N/N,Mem=1555MHz,Free=1767MB,PLS=1,Temp=35.0C/0.0C,TW=0.78ms,App=1.69ms,GD=0.00ms,CPU&GPU=4.69ms,LCnt=1(DR72,LM0),GPU%=0.19,CPU%=0.22(W0.32),DSF=1.00,CFL=12.51/16.98,ICFLp95=15.79,LD=0,SF=1.00,LP=0,DVFS=0
05-15 14:37:02.133 25921 25944 I Unity   : Successfully set refresh rate to 90 Hz.
05-15 14:37:02.133 25921 25944 I Unity   : RefreshRateSetter:SetHighestRefreshRate()
05-15 14:37:02.133 25921 25944 I Unity   : 
05-15 14:37:02.271 25921 25944 I Unity   : [XR] [485728508272] [14:37:02.271][Verbose] Ignoring event type 1000156103
05-15 14:37:02.272 25921 25944 I Unity   : [XR] [485728508272] [14:37:02.272][Verbose] Ignoring event type 1000156104
05-15 14:37:02.272 25921 25944 I Unity   : [XR] [485728508272] [14:37:02.272][Verbose] Ignoring event type 1000101000
05-15 14:37:02.274 25921 25944 I Unity   : [XR] [485728508272] [14:37:02.274][Verbose] Ignoring event type 1000113006
05-15 14:37:02.275 25921 25944 I Unity   : [XR] [485728508272] [14:37:02.275][Verbose] Ignoring event type 1000113006
05-15 14:37:02.275 25921 25944 I Unity   : [XR] [485728508272] [14:37:02.275][Verbose] Ignoring event type 1000113006
05-15 14:37:02.275 25921 25944 I Unity   : [XR] [485728508272] [14:37:02.275][Verbose] Ignoring event type 1000113006
05-15 14:37:02.275 25921 25944 I Unity   : [XR] [485728508272] [14:37:02.275][Verbose] Ignoring event type 1000113006
05-15 14:37:02.276 25921 25944 I Unity   : [XR] [485728508272] [14:37:02.276][Verbose] Ignoring event type 1000113006
05-15 14:37:02.276 25921 25944 I Unity   : [XR] [485728508272] [14:37:02.276][Verbose] Ignoring event type 1000113006
05-15 14:37:02.276 25921 25944 I Unity   : [XR] [485728508272] [14:37:02.276][Verbose] Ignoring event type 1000113006
05-15 14:37:02.293  2851  3218 I PerformanceManager_ZSF: perfmgr: SetClockLevels: Apply pending clock request change: 2,2 -> 3,2
05-15 14:37:02.298 25921 25944 I Unity   : [XR] [485728508272] [14:37:02.298][Verbose] Ignoring event type 1000156103
05-15 14:37:02.298 25921 25944 I Unity   : [XR] [485728508272] [14:37:02.298][Verbose] Ignoring event type 1000156104
05-15 14:37:02.324 25921 25944 I Unity   : [XR] [485728508272] [14:37:02.324][Verbose] Ignoring event type 1000156103
05-15 14:37:02.324 25921 25944 I Unity   : [XR] [485728508272] [14:37:02.324][Verbose] Ignoring event type 1000156104
05-15 14:37:02.346 25921 25944 I Unity   : [XR] [485728508272] [14:37:02.346][Verbose] Ignoring event type 1000156103
05-15 14:37:02.347 25921 25944 I Unity   : [XR] [485728508272] [14:37:02.346][Verbose] Ignoring event type 1000156104
05-15 14:37:02.378 25921 25944 I Unity   : [XR] [485728508272] [14:37:02.378][Verbose] Ignoring event type 1000156103
05-15 14:37:02.379 25921 25944 I Unity   : [XR] [485728508272] [14:37:02.378][Verbose] Ignoring event type 1000156104
05-15 14:37:02.412 25921 25944 I Unity   : [XR] [485728508272] [14:37:02.412][Verbose] Ignoring event type 1000156103
05-15 14:37:02.412 25921 25944 I Unity   : [XR] [485728508272] [14:37:02.412][Verbose] Ignoring event type 1000156104
05-15 14:37:02.435 25921 25944 I Unity   : [XR] [485728508272] [14:37:02.435][Verbose] Ignoring event type 1000156103
