05-15 14:43:39.892 25921 25944 I Unity   : Starting test run 3 for none with passthrough False
05-15 14:43:39.892 25921 25944 I Unity   : <ExecuteTests>d__48:MoveNext()
05-15 14:43:39.892 25921 25944 I Unity   : UnityEngine.SetupCoroutine:InvokeMoveNext(IEnumerator, IntPtr)
05-15 14:43:39.892 25921 25944 I Unity   : 
05-15 14:43:39.893 25921 25944 I Unity   : Recording starting none-False-2024-05-15_14-43-39
05-15 14:43:39.893 25921 25944 I Unity   : <ExecuteTest>d__49:MoveNext()
05-15 14:43:39.893 25921 25944 I Unity   : UnityEngine.SetupCoroutine:InvokeMoveNext(IEnumerator, IntPtr)
05-15 14:43:39.893 25921 25944 I Unity   : 
05-15 14:43:39.893 25921 25944 I Unity   : Starting recording!
05-15 14:43:39.893 25921 25944 I Unity   : AutomatedTest:StartRecording()
05-15 14:43:39.893 25921 25944 I Unity   : <ExecuteTest>d__49:MoveNext()
05-15 14:43:39.893 25921 25944 I Unity   : UnityEngine.SetupCoroutine:InvokeMoveNext(IEnumerator, IntPtr)
05-15 14:43:39.893 25921 25944 I Unity   : 
05-15 14:43:39.905 25921 25944 I Unity   : [XR] [485728508272] [14:43:39.905][Verbose] Ignoring event type 1000156103
05-15 14:43:39.905 25921 25944 I Unity   : [XR] [485728508272] [14:43:39.905][Verbose] Ignoring event type 1000156104
05-15 14:43:39.936 25921 25944 I Unity   : [XR] [485728508272] [14:43:39.936][Verbose] Ignoring event type 1000156103
05-15 14:43:39.936 25921 25944 I Unity   : [XR] [485728508272] [14:43:39.936][Verbose] Ignoring event type 1000156104
05-15 14:43:39.970 25921 25944 I Unity   : [XR] [485728508272] [14:43:39.970][Verbose] Ignoring event type 1000156103
05-15 14:43:39.970 25921 25944 I Unity   : [XR] [485728508272] [14:43:39.970][Verbose] Ignoring event type 1000156104
05-15 14:43:40.004 25921 25944 I Unity   : [XR] [485728508272] [14:43:40.004][Verbose] Ignoring event type 1000156103
05-15 14:43:40.004 25921 25944 I Unity   : [XR] [485728508272] [14:43:40.004][Verbose] Ignoring event type 1000156104
05-15 14:43:40.024 25921 25944 I Unity   : [XR] [485728508272] [14:43:40.024][Verbose] Ignoring event type 1000156103
05-15 14:43:40.024 25921 25944 I Unity   : [XR] [485728508272] [14:43:40.024][Verbose] Ignoring event type 1000156104
05-15 14:43:40.059 25921 25944 I Unity   : [XR] [485728508272] [14:43:40.059][Verbose] Ignoring event type 1000156103
05-15 14:43:40.059 25921 25944 I Unity   : [XR] [485728508272] [14:43:40.059][Verbose] Ignoring event type 1000156104
05-15 14:43:40.068 25921 26076 I VrApi   : FPS=91/90,Prd=39ms,Tear=0,Early=29,Stale=0,Stale2/5/10/max=0/0/0/0,VSnc=1,Lat=-1,Fov=0,CPU4/GPU=3/2,1651/456MHz,OC=3F,TA=0/0/0,SP=N/N/N,Mem=2736MHz,Free=957MB,PLS=1,Temp=42.0C/0.0C,TW=1.39ms,App=4.37ms,GD=0.00ms,CPU&GPU=8.56ms,LCnt=2(DR90,LM2),GPU%=0.56,CPU%=0.67(W0.71),DSF=1.01,CFL=11.65/15.92,ICFLp95=14.70,LD=0,SF=1.00,LP=0,DVFS=0
05-15 14:43:40.092 25921 25944 I Unity   : [XR] [485728508272] [14:43:40.092][Verbose] Ignoring event type 1000156103
05-15 14:43:40.092 25921 25944 I Unity   : [XR] [485728508272] [14:43:40.092][Verbose] Ignoring event type 1000156104
05-15 14:43:40.125 25921 25944 I Unity   : [XR] [485728508272] [14:43:40.125][Verbose] Ignoring event type 1000156103
05-15 14:43:40.125 25921 25944 I Unity   : [XR] [485728508272] [14:43:40.125][Verbose] Ignoring event type 1000156104
05-15 14:43:40.159 25921 25944 I Unity   : [XR] [485728508272] [14:43:40.159][Verbose] Ignoring event type 1000156103
05-15 14:43:40.159 25921 25944 I Unity   : [XR] [485728508272] [14:43:40.159][Verbose] Ignoring event type 1000156104
05-15 14:43:40.190 25921 25944 I Unity   : [XR] [485728508272] [14:43:40.190][Verbose] Ignoring event type 1000156103
05-15 14:43:40.190 25921 25944 I Unity   : [XR] [485728508272] [14:43:40.190][Verbose] Ignoring event type 1000156104
05-15 14:43:40.214 25921 25944 I Unity   : [XR] [485728508272] [14:43:40.214][Verbose] Ignoring event type 1000156103
05-15 14:43:40.214 25921 25944 I Unity   : [XR] [485728508272] [14:43:40.214][Verbose] Ignoring event type 1000156104
05-15 14:43:40.248 25921 25944 I Unity   : [XR] [485728508272] [14:43:40.247][Verbose] Ignoring event type 1000156103
05-15 14:43:40.248 25921 25944 I Unity   : [XR] [485728508272] [14:43:40.248][Verbose] Ignoring event type 1000156104
05-15 14:43:40.280 25921 25944 I Unity   : [XR] [485728508272] [14:43:40.280][Verbose] Ignoring event type 1000156103
05-15 14:43:40.280 25921 25944 I Unity   : [XR] [485728508272] [14:43:40.280][Verbose] Ignoring event type 1000156104
05-15 14:43:40.303 25921 25944 I Unity   : [XR] [485728508272] [14:43:40.303][Verbose] Ignoring event type 1000156103
05-15 14:43:40.304 25921 25944 I Unity   : [XR] [485728508272] [14:43:40.304][Verbose] Ignoring event type 1000156104
05-15 14:43:40.336 25921 25944 I Unity   : [XR] [485728508272] [14:43:40.336][Verbose] Ignoring event type 1000156103
05-15 14:43:40.336 25921 25944 I Unity   : [XR] [485728508272] [14:43:40.336][Verbose] Ignoring event type 1000156104
05-15 14:43:40.370 25921 25944 I Unity   : [XR] [485728508272] [14:43:40.370][Verbose] Ignoring event type 1000156103
05-15 14:43:40.370 25921 25944 I Unity   : [XR] [485728508272] [14:43:40.370][Verbose] Ignoring event type 1000156104
05-15 14:43:40.414 25921 25944 I Unity   : [XR] [485728508272] [14:43:40.414][Verbose] Ignoring event type 1000156103
05-15 14:43:40.414 25921 25944 I Unity   : [XR] [485728508272] [14:43:40.414][Verbose] Ignoring event type 1000156104
05-15 14:43:40.448 25921 25944 I Unity   : [XR] [485728508272] [14:43:40.448][Verbose] Ignoring event type 1000156103
05-15 14:43:40.448 25921 25944 I Unity   : [XR] [485728508272] [14:43:40.448][Verbose] Ignoring event type 1000156104
05-15 14:43:40.480 25921 25944 I Unity   : [XR] [485728508272] [14:43:40.480][Verbose] Ignoring event type 1000156103
05-15 14:43:40.481 25921 25944 I Unity   : [XR] [485728508272] [14:43:40.481][Verbose] Ignoring event type 1000156104
05-15 14:43:40.515 25921 25944 I Unity   : [XR] [485728508272] [14:43:40.515][Verbose] Ignoring event type 1000156103
05-15 14:43:40.515 25921 25944 I Unity   : [XR] [485728508272] [14:43:40.515][Verbose] Ignoring event type 1000156104
05-15 14:43:40.547 25921 25944 I Unity   : [XR] [485728508272] [14:43:40.547][Verbose] Ignoring event type 1000156103
05-15 14:43:40.547 25921 25944 I Unity   : [XR] [485728508272] [14:43:40.547][Verbose] Ignoring event type 1000156104
05-15 14:43:40.580 25921 25944 I Unity   : [XR] [485728508272] [14:43:40.580][Verbose] Ignoring event type 1000156103
05-15 14:43:40.580 25921 25944 I Unity   : [XR] [485728508272] [14:43:40.580][Verbose] Ignoring event type 1000156104
05-15 14:43:40.614 25921 25944 I Unity   : [XR] [485728508272] [14:43:40.614][Verbose] Ignoring event type 1000156103
05-15 14:43:40.614 25921 25944 I Unity   : [XR] [485728508272] [14:43:40.614][Verbose] Ignoring event type 1000156104
05-15 14:43:40.648 25921 25944 I Unity   : [XR] [485728508272] [14:43:40.648][Verbose] Ignoring event type 1000156103
05-15 14:43:40.648 25921 25944 I Unity   : [XR] [485728508272] [14:43:40.648][Verbose] Ignoring event type 1000156104
05-15 14:43:40.682 25921 25944 I Unity   : [XR] [485728508272] [14:43:40.682][Verbose] Ignoring event type 1000156103
05-15 14:43:40.682 25921 25944 I Unity   : [XR] [485728508272] [14:43:40.682][Verbose] Ignoring event type 1000156104
05-15 14:43:40.714 25921 25944 I Unity   : [XR] [485728508272] [14:43:40.714][Verbose] Ignoring event type 1000156103
05-15 14:43:40.714 25921 25944 I Unity   : [XR] [485728508272] [14:43:40.714][Verbose] Ignoring event type 1000156104
05-15 14:43:40.747 25921 25944 I Unity   : [XR] [485728508272] [14:43:40.747][Verbose] Ignoring event type 1000156103
05-15 14:43:40.747 25921 25944 I Unity   : [XR] [485728508272] [14:43:40.747][Verbose] Ignoring event type 1000156104
05-15 14:43:40.780 25921 25944 I Unity   : [XR] [485728508272] [14:43:40.780][Verbose] Ignoring event type 1000156103
05-15 14:43:40.780 25921 25944 I Unity   : [XR] [485728508272] [14:43:40.780][Verbose] Ignoring event type 1000156104
05-15 14:43:40.814 25921 25944 I Unity   : [XR] [485728508272] [14:43:40.814][Verbose] Ignoring event type 1000156103
05-15 14:43:40.815 25921 25944 I Unity   : [XR] [485728508272] [14:43:40.815][Verbose] Ignoring event type 1000156104
05-15 14:43:40.846 25921 25944 I Unity   : [XR] [485728508272] [14:43:40.846][Verbose] Ignoring event type 1000156103
05-15 14:43:40.846 25921 25944 I Unity   : [XR] [485728508272] [14:43:40.846][Verbose] Ignoring event type 1000156104
05-15 14:43:40.870 25921 25944 I Unity   : [XR] [485728508272] [14:43:40.870][Verbose] Ignoring event type 1000156103
05-15 14:43:40.870 25921 25944 I Unity   : [XR] [485728508272] [14:43:40.870][Verbose] Ignoring event type 1000156104
05-15 14:43:40.903 25921 25944 I Unity   : [XR] [485728508272] [14:43:40.903][Verbose] Ignoring event type 1000156103
05-15 14:43:40.903 25921 25944 I Unity   : [XR] [485728508272] [14:43:40.903][Verbose] Ignoring event type 1000156104
05-15 14:43:40.937 25921 25944 I Unity   : [XR] [485728508272] [14:43:40.937][Verbose] Ignoring event type 1000156103
05-15 14:43:40.937 25921 25944 I Unity   : [XR] [485728508272] [14:43:40.937][Verbose] Ignoring event type 1000156104
05-15 14:43:40.970 25921 25944 I Unity   : [XR] [485728508272] [14:43:40.970][Verbose] Ignoring event type 1000156103
05-15 14:43:40.970 25921 25944 I Unity   : [XR] [485728508272] [14:43:40.970][Verbose] Ignoring event type 1000156104
05-15 14:43:41.004 25921 25944 I Unity   : [XR] [485728508272] [14:43:41.004][Verbose] Ignoring event type 1000156103
05-15 14:43:41.004 25921 25944 I Unity   : [XR] [485728508272] [14:43:41.004][Verbose] Ignoring event type 1000156104
05-15 14:43:41.025 25921 25944 I Unity   : [XR] [485728508272] [14:43:41.025][Verbose] Ignoring event type 1000156103
05-15 14:43:41.025 25921 25944 I Unity   : [XR] [485728508272] [14:43:41.025][Verbose] Ignoring event type 1000156104
05-15 14:43:41.056 25921 25944 I Unity   : [XR] [485728508272] [14:43:41.056][Verbose] Ignoring event type 1000156103
05-15 14:43:41.056 25921 25944 I Unity   : [XR] [485728508272] [14:43:41.056][Verbose] Ignoring event type 1000156104
05-15 14:43:41.068 25921 26076 I VrApi   : FPS=91/90,Prd=40ms,Tear=0,Early=27,Stale=0,Stale2/5/10/max=0/0/0/0,VSnc=1,Lat=-1,Fov=0,CPU4/GPU=3/2,1651/456MHz,OC=3F,TA=0/0/0,SP=N/N/N,Mem=2736MHz,Free=957MB,PLS=1,Temp=42.0C/0.0C,TW=1.39ms,App=4.45ms,GD=0.00ms,CPU&GPU=8.39ms,LCnt=2(DR90,LM2),GPU%=0.56,CPU%=0.73(W0.74),DSF=1.01,CFL=11.40/15.96,ICFLp95=14.66,LD=0,SF=1.00,LP=0,DVFS=0
05-15 14:43:41.092 25921 25944 I Unity   : [XR] [485728508272] [14:43:41.092][Verbose] Ignoring event type 1000156103
05-15 14:43:41.092 25921 25944 I Unity   : [XR] [485728508272] [14:43:41.092][Verbose] Ignoring event type 1000156104
05-15 14:43:41.124 25921 25944 I Unity   : [XR] [485728508272] [14:43:41.124][Verbose] Ignoring event type 1000156103
05-15 14:43:41.124 25921 25944 I Unity   : [XR] [485728508272] [14:43:41.124][Verbose] Ignoring event type 1000156104
05-15 14:43:41.157 25921 25944 I Unity   : [XR] [485728508272] [14:43:41.157][Verbose] Ignoring event type 1000156103
05-15 14:43:41.157 25921 25944 I Unity   : [XR] [485728508272] [14:43:41.157][Verbose] Ignoring event type 1000156104
05-15 14:43:41.182 25921 25944 I Unity   : [XR] [485728508272] [14:43:41.182][Verbose] Ignoring event type 1000156103
05-15 14:43:41.182 25921 25944 I Unity   : [XR] [485728508272] [14:43:41.182][Verbose] Ignoring event type 1000156104
05-15 14:43:41.214 25921 25944 I Unity   : [XR] [485728508272] [14:43:41.214][Verbose] Ignoring event type 1000156103
05-15 14:43:41.214 25921 25944 I Unity   : [XR] [485728508272] [14:43:41.214][Verbose] Ignoring event type 1000156104
05-15 14:43:41.246 25921 25944 I Unity   : [XR] [485728508272] [14:43:41.246][Verbose] Ignoring event type 1000156103
05-15 14:43:41.246 25921 25944 I Unity   : [XR] [485728508272] [14:43:41.246][Verbose] Ignoring event type 1000156104
05-15 14:43:41.270 25921 25944 I Unity   : [XR] [485728508272] [14:43:41.270][Verbose] Ignoring event type 1000156103
05-15 14:43:41.270 25921 25944 I Unity   : [XR] [485728508272] [14:43:41.270][Verbose] Ignoring event type 1000156104
05-15 14:43:41.301 25921 25944 I Unity   : [XR] [485728508272] [14:43:41.301][Verbose] Ignoring event type 1000156103
05-15 14:43:41.301 25921 25944 I Unity   : [XR] [485728508272] [14:43:41.301][Verbose] Ignoring event type 1000156104
05-15 14:43:41.337 25921 25944 I Unity   : [XR] [485728508272] [14:43:41.337][Verbose] Ignoring event type 1000156103
05-15 14:43:41.337 25921 25944 I Unity   : [XR] [485728508272] [14:43:41.337][Verbose] Ignoring event type 1000156104
05-15 14:43:41.370 25921 25944 I Unity   : [XR] [485728508272] [14:43:41.370][Verbose] Ignoring event type 1000156103
05-15 14:43:41.370 25921 25944 I Unity   : [XR] [485728508272] [14:43:41.370][Verbose] Ignoring event type 1000156104
05-15 14:43:41.403 25921 25944 I Unity   : [XR] [485728508272] [14:43:41.403][Verbose] Ignoring event type 1000156103
05-15 14:43:41.403 25921 25944 I Unity   : [XR] [485728508272] [14:43:41.403][Verbose] Ignoring event type 1000156104
05-15 14:43:41.437 25921 25944 I Unity   : [XR] [485728508272] [14:43:41.437][Verbose] Ignoring event type 1000156103
05-15 14:43:41.437 25921 25944 I Unity   : [XR] [485728508272] [14:43:41.437][Verbose] Ignoring event type 1000156104
05-15 14:43:41.469 25921 25944 I Unity   : [XR] [485728508272] [14:43:41.469][Verbose] Ignoring event type 1000156103
05-15 14:43:41.469 25921 25944 I Unity   : [XR] [485728508272] [14:43:41.469][Verbose] Ignoring event type 1000156104
05-15 14:43:41.501 25921 25944 I Unity   : [XR] [485728508272] [14:43:41.501][Verbose] Ignoring event type 1000156103
05-15 14:43:41.501 25921 25944 I Unity   : [XR] [485728508272] [14:43:41.501][Verbose] Ignoring event type 1000156104
05-15 14:43:41.536 25921 25944 I Unity   : [XR] [485728508272] [14:43:41.536][Verbose] Ignoring event type 1000156103
05-15 14:43:41.537 25921 25944 I Unity   : [XR] [485728508272] [14:43:41.537][Verbose] Ignoring event type 1000156104
05-15 14:43:41.580 25921 25944 I Unity   : [XR] [485728508272] [14:43:41.580][Verbose] Ignoring event type 1000156103
05-15 14:43:41.580 25921 25944 I Unity   : [XR] [485728508272] [14:43:41.580][Verbose] Ignoring event type 1000156104
05-15 14:43:41.612 25921 25944 I Unity   : [XR] [485728508272] [14:43:41.612][Verbose] Ignoring event type 1000156103
05-15 14:43:41.612 25921 25944 I Unity   : [XR] [485728508272] [14:43:41.612][Verbose] Ignoring event type 1000156104
05-15 14:43:41.636 25921 25944 I Unity   : [XR] [485728508272] [14:43:41.636][Verbose] Ignoring event type 1000156103
05-15 14:43:41.636 25921 25944 I Unity   : [XR] [485728508272] [14:43:41.636][Verbose] Ignoring event type 1000156104
05-15 14:43:41.670 25921 25944 I Unity   : [XR] [485728508272] [14:43:41.669][Verbose] Ignoring event type 1000156103
05-15 14:43:41.670 25921 25944 I Unity   : [XR] [485728508272] [14:43:41.670][Verbose] Ignoring event type 1000156104
05-15 14:43:41.701 25921 25944 I Unity   : [XR] [485728508272] [14:43:41.701][Verbose] Ignoring event type 1000156103
05-15 14:43:41.701 25921 25944 I Unity   : [XR] [485728508272] [14:43:41.701][Verbose] Ignoring event type 1000156104
05-15 14:43:41.736 25921 25944 I Unity   : [XR] [485728508272] [14:43:41.736][Verbose] Ignoring event type 1000156103
05-15 14:43:41.736 25921 25944 I Unity   : [XR] [485728508272] [14:43:41.736][Verbose] Ignoring event type 1000156104
05-15 14:43:41.770 25921 25944 I Unity   : [XR] [485728508272] [14:43:41.770][Verbose] Ignoring event type 1000156103
05-15 14:43:41.770 25921 25944 I Unity   : [XR] [485728508272] [14:43:41.770][Verbose] Ignoring event type 1000156104
05-15 14:43:41.802 25921 25944 I Unity   : [XR] [485728508272] [14:43:41.802][Verbose] Ignoring event type 1000156103
05-15 14:43:41.803 25921 25944 I Unity   : [XR] [485728508272] [14:43:41.803][Verbose] Ignoring event type 1000156104
05-15 14:43:41.825 25921 25944 I Unity   : [XR] [485728508272] [14:43:41.825][Verbose] Ignoring event type 1000156103
05-15 14:43:41.825 25921 25944 I Unity   : [XR] [485728508272] [14:43:41.825][Verbose] Ignoring event type 1000156104
05-15 14:43:41.859 25921 25944 I Unity   : [XR] [485728508272] [14:43:41.859][Verbose] Ignoring event type 1000156103
05-15 14:43:41.859 25921 25944 I Unity   : [XR] [485728508272] [14:43:41.859][Verbose] Ignoring event type 1000156104
05-15 14:43:41.891 25921 25944 I Unity   : [XR] [485728508272] [14:43:41.891][Verbose] Ignoring event type 1000156103
05-15 14:43:41.891 25921 25944 I Unity   : [XR] [485728508272] [14:43:41.891][Verbose] Ignoring event type 1000156104
05-15 14:43:41.924 25921 25944 I Unity   : [XR] [485728508272] [14:43:41.924][Verbose] Ignoring event type 1000156103
05-15 14:43:41.924 25921 25944 I Unity   : [XR] [485728508272] [14:43:41.924][Verbose] Ignoring event type 1000156104
05-15 14:43:41.947 25921 25944 I Unity   : [XR] [485728508272] [14:43:41.947][Verbose] Ignoring event type 1000156103
05-15 14:43:41.948 25921 25944 I Unity   : [XR] [485728508272] [14:43:41.948][Verbose] Ignoring event type 1000156104
05-15 14:43:41.979 25921 25944 I Unity   : [XR] [485728508272] [14:43:41.979][Verbose] Ignoring event type 1000156103
05-15 14:43:41.979 25921 25944 I Unity   : [XR] [485728508272] [14:43:41.979][Verbose] Ignoring event type 1000156104
05-15 14:43:42.004 25921 25944 I Unity   : [XR] [485728508272] [14:43:42.004][Verbose] Ignoring event type 1000156103
05-15 14:43:42.004 25921 25944 I Unity   : [XR] [485728508272] [14:43:42.004][Verbose] Ignoring event type 1000156104
05-15 14:43:42.036 25921 25944 I Unity   : [XR] [485728508272] [14:43:42.036][Verbose] Ignoring event type 1000156103
05-15 14:43:42.036 25921 25944 I Unity   : [XR] [485728508272] [14:43:42.036][Verbose] Ignoring event type 1000156104
05-15 14:43:42.068 25921 26076 I VrApi   : FPS=91/90,Prd=40ms,Tear=0,Early=25,Stale=0,Stale2/5/10/max=0/0/0/0,VSnc=1,Lat=-1,Fov=0,CPU4/GPU=3/2,1651/456MHz,OC=3F,TA=0/0/0,SP=N/N/N,Mem=2736MHz,Free=957MB,PLS=1,Temp=42.0C/0.0C,TW=1.40ms,App=4.42ms,GD=0.00ms,CPU&GPU=8.64ms,LCnt=2(DR91,LM2),GPU%=0.55,CPU%=0.76(W0.82),DSF=1.01,CFL=11.31/16.07,ICFLp95=14.62,LD=0,SF=1.00,LP=0,DVFS=0
05-15 14:43:42.070 25921 25944 I Unity   : [XR] [485728508272] [14:43:42.070][Verbose] Ignoring event type 1000156103
05-15 14:43:42.070 25921 25944 I Unity   : [XR] [485728508272] [14:43:42.070][Verbose] Ignoring event type 1000156104
05-15 14:43:42.101 25921 25944 I Unity   : [XR] [485728508272] [14:43:42.101][Verbose] Ignoring event type 1000156103
05-15 14:43:42.101 25921 25944 I Unity   : [XR] [485728508272] [14:43:42.101][Verbose] Ignoring event type 1000156104
05-15 14:43:42.137 25921 25944 I Unity   : [XR] [485728508272] [14:43:42.137][Verbose] Ignoring event type 1000156103
05-15 14:43:42.137 25921 25944 I Unity   : [XR] [485728508272] [14:43:42.137][Verbose] Ignoring event type 1000156104
05-15 14:43:42.170 25921 25944 I Unity   : [XR] [485728508272] [14:43:42.170][Verbose] Ignoring event type 1000156103
05-15 14:43:42.170 25921 25944 I Unity   : [XR] [485728508272] [14:43:42.170][Verbose] Ignoring event type 1000156104
05-15 14:43:42.204 25921 25944 I Unity   : [XR] [485728508272] [14:43:42.204][Verbose] Ignoring event type 1000156103
05-15 14:43:42.204 25921 25944 I Unity   : [XR] [485728508272] [14:43:42.204][Verbose] Ignoring event type 1000156104
05-15 14:43:42.236 25921 25944 I Unity   : [XR] [485728508272] [14:43:42.236][Verbose] Ignoring event type 1000156103
05-15 14:43:42.236 25921 25944 I Unity   : [XR] [485728508272] [14:43:42.236][Verbose] Ignoring event type 1000156104
05-15 14:43:42.268 25921 25944 I Unity   : [XR] [485728508272] [14:43:42.268][Verbose] Ignoring event type 1000156103
05-15 14:43:42.268 25921 25944 I Unity   : [XR] [485728508272] [14:43:42.268][Verbose] Ignoring event type 1000156104
05-15 14:43:42.292 25921 25944 I Unity   : [XR] [485728508272] [14:43:42.292][Verbose] Ignoring event type 1000156103
05-15 14:43:42.292 25921 25944 I Unity   : [XR] [485728508272] [14:43:42.292][Verbose] Ignoring event type 1000156104
05-15 14:43:42.324 25921 25944 I Unity   : [XR] [485728508272] [14:43:42.324][Verbose] Ignoring event type 1000156103
05-15 14:43:42.324 25921 25944 I Unity   : [XR] [485728508272] [14:43:42.324][Verbose] Ignoring event type 1000156104
05-15 14:43:42.347 25921 25944 I Unity   : [XR] [485728508272] [14:43:42.347][Verbose] Ignoring event type 1000156103
05-15 14:43:42.347 25921 25944 I Unity   : [XR] [485728508272] [14:43:42.347][Verbose] Ignoring event type 1000156104
05-15 14:43:42.380 25921 25944 I Unity   : [XR] [485728508272] [14:43:42.380][Verbose] Ignoring event type 1000156103
05-15 14:43:42.380 25921 25944 I Unity   : [XR] [485728508272] [14:43:42.380][Verbose] Ignoring event type 1000156104
05-15 14:43:42.416 25921 25944 I Unity   : [XR] [485728508272] [14:43:42.416][Verbose] Ignoring event type 1000156103
05-15 14:43:42.416 25921 25944 I Unity   : [XR] [485728508272] [14:43:42.416][Verbose] Ignoring event type 1000156104
05-15 14:43:42.447 25921 25944 I Unity   : [XR] [485728508272] [14:43:42.447][Verbose] Ignoring event type 1000156103
05-15 14:43:42.447 25921 25944 I Unity   : [XR] [485728508272] [14:43:42.447][Verbose] Ignoring event type 1000156104
05-15 14:43:42.482 25921 25944 I Unity   : [XR] [485728508272] [14:43:42.482][Verbose] Ignoring event type 1000156103
05-15 14:43:42.482 25921 25944 I Unity   : [XR] [485728508272] [14:43:42.482][Verbose] Ignoring event type 1000156104
05-15 14:43:42.514 25921 25944 I Unity   : [XR] [485728508272] [14:43:42.514][Verbose] Ignoring event type 1000156103
05-15 14:43:42.514 25921 25944 I Unity   : [XR] [485728508272] [14:43:42.514][Verbose] Ignoring event type 1000156104
05-15 14:43:42.547 25921 25944 I Unity   : [XR] [485728508272] [14:43:42.547][Verbose] Ignoring event type 1000156103
05-15 14:43:42.548 25921 25944 I Unity   : [XR] [485728508272] [14:43:42.548][Verbose] Ignoring event type 1000156104
05-15 14:43:42.581 25921 25944 I Unity   : [XR] [485728508272] [14:43:42.581][Verbose] Ignoring event type 1000156103
05-15 14:43:42.581 25921 25944 I Unity   : [XR] [485728508272] [14:43:42.581][Verbose] Ignoring event type 1000156104
05-15 14:43:42.614 25921 25944 I Unity   : [XR] [485728508272] [14:43:42.614][Verbose] Ignoring event type 1000156103
05-15 14:43:42.614 25921 25944 I Unity   : [XR] [485728508272] [14:43:42.614][Verbose] Ignoring event type 1000156104
05-15 14:43:42.647 25921 25944 I Unity   : [XR] [485728508272] [14:43:42.647][Verbose] Ignoring event type 1000156103
05-15 14:43:42.647 25921 25944 I Unity   : [XR] [485728508272] [14:43:42.647][Verbose] Ignoring event type 1000156104
05-15 14:43:42.680 25921 25944 I Unity   : [XR] [485728508272] [14:43:42.680][Verbose] Ignoring event type 1000156103
05-15 14:43:42.680 25921 25944 I Unity   : [XR] [485728508272] [14:43:42.680][Verbose] Ignoring event type 1000156104
05-15 14:43:42.715 25921 25944 I Unity   : [XR] [485728508272] [14:43:42.715][Verbose] Ignoring event type 1000156103
05-15 14:43:42.715 25921 25944 I Unity   : [XR] [485728508272] [14:43:42.715][Verbose] Ignoring event type 1000156104
05-15 14:43:42.747 25921 25944 I Unity   : [XR] [485728508272] [14:43:42.747][Verbose] Ignoring event type 1000156103
05-15 14:43:42.747 25921 25944 I Unity   : [XR] [485728508272] [14:43:42.747][Verbose] Ignoring event type 1000156104
05-15 14:43:42.781 25921 25944 I Unity   : [XR] [485728508272] [14:43:42.781][Verbose] Ignoring event type 1000156103
05-15 14:43:42.781 25921 25944 I Unity   : [XR] [485728508272] [14:43:42.781][Verbose] Ignoring event type 1000156104
05-15 14:43:42.814 25921 25944 I Unity   : [XR] [485728508272] [14:43:42.814][Verbose] Ignoring event type 1000156103
05-15 14:43:42.814 25921 25944 I Unity   : [XR] [485728508272] [14:43:42.814][Verbose] Ignoring event type 1000156104
05-15 14:43:42.848 25921 25944 I Unity   : [XR] [485728508272] [14:43:42.848][Verbose] Ignoring event type 1000156103
05-15 14:43:42.848 25921 25944 I Unity   : [XR] [485728508272] [14:43:42.848][Verbose] Ignoring event type 1000156104
05-15 14:43:42.881 25921 25944 I Unity   : [XR] [485728508272] [14:43:42.881][Verbose] Ignoring event type 1000156103
05-15 14:43:42.881 25921 25944 I Unity   : [XR] [485728508272] [14:43:42.881][Verbose] Ignoring event type 1000156104
05-15 14:43:42.915 25921 25944 I Unity   : [XR] [485728508272] [14:43:42.915][Verbose] Ignoring event type 1000156103
05-15 14:43:42.915 25921 25944 I Unity   : [XR] [485728508272] [14:43:42.915][Verbose] Ignoring event type 1000156104
05-15 14:43:42.948 25921 25944 I Unity   : [XR] [485728508272] [14:43:42.948][Verbose] Ignoring event type 1000156103
05-15 14:43:42.948 25921 25944 I Unity   : [XR] [485728508272] [14:43:42.948][Verbose] Ignoring event type 1000156104
05-15 14:43:42.981 25921 25944 I Unity   : [XR] [485728508272] [14:43:42.980][Verbose] Ignoring event type 1000156103
05-15 14:43:42.981 25921 25944 I Unity   : [XR] [485728508272] [14:43:42.981][Verbose] Ignoring event type 1000156104
05-15 14:43:43.014 25921 25944 I Unity   : [XR] [485728508272] [14:43:43.014][Verbose] Ignoring event type 1000156103
05-15 14:43:43.014 25921 25944 I Unity   : [XR] [485728508272] [14:43:43.014][Verbose] Ignoring event type 1000156104
05-15 14:43:43.046 25921 25944 I Unity   : [XR] [485728508272] [14:43:43.046][Verbose] Ignoring event type 1000156103
05-15 14:43:43.046 25921 25944 I Unity   : [XR] [485728508272] [14:43:43.046][Verbose] Ignoring event type 1000156104
05-15 14:43:43.068 25921 26076 I VrApi   : FPS=90/90,Prd=40ms,Tear=0,Early=24,Stale=0,Stale2/5/10/max=0/0/0/0,VSnc=1,Lat=-1,Fov=0,CPU4/GPU=3/2,1651/456MHz,OC=3F,TA=0/0/0,SP=N/N/N,Mem=2736MHz,Free=957MB,PLS=1,Temp=42.0C/0.0C,TW=1.40ms,App=3.98ms,GD=0.00ms,CPU&GPU=8.72ms,LCnt=2(DR91,LM2),GPU%=0.52,CPU%=0.74(W0.81),DSF=1.01,CFL=11.23/16.64,ICFLp95=14.72,LD=0,SF=1.00,LP=0,DVFS=0
05-15 14:43:43.071 25921 25944 I Unity   : [XR] [485728508272] [14:43:43.071][Verbose] Ignoring event type 1000156103
05-15 14:43:43.071 25921 25944 I Unity   : [XR] [485728508272] [14:43:43.071][Verbose] Ignoring event type 1000156104
05-15 14:43:43.103 25921 25944 I Unity   : [XR] [485728508272] [14:43:43.103][Verbose] Ignoring event type 1000156103
05-15 14:43:43.103 25921 25944 I Unity   : [XR] [485728508272] [14:43:43.103][Verbose] Ignoring event type 1000156104
05-15 14:43:43.137 25921 25944 I Unity   : [XR] [485728508272] [14:43:43.137][Verbose] Ignoring event type 1000156103
05-15 14:43:43.137 25921 25944 I Unity   : [XR] [485728508272] [14:43:43.137][Verbose] Ignoring event type 1000156104
05-15 14:43:43.171 25921 25944 I Unity   : [XR] [485728508272] [14:43:43.171][Verbose] Ignoring event type 1000156103
05-15 14:43:43.171 25921 25944 I Unity   : [XR] [485728508272] [14:43:43.171][Verbose] Ignoring event type 1000156104
05-15 14:43:43.203 25921 25944 I Unity   : [XR] [485728508272] [14:43:43.203][Verbose] Ignoring event type 1000156103
05-15 14:43:43.203 25921 25944 I Unity   : [XR] [485728508272] [14:43:43.203][Verbose] Ignoring event type 1000156104
05-15 14:43:43.237 25921 25944 I Unity   : [XR] [485728508272] [14:43:43.237][Verbose] Ignoring event type 1000156103
05-15 14:43:43.237 25921 25944 I Unity   : [XR] [485728508272] [14:43:43.237][Verbose] Ignoring event type 1000156104
05-15 14:43:43.270 25921 25944 I Unity   : [XR] [485728508272] [14:43:43.270][Verbose] Ignoring event type 1000156103
05-15 14:43:43.270 25921 25944 I Unity   : [XR] [485728508272] [14:43:43.270][Verbose] Ignoring event type 1000156104
05-15 14:43:43.303 25921 25944 I Unity   : [XR] [485728508272] [14:43:43.303][Verbose] Ignoring event type 1000156103
05-15 14:43:43.303 25921 25944 I Unity   : [XR] [485728508272] [14:43:43.303][Verbose] Ignoring event type 1000156104
05-15 14:43:43.337 25921 25944 I Unity   : [XR] [485728508272] [14:43:43.337][Verbose] Ignoring event type 1000156103
05-15 14:43:43.337 25921 25944 I Unity   : [XR] [485728508272] [14:43:43.337][Verbose] Ignoring event type 1000156104
05-15 14:43:43.368 25921 25944 I Unity   : [XR] [485728508272] [14:43:43.368][Verbose] Ignoring event type 1000156103
05-15 14:43:43.368 25921 25944 I Unity   : [XR] [485728508272] [14:43:43.368][Verbose] Ignoring event type 1000156104
05-15 14:43:43.393 25921 25944 I Unity   : [XR] [485728508272] [14:43:43.392][Verbose] Ignoring event type 1000156103
05-15 14:43:43.393 25921 25944 I Unity   : [XR] [485728508272] [14:43:43.393][Verbose] Ignoring event type 1000156104
05-15 14:43:43.425 25921 25944 I Unity   : [XR] [485728508272] [14:43:43.425][Verbose] Ignoring event type 1000156103
05-15 14:43:43.425 25921 25944 I Unity   : [XR] [485728508272] [14:43:43.425][Verbose] Ignoring event type 1000156104
05-15 14:43:43.458 25921 25944 I Unity   : [XR] [485728508272] [14:43:43.458][Verbose] Ignoring event type 1000156103
05-15 14:43:43.459 25921 25944 I Unity   : [XR] [485728508272] [14:43:43.459][Verbose] Ignoring event type 1000156104
05-15 14:43:43.491 25921 25944 I Unity   : [XR] [485728508272] [14:43:43.491][Verbose] Ignoring event type 1000156103
05-15 14:43:43.491 25921 25944 I Unity   : [XR] [485728508272] [14:43:43.491][Verbose] Ignoring event type 1000156104
05-15 14:43:43.525 25921 25944 I Unity   : [XR] [485728508272] [14:43:43.525][Verbose] Ignoring event type 1000156103
05-15 14:43:43.525 25921 25944 I Unity   : [XR] [485728508272] [14:43:43.525][Verbose] Ignoring event type 1000156104
05-15 14:43:43.547 25921 25944 I Unity   : [XR] [485728508272] [14:43:43.547][Verbose] Ignoring event type 1000156103
05-15 14:43:43.547 25921 25944 I Unity   : [XR] [485728508272] [14:43:43.547][Verbose] Ignoring event type 1000156104
05-15 14:43:43.580 25921 25944 I Unity   : [XR] [485728508272] [14:43:43.580][Verbose] Ignoring event type 1000156103
05-15 14:43:43.580 25921 25944 I Unity   : [XR] [485728508272] [14:43:43.580][Verbose] Ignoring event type 1000156104
05-15 14:43:43.614 25921 25944 I Unity   : [XR] [485728508272] [14:43:43.614][Verbose] Ignoring event type 1000156103
05-15 14:43:43.614 25921 25944 I Unity   : [XR] [485728508272] [14:43:43.614][Verbose] Ignoring event type 1000156104
05-15 14:43:43.647 25921 25944 I Unity   : [XR] [485728508272] [14:43:43.647][Verbose] Ignoring event type 1000156103
05-15 14:43:43.647 25921 25944 I Unity   : [XR] [485728508272] [14:43:43.647][Verbose] Ignoring event type 1000156104
05-15 14:43:43.681 25921 25944 I Unity   : [XR] [485728508272] [14:43:43.681][Verbose] Ignoring event type 1000156103
05-15 14:43:43.681 25921 25944 I Unity   : [XR] [485728508272] [14:43:43.681][Verbose] Ignoring event type 1000156104
05-15 14:43:43.713 25921 25944 I Unity   : [XR] [485728508272] [14:43:43.713][Verbose] Ignoring event type 1000156103
05-15 14:43:43.713 25921 25944 I Unity   : [XR] [485728508272] [14:43:43.713][Verbose] Ignoring event type 1000156104
05-15 14:43:43.737 25921 25944 I Unity   : [XR] [485728508272] [14:43:43.737][Verbose] Ignoring event type 1000156103
05-15 14:43:43.737 25921 25944 I Unity   : [XR] [485728508272] [14:43:43.737][Verbose] Ignoring event type 1000156104
05-15 14:43:43.770 25921 25944 I Unity   : [XR] [485728508272] [14:43:43.770][Verbose] Ignoring event type 1000156103
05-15 14:43:43.770 25921 25944 I Unity   : [XR] [485728508272] [14:43:43.770][Verbose] Ignoring event type 1000156104
05-15 14:43:43.802 25921 25944 I Unity   : [XR] [485728508272] [14:43:43.802][Verbose] Ignoring event type 1000156103
05-15 14:43:43.802 25921 25944 I Unity   : [XR] [485728508272] [14:43:43.802][Verbose] Ignoring event type 1000156104
05-15 14:43:43.835 25921 25944 I Unity   : [XR] [485728508272] [14:43:43.835][Verbose] Ignoring event type 1000156103
05-15 14:43:43.835 25921 25944 I Unity   : [XR] [485728508272] [14:43:43.835][Verbose] Ignoring event type 1000156104
05-15 14:43:43.859 25921 25944 I Unity   : [XR] [485728508272] [14:43:43.859][Verbose] Ignoring event type 1000156103
05-15 14:43:43.859 25921 25944 I Unity   : [XR] [485728508272] [14:43:43.859][Verbose] Ignoring event type 1000156104
05-15 14:43:43.891 25921 25944 I Unity   : [XR] [485728508272] [14:43:43.891][Verbose] Ignoring event type 1000156103
05-15 14:43:43.892 25921 25944 I Unity   : [XR] [485728508272] [14:43:43.892][Verbose] Ignoring event type 1000156104
05-15 14:43:43.925 25921 25944 I Unity   : [XR] [485728508272] [14:43:43.925][Verbose] Ignoring event type 1000156103
05-15 14:43:43.925 25921 25944 I Unity   : [XR] [485728508272] [14:43:43.925][Verbose] Ignoring event type 1000156104
05-15 14:43:43.958 25921 25944 I Unity   : [XR] [485728508272] [14:43:43.958][Verbose] Ignoring event type 1000156103
05-15 14:43:43.958 25921 25944 I Unity   : [XR] [485728508272] [14:43:43.958][Verbose] Ignoring event type 1000156104
05-15 14:43:43.980 25921 25944 I Unity   : [XR] [485728508272] [14:43:43.980][Verbose] Ignoring event type 1000156103
05-15 14:43:43.980 25921 25944 I Unity   : [XR] [485728508272] [14:43:43.980][Verbose] Ignoring event type 1000156104
05-15 14:43:44.013 25921 25944 I Unity   : [XR] [485728508272] [14:43:44.013][Verbose] Ignoring event type 1000156103
05-15 14:43:44.013 25921 25944 I Unity   : [XR] [485728508272] [14:43:44.013][Verbose] Ignoring event type 1000156104
05-15 14:43:44.047 25921 25944 I Unity   : [XR] [485728508272] [14:43:44.047][Verbose] Ignoring event type 1000156103
05-15 14:43:44.047 25921 25944 I Unity   : [XR] [485728508272] [14:43:44.047][Verbose] Ignoring event type 1000156104
05-15 14:43:44.068 25921 26076 I VrApi   : FPS=91/90,Prd=39ms,Tear=0,Early=17,Stale=0,Stale2/5/10/max=0/0/0/0,VSnc=1,Lat=-1,Fov=0,CPU4/GPU=3/2,1651/456MHz,OC=3F,TA=0/0/0,SP=N/N/N,Mem=2736MHz,Free=957MB,PLS=1,Temp=42.0C/0.0C,TW=1.42ms,App=4.81ms,GD=0.00ms,CPU&GPU=8.13ms,LCnt=2(DR90,LM2),GPU%=0.56,CPU%=0.71(W0.74),DSF=1.01,CFL=11.52/16.20,ICFLp95=14.80,LD=0,SF=1.00,LP=0,DVFS=0
05-15 14:43:44.078 25921 25944 I Unity   : [XR] [485728508272] [14:43:44.078][Verbose] Ignoring event type 1000156103
05-15 14:43:44.078 25921 25944 I Unity   : [XR] [485728508272] [14:43:44.078][Verbose] Ignoring event type 1000156104
05-15 14:43:44.103 25921 25944 I Unity   : [XR] [485728508272] [14:43:44.103][Verbose] Ignoring event type 1000156103
05-15 14:43:44.103 25921 25944 I Unity   : [XR] [485728508272] [14:43:44.103][Verbose] Ignoring event type 1000156104
05-15 14:43:44.136 25921 25944 I Unity   : [XR] [485728508272] [14:43:44.136][Verbose] Ignoring event type 1000156103
05-15 14:43:44.136 25921 25944 I Unity   : [XR] [485728508272] [14:43:44.136][Verbose] Ignoring event type 1000156104
05-15 14:43:44.169 25921 25944 I Unity   : [XR] [485728508272] [14:43:44.169][Verbose] Ignoring event type 1000156103
05-15 14:43:44.169 25921 25944 I Unity   : [XR] [485728508272] [14:43:44.169][Verbose] Ignoring event type 1000156104
05-15 14:43:44.202 25921 25944 I Unity   : [XR] [485728508272] [14:43:44.202][Verbose] Ignoring event type 1000156103
05-15 14:43:44.203 25921 25944 I Unity   : [XR] [485728508272] [14:43:44.203][Verbose] Ignoring event type 1000156104
05-15 14:43:44.235 25921 25944 I Unity   : [XR] [485728508272] [14:43:44.235][Verbose] Ignoring event type 1000156103
05-15 14:43:44.235 25921 25944 I Unity   : [XR] [485728508272] [14:43:44.235][Verbose] Ignoring event type 1000156104
05-15 14:43:44.259 25921 25944 I Unity   : [XR] [485728508272] [14:43:44.259][Verbose] Ignoring event type 1000156103
05-15 14:43:44.259 25921 25944 I Unity   : [XR] [485728508272] [14:43:44.259][Verbose] Ignoring event type 1000156104
05-15 14:43:44.292 25921 25944 I Unity   : [XR] [485728508272] [14:43:44.292][Verbose] Ignoring event type 1000156103
05-15 14:43:44.292 25921 25944 I Unity   : [XR] [485728508272] [14:43:44.292][Verbose] Ignoring event type 1000156104
05-15 14:43:44.337 25921 25944 I Unity   : [XR] [485728508272] [14:43:44.337][Verbose] Ignoring event type 1000156103
05-15 14:43:44.337 25921 25944 I Unity   : [XR] [485728508272] [14:43:44.337][Verbose] Ignoring event type 1000156104
05-15 14:43:44.370 25921 25944 I Unity   : [XR] [485728508272] [14:43:44.370][Verbose] Ignoring event type 1000156103
05-15 14:43:44.370 25921 25944 I Unity   : [XR] [485728508272] [14:43:44.370][Verbose] Ignoring event type 1000156104
05-15 14:43:44.403 25921 25944 I Unity   : [XR] [485728508272] [14:43:44.403][Verbose] Ignoring event type 1000156103
05-15 14:43:44.403 25921 25944 I Unity   : [XR] [485728508272] [14:43:44.403][Verbose] Ignoring event type 1000156104
05-15 14:43:44.436 25921 25944 I Unity   : [XR] [485728508272] [14:43:44.436][Verbose] Ignoring event type 1000156103
05-15 14:43:44.436 25921 25944 I Unity   : [XR] [485728508272] [14:43:44.436][Verbose] Ignoring event type 1000156104
05-15 14:43:44.469 25921 25944 I Unity   : [XR] [485728508272] [14:43:44.469][Verbose] Ignoring event type 1000156103
05-15 14:43:44.469 25921 25944 I Unity   : [XR] [485728508272] [14:43:44.469][Verbose] Ignoring event type 1000156104
05-15 14:43:44.503 25921 25944 I Unity   : [XR] [485728508272] [14:43:44.503][Verbose] Ignoring event type 1000156103
05-15 14:43:44.503 25921 25944 I Unity   : [XR] [485728508272] [14:43:44.503][Verbose] Ignoring event type 1000156104
05-15 14:43:44.534 25921 25944 I Unity   : [XR] [485728508272] [14:43:44.534][Verbose] Ignoring event type 1000156103
05-15 14:43:44.534 25921 25944 I Unity   : [XR] [485728508272] [14:43:44.534][Verbose] Ignoring event type 1000156104
05-15 14:43:44.570 25921 25944 I Unity   : [XR] [485728508272] [14:43:44.570][Verbose] Ignoring event type 1000156103
05-15 14:43:44.570 25921 25944 I Unity   : [XR] [485728508272] [14:43:44.570][Verbose] Ignoring event type 1000156104
05-15 14:43:44.603 25921 25944 I Unity   : [XR] [485728508272] [14:43:44.603][Verbose] Ignoring event type 1000156103
05-15 14:43:44.603 25921 25944 I Unity   : [XR] [485728508272] [14:43:44.603][Verbose] Ignoring event type 1000156104
05-15 14:43:44.636 25921 25944 I Unity   : [XR] [485728508272] [14:43:44.636][Verbose] Ignoring event type 1000156103
05-15 14:43:44.636 25921 25944 I Unity   : [XR] [485728508272] [14:43:44.636][Verbose] Ignoring event type 1000156104
05-15 14:43:44.668 25921 25944 I Unity   : [XR] [485728508272] [14:43:44.668][Verbose] Ignoring event type 1000156103
05-15 14:43:44.668 25921 25944 I Unity   : [XR] [485728508272] [14:43:44.668][Verbose] Ignoring event type 1000156104
05-15 14:43:44.702 25921 25944 I Unity   : [XR] [485728508272] [14:43:44.702][Verbose] Ignoring event type 1000156103
05-15 14:43:44.702 25921 25944 I Unity   : [XR] [485728508272] [14:43:44.702][Verbose] Ignoring event type 1000156104
05-15 14:43:44.737 25921 25944 I Unity   : [XR] [485728508272] [14:43:44.737][Verbose] Ignoring event type 1000156103
05-15 14:43:44.737 25921 25944 I Unity   : [XR] [485728508272] [14:43:44.737][Verbose] Ignoring event type 1000156104
05-15 14:43:44.769 25921 25944 I Unity   : [XR] [485728508272] [14:43:44.769][Verbose] Ignoring event type 1000156103
05-15 14:43:44.769 25921 25944 I Unity   : [XR] [485728508272] [14:43:44.769][Verbose] Ignoring event type 1000156104
05-15 14:43:44.803 25921 25944 I Unity   : [XR] [485728508272] [14:43:44.803][Verbose] Ignoring event type 1000156103
05-15 14:43:44.803 25921 25944 I Unity   : [XR] [485728508272] [14:43:44.803][Verbose] Ignoring event type 1000156104
05-15 14:43:44.825 25921 25944 I Unity   : [XR] [485728508272] [14:43:44.825][Verbose] Ignoring event type 1000156103
05-15 14:43:44.825 25921 25944 I Unity   : [XR] [485728508272] [14:43:44.825][Verbose] Ignoring event type 1000156104
05-15 14:43:44.858 25921 25944 I Unity   : [XR] [485728508272] [14:43:44.858][Verbose] Ignoring event type 1000156103
05-15 14:43:44.858 25921 25944 I Unity   : [XR] [485728508272] [14:43:44.858][Verbose] Ignoring event type 1000156104
05-15 14:43:44.891 25921 25944 I Unity   : [XR] [485728508272] [14:43:44.891][Verbose] Ignoring event type 1000156103
05-15 14:43:44.891 25921 25944 I Unity   : [XR] [485728508272] [14:43:44.891][Verbose] Ignoring event type 1000156104
05-15 14:43:44.924 25921 25944 I Unity   : [XR] [485728508272] [14:43:44.924][Verbose] Ignoring event type 1000156103
05-15 14:43:44.925 25921 25944 I Unity   : [XR] [485728508272] [14:43:44.925][Verbose] Ignoring event type 1000156104
05-15 14:43:44.958 25921 25944 I Unity   : [XR] [485728508272] [14:43:44.958][Verbose] Ignoring event type 1000156103
05-15 14:43:44.958 25921 25944 I Unity   : [XR] [485728508272] [14:43:44.958][Verbose] Ignoring event type 1000156104
05-15 14:43:44.992 25921 25944 I Unity   : [XR] [485728508272] [14:43:44.992][Verbose] Ignoring event type 1000156103
05-15 14:43:44.992 25921 25944 I Unity   : [XR] [485728508272] [14:43:44.992][Verbose] Ignoring event type 1000156104
05-15 14:43:45.025 25921 25944 I Unity   : [XR] [485728508272] [14:43:45.025][Verbose] Ignoring event type 1000156103
05-15 14:43:45.025 25921 25944 I Unity   : [XR] [485728508272] [14:43:45.025][Verbose] Ignoring event type 1000156104
05-15 14:43:45.057 25921 25944 I Unity   : [XR] [485728508272] [14:43:45.057][Verbose] Ignoring event type 1000156103
05-15 14:43:45.057 25921 25944 I Unity   : [XR] [485728508272] [14:43:45.057][Verbose] Ignoring event type 1000156104
05-15 14:43:45.068 25921 26076 I VrApi   : FPS=90/90,Prd=40ms,Tear=0,Early=21,Stale=0,Stale2/5/10/max=0/0/0/0,VSnc=1,Lat=-1,Fov=0,CPU4/GPU=3/2,1651/456MHz,OC=3F,TA=0/0/0,SP=N/N/N,Mem=2736MHz,Free=957MB,PLS=1,Temp=42.0C/0.0C,TW=1.37ms,App=4.85ms,GD=0.00ms,CPU&GPU=8.91ms,LCnt=2(DR91,LM2),GPU%=0.56,CPU%=0.72(W0.90),DSF=1.01,CFL=11.44/16.29,ICFLp95=14.82,LD=0,SF=1.00,LP=0,DVFS=0
05-15 14:43:45.081 25921 25944 I Unity   : [XR] [485728508272] [14:43:45.081][Verbose] Ignoring event type 1000156103
05-15 14:43:45.081 25921 25944 I Unity   : [XR] [485728508272] [14:43:45.081][Verbose] Ignoring event type 1000156104
05-15 14:43:45.114 25921 25944 I Unity   : [XR] [485728508272] [14:43:45.114][Verbose] Ignoring event type 1000156103
05-15 14:43:45.114 25921 25944 I Unity   : [XR] [485728508272] [14:43:45.114][Verbose] Ignoring event type 1000156104
05-15 14:43:45.147 25921 25944 I Unity   : [XR] [485728508272] [14:43:45.147][Verbose] Ignoring event type 1000156103
05-15 14:43:45.147 25921 25944 I Unity   : [XR] [485728508272] [14:43:45.147][Verbose] Ignoring event type 1000156104
05-15 14:43:45.178 25921 25944 I Unity   : [XR] [485728508272] [14:43:45.178][Verbose] Ignoring event type 1000156103
05-15 14:43:45.178 25921 25944 I Unity   : [XR] [485728508272] [14:43:45.178][Verbose] Ignoring event type 1000156104
05-15 14:43:45.214 25921 25944 I Unity   : [XR] [485728508272] [14:43:45.214][Verbose] Ignoring event type 1000156103
05-15 14:43:45.214 25921 25944 I Unity   : [XR] [485728508272] [14:43:45.214][Verbose] Ignoring event type 1000156104
05-15 14:43:45.248 25921 25944 I Unity   : [XR] [485728508272] [14:43:45.248][Verbose] Ignoring event type 1000156103
05-15 14:43:45.248 25921 25944 I Unity   : [XR] [485728508272] [14:43:45.248][Verbose] Ignoring event type 1000156104
05-15 14:43:45.281 25921 25944 I Unity   : [XR] [485728508272] [14:43:45.281][Verbose] Ignoring event type 1000156103
05-15 14:43:45.281 25921 25944 I Unity   : [XR] [485728508272] [14:43:45.281][Verbose] Ignoring event type 1000156104
05-15 14:43:45.314 25921 25944 I Unity   : [XR] [485728508272] [14:43:45.314][Verbose] Ignoring event type 1000156103
05-15 14:43:45.314 25921 25944 I Unity   : [XR] [485728508272] [14:43:45.314][Verbose] Ignoring event type 1000156104
05-15 14:43:45.347 25921 25944 I Unity   : [XR] [485728508272] [14:43:45.347][Verbose] Ignoring event type 1000156103
05-15 14:43:45.347 25921 25944 I Unity   : [XR] [485728508272] [14:43:45.347][Verbose] Ignoring event type 1000156104
05-15 14:43:45.380 25921 25944 I Unity   : [XR] [485728508272] [14:43:45.380][Verbose] Ignoring event type 1000156103
05-15 14:43:45.380 25921 25944 I Unity   : [XR] [485728508272] [14:43:45.380][Verbose] Ignoring event type 1000156104
05-15 14:43:45.414 25921 25944 I Unity   : [XR] [485728508272] [14:43:45.414][Verbose] Ignoring event type 1000156103
05-15 14:43:45.415 25921 25944 I Unity   : [XR] [485728508272] [14:43:45.415][Verbose] Ignoring event type 1000156104
05-15 14:43:45.447 25921 25944 I Unity   : [XR] [485728508272] [14:43:45.447][Verbose] Ignoring event type 1000156103
05-15 14:43:45.447 25921 25944 I Unity   : [XR] [485728508272] [14:43:45.447][Verbose] Ignoring event type 1000156104
05-15 14:43:45.469 25921 25944 I Unity   : [XR] [485728508272] [14:43:45.469][Verbose] Ignoring event type 1000156103
05-15 14:43:45.469 25921 25944 I Unity   : [XR] [485728508272] [14:43:45.469][Verbose] Ignoring event type 1000156104
05-15 14:43:45.502 25921 25944 I Unity   : [XR] [485728508272] [14:43:45.502][Verbose] Ignoring event type 1000156103
05-15 14:43:45.502 25921 25944 I Unity   : [XR] [485728508272] [14:43:45.502][Verbose] Ignoring event type 1000156104
05-15 14:43:45.536 25921 25944 I Unity   : [XR] [485728508272] [14:43:45.536][Verbose] Ignoring event type 1000156103
05-15 14:43:45.536 25921 25944 I Unity   : [XR] [485728508272] [14:43:45.536][Verbose] Ignoring event type 1000156104
05-15 14:43:45.569 25921 25944 I Unity   : [XR] [485728508272] [14:43:45.569][Verbose] Ignoring event type 1000156103
05-15 14:43:45.569 25921 25944 I Unity   : [XR] [485728508272] [14:43:45.569][Verbose] Ignoring event type 1000156104
05-15 14:43:45.602 25921 25944 I Unity   : [XR] [485728508272] [14:43:45.602][Verbose] Ignoring event type 1000156103
05-15 14:43:45.602 25921 25944 I Unity   : [XR] [485728508272] [14:43:45.602][Verbose] Ignoring event type 1000156104
05-15 14:43:45.635 25921 25944 I Unity   : [XR] [485728508272] [14:43:45.635][Verbose] Ignoring event type 1000156103
05-15 14:43:45.635 25921 25944 I Unity   : [XR] [485728508272] [14:43:45.635][Verbose] Ignoring event type 1000156104
05-15 14:43:45.658 25921 25944 I Unity   : [XR] [485728508272] [14:43:45.658][Verbose] Ignoring event type 1000156103
05-15 14:43:45.658 25921 25944 I Unity   : [XR] [485728508272] [14:43:45.658][Verbose] Ignoring event type 1000156104
05-15 14:43:45.691 25921 25944 I Unity   : [XR] [485728508272] [14:43:45.691][Verbose] Ignoring event type 1000156103
05-15 14:43:45.691 25921 25944 I Unity   : [XR] [485728508272] [14:43:45.691][Verbose] Ignoring event type 1000156104
05-15 14:43:45.725 25921 25944 I Unity   : [XR] [485728508272] [14:43:45.725][Verbose] Ignoring event type 1000156103
05-15 14:43:45.725 25921 25944 I Unity   : [XR] [485728508272] [14:43:45.725][Verbose] Ignoring event type 1000156104
05-15 14:43:45.745 25921 25944 I Unity   : [XR] [485728508272] [14:43:45.745][Verbose] Ignoring event type 1000156103
05-15 14:43:45.745 25921 25944 I Unity   : [XR] [485728508272] [14:43:45.745][Verbose] Ignoring event type 1000156104
05-15 14:43:45.781 25921 25944 I Unity   : [XR] [485728508272] [14:43:45.781][Verbose] Ignoring event type 1000156103
05-15 14:43:45.781 25921 25944 I Unity   : [XR] [485728508272] [14:43:45.781][Verbose] Ignoring event type 1000156104
05-15 14:43:45.814 25921 25944 I Unity   : [XR] [485728508272] [14:43:45.814][Verbose] Ignoring event type 1000156103
05-15 14:43:45.814 25921 25944 I Unity   : [XR] [485728508272] [14:43:45.814][Verbose] Ignoring event type 1000156104
05-15 14:43:45.847 25921 25944 I Unity   : [XR] [485728508272] [14:43:45.847][Verbose] Ignoring event type 1000156103
05-15 14:43:45.847 25921 25944 I Unity   : [XR] [485728508272] [14:43:45.847][Verbose] Ignoring event type 1000156104
05-15 14:43:45.878 25921 25944 I Unity   : [XR] [485728508272] [14:43:45.878][Verbose] Ignoring event type 1000156103
05-15 14:43:45.878 25921 25944 I Unity   : [XR] [485728508272] [14:43:45.878][Verbose] Ignoring event type 1000156104
05-15 14:43:45.903 25921 25944 I Unity   : [XR] [485728508272] [14:43:45.903][Verbose] Ignoring event type 1000156103
05-15 14:43:45.903 25921 25944 I Unity   : [XR] [485728508272] [14:43:45.903][Verbose] Ignoring event type 1000156104
05-15 14:43:45.936 25921 25944 I Unity   : [XR] [485728508272] [14:43:45.935][Verbose] Ignoring event type 1000156103
05-15 14:43:45.936 25921 25944 I Unity   : [XR] [485728508272] [14:43:45.936][Verbose] Ignoring event type 1000156104
05-15 14:43:45.969 25921 25944 I Unity   : [XR] [485728508272] [14:43:45.969][Verbose] Ignoring event type 1000156103
05-15 14:43:45.969 25921 25944 I Unity   : [XR] [485728508272] [14:43:45.969][Verbose] Ignoring event type 1000156104
05-15 14:43:45.990 25921 25944 I Unity   : [XR] [485728508272] [14:43:45.990][Verbose] Ignoring event type 1000156103
05-15 14:43:45.990 25921 25944 I Unity   : [XR] [485728508272] [14:43:45.990][Verbose] Ignoring event type 1000156104
05-15 14:43:46.012 25921 25944 I Unity   : [XR] [485728508272] [14:43:46.012][Verbose] Ignoring event type 1000156103
05-15 14:43:46.012 25921 25944 I Unity   : [XR] [485728508272] [14:43:46.012][Verbose] Ignoring event type 1000156104
05-15 14:43:46.046 25921 25944 I Unity   : [XR] [485728508272] [14:43:46.046][Verbose] Ignoring event type 1000156103
05-15 14:43:46.046 25921 25944 I Unity   : [XR] [485728508272] [14:43:46.046][Verbose] Ignoring event type 1000156104
05-15 14:43:46.068 25921 25944 I Unity   : [XR] [485728508272] [14:43:46.068][Verbose] Ignoring event type 1000156103
05-15 14:43:46.068 25921 25944 I Unity   : [XR] [485728508272] [14:43:46.068][Verbose] Ignoring event type 1000156104
05-15 14:43:46.069 25921 26076 I VrApi   : FPS=91/90,Prd=40ms,Tear=0,Early=28,Stale=0,Stale2/5/10/max=0/0/0/0,VSnc=1,Lat=-1,Fov=0,CPU4/GPU=3/2,1651/456MHz,OC=3F,TA=0/0/0,SP=N/N/N,Mem=2736MHz,Free=957MB,PLS=1,Temp=42.0C/0.0C,TW=1.35ms,App=4.77ms,GD=0.00ms,CPU&GPU=9.56ms,LCnt=2(DR91,LM2),GPU%=0.58,CPU%=0.76(W0.87),DSF=1.01,CFL=11.85/16.42,ICFLp95=14.97,LD=0,SF=1.00,LP=0,DVFS=0
05-15 14:43:46.102 25921 25944 I Unity   : [XR] [485728508272] [14:43:46.102][Verbose] Ignoring event type 1000156103
05-15 14:43:46.102 25921 25944 I Unity   : [XR] [485728508272] [14:43:46.102][Verbose] Ignoring event type 1000156104
