05-15 14:45:03.922 25921 25944 I Unity   : Starting test run 3 for none with passthrough True
05-15 14:45:03.922 25921 25944 I Unity   : <ExecuteTests>d__48:MoveNext()
05-15 14:45:03.922 25921 25944 I Unity   : UnityEngine.SetupCoroutine:InvokeMoveNext(IEnumerator, IntPtr)
05-15 14:45:03.922 25921 25944 I Unity   : 
05-15 14:45:03.923 25921 25944 I Unity   : Recording starting none-True-2024-05-15_14-45-03
05-15 14:45:03.923 25921 25944 I Unity   : <ExecuteTest>d__49:MoveNext()
05-15 14:45:03.923 25921 25944 I Unity   : UnityEngine.SetupCoroutine:InvokeMoveNext(IEnumerator, IntPtr)
05-15 14:45:03.923 25921 25944 I Unity   : 
05-15 14:45:03.924 25921 25944 I Unity   : Starting recording!
05-15 14:45:03.924 25921 25944 I Unity   : AutomatedTest:StartRecording()
05-15 14:45:03.924 25921 25944 I Unity   : <ExecuteTest>d__49:MoveNext()
05-15 14:45:03.924 25921 25944 I Unity   : UnityEngine.SetupCoroutine:InvokeMoveNext(IEnumerator, IntPtr)
05-15 14:45:03.924 25921 25944 I Unity   : 
05-15 14:45:03.938 25921 25944 I Unity   : [XR] [485728508272] [14:45:03.938][Verbose] Ignoring event type 1000156103
05-15 14:45:03.938 25921 25944 I Unity   : [XR] [485728508272] [14:45:03.938][Verbose] Ignoring event type 1000156104
05-15 14:45:03.971 25921 25944 I Unity   : [XR] [485728508272] [14:45:03.971][Verbose] Ignoring event type 1000156103
05-15 14:45:03.971 25921 25944 I Unity   : [XR] [485728508272] [14:45:03.971][Verbose] Ignoring event type 1000156104
05-15 14:45:04.016 25921 25944 I Unity   : [XR] [485728508272] [14:45:04.016][Verbose] Ignoring event type 1000156103
05-15 14:45:04.016 25921 25944 I Unity   : [XR] [485728508272] [14:45:04.016][Verbose] Ignoring event type 1000156104
05-15 14:45:04.049 25921 25944 I Unity   : [XR] [485728508272] [14:45:04.049][Verbose] Ignoring event type 1000156103
05-15 14:45:04.049 25921 25944 I Unity   : [XR] [485728508272] [14:45:04.049][Verbose] Ignoring event type 1000156104
05-15 14:45:04.082 25921 25944 I Unity   : [XR] [485728508272] [14:45:04.082][Verbose] Ignoring event type 1000156103
05-15 14:45:04.083 25921 25944 I Unity   : [XR] [485728508272] [14:45:04.083][Verbose] Ignoring event type 1000156104
05-15 14:45:04.087 25921 26076 I VrApi   : FPS=91/90,Prd=38ms,Tear=1,Early=29,Stale=0,Stale2/5/10/max=0/0/0/0,VSnc=1,Lat=-1,Fov=0,CPU4/GPU=3/2,1651/456MHz,OC=3F,TA=0/0/0,SP=N/N/N,Mem=2736MHz,Free=870MB,PLS=1,Temp=43.0C/0.0C,TW=1.36ms,App=3.22ms,GD=0.00ms,CPU&GPU=7.92ms,LCnt=2(DR91,LM2),GPU%=0.44,CPU%=0.68(W0.70),DSF=1.01,CFL=11.64/16.14,ICFLp95=14.69,LD=0,SF=1.00,LP=0,DVFS=0
05-15 14:45:04.116 25921 25944 I Unity   : [XR] [485728508272] [14:45:04.116][Verbose] Ignoring event type 1000156103
05-15 14:45:04.116 25921 25944 I Unity   : [XR] [485728508272] [14:45:04.116][Verbose] Ignoring event type 1000156104
05-15 14:45:04.147 25921 25944 I Unity   : [XR] [485728508272] [14:45:04.147][Verbose] Ignoring event type 1000156103
05-15 14:45:04.147 25921 25944 I Unity   : [XR] [485728508272] [14:45:04.147][Verbose] Ignoring event type 1000156104
05-15 14:45:04.172 25921 25944 I Unity   : [XR] [485728508272] [14:45:04.172][Verbose] Ignoring event type 1000156103
05-15 14:45:04.172 25921 25944 I Unity   : [XR] [485728508272] [14:45:04.172][Verbose] Ignoring event type 1000156104
05-15 14:45:04.204 25921 25944 I Unity   : [XR] [485728508272] [14:45:04.204][Verbose] Ignoring event type 1000156103
05-15 14:45:04.204 25921 25944 I Unity   : [XR] [485728508272] [14:45:04.204][Verbose] Ignoring event type 1000156104
05-15 14:45:04.237 25921 25944 I Unity   : [XR] [485728508272] [14:45:04.237][Verbose] Ignoring event type 1000156103
05-15 14:45:04.237 25921 25944 I Unity   : [XR] [485728508272] [14:45:04.237][Verbose] Ignoring event type 1000156104
05-15 14:45:04.271 25921 25944 I Unity   : [XR] [485728508272] [14:45:04.271][Verbose] Ignoring event type 1000156103
05-15 14:45:04.271 25921 25944 I Unity   : [XR] [485728508272] [14:45:04.271][Verbose] Ignoring event type 1000156104
05-15 14:45:04.304 25921 25944 I Unity   : [XR] [485728508272] [14:45:04.304][Verbose] Ignoring event type 1000156103
05-15 14:45:04.304 25921 25944 I Unity   : [XR] [485728508272] [14:45:04.304][Verbose] Ignoring event type 1000156104
05-15 14:45:04.337 25921 25944 I Unity   : [XR] [485728508272] [14:45:04.337][Verbose] Ignoring event type 1000156103
05-15 14:45:04.338 25921 25944 I Unity   : [XR] [485728508272] [14:45:04.338][Verbose] Ignoring event type 1000156104
05-15 14:45:04.371 25921 25944 I Unity   : [XR] [485728508272] [14:45:04.371][Verbose] Ignoring event type 1000156103
05-15 14:45:04.371 25921 25944 I Unity   : [XR] [485728508272] [14:45:04.371][Verbose] Ignoring event type 1000156104
05-15 14:45:04.392 25921 25944 I Unity   : [XR] [485728508272] [14:45:04.392][Verbose] Ignoring event type 1000156103
05-15 14:45:04.392 25921 25944 I Unity   : [XR] [485728508272] [14:45:04.392][Verbose] Ignoring event type 1000156104
05-15 14:45:04.426 25921 25944 I Unity   : [XR] [485728508272] [14:45:04.425][Verbose] Ignoring event type 1000156103
05-15 14:45:04.426 25921 25944 I Unity   : [XR] [485728508272] [14:45:04.426][Verbose] Ignoring event type 1000156104
05-15 14:45:04.460 25921 25944 I Unity   : [XR] [485728508272] [14:45:04.460][Verbose] Ignoring event type 1000156103
05-15 14:45:04.460 25921 25944 I Unity   : [XR] [485728508272] [14:45:04.460][Verbose] Ignoring event type 1000156104
05-15 14:45:04.494 25921 25944 I Unity   : [XR] [485728508272] [14:45:04.494][Verbose] Ignoring event type 1000156103
05-15 14:45:04.494 25921 25944 I Unity   : [XR] [485728508272] [14:45:04.494][Verbose] Ignoring event type 1000156104
05-15 14:45:04.527 25921 25944 I Unity   : [XR] [485728508272] [14:45:04.527][Verbose] Ignoring event type 1000156103
05-15 14:45:04.527 25921 25944 I Unity   : [XR] [485728508272] [14:45:04.527][Verbose] Ignoring event type 1000156104
05-15 14:45:04.560 25921 25944 I Unity   : [XR] [485728508272] [14:45:04.560][Verbose] Ignoring event type 1000156103
05-15 14:45:04.560 25921 25944 I Unity   : [XR] [485728508272] [14:45:04.560][Verbose] Ignoring event type 1000156104
05-15 14:45:04.592 25921 25944 I Unity   : [XR] [485728508272] [14:45:04.592][Verbose] Ignoring event type 1000156103
05-15 14:45:04.592 25921 25944 I Unity   : [XR] [485728508272] [14:45:04.592][Verbose] Ignoring event type 1000156104
05-15 14:45:04.615 25921 25944 I Unity   : [XR] [485728508272] [14:45:04.615][Verbose] Ignoring event type 1000156103
05-15 14:45:04.615 25921 25944 I Unity   : [XR] [485728508272] [14:45:04.615][Verbose] Ignoring event type 1000156104
05-15 14:45:04.648 25921 25944 I Unity   : [XR] [485728508272] [14:45:04.648][Verbose] Ignoring event type 1000156103
05-15 14:45:04.648 25921 25944 I Unity   : [XR] [485728508272] [14:45:04.648][Verbose] Ignoring event type 1000156104
05-15 14:45:04.671 25921 25944 I Unity   : [XR] [485728508272] [14:45:04.671][Verbose] Ignoring event type 1000156103
05-15 14:45:04.671 25921 25944 I Unity   : [XR] [485728508272] [14:45:04.671][Verbose] Ignoring event type 1000156104
05-15 14:45:04.705 25921 25944 I Unity   : [XR] [485728508272] [14:45:04.704][Verbose] Ignoring event type 1000156103
05-15 14:45:04.705 25921 25944 I Unity   : [XR] [485728508272] [14:45:04.705][Verbose] Ignoring event type 1000156104
05-15 14:45:04.738 25921 25944 I Unity   : [XR] [485728508272] [14:45:04.738][Verbose] Ignoring event type 1000156103
05-15 14:45:04.738 25921 25944 I Unity   : [XR] [485728508272] [14:45:04.738][Verbose] Ignoring event type 1000156104
05-15 14:45:04.771 25921 25944 I Unity   : [XR] [485728508272] [14:45:04.771][Verbose] Ignoring event type 1000156103
05-15 14:45:04.771 25921 25944 I Unity   : [XR] [485728508272] [14:45:04.771][Verbose] Ignoring event type 1000156104
05-15 14:45:04.804 25921 25944 I Unity   : [XR] [485728508272] [14:45:04.803][Verbose] Ignoring event type 1000156103
05-15 14:45:04.804 25921 25944 I Unity   : [XR] [485728508272] [14:45:04.804][Verbose] Ignoring event type 1000156104
05-15 14:45:04.838 25921 25944 I Unity   : [XR] [485728508272] [14:45:04.838][Verbose] Ignoring event type 1000156103
05-15 14:45:04.838 25921 25944 I Unity   : [XR] [485728508272] [14:45:04.838][Verbose] Ignoring event type 1000156104
05-15 14:45:04.870 25921 25944 I Unity   : [XR] [485728508272] [14:45:04.870][Verbose] Ignoring event type 1000156103
05-15 14:45:04.870 25921 25944 I Unity   : [XR] [485728508272] [14:45:04.870][Verbose] Ignoring event type 1000156104
05-15 14:45:04.902 25921 25944 I Unity   : [XR] [485728508272] [14:45:04.902][Verbose] Ignoring event type 1000156103
05-15 14:45:04.902 25921 25944 I Unity   : [XR] [485728508272] [14:45:04.902][Verbose] Ignoring event type 1000156104
05-15 14:45:04.927 25921 25944 I Unity   : [XR] [485728508272] [14:45:04.927][Verbose] Ignoring event type 1000156103
05-15 14:45:04.927 25921 25944 I Unity   : [XR] [485728508272] [14:45:04.927][Verbose] Ignoring event type 1000156104
05-15 14:45:04.958 25921 25944 I Unity   : [XR] [485728508272] [14:45:04.958][Verbose] Ignoring event type 1000156103
05-15 14:45:04.958 25921 25944 I Unity   : [XR] [485728508272] [14:45:04.958][Verbose] Ignoring event type 1000156104
05-15 14:45:04.982 25921 25944 I Unity   : [XR] [485728508272] [14:45:04.982][Verbose] Ignoring event type 1000156103
05-15 14:45:04.982 25921 25944 I Unity   : [XR] [485728508272] [14:45:04.982][Verbose] Ignoring event type 1000156104
05-15 14:45:05.015 25921 25944 I Unity   : [XR] [485728508272] [14:45:05.015][Verbose] Ignoring event type 1000156103
05-15 14:45:05.015 25921 25944 I Unity   : [XR] [485728508272] [14:45:05.015][Verbose] Ignoring event type 1000156104
05-15 14:45:05.049 25921 25944 I Unity   : [XR] [485728508272] [14:45:05.049][Verbose] Ignoring event type 1000156103
05-15 14:45:05.049 25921 25944 I Unity   : [XR] [485728508272] [14:45:05.049][Verbose] Ignoring event type 1000156104
05-15 14:45:05.082 25921 25944 I Unity   : [XR] [485728508272] [14:45:05.082][Verbose] Ignoring event type 1000156103
05-15 14:45:05.082 25921 25944 I Unity   : [XR] [485728508272] [14:45:05.082][Verbose] Ignoring event type 1000156104
05-15 14:45:05.087 25921 26076 I VrApi   : FPS=90/90,Prd=38ms,Tear=0,Early=37,Stale=1,Stale2/5/10/max=0/0/0/1,VSnc=1,Lat=-1,Fov=0,CPU4/GPU=3/2,1651/456MHz,OC=3F,TA=0/0/0,SP=N/N/N,Mem=2736MHz,Free=870MB,PLS=1,Temp=43.0C/0.0C,TW=1.41ms,App=3.21ms,GD=0.00ms,CPU&GPU=7.86ms,LCnt=2(DR90,LM2),GPU%=0.43,CPU%=0.77(W0.86),DSF=1.01,CFL=11.93/15.85,ICFLp95=14.60,LD=0,SF=1.00,LP=0,DVFS=0
05-15 14:45:05.116 25921 25944 I Unity   : [XR] [485728508272] [14:45:05.116][Verbose] Ignoring event type 1000156103
05-15 14:45:05.116 25921 25944 I Unity   : [XR] [485728508272] [14:45:05.116][Verbose] Ignoring event type 1000156104
05-15 14:45:05.148 25921 25944 I Unity   : [XR] [485728508272] [14:45:05.148][Verbose] Ignoring event type 1000156103
05-15 14:45:05.149 25921 25944 I Unity   : [XR] [485728508272] [14:45:05.149][Verbose] Ignoring event type 1000156104
05-15 14:45:05.180 25921 25944 I Unity   : [XR] [485728508272] [14:45:05.180][Verbose] Ignoring event type 1000156103
05-15 14:45:05.180 25921 25944 I Unity   : [XR] [485728508272] [14:45:05.180][Verbose] Ignoring event type 1000156104
05-15 14:45:05.216 25921 25944 I Unity   : [XR] [485728508272] [14:45:05.216][Verbose] Ignoring event type 1000156103
05-15 14:45:05.216 25921 25944 I Unity   : [XR] [485728508272] [14:45:05.216][Verbose] Ignoring event type 1000156104
05-15 14:45:05.249 25921 25944 I Unity   : [XR] [485728508272] [14:45:05.249][Verbose] Ignoring event type 1000156103
05-15 14:45:05.250 25921 25944 I Unity   : [XR] [485728508272] [14:45:05.250][Verbose] Ignoring event type 1000156104
05-15 14:45:05.283 25921 25944 I Unity   : [XR] [485728508272] [14:45:05.283][Verbose] Ignoring event type 1000156103
05-15 14:45:05.283 25921 25944 I Unity   : [XR] [485728508272] [14:45:05.283][Verbose] Ignoring event type 1000156104
05-15 14:45:05.316 25921 25944 I Unity   : [XR] [485728508272] [14:45:05.316][Verbose] Ignoring event type 1000156103
05-15 14:45:05.316 25921 25944 I Unity   : [XR] [485728508272] [14:45:05.316][Verbose] Ignoring event type 1000156104
05-15 14:45:05.349 25921 25944 I Unity   : [XR] [485728508272] [14:45:05.349][Verbose] Ignoring event type 1000156103
05-15 14:45:05.349 25921 25944 I Unity   : [XR] [485728508272] [14:45:05.349][Verbose] Ignoring event type 1000156104
05-15 14:45:05.380 25921 25944 I Unity   : [XR] [485728508272] [14:45:05.380][Verbose] Ignoring event type 1000156103
05-15 14:45:05.380 25921 25944 I Unity   : [XR] [485728508272] [14:45:05.380][Verbose] Ignoring event type 1000156104
05-15 14:45:05.405 25921 25944 I Unity   : [XR] [485728508272] [14:45:05.405][Verbose] Ignoring event type 1000156103
05-15 14:45:05.405 25921 25944 I Unity   : [XR] [485728508272] [14:45:05.405][Verbose] Ignoring event type 1000156104
05-15 14:45:05.429 25921 25944 I Unity   : [XR] [485728508272] [14:45:05.429][Verbose] Ignoring event type 1000156103
05-15 14:45:05.429 25921 25944 I Unity   : [XR] [485728508272] [14:45:05.429][Verbose] Ignoring event type 1000156104
05-15 14:45:05.458 25921 25944 I Unity   : [XR] [485728508272] [14:45:05.458][Verbose] Ignoring event type 1000156103
05-15 14:45:05.458 25921 25944 I Unity   : [XR] [485728508272] [14:45:05.458][Verbose] Ignoring event type 1000156104
05-15 14:45:05.493 25921 25944 I Unity   : [XR] [485728508272] [14:45:05.493][Verbose] Ignoring event type 1000156103
05-15 14:45:05.493 25921 25944 I Unity   : [XR] [485728508272] [14:45:05.493][Verbose] Ignoring event type 1000156104
05-15 14:45:05.526 25921 25944 I Unity   : [XR] [485728508272] [14:45:05.526][Verbose] Ignoring event type 1000156103
05-15 14:45:05.526 25921 25944 I Unity   : [XR] [485728508272] [14:45:05.526][Verbose] Ignoring event type 1000156104
05-15 14:45:05.560 25921 25944 I Unity   : [XR] [485728508272] [14:45:05.560][Verbose] Ignoring event type 1000156103
05-15 14:45:05.560 25921 25944 I Unity   : [XR] [485728508272] [14:45:05.560][Verbose] Ignoring event type 1000156104
05-15 14:45:05.593 25921 25944 I Unity   : [XR] [485728508272] [14:45:05.593][Verbose] Ignoring event type 1000156103
05-15 14:45:05.593 25921 25944 I Unity   : [XR] [485728508272] [14:45:05.593][Verbose] Ignoring event type 1000156104
05-15 14:45:05.626 25921 25944 I Unity   : [XR] [485728508272] [14:45:05.626][Verbose] Ignoring event type 1000156103
05-15 14:45:05.627 25921 25944 I Unity   : [XR] [485728508272] [14:45:05.627][Verbose] Ignoring event type 1000156104
05-15 14:45:05.660 25921 25944 I Unity   : [XR] [485728508272] [14:45:05.660][Verbose] Ignoring event type 1000156103
05-15 14:45:05.660 25921 25944 I Unity   : [XR] [485728508272] [14:45:05.660][Verbose] Ignoring event type 1000156104
05-15 14:45:05.692 25921 25944 I Unity   : [XR] [485728508272] [14:45:05.692][Verbose] Ignoring event type 1000156103
05-15 14:45:05.693 25921 25944 I Unity   : [XR] [485728508272] [14:45:05.693][Verbose] Ignoring event type 1000156104
05-15 14:45:05.727 25921 25944 I Unity   : [XR] [485728508272] [14:45:05.727][Verbose] Ignoring event type 1000156103
05-15 14:45:05.727 25921 25944 I Unity   : [XR] [485728508272] [14:45:05.727][Verbose] Ignoring event type 1000156104
05-15 14:45:05.759 25921 25944 I Unity   : [XR] [485728508272] [14:45:05.759][Verbose] Ignoring event type 1000156103
05-15 14:45:05.759 25921 25944 I Unity   : [XR] [485728508272] [14:45:05.759][Verbose] Ignoring event type 1000156104
05-15 14:45:05.783 25921 25944 I Unity   : [XR] [485728508272] [14:45:05.783][Verbose] Ignoring event type 1000156103
05-15 14:45:05.783 25921 25944 I Unity   : [XR] [485728508272] [14:45:05.783][Verbose] Ignoring event type 1000156104
05-15 14:45:05.815 25921 25944 I Unity   : [XR] [485728508272] [14:45:05.815][Verbose] Ignoring event type 1000156103
05-15 14:45:05.815 25921 25944 I Unity   : [XR] [485728508272] [14:45:05.815][Verbose] Ignoring event type 1000156104
05-15 14:45:05.858 25921 25944 I Unity   : [XR] [485728508272] [14:45:05.858][Verbose] Ignoring event type 1000156103
05-15 14:45:05.858 25921 25944 I Unity   : [XR] [485728508272] [14:45:05.858][Verbose] Ignoring event type 1000156104
05-15 14:45:05.883 25921 25944 I Unity   : [XR] [485728508272] [14:45:05.883][Verbose] Ignoring event type 1000156103
05-15 14:45:05.883 25921 25944 I Unity   : [XR] [485728508272] [14:45:05.883][Verbose] Ignoring event type 1000156104
05-15 14:45:05.916 25921 25944 I Unity   : [XR] [485728508272] [14:45:05.916][Verbose] Ignoring event type 1000156103
05-15 14:45:05.916 25921 25944 I Unity   : [XR] [485728508272] [14:45:05.916][Verbose] Ignoring event type 1000156104
05-15 14:45:05.949 25921 25944 I Unity   : [XR] [485728508272] [14:45:05.949][Verbose] Ignoring event type 1000156103
05-15 14:45:05.949 25921 25944 I Unity   : [XR] [485728508272] [14:45:05.949][Verbose] Ignoring event type 1000156104
05-15 14:45:05.982 25921 25944 I Unity   : [XR] [485728508272] [14:45:05.982][Verbose] Ignoring event type 1000156103
05-15 14:45:05.982 25921 25944 I Unity   : [XR] [485728508272] [14:45:05.982][Verbose] Ignoring event type 1000156104
05-15 14:45:06.015 25921 25944 I Unity   : [XR] [485728508272] [14:45:06.015][Verbose] Ignoring event type 1000156103
05-15 14:45:06.015 25921 25944 I Unity   : [XR] [485728508272] [14:45:06.015][Verbose] Ignoring event type 1000156104
05-15 14:45:06.046 25921 25944 I Unity   : [XR] [485728508272] [14:45:06.046][Verbose] Ignoring event type 1000156103
05-15 14:45:06.046 25921 25944 I Unity   : [XR] [485728508272] [14:45:06.046][Verbose] Ignoring event type 1000156104
05-15 14:45:06.071 25921 25944 I Unity   : [XR] [485728508272] [14:45:06.071][Verbose] Ignoring event type 1000156103
05-15 14:45:06.071 25921 25944 I Unity   : [XR] [485728508272] [14:45:06.071][Verbose] Ignoring event type 1000156104
05-15 14:45:06.089 25921 26076 I VrApi   : FPS=90/90,Prd=38ms,Tear=0,Early=25,Stale=0,Stale2/5/10/max=0/0/0/0,VSnc=1,Lat=-1,Fov=0,CPU4/GPU=3/2,1651/456MHz,OC=3F,TA=0/0/0,SP=N/N/N,Mem=2736MHz,Free=870MB,PLS=1,Temp=43.0C/0.0C,TW=1.40ms,App=3.28ms,GD=0.00ms,CPU&GPU=7.36ms,LCnt=2(DR90,LM2),GPU%=0.44,CPU%=0.71(W0.80),DSF=1.01,CFL=11.13/16.06,ICFLp95=14.63,LD=0,SF=1.00,LP=0,DVFS=0
05-15 14:45:06.104 25921 25944 I Unity   : [XR] [485728508272] [14:45:06.104][Verbose] Ignoring event type 1000156103
05-15 14:45:06.104 25921 25944 I Unity   : [XR] [485728508272] [14:45:06.104][Verbose] Ignoring event type 1000156104
05-15 14:45:06.136 25921 25944 I Unity   : [XR] [485728508272] [14:45:06.136][Verbose] Ignoring event type 1000156103
05-15 14:45:06.136 25921 25944 I Unity   : [XR] [485728508272] [14:45:06.136][Verbose] Ignoring event type 1000156104
05-15 14:45:06.171 25921 25944 I Unity   : [XR] [485728508272] [14:45:06.171][Verbose] Ignoring event type 1000156103
05-15 14:45:06.171 25921 25944 I Unity   : [XR] [485728508272] [14:45:06.171][Verbose] Ignoring event type 1000156104
05-15 14:45:06.203 25921 25944 I Unity   : [XR] [485728508272] [14:45:06.203][Verbose] Ignoring event type 1000156103
05-15 14:45:06.203 25921 25944 I Unity   : [XR] [485728508272] [14:45:06.203][Verbose] Ignoring event type 1000156104
05-15 14:45:06.227 25921 25944 I Unity   : [XR] [485728508272] [14:45:06.227][Verbose] Ignoring event type 1000156103
05-15 14:45:06.227 25921 25944 I Unity   : [XR] [485728508272] [14:45:06.227][Verbose] Ignoring event type 1000156104
05-15 14:45:06.259 25921 25944 I Unity   : [XR] [485728508272] [14:45:06.259][Verbose] Ignoring event type 1000156103
05-15 14:45:06.260 25921 25944 I Unity   : [XR] [485728508272] [14:45:06.260][Verbose] Ignoring event type 1000156104
05-15 14:45:06.293 25921 25944 I Unity   : [XR] [485728508272] [14:45:06.293][Verbose] Ignoring event type 1000156103
05-15 14:45:06.293 25921 25944 I Unity   : [XR] [485728508272] [14:45:06.293][Verbose] Ignoring event type 1000156104
05-15 14:45:06.325 25921 25944 I Unity   : [XR] [485728508272] [14:45:06.325][Verbose] Ignoring event type 1000156103
05-15 14:45:06.325 25921 25944 I Unity   : [XR] [485728508272] [14:45:06.325][Verbose] Ignoring event type 1000156104
05-15 14:45:06.349 25921 25944 I Unity   : [XR] [485728508272] [14:45:06.349][Verbose] Ignoring event type 1000156103
05-15 14:45:06.349 25921 25944 I Unity   : [XR] [485728508272] [14:45:06.349][Verbose] Ignoring event type 1000156104
05-15 14:45:06.382 25921 25944 I Unity   : [XR] [485728508272] [14:45:06.382][Verbose] Ignoring event type 1000156103
05-15 14:45:06.382 25921 25944 I Unity   : [XR] [485728508272] [14:45:06.382][Verbose] Ignoring event type 1000156104
05-15 14:45:06.415 25921 25944 I Unity   : [XR] [485728508272] [14:45:06.415][Verbose] Ignoring event type 1000156103
05-15 14:45:06.415 25921 25944 I Unity   : [XR] [485728508272] [14:45:06.415][Verbose] Ignoring event type 1000156104
05-15 14:45:06.449 25921 25944 I Unity   : [XR] [485728508272] [14:45:06.449][Verbose] Ignoring event type 1000156103
05-15 14:45:06.449 25921 25944 I Unity   : [XR] [485728508272] [14:45:06.449][Verbose] Ignoring event type 1000156104
05-15 14:45:06.480 25921 25944 I Unity   : [XR] [485728508272] [14:45:06.480][Verbose] Ignoring event type 1000156103
05-15 14:45:06.480 25921 25944 I Unity   : [XR] [485728508272] [14:45:06.480][Verbose] Ignoring event type 1000156104
05-15 14:45:06.505 25921 25944 I Unity   : [XR] [485728508272] [14:45:06.505][Verbose] Ignoring event type 1000156103
05-15 14:45:06.505 25921 25944 I Unity   : [XR] [485728508272] [14:45:06.505][Verbose] Ignoring event type 1000156104
05-15 14:45:06.538 25921 25944 I Unity   : [XR] [485728508272] [14:45:06.538][Verbose] Ignoring event type 1000156103
05-15 14:45:06.538 25921 25944 I Unity   : [XR] [485728508272] [14:45:06.538][Verbose] Ignoring event type 1000156104
05-15 14:45:06.571 25921 25944 I Unity   : [XR] [485728508272] [14:45:06.571][Verbose] Ignoring event type 1000156103
05-15 14:45:06.571 25921 25944 I Unity   : [XR] [485728508272] [14:45:06.571][Verbose] Ignoring event type 1000156104
05-15 14:45:06.603 25921 25944 I Unity   : [XR] [485728508272] [14:45:06.603][Verbose] Ignoring event type 1000156103
05-15 14:45:06.603 25921 25944 I Unity   : [XR] [485728508272] [14:45:06.603][Verbose] Ignoring event type 1000156104
05-15 14:45:06.638 25921 25944 I Unity   : [XR] [485728508272] [14:45:06.638][Verbose] Ignoring event type 1000156103
05-15 14:45:06.638 25921 25944 I Unity   : [XR] [485728508272] [14:45:06.638][Verbose] Ignoring event type 1000156104
05-15 14:45:06.671 25921 25944 I Unity   : [XR] [485728508272] [14:45:06.671][Verbose] Ignoring event type 1000156103
05-15 14:45:06.671 25921 25944 I Unity   : [XR] [485728508272] [14:45:06.671][Verbose] Ignoring event type 1000156104
05-15 14:45:06.702 25921 25944 I Unity   : [XR] [485728508272] [14:45:06.702][Verbose] Ignoring event type 1000156103
05-15 14:45:06.702 25921 25944 I Unity   : [XR] [485728508272] [14:45:06.702][Verbose] Ignoring event type 1000156104
05-15 14:45:06.727 25921 25944 I Unity   : [XR] [485728508272] [14:45:06.727][Verbose] Ignoring event type 1000156103
05-15 14:45:06.727 25921 25944 I Unity   : [XR] [485728508272] [14:45:06.727][Verbose] Ignoring event type 1000156104
05-15 14:45:06.760 25921 25944 I Unity   : [XR] [485728508272] [14:45:06.760][Verbose] Ignoring event type 1000156103
05-15 14:45:06.760 25921 25944 I Unity   : [XR] [485728508272] [14:45:06.760][Verbose] Ignoring event type 1000156104
05-15 14:45:06.782 25921 25944 I Unity   : [XR] [485728508272] [14:45:06.782][Verbose] Ignoring event type 1000156103
05-15 14:45:06.782 25921 25944 I Unity   : [XR] [485728508272] [14:45:06.782][Verbose] Ignoring event type 1000156104
05-15 14:45:06.815 25921 25944 I Unity   : [XR] [485728508272] [14:45:06.815][Verbose] Ignoring event type 1000156103
05-15 14:45:06.815 25921 25944 I Unity   : [XR] [485728508272] [14:45:06.815][Verbose] Ignoring event type 1000156104
05-15 14:45:06.848 25921 25944 I Unity   : [XR] [485728508272] [14:45:06.848][Verbose] Ignoring event type 1000156103
05-15 14:45:06.849 25921 25944 I Unity   : [XR] [485728508272] [14:45:06.848][Verbose] Ignoring event type 1000156104
05-15 14:45:06.880 25921 25944 I Unity   : [XR] [485728508272] [14:45:06.880][Verbose] Ignoring event type 1000156103
05-15 14:45:06.880 25921 25944 I Unity   : [XR] [485728508272] [14:45:06.880][Verbose] Ignoring event type 1000156104
05-15 14:45:06.904 25921 25944 I Unity   : [XR] [485728508272] [14:45:06.904][Verbose] Ignoring event type 1000156103
05-15 14:45:06.904 25921 25944 I Unity   : [XR] [485728508272] [14:45:06.904][Verbose] Ignoring event type 1000156104
05-15 14:45:06.938 25921 25944 I Unity   : [XR] [485728508272] [14:45:06.938][Verbose] Ignoring event type 1000156103
05-15 14:45:06.938 25921 25944 I Unity   : [XR] [485728508272] [14:45:06.938][Verbose] Ignoring event type 1000156104
05-15 14:45:06.969 25921 25944 I Unity   : [XR] [485728508272] [14:45:06.969][Verbose] Ignoring event type 1000156103
05-15 14:45:06.970 25921 25944 I Unity   : [XR] [485728508272] [14:45:06.970][Verbose] Ignoring event type 1000156104
05-15 14:45:07.005 25921 25944 I Unity   : [XR] [485728508272] [14:45:07.005][Verbose] Ignoring event type 1000156103
05-15 14:45:07.005 25921 25944 I Unity   : [XR] [485728508272] [14:45:07.005][Verbose] Ignoring event type 1000156104
05-15 14:45:07.038 25921 25944 I Unity   : [XR] [485728508272] [14:45:07.038][Verbose] Ignoring event type 1000156103
05-15 14:45:07.038 25921 25944 I Unity   : [XR] [485728508272] [14:45:07.038][Verbose] Ignoring event type 1000156104
05-15 14:45:07.071 25921 25944 I Unity   : [XR] [485728508272] [14:45:07.071][Verbose] Ignoring event type 1000156103
05-15 14:45:07.071 25921 25944 I Unity   : [XR] [485728508272] [14:45:07.071][Verbose] Ignoring event type 1000156104
05-15 14:45:07.089 25921 26076 I VrApi   : FPS=91/90,Prd=38ms,Tear=0,Early=26,Stale=0,Stale2/5/10/max=0/0/0/0,VSnc=1,Lat=-1,Fov=0,CPU4/GPU=3/2,1651/456MHz,OC=3F,TA=0/0/0,SP=N/N/N,Mem=2736MHz,Free=870MB,PLS=1,Temp=43.0C/0.0C,TW=1.39ms,App=4.03ms,GD=0.00ms,CPU&GPU=7.43ms,LCnt=2(DR91,LM2),GPU%=0.49,CPU%=0.74(W0.77),DSF=1.01,CFL=11.26/16.27,ICFLp95=14.73,LD=0,SF=1.00,LP=0,DVFS=0
05-15 14:45:07.104 25921 25944 I Unity   : [XR] [485728508272] [14:45:07.104][Verbose] Ignoring event type 1000156103
05-15 14:45:07.104 25921 25944 I Unity   : [XR] [485728508272] [14:45:07.104][Verbose] Ignoring event type 1000156104
05-15 14:45:07.135 25921 25944 I Unity   : [XR] [485728508272] [14:45:07.135][Verbose] Ignoring event type 1000156103
05-15 14:45:07.135 25921 25944 I Unity   : [XR] [485728508272] [14:45:07.135][Verbose] Ignoring event type 1000156104
05-15 14:45:07.160 25921 25944 I Unity   : [XR] [485728508272] [14:45:07.160][Verbose] Ignoring event type 1000156103
05-15 14:45:07.160 25921 25944 I Unity   : [XR] [485728508272] [14:45:07.160][Verbose] Ignoring event type 1000156104
05-15 14:45:07.192 25921 25944 I Unity   : [XR] [485728508272] [14:45:07.192][Verbose] Ignoring event type 1000156103
05-15 14:45:07.192 25921 25944 I Unity   : [XR] [485728508272] [14:45:07.192][Verbose] Ignoring event type 1000156104
05-15 14:45:07.227 25921 25944 I Unity   : [XR] [485728508272] [14:45:07.227][Verbose] Ignoring event type 1000156103
05-15 14:45:07.227 25921 25944 I Unity   : [XR] [485728508272] [14:45:07.227][Verbose] Ignoring event type 1000156104
05-15 14:45:07.260 25921 25944 I Unity   : [XR] [485728508272] [14:45:07.260][Verbose] Ignoring event type 1000156103
05-15 14:45:07.260 25921 25944 I Unity   : [XR] [485728508272] [14:45:07.260][Verbose] Ignoring event type 1000156104
05-15 14:45:07.293 25921 25944 I Unity   : [XR] [485728508272] [14:45:07.293][Verbose] Ignoring event type 1000156103
05-15 14:45:07.293 25921 25944 I Unity   : [XR] [485728508272] [14:45:07.293][Verbose] Ignoring event type 1000156104
05-15 14:45:07.326 25921 25944 I Unity   : [XR] [485728508272] [14:45:07.326][Verbose] Ignoring event type 1000156103
05-15 14:45:07.326 25921 25944 I Unity   : [XR] [485728508272] [14:45:07.326][Verbose] Ignoring event type 1000156104
05-15 14:45:07.358 25921 25944 I Unity   : [XR] [485728508272] [14:45:07.358][Verbose] Ignoring event type 1000156103
05-15 14:45:07.358 25921 25944 I Unity   : [XR] [485728508272] [14:45:07.358][Verbose] Ignoring event type 1000156104
05-15 14:45:07.382 25921 25944 I Unity   : [XR] [485728508272] [14:45:07.382][Verbose] Ignoring event type 1000156103
05-15 14:45:07.382 25921 25944 I Unity   : [XR] [485728508272] [14:45:07.382][Verbose] Ignoring event type 1000156104
05-15 14:45:07.415 25921 25944 I Unity   : [XR] [485728508272] [14:45:07.415][Verbose] Ignoring event type 1000156103
05-15 14:45:07.415 25921 25944 I Unity   : [XR] [485728508272] [14:45:07.415][Verbose] Ignoring event type 1000156104
05-15 14:45:07.448 25921 25944 I Unity   : [XR] [485728508272] [14:45:07.448][Verbose] Ignoring event type 1000156103
05-15 14:45:07.448 25921 25944 I Unity   : [XR] [485728508272] [14:45:07.448][Verbose] Ignoring event type 1000156104
05-15 14:45:07.482 25921 25944 I Unity   : [XR] [485728508272] [14:45:07.482][Verbose] Ignoring event type 1000156103
05-15 14:45:07.482 25921 25944 I Unity   : [XR] [485728508272] [14:45:07.482][Verbose] Ignoring event type 1000156104
05-15 14:45:07.515 25921 25944 I Unity   : [XR] [485728508272] [14:45:07.515][Verbose] Ignoring event type 1000156103
05-15 14:45:07.516 25921 25944 I Unity   : [XR] [485728508272] [14:45:07.516][Verbose] Ignoring event type 1000156104
05-15 14:45:07.548 25921 25944 I Unity   : [XR] [485728508272] [14:45:07.548][Verbose] Ignoring event type 1000156103
05-15 14:45:07.548 25921 25944 I Unity   : [XR] [485728508272] [14:45:07.548][Verbose] Ignoring event type 1000156104
05-15 14:45:07.583 25921 25944 I Unity   : [XR] [485728508272] [14:45:07.582][Verbose] Ignoring event type 1000156103
05-15 14:45:07.583 25921 25944 I Unity   : [XR] [485728508272] [14:45:07.583][Verbose] Ignoring event type 1000156104
05-15 14:45:07.614 25921 25944 I Unity   : [XR] [485728508272] [14:45:07.614][Verbose] Ignoring event type 1000156103
05-15 14:45:07.614 25921 25944 I Unity   : [XR] [485728508272] [14:45:07.614][Verbose] Ignoring event type 1000156104
05-15 14:45:07.649 25921 25944 I Unity   : [XR] [485728508272] [14:45:07.649][Verbose] Ignoring event type 1000156103
05-15 14:45:07.649 25921 25944 I Unity   : [XR] [485728508272] [14:45:07.649][Verbose] Ignoring event type 1000156104
05-15 14:45:07.683 25921 25944 I Unity   : [XR] [485728508272] [14:45:07.683][Verbose] Ignoring event type 1000156103
05-15 14:45:07.683 25921 25944 I Unity   : [XR] [485728508272] [14:45:07.683][Verbose] Ignoring event type 1000156104
05-15 14:45:07.716 25921 25944 I Unity   : [XR] [485728508272] [14:45:07.716][Verbose] Ignoring event type 1000156103
05-15 14:45:07.716 25921 25944 I Unity   : [XR] [485728508272] [14:45:07.716][Verbose] Ignoring event type 1000156104
05-15 14:45:07.749 25921 25944 I Unity   : [XR] [485728508272] [14:45:07.749][Verbose] Ignoring event type 1000156103
05-15 14:45:07.749 25921 25944 I Unity   : [XR] [485728508272] [14:45:07.749][Verbose] Ignoring event type 1000156104
05-15 14:45:07.782 25921 25944 I Unity   : [XR] [485728508272] [14:45:07.782][Verbose] Ignoring event type 1000156103
05-15 14:45:07.782 25921 25944 I Unity   : [XR] [485728508272] [14:45:07.782][Verbose] Ignoring event type 1000156104
05-15 14:45:07.815 25921 25944 I Unity   : [XR] [485728508272] [14:45:07.815][Verbose] Ignoring event type 1000156103
05-15 14:45:07.815 25921 25944 I Unity   : [XR] [485728508272] [14:45:07.815][Verbose] Ignoring event type 1000156104
05-15 14:45:07.849 25921 25944 I Unity   : [XR] [485728508272] [14:45:07.849][Verbose] Ignoring event type 1000156103
05-15 14:45:07.849 25921 25944 I Unity   : [XR] [485728508272] [14:45:07.849][Verbose] Ignoring event type 1000156104
05-15 14:45:07.882 25921 25944 I Unity   : [XR] [485728508272] [14:45:07.882][Verbose] Ignoring event type 1000156103
05-15 14:45:07.882 25921 25944 I Unity   : [XR] [485728508272] [14:45:07.882][Verbose] Ignoring event type 1000156104
05-15 14:45:07.915 25921 25944 I Unity   : [XR] [485728508272] [14:45:07.915][Verbose] Ignoring event type 1000156103
05-15 14:45:07.915 25921 25944 I Unity   : [XR] [485728508272] [14:45:07.915][Verbose] Ignoring event type 1000156104
05-15 14:45:07.948 25921 25944 I Unity   : [XR] [485728508272] [14:45:07.948][Verbose] Ignoring event type 1000156103
05-15 14:45:07.948 25921 25944 I Unity   : [XR] [485728508272] [14:45:07.948][Verbose] Ignoring event type 1000156104
05-15 14:45:07.982 25921 25944 I Unity   : [XR] [485728508272] [14:45:07.982][Verbose] Ignoring event type 1000156103
05-15 14:45:07.983 25921 25944 I Unity   : [XR] [485728508272] [14:45:07.983][Verbose] Ignoring event type 1000156104
05-15 14:45:08.014 25921 25944 I Unity   : [XR] [485728508272] [14:45:08.014][Verbose] Ignoring event type 1000156103
05-15 14:45:08.014 25921 25944 I Unity   : [XR] [485728508272] [14:45:08.014][Verbose] Ignoring event type 1000156104
05-15 14:45:08.048 25921 25944 I Unity   : [XR] [485728508272] [14:45:08.048][Verbose] Ignoring event type 1000156103
05-15 14:45:08.048 25921 25944 I Unity   : [XR] [485728508272] [14:45:08.048][Verbose] Ignoring event type 1000156104
05-15 14:45:08.071 25921 25944 I Unity   : [XR] [485728508272] [14:45:08.071][Verbose] Ignoring event type 1000156103
05-15 14:45:08.071 25921 25944 I Unity   : [XR] [485728508272] [14:45:08.071][Verbose] Ignoring event type 1000156104
05-15 14:45:08.089 25921 26076 I VrApi   : FPS=90/90,Prd=39ms,Tear=0,Early=30,Stale=0,Stale2/5/10/max=0/0/0/0,VSnc=1,Lat=-1,Fov=0,CPU4/GPU=3/2,1651/456MHz,OC=3F,TA=0/0/0,SP=N/N/N,Mem=2736MHz,Free=870MB,PLS=1,Temp=43.0C/0.0C,TW=1.39ms,App=3.79ms,GD=0.00ms,CPU&GPU=7.57ms,LCnt=2(DR91,LM2),GPU%=0.48,CPU%=0.71(W0.82),DSF=1.01,CFL=11.60/16.07,ICFLp95=14.73,LD=0,SF=1.00,LP=0,DVFS=0
05-15 14:45:08.105 25921 25944 I Unity   : [XR] [485728508272] [14:45:08.105][Verbose] Ignoring event type 1000156103
05-15 14:45:08.105 25921 25944 I Unity   : [XR] [485728508272] [14:45:08.105][Verbose] Ignoring event type 1000156104
05-15 14:45:08.136 25921 25944 I Unity   : [XR] [485728508272] [14:45:08.136][Verbose] Ignoring event type 1000156103
05-15 14:45:08.136 25921 25944 I Unity   : [XR] [485728508272] [14:45:08.136][Verbose] Ignoring event type 1000156104
05-15 14:45:08.170 25921 25944 I Unity   : [XR] [485728508272] [14:45:08.170][Verbose] Ignoring event type 1000156103
05-15 14:45:08.170 25921 25944 I Unity   : [XR] [485728508272] [14:45:08.170][Verbose] Ignoring event type 1000156104
05-15 14:45:08.195 25921 25944 I Unity   : [XR] [485728508272] [14:45:08.195][Verbose] Ignoring event type 1000156103
05-15 14:45:08.195 25921 25944 I Unity   : [XR] [485728508272] [14:45:08.195][Verbose] Ignoring event type 1000156104
05-15 14:45:08.227 25921 25944 I Unity   : [XR] [485728508272] [14:45:08.227][Verbose] Ignoring event type 1000156103
05-15 14:45:08.227 25921 25944 I Unity   : [XR] [485728508272] [14:45:08.227][Verbose] Ignoring event type 1000156104
05-15 14:45:08.258 25921 25944 I Unity   : [XR] [485728508272] [14:45:08.258][Verbose] Ignoring event type 1000156103
05-15 14:45:08.258 25921 25944 I Unity   : [XR] [485728508272] [14:45:08.258][Verbose] Ignoring event type 1000156104
05-15 14:45:08.284 25921 25944 I Unity   : [XR] [485728508272] [14:45:08.284][Verbose] Ignoring event type 1000156103
05-15 14:45:08.284 25921 25944 I Unity   : [XR] [485728508272] [14:45:08.284][Verbose] Ignoring event type 1000156104
05-15 14:45:08.316 25921 25944 I Unity   : [XR] [485728508272] [14:45:08.316][Verbose] Ignoring event type 1000156103
05-15 14:45:08.316 25921 25944 I Unity   : [XR] [485728508272] [14:45:08.316][Verbose] Ignoring event type 1000156104
05-15 14:45:08.347 25921 25944 I Unity   : [XR] [485728508272] [14:45:08.347][Verbose] Ignoring event type 1000156103
05-15 14:45:08.347 25921 25944 I Unity   : [XR] [485728508272] [14:45:08.347][Verbose] Ignoring event type 1000156104
05-15 14:45:08.383 25921 25944 I Unity   : [XR] [485728508272] [14:45:08.383][Verbose] Ignoring event type 1000156103
05-15 14:45:08.383 25921 25944 I Unity   : [XR] [485728508272] [14:45:08.383][Verbose] Ignoring event type 1000156104
05-15 14:45:08.417 25921 25944 I Unity   : [XR] [485728508272] [14:45:08.417][Verbose] Ignoring event type 1000156103
05-15 14:45:08.417 25921 25944 I Unity   : [XR] [485728508272] [14:45:08.417][Verbose] Ignoring event type 1000156104
05-15 14:45:08.450 25921 25944 I Unity   : [XR] [485728508272] [14:45:08.449][Verbose] Ignoring event type 1000156103
05-15 14:45:08.450 25921 25944 I Unity   : [XR] [485728508272] [14:45:08.450][Verbose] Ignoring event type 1000156104
05-15 14:45:08.482 25921 25944 I Unity   : [XR] [485728508272] [14:45:08.482][Verbose] Ignoring event type 1000156103
05-15 14:45:08.482 25921 25944 I Unity   : [XR] [485728508272] [14:45:08.482][Verbose] Ignoring event type 1000156104
05-15 14:45:08.514 25921 25944 I Unity   : [XR] [485728508272] [14:45:08.514][Verbose] Ignoring event type 1000156103
05-15 14:45:08.514 25921 25944 I Unity   : [XR] [485728508272] [14:45:08.514][Verbose] Ignoring event type 1000156104
05-15 14:45:08.538 25921 25944 I Unity   : [XR] [485728508272] [14:45:08.538][Verbose] Ignoring event type 1000156103
05-15 14:45:08.539 25921 25944 I Unity   : [XR] [485728508272] [14:45:08.539][Verbose] Ignoring event type 1000156104
05-15 14:45:08.572 25921 25944 I Unity   : [XR] [485728508272] [14:45:08.572][Verbose] Ignoring event type 1000156103
05-15 14:45:08.572 25921 25944 I Unity   : [XR] [485728508272] [14:45:08.572][Verbose] Ignoring event type 1000156104
05-15 14:45:08.604 25921 25944 I Unity   : [XR] [485728508272] [14:45:08.604][Verbose] Ignoring event type 1000156103
05-15 14:45:08.604 25921 25944 I Unity   : [XR] [485728508272] [14:45:08.604][Verbose] Ignoring event type 1000156104
05-15 14:45:08.638 25921 25944 I Unity   : [XR] [485728508272] [14:45:08.638][Verbose] Ignoring event type 1000156103
05-15 14:45:08.638 25921 25944 I Unity   : [XR] [485728508272] [14:45:08.638][Verbose] Ignoring event type 1000156104
05-15 14:45:08.671 25921 25944 I Unity   : [XR] [485728508272] [14:45:08.671][Verbose] Ignoring event type 1000156103
05-15 14:45:08.671 25921 25944 I Unity   : [XR] [485728508272] [14:45:08.671][Verbose] Ignoring event type 1000156104
05-15 14:45:08.704 25921 25944 I Unity   : [XR] [485728508272] [14:45:08.704][Verbose] Ignoring event type 1000156103
05-15 14:45:08.705 25921 25944 I Unity   : [XR] [485728508272] [14:45:08.705][Verbose] Ignoring event type 1000156104
05-15 14:45:08.738 25921 25944 I Unity   : [XR] [485728508272] [14:45:08.738][Verbose] Ignoring event type 1000156103
05-15 14:45:08.738 25921 25944 I Unity   : [XR] [485728508272] [14:45:08.738][Verbose] Ignoring event type 1000156104
05-15 14:45:08.772 25921 25944 I Unity   : [XR] [485728508272] [14:45:08.772][Verbose] Ignoring event type 1000156103
05-15 14:45:08.772 25921 25944 I Unity   : [XR] [485728508272] [14:45:08.772][Verbose] Ignoring event type 1000156104
05-15 14:45:08.805 25921 25944 I Unity   : [XR] [485728508272] [14:45:08.805][Verbose] Ignoring event type 1000156103
05-15 14:45:08.805 25921 25944 I Unity   : [XR] [485728508272] [14:45:08.805][Verbose] Ignoring event type 1000156104
05-15 14:45:08.836 25921 25944 I Unity   : [XR] [485728508272] [14:45:08.836][Verbose] Ignoring event type 1000156103
05-15 14:45:08.836 25921 25944 I Unity   : [XR] [485728508272] [14:45:08.836][Verbose] Ignoring event type 1000156104
05-15 14:45:08.860 25921 25944 I Unity   : [XR] [485728508272] [14:45:08.860][Verbose] Ignoring event type 1000156103
05-15 14:45:08.860 25921 25944 I Unity   : [XR] [485728508272] [14:45:08.860][Verbose] Ignoring event type 1000156104
05-15 14:45:08.894 25921 25944 I Unity   : [XR] [485728508272] [14:45:08.894][Verbose] Ignoring event type 1000156103
05-15 14:45:08.894 25921 25944 I Unity   : [XR] [485728508272] [14:45:08.894][Verbose] Ignoring event type 1000156104
05-15 14:45:08.927 25921 25944 I Unity   : [XR] [485728508272] [14:45:08.927][Verbose] Ignoring event type 1000156103
05-15 14:45:08.928 25921 25944 I Unity   : [XR] [485728508272] [14:45:08.928][Verbose] Ignoring event type 1000156104
05-15 14:45:08.960 25921 25944 I Unity   : [XR] [485728508272] [14:45:08.960][Verbose] Ignoring event type 1000156103
05-15 14:45:08.961 25921 25944 I Unity   : [XR] [485728508272] [14:45:08.961][Verbose] Ignoring event type 1000156104
05-15 14:45:08.993 25921 25944 I Unity   : [XR] [485728508272] [14:45:08.993][Verbose] Ignoring event type 1000156103
05-15 14:45:08.993 25921 25944 I Unity   : [XR] [485728508272] [14:45:08.993][Verbose] Ignoring event type 1000156104
05-15 14:45:09.027 25921 25944 I Unity   : [XR] [485728508272] [14:45:09.027][Verbose] Ignoring event type 1000156103
05-15 14:45:09.027 25921 25944 I Unity   : [XR] [485728508272] [14:45:09.027][Verbose] Ignoring event type 1000156104
05-15 14:45:09.058 25921 25944 I Unity   : [XR] [485728508272] [14:45:09.058][Verbose] Ignoring event type 1000156103
05-15 14:45:09.058 25921 25944 I Unity   : [XR] [485728508272] [14:45:09.058][Verbose] Ignoring event type 1000156104
05-15 14:45:09.082 25921 25944 I Unity   : [XR] [485728508272] [14:45:09.082][Verbose] Ignoring event type 1000156103
05-15 14:45:09.083 25921 25944 I Unity   : [XR] [485728508272] [14:45:09.083][Verbose] Ignoring event type 1000156104
05-15 14:45:09.089 25921 26076 I VrApi   : FPS=90/90,Prd=38ms,Tear=0,Early=29,Stale=0,Stale2/5/10/max=0/0/0/0,VSnc=1,Lat=-1,Fov=0,CPU4/GPU=3/2,1651/456MHz,OC=3F,TA=0/0/0,SP=N/N/N,Mem=2736MHz,Free=870MB,PLS=1,Temp=43.0C/0.0C,TW=1.35ms,App=3.05ms,GD=0.00ms,CPU&GPU=7.25ms,LCnt=2(DR91,LM2),GPU%=0.42,CPU%=0.73(W0.95),DSF=1.01,CFL=11.68/16.02,ICFLp95=14.72,LD=0,SF=1.00,LP=0,DVFS=0
05-15 14:45:09.116 25921 25944 I Unity   : [XR] [485728508272] [14:45:09.116][Verbose] Ignoring event type 1000156103
05-15 14:45:09.116 25921 25944 I Unity   : [XR] [485728508272] [14:45:09.116][Verbose] Ignoring event type 1000156104
05-15 14:45:09.149 25921 25944 I Unity   : [XR] [485728508272] [14:45:09.149][Verbose] Ignoring event type 1000156103
05-15 14:45:09.149 25921 25944 I Unity   : [XR] [485728508272] [14:45:09.149][Verbose] Ignoring event type 1000156104
05-15 14:45:09.182 25921 25944 I Unity   : [XR] [485728508272] [14:45:09.182][Verbose] Ignoring event type 1000156103
05-15 14:45:09.183 25921 25944 I Unity   : [XR] [485728508272] [14:45:09.183][Verbose] Ignoring event type 1000156104
05-15 14:45:09.214 25921 25944 I Unity   : [XR] [485728508272] [14:45:09.214][Verbose] Ignoring event type 1000156103
05-15 14:45:09.214 25921 25944 I Unity   : [XR] [485728508272] [14:45:09.214][Verbose] Ignoring event type 1000156104
05-15 14:45:09.238 25921 25944 I Unity   : [XR] [485728508272] [14:45:09.238][Verbose] Ignoring event type 1000156103
05-15 14:45:09.239 25921 25944 I Unity   : [XR] [485728508272] [14:45:09.239][Verbose] Ignoring event type 1000156104
05-15 14:45:09.272 25921 25944 I Unity   : [XR] [485728508272] [14:45:09.272][Verbose] Ignoring event type 1000156103
05-15 14:45:09.272 25921 25944 I Unity   : [XR] [485728508272] [14:45:09.272][Verbose] Ignoring event type 1000156104
05-15 14:45:09.305 25921 25944 I Unity   : [XR] [485728508272] [14:45:09.305][Verbose] Ignoring event type 1000156103
05-15 14:45:09.305 25921 25944 I Unity   : [XR] [485728508272] [14:45:09.305][Verbose] Ignoring event type 1000156104
05-15 14:45:09.336 25921 25944 I Unity   : [XR] [485728508272] [14:45:09.336][Verbose] Ignoring event type 1000156103
05-15 14:45:09.336 25921 25944 I Unity   : [XR] [485728508272] [14:45:09.336][Verbose] Ignoring event type 1000156104
05-15 14:45:09.372 25921 25944 I Unity   : [XR] [485728508272] [14:45:09.372][Verbose] Ignoring event type 1000156103
05-15 14:45:09.372 25921 25944 I Unity   : [XR] [485728508272] [14:45:09.372][Verbose] Ignoring event type 1000156104
05-15 14:45:09.404 25921 25944 I Unity   : [XR] [485728508272] [14:45:09.404][Verbose] Ignoring event type 1000156103
05-15 14:45:09.404 25921 25944 I Unity   : [XR] [485728508272] [14:45:09.404][Verbose] Ignoring event type 1000156104
05-15 14:45:09.426 25921 25944 I Unity   : [XR] [485728508272] [14:45:09.426][Verbose] Ignoring event type 1000156103
05-15 14:45:09.427 25921 25944 I Unity   : [XR] [485728508272] [14:45:09.427][Verbose] Ignoring event type 1000156104
05-15 14:45:09.461 25921 25944 I Unity   : [XR] [485728508272] [14:45:09.461][Verbose] Ignoring event type 1000156103
05-15 14:45:09.462 25921 25944 I Unity   : [XR] [485728508272] [14:45:09.462][Verbose] Ignoring event type 1000156104
05-15 14:45:09.493 25921 25944 I Unity   : [XR] [485728508272] [14:45:09.493][Verbose] Ignoring event type 1000156103
05-15 14:45:09.493 25921 25944 I Unity   : [XR] [485728508272] [14:45:09.493][Verbose] Ignoring event type 1000156104
05-15 14:45:09.527 25921 25944 I Unity   : [XR] [485728508272] [14:45:09.527][Verbose] Ignoring event type 1000156103
05-15 14:45:09.527 25921 25944 I Unity   : [XR] [485728508272] [14:45:09.527][Verbose] Ignoring event type 1000156104
05-15 14:45:09.559 25921 25944 I Unity   : [XR] [485728508272] [14:45:09.559][Verbose] Ignoring event type 1000156103
05-15 14:45:09.559 25921 25944 I Unity   : [XR] [485728508272] [14:45:09.559][Verbose] Ignoring event type 1000156104
05-15 14:45:09.582 25921 25944 I Unity   : [XR] [485728508272] [14:45:09.582][Verbose] Ignoring event type 1000156103
05-15 14:45:09.582 25921 25944 I Unity   : [XR] [485728508272] [14:45:09.582][Verbose] Ignoring event type 1000156104
05-15 14:45:09.615 25921 25944 I Unity   : [XR] [485728508272] [14:45:09.615][Verbose] Ignoring event type 1000156103
05-15 14:45:09.615 25921 25944 I Unity   : [XR] [485728508272] [14:45:09.615][Verbose] Ignoring event type 1000156104
05-15 14:45:09.648 25921 25944 I Unity   : [XR] [485728508272] [14:45:09.648][Verbose] Ignoring event type 1000156103
05-15 14:45:09.648 25921 25944 I Unity   : [XR] [485728508272] [14:45:09.648][Verbose] Ignoring event type 1000156104
05-15 14:45:09.671 25921 25944 I Unity   : [XR] [485728508272] [14:45:09.671][Verbose] Ignoring event type 1000156103
05-15 14:45:09.671 25921 25944 I Unity   : [XR] [485728508272] [14:45:09.671][Verbose] Ignoring event type 1000156104
05-15 14:45:09.705 25921 25944 I Unity   : [XR] [485728508272] [14:45:09.705][Verbose] Ignoring event type 1000156103
05-15 14:45:09.706 25921 25944 I Unity   : [XR] [485728508272] [14:45:09.706][Verbose] Ignoring event type 1000156104
05-15 14:45:09.738 25921 25944 I Unity   : [XR] [485728508272] [14:45:09.738][Verbose] Ignoring event type 1000156103
05-15 14:45:09.738 25921 25944 I Unity   : [XR] [485728508272] [14:45:09.738][Verbose] Ignoring event type 1000156104
05-15 14:45:09.770 25921 25944 I Unity   : [XR] [485728508272] [14:45:09.769][Verbose] Ignoring event type 1000156103
05-15 14:45:09.770 25921 25944 I Unity   : [XR] [485728508272] [14:45:09.770][Verbose] Ignoring event type 1000156104
05-15 14:45:09.806 25921 25944 I Unity   : [XR] [485728508272] [14:45:09.806][Verbose] Ignoring event type 1000156103
05-15 14:45:09.806 25921 25944 I Unity   : [XR] [485728508272] [14:45:09.806][Verbose] Ignoring event type 1000156104
05-15 14:45:09.839 25921 25944 I Unity   : [XR] [485728508272] [14:45:09.839][Verbose] Ignoring event type 1000156103
05-15 14:45:09.839 25921 25944 I Unity   : [XR] [485728508272] [14:45:09.839][Verbose] Ignoring event type 1000156104
05-15 14:45:09.871 25921 25944 I Unity   : [XR] [485728508272] [14:45:09.871][Verbose] Ignoring event type 1000156103
05-15 14:45:09.871 25921 25944 I Unity   : [XR] [485728508272] [14:45:09.871][Verbose] Ignoring event type 1000156104
05-15 14:45:09.904 25921 25944 I Unity   : [XR] [485728508272] [14:45:09.904][Verbose] Ignoring event type 1000156103
05-15 14:45:09.904 25921 25944 I Unity   : [XR] [485728508272] [14:45:09.904][Verbose] Ignoring event type 1000156104
05-15 14:45:09.938 25921 25944 I Unity   : [XR] [485728508272] [14:45:09.938][Verbose] Ignoring event type 1000156103
05-15 14:45:09.938 25921 25944 I Unity   : [XR] [485728508272] [14:45:09.938][Verbose] Ignoring event type 1000156104
05-15 14:45:09.971 25921 25944 I Unity   : [XR] [485728508272] [14:45:09.971][Verbose] Ignoring event type 1000156103
05-15 14:45:09.971 25921 25944 I Unity   : [XR] [485728508272] [14:45:09.971][Verbose] Ignoring event type 1000156104
05-15 14:45:10.004 25921 25944 I Unity   : [XR] [485728508272] [14:45:10.004][Verbose] Ignoring event type 1000156103
05-15 14:45:10.004 25921 25944 I Unity   : [XR] [485728508272] [14:45:10.004][Verbose] Ignoring event type 1000156104
05-15 14:45:10.038 25921 25944 I Unity   : [XR] [485728508272] [14:45:10.038][Verbose] Ignoring event type 1000156103
05-15 14:45:10.038 25921 25944 I Unity   : [XR] [485728508272] [14:45:10.038][Verbose] Ignoring event type 1000156104
05-15 14:45:10.071 25921 25944 I Unity   : [XR] [485728508272] [14:45:10.071][Verbose] Ignoring event type 1000156103
05-15 14:45:10.071 25921 25944 I Unity   : [XR] [485728508272] [14:45:10.071][Verbose] Ignoring event type 1000156104
05-15 14:45:10.089 25921 26076 I VrApi   : FPS=91/90,Prd=38ms,Tear=0,Early=30,Stale=0,Stale2/5/10/max=0/0/0/0,VSnc=1,Lat=-1,Fov=0,CPU4/GPU=3/2,1651/456MHz,OC=3F,TA=0/0/0,SP=N/N/N,Mem=2736MHz,Free=870MB,PLS=1,Temp=43.0C/0.0C,TW=1.34ms,App=3.11ms,GD=0.00ms,CPU&GPU=7.28ms,LCnt=2(DR90,LM2),GPU%=0.43,CPU%=0.71(W0.80),DSF=1.01,CFL=11.39/15.88,ICFLp95=14.56,LD=0,SF=1.00,LP=0,DVFS=0
05-15 14:45:10.105 25921 25944 I Unity   : [XR] [485728508272] [14:45:10.105][Verbose] Ignoring event type 1000156103
05-15 14:45:10.105 25921 25944 I Unity   : [XR] [485728508272] [14:45:10.105][Verbose] Ignoring event type 1000156104
05-15 14:45:10.139 25921 25944 I Unity   : [XR] [485728508272] [14:45:10.138][Verbose] Ignoring event type 1000156103
05-15 14:45:10.139 25921 25944 I Unity   : [XR] [485728508272] [14:45:10.139][Verbose] Ignoring event type 1000156104
