05-15 14:43:11.904 25921 25944 I Unity   : Starting test run 2 for none with passthrough False
05-15 14:43:11.904 25921 25944 I Unity   : <ExecuteTests>d__48:MoveNext()
05-15 14:43:11.904 25921 25944 I Unity   : UnityEngine.SetupCoroutine:InvokeMoveNext(IEnumerator, IntPtr)
05-15 14:43:11.904 25921 25944 I Unity   : 
05-15 14:43:11.904 25921 25944 I Unity   : Recording starting none-False-2024-05-15_14-43-11
05-15 14:43:11.904 25921 25944 I Unity   : <ExecuteTest>d__49:MoveNext()
05-15 14:43:11.904 25921 25944 I Unity   : UnityEngine.SetupCoroutine:InvokeMoveNext(IEnumerator, IntPtr)
05-15 14:43:11.904 25921 25944 I Unity   : 
05-15 14:43:11.905 25921 25944 I Unity   : Starting recording!
05-15 14:43:11.905 25921 25944 I Unity   : AutomatedTest:StartRecording()
05-15 14:43:11.905 25921 25944 I Unity   : <ExecuteTest>d__49:MoveNext()
05-15 14:43:11.905 25921 25944 I Unity   : UnityEngine.SetupCoroutine:InvokeMoveNext(IEnumerator, IntPtr)
05-15 14:43:11.905 25921 25944 I Unity   : 
05-15 14:43:11.925 25921 25944 I Unity   : [XR] [485728508272] [14:43:11.925][Verbose] Ignoring event type 1000156103
05-15 14:43:11.925 25921 25944 I Unity   : [XR] [485728508272] [14:43:11.925][Verbose] Ignoring event type 1000156104
05-15 14:43:11.956 25921 25944 I Unity   : [XR] [485728508272] [14:43:11.956][Verbose] Ignoring event type 1000156103
05-15 14:43:11.956 25921 25944 I Unity   : [XR] [485728508272] [14:43:11.956][Verbose] Ignoring event type 1000156104
05-15 14:43:11.980 25921 25944 I Unity   : [XR] [485728508272] [14:43:11.980][Verbose] Ignoring event type 1000156103
05-15 14:43:11.981 25921 25944 I Unity   : [XR] [485728508272] [14:43:11.980][Verbose] Ignoring event type 1000156104
05-15 14:43:12.013 25921 25944 I Unity   : [XR] [485728508272] [14:43:12.013][Verbose] Ignoring event type 1000156103
05-15 14:43:12.013 25921 25944 I Unity   : [XR] [485728508272] [14:43:12.013][Verbose] Ignoring event type 1000156104
05-15 14:43:12.047 25921 25944 I Unity   : [XR] [485728508272] [14:43:12.047][Verbose] Ignoring event type 1000156103
05-15 14:43:12.047 25921 25944 I Unity   : [XR] [485728508272] [14:43:12.047][Verbose] Ignoring event type 1000156104
05-15 14:43:12.066 25921 26076 I VrApi   : FPS=91/90,Prd=41ms,Tear=0,Early=32,Stale=0,Stale2/5/10/max=0/0/0/0,VSnc=1,Lat=-1,Fov=0,CPU4/GPU=3/2,1651/456MHz,OC=3F,TA=0/0/0,SP=N/N/N,Mem=2736MHz,Free=979MB,PLS=1,Temp=42.0C/0.0C,TW=1.37ms,App=5.57ms,GD=0.00ms,CPU&GPU=9.30ms,LCnt=2(DR91,LM2),GPU%=0.60,CPU%=0.65(W0.73),DSF=1.01,CFL=11.76/16.42,ICFLp95=15.08,LD=0,SF=1.00,LP=0,DVFS=0
05-15 14:43:12.080 25921 25944 I Unity   : [XR] [485728508272] [14:43:12.080][Verbose] Ignoring event type 1000156103
05-15 14:43:12.081 25921 25944 I Unity   : [XR] [485728508272] [14:43:12.081][Verbose] Ignoring event type 1000156104
05-15 14:43:12.103 25921 25944 I Unity   : [XR] [485728508272] [14:43:12.103][Verbose] Ignoring event type 1000156103
05-15 14:43:12.103 25921 25944 I Unity   : [XR] [485728508272] [14:43:12.103][Verbose] Ignoring event type 1000156104
05-15 14:43:12.136 25921 25944 I Unity   : [XR] [485728508272] [14:43:12.136][Verbose] Ignoring event type 1000156103
05-15 14:43:12.136 25921 25944 I Unity   : [XR] [485728508272] [14:43:12.136][Verbose] Ignoring event type 1000156104
05-15 14:43:12.169 25921 25944 I Unity   : [XR] [485728508272] [14:43:12.169][Verbose] Ignoring event type 1000156103
05-15 14:43:12.169 25921 25944 I Unity   : [XR] [485728508272] [14:43:12.169][Verbose] Ignoring event type 1000156104
05-15 14:43:12.203 25921 25944 I Unity   : [XR] [485728508272] [14:43:12.203][Verbose] Ignoring event type 1000156103
05-15 14:43:12.203 25921 25944 I Unity   : [XR] [485728508272] [14:43:12.203][Verbose] Ignoring event type 1000156104
05-15 14:43:12.236 25921 25944 I Unity   : [XR] [485728508272] [14:43:12.236][Verbose] Ignoring event type 1000156103
05-15 14:43:12.236 25921 25944 I Unity   : [XR] [485728508272] [14:43:12.236][Verbose] Ignoring event type 1000156104
05-15 14:43:12.270 25921 25944 I Unity   : [XR] [485728508272] [14:43:12.270][Verbose] Ignoring event type 1000156103
05-15 14:43:12.270 25921 25944 I Unity   : [XR] [485728508272] [14:43:12.270][Verbose] Ignoring event type 1000156104
05-15 14:43:12.303 25921 25944 I Unity   : [XR] [485728508272] [14:43:12.302][Verbose] Ignoring event type 1000156103
05-15 14:43:12.303 25921 25944 I Unity   : [XR] [485728508272] [14:43:12.303][Verbose] Ignoring event type 1000156104
05-15 14:43:12.336 25921 25944 I Unity   : [XR] [485728508272] [14:43:12.336][Verbose] Ignoring event type 1000156103
05-15 14:43:12.336 25921 25944 I Unity   : [XR] [485728508272] [14:43:12.336][Verbose] Ignoring event type 1000156104
05-15 14:43:12.358 25921 25944 I Unity   : [XR] [485728508272] [14:43:12.358][Verbose] Ignoring event type 1000156103
05-15 14:43:12.358 25921 25944 I Unity   : [XR] [485728508272] [14:43:12.358][Verbose] Ignoring event type 1000156104
05-15 14:43:12.391 25921 25944 I Unity   : [XR] [485728508272] [14:43:12.391][Verbose] Ignoring event type 1000156103
05-15 14:43:12.391 25921 25944 I Unity   : [XR] [485728508272] [14:43:12.391][Verbose] Ignoring event type 1000156104
05-15 14:43:12.425 25921 25944 I Unity   : [XR] [485728508272] [14:43:12.425][Verbose] Ignoring event type 1000156103
05-15 14:43:12.425 25921 25944 I Unity   : [XR] [485728508272] [14:43:12.425][Verbose] Ignoring event type 1000156104
05-15 14:43:12.446 25921 25944 I Unity   : [XR] [485728508272] [14:43:12.446][Verbose] Ignoring event type 1000156103
05-15 14:43:12.447 25921 25944 I Unity   : [XR] [485728508272] [14:43:12.447][Verbose] Ignoring event type 1000156104
05-15 14:43:12.478 25921 25944 I Unity   : [XR] [485728508272] [14:43:12.478][Verbose] Ignoring event type 1000156103
05-15 14:43:12.479 25921 25944 I Unity   : [XR] [485728508272] [14:43:12.479][Verbose] Ignoring event type 1000156104
05-15 14:43:12.503 25921 25944 I Unity   : [XR] [485728508272] [14:43:12.503][Verbose] Ignoring event type 1000156103
05-15 14:43:12.503 25921 25944 I Unity   : [XR] [485728508272] [14:43:12.503][Verbose] Ignoring event type 1000156104
05-15 14:43:12.536 25921 25944 I Unity   : [XR] [485728508272] [14:43:12.536][Verbose] Ignoring event type 1000156103
05-15 14:43:12.536 25921 25944 I Unity   : [XR] [485728508272] [14:43:12.536][Verbose] Ignoring event type 1000156104
05-15 14:43:12.569 25921 25944 I Unity   : [XR] [485728508272] [14:43:12.569][Verbose] Ignoring event type 1000156103
05-15 14:43:12.570 25921 25944 I Unity   : [XR] [485728508272] [14:43:12.570][Verbose] Ignoring event type 1000156104
05-15 14:43:12.601 25921 25944 I Unity   : [XR] [485728508272] [14:43:12.601][Verbose] Ignoring event type 1000156103
05-15 14:43:12.601 25921 25944 I Unity   : [XR] [485728508272] [14:43:12.601][Verbose] Ignoring event type 1000156104
05-15 14:43:12.626 25921 25944 I Unity   : [XR] [485728508272] [14:43:12.625][Verbose] Ignoring event type 1000156103
05-15 14:43:12.626 25921 25944 I Unity   : [XR] [485728508272] [14:43:12.626][Verbose] Ignoring event type 1000156104
05-15 14:43:12.657 25921 25944 I Unity   : [XR] [485728508272] [14:43:12.657][Verbose] Ignoring event type 1000156103
05-15 14:43:12.657 25921 25944 I Unity   : [XR] [485728508272] [14:43:12.657][Verbose] Ignoring event type 1000156104
05-15 14:43:12.692 25921 25944 I Unity   : [XR] [485728508272] [14:43:12.692][Verbose] Ignoring event type 1000156103
05-15 14:43:12.692 25921 25944 I Unity   : [XR] [485728508272] [14:43:12.692][Verbose] Ignoring event type 1000156104
05-15 14:43:12.726 25921 25944 I Unity   : [XR] [485728508272] [14:43:12.726][Verbose] Ignoring event type 1000156103
05-15 14:43:12.726 25921 25944 I Unity   : [XR] [485728508272] [14:43:12.726][Verbose] Ignoring event type 1000156104
05-15 14:43:12.756 25921 25944 I Unity   : [XR] [485728508272] [14:43:12.756][Verbose] Ignoring event type 1000156103
05-15 14:43:12.757 25921 25944 I Unity   : [XR] [485728508272] [14:43:12.756][Verbose] Ignoring event type 1000156104
05-15 14:43:12.781 25921 25944 I Unity   : [XR] [485728508272] [14:43:12.781][Verbose] Ignoring event type 1000156103
05-15 14:43:12.781 25921 25944 I Unity   : [XR] [485728508272] [14:43:12.781][Verbose] Ignoring event type 1000156104
05-15 14:43:12.825 25921 25944 I Unity   : [XR] [485728508272] [14:43:12.825][Verbose] Ignoring event type 1000156103
05-15 14:43:12.825 25921 25944 I Unity   : [XR] [485728508272] [14:43:12.825][Verbose] Ignoring event type 1000156104
05-15 14:43:12.858 25921 25944 I Unity   : [XR] [485728508272] [14:43:12.858][Verbose] Ignoring event type 1000156103
05-15 14:43:12.858 25921 25944 I Unity   : [XR] [485728508272] [14:43:12.858][Verbose] Ignoring event type 1000156104
05-15 14:43:12.891 25921 25944 I Unity   : [XR] [485728508272] [14:43:12.891][Verbose] Ignoring event type 1000156103
05-15 14:43:12.891 25921 25944 I Unity   : [XR] [485728508272] [14:43:12.891][Verbose] Ignoring event type 1000156104
05-15 14:43:12.923 25921 25944 I Unity   : [XR] [485728508272] [14:43:12.923][Verbose] Ignoring event type 1000156103
05-15 14:43:12.923 25921 25944 I Unity   : [XR] [485728508272] [14:43:12.923][Verbose] Ignoring event type 1000156104
05-15 14:43:12.947 25921 25944 I Unity   : [XR] [485728508272] [14:43:12.947][Verbose] Ignoring event type 1000156103
05-15 14:43:12.947 25921 25944 I Unity   : [XR] [485728508272] [14:43:12.947][Verbose] Ignoring event type 1000156104
05-15 14:43:12.979 25921 25944 I Unity   : [XR] [485728508272] [14:43:12.979][Verbose] Ignoring event type 1000156103
05-15 14:43:12.979 25921 25944 I Unity   : [XR] [485728508272] [14:43:12.979][Verbose] Ignoring event type 1000156104
05-15 14:43:13.014 25921 25944 I Unity   : [XR] [485728508272] [14:43:13.014][Verbose] Ignoring event type 1000156103
05-15 14:43:13.014 25921 25944 I Unity   : [XR] [485728508272] [14:43:13.014][Verbose] Ignoring event type 1000156104
05-15 14:43:13.047 25921 25944 I Unity   : [XR] [485728508272] [14:43:13.047][Verbose] Ignoring event type 1000156103
05-15 14:43:13.047 25921 25944 I Unity   : [XR] [485728508272] [14:43:13.047][Verbose] Ignoring event type 1000156104
05-15 14:43:13.066 25921 26076 I VrApi   : FPS=90/90,Prd=40ms,Tear=1,Early=37,Stale=0,Stale2/5/10/max=0/0/0/0,VSnc=1,Lat=-1,Fov=0,CPU4/GPU=3/2,1651/456MHz,OC=3F,TA=0/0/0,SP=N/N/N,Mem=2736MHz,Free=979MB,PLS=1,Temp=42.0C/0.0C,TW=1.37ms,App=4.40ms,GD=0.00ms,CPU&GPU=9.51ms,LCnt=2(DR91,LM2),GPU%=0.56,CPU%=0.65(W0.71),DSF=1.01,CFL=11.75/16.12,ICFLp95=15.14,LD=0,SF=1.00,LP=0,DVFS=0
05-15 14:43:13.080 25921 25944 I Unity   : [XR] [485728508272] [14:43:13.080][Verbose] Ignoring event type 1000156103
05-15 14:43:13.080 25921 25944 I Unity   : [XR] [485728508272] [14:43:13.080][Verbose] Ignoring event type 1000156104
05-15 14:43:13.112 25921 25944 I Unity   : [XR] [485728508272] [14:43:13.112][Verbose] Ignoring event type 1000156103
05-15 14:43:13.112 25921 25944 I Unity   : [XR] [485728508272] [14:43:13.112][Verbose] Ignoring event type 1000156104
05-15 14:43:13.137 25921 25944 I Unity   : [XR] [485728508272] [14:43:13.137][Verbose] Ignoring event type 1000156103
05-15 14:43:13.137 25921 25944 I Unity   : [XR] [485728508272] [14:43:13.137][Verbose] Ignoring event type 1000156104
05-15 14:43:13.168 25921 25944 I Unity   : [XR] [485728508272] [14:43:13.168][Verbose] Ignoring event type 1000156103
05-15 14:43:13.168 25921 25944 I Unity   : [XR] [485728508272] [14:43:13.168][Verbose] Ignoring event type 1000156104
05-15 14:43:13.201 25921 25944 I Unity   : [XR] [485728508272] [14:43:13.201][Verbose] Ignoring event type 1000156103
05-15 14:43:13.201 25921 25944 I Unity   : [XR] [485728508272] [14:43:13.201][Verbose] Ignoring event type 1000156104
05-15 14:43:13.225 25921 25944 I Unity   : [XR] [485728508272] [14:43:13.225][Verbose] Ignoring event type 1000156103
05-15 14:43:13.225 25921 25944 I Unity   : [XR] [485728508272] [14:43:13.225][Verbose] Ignoring event type 1000156104
05-15 14:43:13.258 25921 25944 I Unity   : [XR] [485728508272] [14:43:13.258][Verbose] Ignoring event type 1000156103
05-15 14:43:13.259 25921 25944 I Unity   : [XR] [485728508272] [14:43:13.259][Verbose] Ignoring event type 1000156104
05-15 14:43:13.291 25921 25944 I Unity   : [XR] [485728508272] [14:43:13.291][Verbose] Ignoring event type 1000156103
05-15 14:43:13.291 25921 25944 I Unity   : [XR] [485728508272] [14:43:13.291][Verbose] Ignoring event type 1000156104
05-15 14:43:13.324 25921 25944 I Unity   : [XR] [485728508272] [14:43:13.324][Verbose] Ignoring event type 1000156103
05-15 14:43:13.324 25921 25944 I Unity   : [XR] [485728508272] [14:43:13.324][Verbose] Ignoring event type 1000156104
05-15 14:43:13.347 25921 25944 I Unity   : [XR] [485728508272] [14:43:13.347][Verbose] Ignoring event type 1000156103
05-15 14:43:13.347 25921 25944 I Unity   : [XR] [485728508272] [14:43:13.347][Verbose] Ignoring event type 1000156104
05-15 14:43:13.382 25921 25944 I Unity   : [XR] [485728508272] [14:43:13.382][Verbose] Ignoring event type 1000156103
05-15 14:43:13.382 25921 25944 I Unity   : [XR] [485728508272] [14:43:13.382][Verbose] Ignoring event type 1000156104
05-15 14:43:13.434 25921 25944 I Unity   : [XR] [485728508272] [14:43:13.434][Verbose] Ignoring event type 1000156103
05-15 14:43:13.434 25921 25944 I Unity   : [XR] [485728508272] [14:43:13.434][Verbose] Ignoring event type 1000156104
05-15 14:43:13.467 25921 25944 I Unity   : [XR] [485728508272] [14:43:13.467][Verbose] Ignoring event type 1000156103
05-15 14:43:13.467 25921 25944 I Unity   : [XR] [485728508272] [14:43:13.467][Verbose] Ignoring event type 1000156104
05-15 14:43:13.502 25921 25944 I Unity   : [XR] [485728508272] [14:43:13.502][Verbose] Ignoring event type 1000156103
05-15 14:43:13.502 25921 25944 I Unity   : [XR] [485728508272] [14:43:13.502][Verbose] Ignoring event type 1000156104
05-15 14:43:13.535 25921 25944 I Unity   : [XR] [485728508272] [14:43:13.535][Verbose] Ignoring event type 1000156103
05-15 14:43:13.536 25921 25944 I Unity   : [XR] [485728508272] [14:43:13.536][Verbose] Ignoring event type 1000156104
05-15 14:43:13.569 25921 25944 I Unity   : [XR] [485728508272] [14:43:13.569][Verbose] Ignoring event type 1000156103
05-15 14:43:13.569 25921 25944 I Unity   : [XR] [485728508272] [14:43:13.569][Verbose] Ignoring event type 1000156104
05-15 14:43:13.602 25921 25944 I Unity   : [XR] [485728508272] [14:43:13.602][Verbose] Ignoring event type 1000156103
05-15 14:43:13.603 25921 25944 I Unity   : [XR] [485728508272] [14:43:13.603][Verbose] Ignoring event type 1000156104
05-15 14:43:13.635 25921 25944 I Unity   : [XR] [485728508272] [14:43:13.635][Verbose] Ignoring event type 1000156103
05-15 14:43:13.635 25921 25944 I Unity   : [XR] [485728508272] [14:43:13.635][Verbose] Ignoring event type 1000156104
05-15 14:43:13.658 25921 25944 I Unity   : [XR] [485728508272] [14:43:13.658][Verbose] Ignoring event type 1000156103
05-15 14:43:13.658 25921 25944 I Unity   : [XR] [485728508272] [14:43:13.658][Verbose] Ignoring event type 1000156104
05-15 14:43:13.691 25921 25944 I Unity   : [XR] [485728508272] [14:43:13.691][Verbose] Ignoring event type 1000156103
05-15 14:43:13.691 25921 25944 I Unity   : [XR] [485728508272] [14:43:13.691][Verbose] Ignoring event type 1000156104
05-15 14:43:13.725 25921 25944 I Unity   : [XR] [485728508272] [14:43:13.725][Verbose] Ignoring event type 1000156103
05-15 14:43:13.725 25921 25944 I Unity   : [XR] [485728508272] [14:43:13.725][Verbose] Ignoring event type 1000156104
05-15 14:43:13.758 25921 25944 I Unity   : [XR] [485728508272] [14:43:13.758][Verbose] Ignoring event type 1000156103
05-15 14:43:13.758 25921 25944 I Unity   : [XR] [485728508272] [14:43:13.758][Verbose] Ignoring event type 1000156104
05-15 14:43:13.790 25921 25944 I Unity   : [XR] [485728508272] [14:43:13.790][Verbose] Ignoring event type 1000156103
05-15 14:43:13.790 25921 25944 I Unity   : [XR] [485728508272] [14:43:13.790][Verbose] Ignoring event type 1000156104
05-15 14:43:13.812 25921 25944 I Unity   : [XR] [485728508272] [14:43:13.812][Verbose] Ignoring event type 1000156103
05-15 14:43:13.813 25921 25944 I Unity   : [XR] [485728508272] [14:43:13.813][Verbose] Ignoring event type 1000156104
05-15 14:43:13.837 25921 25944 I Unity   : [XR] [485728508272] [14:43:13.837][Verbose] Ignoring event type 1000156103
05-15 14:43:13.837 25921 25944 I Unity   : [XR] [485728508272] [14:43:13.837][Verbose] Ignoring event type 1000156104
05-15 14:43:13.870 25921 25944 I Unity   : [XR] [485728508272] [14:43:13.870][Verbose] Ignoring event type 1000156103
05-15 14:43:13.870 25921 25944 I Unity   : [XR] [485728508272] [14:43:13.870][Verbose] Ignoring event type 1000156104
05-15 14:43:13.903 25921 25944 I Unity   : [XR] [485728508272] [14:43:13.902][Verbose] Ignoring event type 1000156103
05-15 14:43:13.903 25921 25944 I Unity   : [XR] [485728508272] [14:43:13.903][Verbose] Ignoring event type 1000156104
05-15 14:43:13.936 25921 25944 I Unity   : [XR] [485728508272] [14:43:13.936][Verbose] Ignoring event type 1000156103
05-15 14:43:13.937 25921 25944 I Unity   : [XR] [485728508272] [14:43:13.937][Verbose] Ignoring event type 1000156104
05-15 14:43:13.969 25921 25944 I Unity   : [XR] [485728508272] [14:43:13.969][Verbose] Ignoring event type 1000156103
05-15 14:43:13.969 25921 25944 I Unity   : [XR] [485728508272] [14:43:13.969][Verbose] Ignoring event type 1000156104
05-15 14:43:14.003 25921 25944 I Unity   : [XR] [485728508272] [14:43:14.003][Verbose] Ignoring event type 1000156103
05-15 14:43:14.003 25921 25944 I Unity   : [XR] [485728508272] [14:43:14.003][Verbose] Ignoring event type 1000156104
05-15 14:43:14.035 25921 25944 I Unity   : [XR] [485728508272] [14:43:14.035][Verbose] Ignoring event type 1000156103
05-15 14:43:14.035 25921 25944 I Unity   : [XR] [485728508272] [14:43:14.035][Verbose] Ignoring event type 1000156104
05-15 14:43:14.057 25921 25944 I Unity   : [XR] [485728508272] [14:43:14.057][Verbose] Ignoring event type 1000156103
05-15 14:43:14.057 25921 25944 I Unity   : [XR] [485728508272] [14:43:14.057][Verbose] Ignoring event type 1000156104
05-15 14:43:14.066 25921 26076 I VrApi   : FPS=90/90,Prd=40ms,Tear=0,Early=33,Stale=0,Stale2/5/10/max=0/0/0/0,VSnc=1,Lat=-1,Fov=0,CPU4/GPU=3/2,1651/456MHz,OC=3F,TA=0/0/0,SP=N/N/N,Mem=2736MHz,Free=979MB,PLS=1,Temp=42.0C/0.0C,TW=1.38ms,App=5.70ms,GD=0.00ms,CPU&GPU=10.64ms,LCnt=2(DR90,LM2),GPU%=0.57,CPU%=0.68(W0.73),DSF=1.01,CFL=12.04/16.31,ICFLp95=15.04,LD=0,SF=1.00,LP=0,DVFS=0
05-15 14:43:14.093 25921 25944 I Unity   : [XR] [485728508272] [14:43:14.093][Verbose] Ignoring event type 1000156103
05-15 14:43:14.093 25921 25944 I Unity   : [XR] [485728508272] [14:43:14.093][Verbose] Ignoring event type 1000156104
05-15 14:43:14.126 25921 25944 I Unity   : [XR] [485728508272] [14:43:14.126][Verbose] Ignoring event type 1000156103
05-15 14:43:14.126 25921 25944 I Unity   : [XR] [485728508272] [14:43:14.126][Verbose] Ignoring event type 1000156104
05-15 14:43:14.147 25921 25944 I Unity   : [XR] [485728508272] [14:43:14.147][Verbose] Ignoring event type 1000156103
05-15 14:43:14.147 25921 25944 I Unity   : [XR] [485728508272] [14:43:14.147][Verbose] Ignoring event type 1000156104
05-15 14:43:14.181 25921 25944 I Unity   : [XR] [485728508272] [14:43:14.181][Verbose] Ignoring event type 1000156103
05-15 14:43:14.181 25921 25944 I Unity   : [XR] [485728508272] [14:43:14.181][Verbose] Ignoring event type 1000156104
05-15 14:43:14.214 25921 25944 I Unity   : [XR] [485728508272] [14:43:14.214][Verbose] Ignoring event type 1000156103
05-15 14:43:14.214 25921 25944 I Unity   : [XR] [485728508272] [14:43:14.214][Verbose] Ignoring event type 1000156104
05-15 14:43:14.245 25921 25944 I Unity   : [XR] [485728508272] [14:43:14.245][Verbose] Ignoring event type 1000156103
05-15 14:43:14.245 25921 25944 I Unity   : [XR] [485728508272] [14:43:14.245][Verbose] Ignoring event type 1000156104
05-15 14:43:14.269 25921 25944 I Unity   : [XR] [485728508272] [14:43:14.269][Verbose] Ignoring event type 1000156103
05-15 14:43:14.269 25921 25944 I Unity   : [XR] [485728508272] [14:43:14.269][Verbose] Ignoring event type 1000156104
05-15 14:43:14.300 25921 25944 I Unity   : [XR] [485728508272] [14:43:14.300][Verbose] Ignoring event type 1000156103
05-15 14:43:14.300 25921 25944 I Unity   : [XR] [485728508272] [14:43:14.300][Verbose] Ignoring event type 1000156104
05-15 14:43:14.324 25921 25944 I Unity   : [XR] [485728508272] [14:43:14.324][Verbose] Ignoring event type 1000156103
05-15 14:43:14.324 25921 25944 I Unity   : [XR] [485728508272] [14:43:14.324][Verbose] Ignoring event type 1000156104
05-15 14:43:14.348 25921 25944 I Unity   : [XR] [485728508272] [14:43:14.348][Verbose] Ignoring event type 1000156103
05-15 14:43:14.348 25921 25944 I Unity   : [XR] [485728508272] [14:43:14.348][Verbose] Ignoring event type 1000156104
05-15 14:43:14.381 25921 25944 I Unity   : [XR] [485728508272] [14:43:14.381][Verbose] Ignoring event type 1000156103
05-15 14:43:14.381 25921 25944 I Unity   : [XR] [485728508272] [14:43:14.381][Verbose] Ignoring event type 1000156104
05-15 14:43:14.414 25921 25944 I Unity   : [XR] [485728508272] [14:43:14.414][Verbose] Ignoring event type 1000156103
05-15 14:43:14.414 25921 25944 I Unity   : [XR] [485728508272] [14:43:14.414][Verbose] Ignoring event type 1000156104
05-15 14:43:14.447 25921 25944 I Unity   : [XR] [485728508272] [14:43:14.447][Verbose] Ignoring event type 1000156103
05-15 14:43:14.447 25921 25944 I Unity   : [XR] [485728508272] [14:43:14.447][Verbose] Ignoring event type 1000156104
05-15 14:43:14.479 25921 25944 I Unity   : [XR] [485728508272] [14:43:14.479][Verbose] Ignoring event type 1000156103
05-15 14:43:14.480 25921 25944 I Unity   : [XR] [485728508272] [14:43:14.480][Verbose] Ignoring event type 1000156104
05-15 14:43:14.503 25921 25944 I Unity   : [XR] [485728508272] [14:43:14.503][Verbose] Ignoring event type 1000156103
05-15 14:43:14.503 25921 25944 I Unity   : [XR] [485728508272] [14:43:14.503][Verbose] Ignoring event type 1000156104
05-15 14:43:14.537 25921 25944 I Unity   : [XR] [485728508272] [14:43:14.537][Verbose] Ignoring event type 1000156103
05-15 14:43:14.537 25921 25944 I Unity   : [XR] [485728508272] [14:43:14.537][Verbose] Ignoring event type 1000156104
05-15 14:43:14.570 25921 25944 I Unity   : [XR] [485728508272] [14:43:14.570][Verbose] Ignoring event type 1000156103
05-15 14:43:14.570 25921 25944 I Unity   : [XR] [485728508272] [14:43:14.570][Verbose] Ignoring event type 1000156104
05-15 14:43:14.603 25921 25944 I Unity   : [XR] [485728508272] [14:43:14.603][Verbose] Ignoring event type 1000156103
05-15 14:43:14.603 25921 25944 I Unity   : [XR] [485728508272] [14:43:14.603][Verbose] Ignoring event type 1000156104
05-15 14:43:14.636 25921 25944 I Unity   : [XR] [485728508272] [14:43:14.636][Verbose] Ignoring event type 1000156103
05-15 14:43:14.636 25921 25944 I Unity   : [XR] [485728508272] [14:43:14.636][Verbose] Ignoring event type 1000156104
05-15 14:43:14.669 25921 25944 I Unity   : [XR] [485728508272] [14:43:14.669][Verbose] Ignoring event type 1000156103
05-15 14:43:14.670 25921 25944 I Unity   : [XR] [485728508272] [14:43:14.670][Verbose] Ignoring event type 1000156104
05-15 14:43:14.703 25921 25944 I Unity   : [XR] [485728508272] [14:43:14.703][Verbose] Ignoring event type 1000156103
05-15 14:43:14.703 25921 25944 I Unity   : [XR] [485728508272] [14:43:14.703][Verbose] Ignoring event type 1000156104
05-15 14:43:14.736 25921 25944 I Unity   : [XR] [485728508272] [14:43:14.736][Verbose] Ignoring event type 1000156103
05-15 14:43:14.736 25921 25944 I Unity   : [XR] [485728508272] [14:43:14.736][Verbose] Ignoring event type 1000156104
05-15 14:43:14.768 25921 25944 I Unity   : [XR] [485728508272] [14:43:14.768][Verbose] Ignoring event type 1000156103
05-15 14:43:14.768 25921 25944 I Unity   : [XR] [485728508272] [14:43:14.768][Verbose] Ignoring event type 1000156104
05-15 14:43:14.803 25921 25944 I Unity   : [XR] [485728508272] [14:43:14.803][Verbose] Ignoring event type 1000156103
05-15 14:43:14.803 25921 25944 I Unity   : [XR] [485728508272] [14:43:14.803][Verbose] Ignoring event type 1000156104
05-15 14:43:14.837 25921 25944 I Unity   : [XR] [485728508272] [14:43:14.837][Verbose] Ignoring event type 1000156103
05-15 14:43:14.837 25921 25944 I Unity   : [XR] [485728508272] [14:43:14.837][Verbose] Ignoring event type 1000156104
05-15 14:43:14.869 25921 25944 I Unity   : [XR] [485728508272] [14:43:14.869][Verbose] Ignoring event type 1000156103
05-15 14:43:14.869 25921 25944 I Unity   : [XR] [485728508272] [14:43:14.869][Verbose] Ignoring event type 1000156104
05-15 14:43:14.902 25921 25944 I Unity   : [XR] [485728508272] [14:43:14.902][Verbose] Ignoring event type 1000156103
05-15 14:43:14.902 25921 25944 I Unity   : [XR] [485728508272] [14:43:14.902][Verbose] Ignoring event type 1000156104
05-15 14:43:14.924 25921 25944 I Unity   : [XR] [485728508272] [14:43:14.924][Verbose] Ignoring event type 1000156103
05-15 14:43:14.924 25921 25944 I Unity   : [XR] [485728508272] [14:43:14.924][Verbose] Ignoring event type 1000156104
05-15 14:43:14.948 25921 25944 I Unity   : [XR] [485728508272] [14:43:14.948][Verbose] Ignoring event type 1000156103
05-15 14:43:14.948 25921 25944 I Unity   : [XR] [485728508272] [14:43:14.948][Verbose] Ignoring event type 1000156104
05-15 14:43:14.991 25921 25944 I Unity   : [XR] [485728508272] [14:43:14.991][Verbose] Ignoring event type 1000156103
05-15 14:43:14.991 25921 25944 I Unity   : [XR] [485728508272] [14:43:14.991][Verbose] Ignoring event type 1000156104
05-15 14:43:15.014 25921 25944 I Unity   : [XR] [485728508272] [14:43:15.014][Verbose] Ignoring event type 1000156103
05-15 14:43:15.014 25921 25944 I Unity   : [XR] [485728508272] [14:43:15.014][Verbose] Ignoring event type 1000156104
05-15 14:43:15.047 25921 25944 I Unity   : [XR] [485728508272] [14:43:15.047][Verbose] Ignoring event type 1000156103
05-15 14:43:15.048 25921 25944 I Unity   : [XR] [485728508272] [14:43:15.047][Verbose] Ignoring event type 1000156104
05-15 14:43:15.066 25921 26076 I VrApi   : FPS=90/90,Prd=40ms,Tear=0,Early=39,Stale=1,Stale2/5/10/max=0/0/0/1,VSnc=1,Lat=-1,Fov=0,CPU4/GPU=3/2,1651/456MHz,OC=3F,TA=0/0/0,SP=N/N/N,Mem=2736MHz,Free=979MB,PLS=1,Temp=42.0C/0.0C,TW=1.45ms,App=4.61ms,GD=0.00ms,CPU&GPU=9.13ms,LCnt=2(DR91,LM2),GPU%=0.54,CPU%=0.73(W0.82),DSF=1.01,CFL=11.61/16.60,ICFLp95=15.14,LD=0,SF=1.00,LP=0,DVFS=0
05-15 14:43:15.081 25921 25944 I Unity   : [XR] [485728508272] [14:43:15.081][Verbose] Ignoring event type 1000156103
05-15 14:43:15.081 25921 25944 I Unity   : [XR] [485728508272] [14:43:15.081][Verbose] Ignoring event type 1000156104
05-15 14:43:15.114 25921 25944 I Unity   : [XR] [485728508272] [14:43:15.114][Verbose] Ignoring event type 1000156103
05-15 14:43:15.114 25921 25944 I Unity   : [XR] [485728508272] [14:43:15.114][Verbose] Ignoring event type 1000156104
05-15 14:43:15.137 25921 25944 I Unity   : [XR] [485728508272] [14:43:15.137][Verbose] Ignoring event type 1000156103
05-15 14:43:15.137 25921 25944 I Unity   : [XR] [485728508272] [14:43:15.137][Verbose] Ignoring event type 1000156104
05-15 14:43:15.170 25921 25944 I Unity   : [XR] [485728508272] [14:43:15.170][Verbose] Ignoring event type 1000156103
05-15 14:43:15.170 25921 25944 I Unity   : [XR] [485728508272] [14:43:15.170][Verbose] Ignoring event type 1000156104
05-15 14:43:15.203 25921 25944 I Unity   : [XR] [485728508272] [14:43:15.203][Verbose] Ignoring event type 1000156103
05-15 14:43:15.203 25921 25944 I Unity   : [XR] [485728508272] [14:43:15.203][Verbose] Ignoring event type 1000156104
05-15 14:43:15.236 25921 25944 I Unity   : [XR] [485728508272] [14:43:15.236][Verbose] Ignoring event type 1000156103
05-15 14:43:15.236 25921 25944 I Unity   : [XR] [485728508272] [14:43:15.236][Verbose] Ignoring event type 1000156104
05-15 14:43:15.270 25921 25944 I Unity   : [XR] [485728508272] [14:43:15.270][Verbose] Ignoring event type 1000156103
05-15 14:43:15.271 25921 25944 I Unity   : [XR] [485728508272] [14:43:15.271][Verbose] Ignoring event type 1000156104
05-15 14:43:15.303 25921 25944 I Unity   : [XR] [485728508272] [14:43:15.303][Verbose] Ignoring event type 1000156103
05-15 14:43:15.303 25921 25944 I Unity   : [XR] [485728508272] [14:43:15.303][Verbose] Ignoring event type 1000156104
05-15 14:43:15.336 25921 25944 I Unity   : [XR] [485728508272] [14:43:15.336][Verbose] Ignoring event type 1000156103
05-15 14:43:15.337 25921 25944 I Unity   : [XR] [485728508272] [14:43:15.337][Verbose] Ignoring event type 1000156104
05-15 14:43:15.370 25921 25944 I Unity   : [XR] [485728508272] [14:43:15.370][Verbose] Ignoring event type 1000156103
05-15 14:43:15.370 25921 25944 I Unity   : [XR] [485728508272] [14:43:15.370][Verbose] Ignoring event type 1000156104
05-15 14:43:15.401 25921 25944 I Unity   : [XR] [485728508272] [14:43:15.401][Verbose] Ignoring event type 1000156103
05-15 14:43:15.401 25921 25944 I Unity   : [XR] [485728508272] [14:43:15.401][Verbose] Ignoring event type 1000156104
05-15 14:43:15.425 25921 25944 I Unity   : [XR] [485728508272] [14:43:15.425][Verbose] Ignoring event type 1000156103
05-15 14:43:15.425 25921 25944 I Unity   : [XR] [485728508272] [14:43:15.425][Verbose] Ignoring event type 1000156104
05-15 14:43:15.459 25921 25944 I Unity   : [XR] [485728508272] [14:43:15.459][Verbose] Ignoring event type 1000156103
05-15 14:43:15.459 25921 25944 I Unity   : [XR] [485728508272] [14:43:15.459][Verbose] Ignoring event type 1000156104
05-15 14:43:15.490 25921 25944 I Unity   : [XR] [485728508272] [14:43:15.490][Verbose] Ignoring event type 1000156103
05-15 14:43:15.490 25921 25944 I Unity   : [XR] [485728508272] [14:43:15.490][Verbose] Ignoring event type 1000156104
05-15 14:43:15.526 25921 25944 I Unity   : [XR] [485728508272] [14:43:15.526][Verbose] Ignoring event type 1000156103
05-15 14:43:15.526 25921 25944 I Unity   : [XR] [485728508272] [14:43:15.526][Verbose] Ignoring event type 1000156104
05-15 14:43:15.559 25921 25944 I Unity   : [XR] [485728508272] [14:43:15.559][Verbose] Ignoring event type 1000156103
05-15 14:43:15.559 25921 25944 I Unity   : [XR] [485728508272] [14:43:15.559][Verbose] Ignoring event type 1000156104
05-15 14:43:15.593 25921 25944 I Unity   : [XR] [485728508272] [14:43:15.593][Verbose] Ignoring event type 1000156103
05-15 14:43:15.593 25921 25944 I Unity   : [XR] [485728508272] [14:43:15.593][Verbose] Ignoring event type 1000156104
05-15 14:43:15.625 25921 25944 I Unity   : [XR] [485728508272] [14:43:15.625][Verbose] Ignoring event type 1000156103
05-15 14:43:15.625 25921 25944 I Unity   : [XR] [485728508272] [14:43:15.625][Verbose] Ignoring event type 1000156104
05-15 14:43:15.658 25921 25944 I Unity   : [XR] [485728508272] [14:43:15.658][Verbose] Ignoring event type 1000156103
05-15 14:43:15.658 25921 25944 I Unity   : [XR] [485728508272] [14:43:15.658][Verbose] Ignoring event type 1000156104
05-15 14:43:15.692 25921 25944 I Unity   : [XR] [485728508272] [14:43:15.692][Verbose] Ignoring event type 1000156103
05-15 14:43:15.692 25921 25944 I Unity   : [XR] [485728508272] [14:43:15.692][Verbose] Ignoring event type 1000156104
05-15 14:43:15.726 25921 25944 I Unity   : [XR] [485728508272] [14:43:15.726][Verbose] Ignoring event type 1000156103
05-15 14:43:15.726 25921 25944 I Unity   : [XR] [485728508272] [14:43:15.726][Verbose] Ignoring event type 1000156104
05-15 14:43:15.759 25921 25944 I Unity   : [XR] [485728508272] [14:43:15.759][Verbose] Ignoring event type 1000156103
05-15 14:43:15.759 25921 25944 I Unity   : [XR] [485728508272] [14:43:15.759][Verbose] Ignoring event type 1000156104
05-15 14:43:15.792 25921 25944 I Unity   : [XR] [485728508272] [14:43:15.792][Verbose] Ignoring event type 1000156103
05-15 14:43:15.792 25921 25944 I Unity   : [XR] [485728508272] [14:43:15.792][Verbose] Ignoring event type 1000156104
05-15 14:43:15.814 25921 25944 I Unity   : [XR] [485728508272] [14:43:15.814][Verbose] Ignoring event type 1000156103
05-15 14:43:15.814 25921 25944 I Unity   : [XR] [485728508272] [14:43:15.814][Verbose] Ignoring event type 1000156104
05-15 14:43:15.847 25921 25944 I Unity   : [XR] [485728508272] [14:43:15.847][Verbose] Ignoring event type 1000156103
05-15 14:43:15.847 25921 25944 I Unity   : [XR] [485728508272] [14:43:15.847][Verbose] Ignoring event type 1000156104
05-15 14:43:15.881 25921 25944 I Unity   : [XR] [485728508272] [14:43:15.881][Verbose] Ignoring event type 1000156103
05-15 14:43:15.881 25921 25944 I Unity   : [XR] [485728508272] [14:43:15.881][Verbose] Ignoring event type 1000156104
05-15 14:43:15.914 25921 25944 I Unity   : [XR] [485728508272] [14:43:15.914][Verbose] Ignoring event type 1000156103
05-15 14:43:15.914 25921 25944 I Unity   : [XR] [485728508272] [14:43:15.914][Verbose] Ignoring event type 1000156104
05-15 14:43:15.946 25921 25944 I Unity   : [XR] [485728508272] [14:43:15.946][Verbose] Ignoring event type 1000156103
05-15 14:43:15.947 25921 25944 I Unity   : [XR] [485728508272] [14:43:15.947][Verbose] Ignoring event type 1000156104
05-15 14:43:15.981 25921 25944 I Unity   : [XR] [485728508272] [14:43:15.981][Verbose] Ignoring event type 1000156103
05-15 14:43:15.981 25921 25944 I Unity   : [XR] [485728508272] [14:43:15.981][Verbose] Ignoring event type 1000156104
05-15 14:43:16.014 25921 25944 I Unity   : [XR] [485728508272] [14:43:16.014][Verbose] Ignoring event type 1000156103
05-15 14:43:16.014 25921 25944 I Unity   : [XR] [485728508272] [14:43:16.014][Verbose] Ignoring event type 1000156104
05-15 14:43:16.046 25921 25944 I Unity   : [XR] [485728508272] [14:43:16.046][Verbose] Ignoring event type 1000156103
05-15 14:43:16.046 25921 25944 I Unity   : [XR] [485728508272] [14:43:16.046][Verbose] Ignoring event type 1000156104
05-15 14:43:16.066 25921 26076 I VrApi   : FPS=90/90,Prd=40ms,Tear=0,Early=41,Stale=0,Stale2/5/10/max=0/0/0/0,VSnc=1,Lat=-1,Fov=0,CPU4/GPU=3/2,1651/456MHz,OC=3F,TA=0/0/0,SP=N/N/N,Mem=2736MHz,Free=979MB,PLS=1,Temp=42.0C/0.0C,TW=1.38ms,App=4.67ms,GD=0.00ms,CPU&GPU=8.87ms,LCnt=2(DR90,LM2),GPU%=0.55,CPU%=0.71(W0.81),DSF=1.01,CFL=12.03/16.47,ICFLp95=15.11,LD=0,SF=1.00,LP=0,DVFS=0
05-15 14:43:16.080 25921 25944 I Unity   : [XR] [485728508272] [14:43:16.080][Verbose] Ignoring event type 1000156103
05-15 14:43:16.080 25921 25944 I Unity   : [XR] [485728508272] [14:43:16.080][Verbose] Ignoring event type 1000156104
05-15 14:43:16.104 25921 25944 I Unity   : [XR] [485728508272] [14:43:16.104][Verbose] Ignoring event type 1000156103
05-15 14:43:16.104 25921 25944 I Unity   : [XR] [485728508272] [14:43:16.104][Verbose] Ignoring event type 1000156104
05-15 14:43:16.136 25921 25944 I Unity   : [XR] [485728508272] [14:43:16.136][Verbose] Ignoring event type 1000156103
05-15 14:43:16.136 25921 25944 I Unity   : [XR] [485728508272] [14:43:16.136][Verbose] Ignoring event type 1000156104
05-15 14:43:16.169 25921 25944 I Unity   : [XR] [485728508272] [14:43:16.169][Verbose] Ignoring event type 1000156103
05-15 14:43:16.169 25921 25944 I Unity   : [XR] [485728508272] [14:43:16.169][Verbose] Ignoring event type 1000156104
05-15 14:43:16.203 25921 25944 I Unity   : [XR] [485728508272] [14:43:16.203][Verbose] Ignoring event type 1000156103
05-15 14:43:16.203 25921 25944 I Unity   : [XR] [485728508272] [14:43:16.203][Verbose] Ignoring event type 1000156104
05-15 14:43:16.225 25921 25944 I Unity   : [XR] [485728508272] [14:43:16.225][Verbose] Ignoring event type 1000156103
05-15 14:43:16.225 25921 25944 I Unity   : [XR] [485728508272] [14:43:16.225][Verbose] Ignoring event type 1000156104
05-15 14:43:16.256 25921 25944 I Unity   : [XR] [485728508272] [14:43:16.256][Verbose] Ignoring event type 1000156103
05-15 14:43:16.256 25921 25944 I Unity   : [XR] [485728508272] [14:43:16.256][Verbose] Ignoring event type 1000156104
05-15 14:43:16.281 25921 25944 I Unity   : [XR] [485728508272] [14:43:16.281][Verbose] Ignoring event type 1000156103
05-15 14:43:16.281 25921 25944 I Unity   : [XR] [485728508272] [14:43:16.281][Verbose] Ignoring event type 1000156104
05-15 14:43:16.314 25921 25944 I Unity   : [XR] [485728508272] [14:43:16.313][Verbose] Ignoring event type 1000156103
05-15 14:43:16.314 25921 25944 I Unity   : [XR] [485728508272] [14:43:16.314][Verbose] Ignoring event type 1000156104
05-15 14:43:16.348 25921 25944 I Unity   : [XR] [485728508272] [14:43:16.348][Verbose] Ignoring event type 1000156103
05-15 14:43:16.348 25921 25944 I Unity   : [XR] [485728508272] [14:43:16.348][Verbose] Ignoring event type 1000156104
05-15 14:43:16.381 25921 25944 I Unity   : [XR] [485728508272] [14:43:16.381][Verbose] Ignoring event type 1000156103
05-15 14:43:16.381 25921 25944 I Unity   : [XR] [485728508272] [14:43:16.381][Verbose] Ignoring event type 1000156104
05-15 14:43:16.414 25921 25944 I Unity   : [XR] [485728508272] [14:43:16.414][Verbose] Ignoring event type 1000156103
05-15 14:43:16.414 25921 25944 I Unity   : [XR] [485728508272] [14:43:16.414][Verbose] Ignoring event type 1000156104
05-15 14:43:16.448 25921 25944 I Unity   : [XR] [485728508272] [14:43:16.448][Verbose] Ignoring event type 1000156103
05-15 14:43:16.448 25921 25944 I Unity   : [XR] [485728508272] [14:43:16.448][Verbose] Ignoring event type 1000156104
05-15 14:43:16.481 25921 25944 I Unity   : [XR] [485728508272] [14:43:16.481][Verbose] Ignoring event type 1000156103
05-15 14:43:16.481 25921 25944 I Unity   : [XR] [485728508272] [14:43:16.481][Verbose] Ignoring event type 1000156104
05-15 14:43:16.514 25921 25944 I Unity   : [XR] [485728508272] [14:43:16.514][Verbose] Ignoring event type 1000156103
05-15 14:43:16.514 25921 25944 I Unity   : [XR] [485728508272] [14:43:16.514][Verbose] Ignoring event type 1000156104
05-15 14:43:16.548 25921 25944 I Unity   : [XR] [485728508272] [14:43:16.548][Verbose] Ignoring event type 1000156103
05-15 14:43:16.548 25921 25944 I Unity   : [XR] [485728508272] [14:43:16.548][Verbose] Ignoring event type 1000156104
05-15 14:43:16.581 25921 25944 I Unity   : [XR] [485728508272] [14:43:16.580][Verbose] Ignoring event type 1000156103
05-15 14:43:16.581 25921 25944 I Unity   : [XR] [485728508272] [14:43:16.581][Verbose] Ignoring event type 1000156104
05-15 14:43:16.613 25921 25944 I Unity   : [XR] [485728508272] [14:43:16.613][Verbose] Ignoring event type 1000156103
05-15 14:43:16.613 25921 25944 I Unity   : [XR] [485728508272] [14:43:16.613][Verbose] Ignoring event type 1000156104
05-15 14:43:16.648 25921 25944 I Unity   : [XR] [485728508272] [14:43:16.648][Verbose] Ignoring event type 1000156103
05-15 14:43:16.648 25921 25944 I Unity   : [XR] [485728508272] [14:43:16.648][Verbose] Ignoring event type 1000156104
05-15 14:43:16.681 25921 25944 I Unity   : [XR] [485728508272] [14:43:16.681][Verbose] Ignoring event type 1000156103
05-15 14:43:16.681 25921 25944 I Unity   : [XR] [485728508272] [14:43:16.681][Verbose] Ignoring event type 1000156104
05-15 14:43:16.713 25921 25944 I Unity   : [XR] [485728508272] [14:43:16.713][Verbose] Ignoring event type 1000156103
05-15 14:43:16.714 25921 25944 I Unity   : [XR] [485728508272] [14:43:16.714][Verbose] Ignoring event type 1000156104
05-15 14:43:16.748 25921 25944 I Unity   : [XR] [485728508272] [14:43:16.748][Verbose] Ignoring event type 1000156103
05-15 14:43:16.748 25921 25944 I Unity   : [XR] [485728508272] [14:43:16.748][Verbose] Ignoring event type 1000156104
05-15 14:43:16.781 25921 25944 I Unity   : [XR] [485728508272] [14:43:16.781][Verbose] Ignoring event type 1000156103
05-15 14:43:16.782 25921 25944 I Unity   : [XR] [485728508272] [14:43:16.782][Verbose] Ignoring event type 1000156104
05-15 14:43:16.814 25921 25944 I Unity   : [XR] [485728508272] [14:43:16.814][Verbose] Ignoring event type 1000156103
05-15 14:43:16.814 25921 25944 I Unity   : [XR] [485728508272] [14:43:16.814][Verbose] Ignoring event type 1000156104
05-15 14:43:16.847 25921 25944 I Unity   : [XR] [485728508272] [14:43:16.847][Verbose] Ignoring event type 1000156103
05-15 14:43:16.847 25921 25944 I Unity   : [XR] [485728508272] [14:43:16.847][Verbose] Ignoring event type 1000156104
05-15 14:43:16.893 25921 25944 I Unity   : [XR] [485728508272] [14:43:16.893][Verbose] Ignoring event type 1000156103
05-15 14:43:16.893 25921 25944 I Unity   : [XR] [485728508272] [14:43:16.893][Verbose] Ignoring event type 1000156104
05-15 14:43:16.935 25921 25944 I Unity   : [XR] [485728508272] [14:43:16.935][Verbose] Ignoring event type 1000156103
05-15 14:43:16.935 25921 25944 I Unity   : [XR] [485728508272] [14:43:16.935][Verbose] Ignoring event type 1000156104
05-15 14:43:16.980 25921 25944 I Unity   : [XR] [485728508272] [14:43:16.980][Verbose] Ignoring event type 1000156103
05-15 14:43:16.980 25921 25944 I Unity   : [XR] [485728508272] [14:43:16.980][Verbose] Ignoring event type 1000156104
05-15 14:43:17.012 25921 25944 I Unity   : [XR] [485728508272] [14:43:17.012][Verbose] Ignoring event type 1000156103
05-15 14:43:17.013 25921 25944 I Unity   : [XR] [485728508272] [14:43:17.013][Verbose] Ignoring event type 1000156104
05-15 14:43:17.047 25921 25944 I Unity   : [XR] [485728508272] [14:43:17.047][Verbose] Ignoring event type 1000156103
05-15 14:43:17.047 25921 25944 I Unity   : [XR] [485728508272] [14:43:17.047][Verbose] Ignoring event type 1000156104
05-15 14:43:17.066 25921 26076 I VrApi   : FPS=91/90,Prd=40ms,Tear=0,Early=31,Stale=0,Stale2/5/10/max=0/0/0/0,VSnc=1,Lat=-1,Fov=0,CPU4/GPU=3/2,1651/456MHz,OC=3F,TA=0/0/0,SP=N/N/N,Mem=2736MHz,Free=979MB,PLS=1,Temp=42.0C/0.0C,TW=1.37ms,App=4.79ms,GD=0.00ms,CPU&GPU=8.73ms,LCnt=2(DR90,LM2),GPU%=0.57,CPU%=0.73(W0.90),DSF=1.01,CFL=11.79/16.54,ICFLp95=14.97,LD=0,SF=1.00,LP=0,DVFS=0
05-15 14:43:17.080 25921 25944 I Unity   : [XR] [485728508272] [14:43:17.080][Verbose] Ignoring event type 1000156103
05-15 14:43:17.080 25921 25944 I Unity   : [XR] [485728508272] [14:43:17.080][Verbose] Ignoring event type 1000156104
05-15 14:43:17.102 25921 25944 I Unity   : [XR] [485728508272] [14:43:17.102][Verbose] Ignoring event type 1000156103
05-15 14:43:17.102 25921 25944 I Unity   : [XR] [485728508272] [14:43:17.102][Verbose] Ignoring event type 1000156104
05-15 14:43:17.136 25921 25944 I Unity   : [XR] [485728508272] [14:43:17.136][Verbose] Ignoring event type 1000156103
05-15 14:43:17.136 25921 25944 I Unity   : [XR] [485728508272] [14:43:17.136][Verbose] Ignoring event type 1000156104
05-15 14:43:17.169 25921 25944 I Unity   : [XR] [485728508272] [14:43:17.169][Verbose] Ignoring event type 1000156103
05-15 14:43:17.169 25921 25944 I Unity   : [XR] [485728508272] [14:43:17.169][Verbose] Ignoring event type 1000156104
05-15 14:43:17.202 25921 25944 I Unity   : [XR] [485728508272] [14:43:17.202][Verbose] Ignoring event type 1000156103
05-15 14:43:17.202 25921 25944 I Unity   : [XR] [485728508272] [14:43:17.202][Verbose] Ignoring event type 1000156104
05-15 14:43:17.224 25921 25944 I Unity   : [XR] [485728508272] [14:43:17.224][Verbose] Ignoring event type 1000156103
05-15 14:43:17.225 25921 25944 I Unity   : [XR] [485728508272] [14:43:17.225][Verbose] Ignoring event type 1000156104
05-15 14:43:17.256 25921 25944 I Unity   : [XR] [485728508272] [14:43:17.256][Verbose] Ignoring event type 1000156103
05-15 14:43:17.256 25921 25944 I Unity   : [XR] [485728508272] [14:43:17.256][Verbose] Ignoring event type 1000156104
05-15 14:43:17.292 25921 25944 I Unity   : [XR] [485728508272] [14:43:17.292][Verbose] Ignoring event type 1000156103
05-15 14:43:17.292 25921 25944 I Unity   : [XR] [485728508272] [14:43:17.292][Verbose] Ignoring event type 1000156104
05-15 14:43:17.325 25921 25944 I Unity   : [XR] [485728508272] [14:43:17.325][Verbose] Ignoring event type 1000156103
05-15 14:43:17.325 25921 25944 I Unity   : [XR] [485728508272] [14:43:17.325][Verbose] Ignoring event type 1000156104
05-15 14:43:17.358 25921 25944 I Unity   : [XR] [485728508272] [14:43:17.358][Verbose] Ignoring event type 1000156103
05-15 14:43:17.359 25921 25944 I Unity   : [XR] [485728508272] [14:43:17.359][Verbose] Ignoring event type 1000156104
05-15 14:43:17.390 25921 25944 I Unity   : [XR] [485728508272] [14:43:17.390][Verbose] Ignoring event type 1000156103
05-15 14:43:17.390 25921 25944 I Unity   : [XR] [485728508272] [14:43:17.390][Verbose] Ignoring event type 1000156104
05-15 14:43:17.415 25921 25944 I Unity   : [XR] [485728508272] [14:43:17.414][Verbose] Ignoring event type 1000156103
05-15 14:43:17.415 25921 25944 I Unity   : [XR] [485728508272] [14:43:17.415][Verbose] Ignoring event type 1000156104
05-15 14:43:17.446 25921 25944 I Unity   : [XR] [485728508272] [14:43:17.445][Verbose] Ignoring event type 1000156103
05-15 14:43:17.446 25921 25944 I Unity   : [XR] [485728508272] [14:43:17.446][Verbose] Ignoring event type 1000156104
05-15 14:43:17.470 25921 25944 I Unity   : [XR] [485728508272] [14:43:17.470][Verbose] Ignoring event type 1000156103
05-15 14:43:17.470 25921 25944 I Unity   : [XR] [485728508272] [14:43:17.470][Verbose] Ignoring event type 1000156104
05-15 14:43:17.502 25921 25944 I Unity   : [XR] [485728508272] [14:43:17.502][Verbose] Ignoring event type 1000156103
05-15 14:43:17.502 25921 25944 I Unity   : [XR] [485728508272] [14:43:17.502][Verbose] Ignoring event type 1000156104
05-15 14:43:17.536 25921 25944 I Unity   : [XR] [485728508272] [14:43:17.536][Verbose] Ignoring event type 1000156103
05-15 14:43:17.536 25921 25944 I Unity   : [XR] [485728508272] [14:43:17.536][Verbose] Ignoring event type 1000156104
05-15 14:43:17.569 25921 25944 I Unity   : [XR] [485728508272] [14:43:17.569][Verbose] Ignoring event type 1000156103
05-15 14:43:17.569 25921 25944 I Unity   : [XR] [485728508272] [14:43:17.569][Verbose] Ignoring event type 1000156104
05-15 14:43:17.602 25921 25944 I Unity   : [XR] [485728508272] [14:43:17.602][Verbose] Ignoring event type 1000156103
05-15 14:43:17.603 25921 25944 I Unity   : [XR] [485728508272] [14:43:17.603][Verbose] Ignoring event type 1000156104
05-15 14:43:17.625 25921 25944 I Unity   : [XR] [485728508272] [14:43:17.625][Verbose] Ignoring event type 1000156103
05-15 14:43:17.625 25921 25944 I Unity   : [XR] [485728508272] [14:43:17.625][Verbose] Ignoring event type 1000156104
05-15 14:43:17.658 25921 25944 I Unity   : [XR] [485728508272] [14:43:17.658][Verbose] Ignoring event type 1000156103
05-15 14:43:17.658 25921 25944 I Unity   : [XR] [485728508272] [14:43:17.658][Verbose] Ignoring event type 1000156104
05-15 14:43:17.691 25921 25944 I Unity   : [XR] [485728508272] [14:43:17.691][Verbose] Ignoring event type 1000156103
05-15 14:43:17.691 25921 25944 I Unity   : [XR] [485728508272] [14:43:17.691][Verbose] Ignoring event type 1000156104
05-15 14:43:17.722 25921 25944 I Unity   : [XR] [485728508272] [14:43:17.722][Verbose] Ignoring event type 1000156103
05-15 14:43:17.722 25921 25944 I Unity   : [XR] [485728508272] [14:43:17.722][Verbose] Ignoring event type 1000156104
05-15 14:43:17.746 25921 25944 I Unity   : [XR] [485728508272] [14:43:17.746][Verbose] Ignoring event type 1000156103
05-15 14:43:17.746 25921 25944 I Unity   : [XR] [485728508272] [14:43:17.746][Verbose] Ignoring event type 1000156104
05-15 14:43:17.780 25921 25944 I Unity   : [XR] [485728508272] [14:43:17.780][Verbose] Ignoring event type 1000156103
05-15 14:43:17.780 25921 25944 I Unity   : [XR] [485728508272] [14:43:17.780][Verbose] Ignoring event type 1000156104
05-15 14:43:17.813 25921 25944 I Unity   : [XR] [485728508272] [14:43:17.813][Verbose] Ignoring event type 1000156103
05-15 14:43:17.813 25921 25944 I Unity   : [XR] [485728508272] [14:43:17.813][Verbose] Ignoring event type 1000156104
05-15 14:43:17.846 25921 25944 I Unity   : [XR] [485728508272] [14:43:17.846][Verbose] Ignoring event type 1000156103
05-15 14:43:17.846 25921 25944 I Unity   : [XR] [485728508272] [14:43:17.846][Verbose] Ignoring event type 1000156104
05-15 14:43:17.880 25921 25944 I Unity   : [XR] [485728508272] [14:43:17.880][Verbose] Ignoring event type 1000156103
05-15 14:43:17.880 25921 25944 I Unity   : [XR] [485728508272] [14:43:17.880][Verbose] Ignoring event type 1000156104
05-15 14:43:17.913 25921 25944 I Unity   : [XR] [485728508272] [14:43:17.913][Verbose] Ignoring event type 1000156103
05-15 14:43:17.913 25921 25944 I Unity   : [XR] [485728508272] [14:43:17.913][Verbose] Ignoring event type 1000156104
05-15 14:43:17.935 25921 25944 I Unity   : [XR] [485728508272] [14:43:17.935][Verbose] Ignoring event type 1000156103
05-15 14:43:17.936 25921 25944 I Unity   : [XR] [485728508272] [14:43:17.936][Verbose] Ignoring event type 1000156104
05-15 14:43:17.969 25921 25944 I Unity   : [XR] [485728508272] [14:43:17.969][Verbose] Ignoring event type 1000156103
05-15 14:43:17.969 25921 25944 I Unity   : [XR] [485728508272] [14:43:17.969][Verbose] Ignoring event type 1000156104
05-15 14:43:18.002 25921 25944 I Unity   : [XR] [485728508272] [14:43:18.002][Verbose] Ignoring event type 1000156103
05-15 14:43:18.002 25921 25944 I Unity   : [XR] [485728508272] [14:43:18.002][Verbose] Ignoring event type 1000156104
05-15 14:43:18.024 25921 25944 I Unity   : [XR] [485728508272] [14:43:18.024][Verbose] Ignoring event type 1000156103
05-15 14:43:18.024 25921 25944 I Unity   : [XR] [485728508272] [14:43:18.024][Verbose] Ignoring event type 1000156104
05-15 14:43:18.058 25921 25944 I Unity   : [XR] [485728508272] [14:43:18.058][Verbose] Ignoring event type 1000156103
05-15 14:43:18.058 25921 25944 I Unity   : [XR] [485728508272] [14:43:18.058][Verbose] Ignoring event type 1000156104
05-15 14:43:18.066 25921 26076 I VrApi   : FPS=90/90,Prd=39ms,Tear=0,Early=24,Stale=0,Stale2/5/10/max=0/0/0/0,VSnc=1,Lat=-1,Fov=0,CPU4/GPU=3/2,1651/456MHz,OC=3F,TA=0/0/0,SP=N/N/N,Mem=2736MHz,Free=979MB,PLS=1,Temp=42.0C/0.0C,TW=1.35ms,App=5.27ms,GD=0.00ms,CPU&GPU=8.48ms,LCnt=2(DR91,LM2),GPU%=0.60,CPU%=0.74(W0.80),DSF=1.01,CFL=11.85/16.22,ICFLp95=14.88,LD=0,SF=1.00,LP=0,DVFS=0
05-15 14:43:18.089 25921 25944 I Unity   : [XR] [485728508272] [14:43:18.089][Verbose] Ignoring event type 1000156103
05-15 14:43:18.089 25921 25944 I Unity   : [XR] [485728508272] [14:43:18.089][Verbose] Ignoring event type 1000156104
