05-15 14:44:35.864 25921 25944 I Unity   : Starting test run 2 for none with passthrough True
05-15 14:44:35.864 25921 25944 I Unity   : <ExecuteTests>d__48:MoveNext()
05-15 14:44:35.864 25921 25944 I Unity   : UnityEngine.SetupCoroutine:InvokeMoveNext(IEnumerator, IntPtr)
05-15 14:44:35.864 25921 25944 I Unity   : 
05-15 14:44:35.865 25921 25944 I Unity   : Recording starting none-True-2024-05-15_14-44-35
05-15 14:44:35.865 25921 25944 I Unity   : <ExecuteTest>d__49:MoveNext()
05-15 14:44:35.865 25921 25944 I Unity   : UnityEngine.SetupCoroutine:InvokeMoveNext(IEnumerator, IntPtr)
05-15 14:44:35.865 25921 25944 I Unity   : 
05-15 14:44:35.865 25921 25944 I Unity   : Starting recording!
05-15 14:44:35.865 25921 25944 I Unity   : AutomatedTest:StartRecording()
05-15 14:44:35.865 25921 25944 I Unity   : <ExecuteTest>d__49:MoveNext()
05-15 14:44:35.865 25921 25944 I Unity   : UnityEngine.SetupCoroutine:InvokeMoveNext(IEnumerator, IntPtr)
05-15 14:44:35.865 25921 25944 I Unity   : 
05-15 14:44:35.885 25921 25944 I Unity   : [XR] [485728508272] [14:44:35.885][Verbose] Ignoring event type 1000156103
05-15 14:44:35.885 25921 25944 I Unity   : [XR] [485728508272] [14:44:35.885][Verbose] Ignoring event type 1000156104
05-15 14:44:35.915 25921 25944 I Unity   : [XR] [485728508272] [14:44:35.915][Verbose] Ignoring event type 1000156103
05-15 14:44:35.915 25921 25944 I Unity   : [XR] [485728508272] [14:44:35.915][Verbose] Ignoring event type 1000156104
05-15 14:44:35.948 25921 25944 I Unity   : [XR] [485728508272] [14:44:35.948][Verbose] Ignoring event type 1000156103
05-15 14:44:35.949 25921 25944 I Unity   : [XR] [485728508272] [14:44:35.949][Verbose] Ignoring event type 1000156104
05-15 14:44:35.982 25921 25944 I Unity   : [XR] [485728508272] [14:44:35.982][Verbose] Ignoring event type 1000156103
05-15 14:44:35.982 25921 25944 I Unity   : [XR] [485728508272] [14:44:35.982][Verbose] Ignoring event type 1000156104
05-15 14:44:36.015 25921 25944 I Unity   : [XR] [485728508272] [14:44:36.015][Verbose] Ignoring event type 1000156103
05-15 14:44:36.015 25921 25944 I Unity   : [XR] [485728508272] [14:44:36.015][Verbose] Ignoring event type 1000156104
05-15 14:44:36.049 25921 25944 I Unity   : [XR] [485728508272] [14:44:36.049][Verbose] Ignoring event type 1000156103
05-15 14:44:36.049 25921 25944 I Unity   : [XR] [485728508272] [14:44:36.049][Verbose] Ignoring event type 1000156104
05-15 14:44:36.079 25921 26076 I VrApi   : FPS=90/90,Prd=39ms,Tear=0,Early=32,Stale=0,Stale2/5/10/max=0/0/0/0,VSnc=1,Lat=-1,Fov=0,CPU4/GPU=3/2,1651/456MHz,OC=3F,TA=0/0/0,SP=N/N/N,Mem=2736MHz,Free=914MB,PLS=1,Temp=43.0C/0.0C,TW=1.40ms,App=3.24ms,GD=0.00ms,CPU&GPU=7.13ms,LCnt=2(DR90,LM2),GPU%=0.44,CPU%=0.66(W0.68),DSF=1.01,CFL=11.47/16.22,ICFLp95=14.63,LD=0,SF=1.00,LP=0,DVFS=0
05-15 14:44:36.082 25921 25944 I Unity   : [XR] [485728508272] [14:44:36.082][Verbose] Ignoring event type 1000156103
05-15 14:44:36.082 25921 25944 I Unity   : [XR] [485728508272] [14:44:36.082][Verbose] Ignoring event type 1000156104
05-15 14:44:36.115 25921 25944 I Unity   : [XR] [485728508272] [14:44:36.115][Verbose] Ignoring event type 1000156103
05-15 14:44:36.116 25921 25944 I Unity   : [XR] [485728508272] [14:44:36.115][Verbose] Ignoring event type 1000156104
05-15 14:44:36.148 25921 25944 I Unity   : [XR] [485728508272] [14:44:36.148][Verbose] Ignoring event type 1000156103
05-15 14:44:36.148 25921 25944 I Unity   : [XR] [485728508272] [14:44:36.148][Verbose] Ignoring event type 1000156104
05-15 14:44:36.182 25921 25944 I Unity   : [XR] [485728508272] [14:44:36.182][Verbose] Ignoring event type 1000156103
05-15 14:44:36.182 25921 25944 I Unity   : [XR] [485728508272] [14:44:36.182][Verbose] Ignoring event type 1000156104
05-15 14:44:36.215 25921 25944 I Unity   : [XR] [485728508272] [14:44:36.215][Verbose] Ignoring event type 1000156103
05-15 14:44:36.215 25921 25944 I Unity   : [XR] [485728508272] [14:44:36.215][Verbose] Ignoring event type 1000156104
05-15 14:44:36.248 25921 25944 I Unity   : [XR] [485728508272] [14:44:36.248][Verbose] Ignoring event type 1000156103
05-15 14:44:36.248 25921 25944 I Unity   : [XR] [485728508272] [14:44:36.248][Verbose] Ignoring event type 1000156104
05-15 14:44:36.271 25921 25944 I Unity   : [XR] [485728508272] [14:44:36.271][Verbose] Ignoring event type 1000156103
05-15 14:44:36.272 25921 25944 I Unity   : [XR] [485728508272] [14:44:36.272][Verbose] Ignoring event type 1000156104
05-15 14:44:36.304 25921 25944 I Unity   : [XR] [485728508272] [14:44:36.304][Verbose] Ignoring event type 1000156103
05-15 14:44:36.304 25921 25944 I Unity   : [XR] [485728508272] [14:44:36.304][Verbose] Ignoring event type 1000156104
05-15 14:44:36.338 25921 25944 I Unity   : [XR] [485728508272] [14:44:36.338][Verbose] Ignoring event type 1000156103
05-15 14:44:36.338 25921 25944 I Unity   : [XR] [485728508272] [14:44:36.338][Verbose] Ignoring event type 1000156104
05-15 14:44:36.370 25921 25944 I Unity   : [XR] [485728508272] [14:44:36.370][Verbose] Ignoring event type 1000156103
05-15 14:44:36.370 25921 25944 I Unity   : [XR] [485728508272] [14:44:36.370][Verbose] Ignoring event type 1000156104
05-15 14:44:36.407 25921 25944 I Unity   : [XR] [485728508272] [14:44:36.407][Verbose] Ignoring event type 1000156103
05-15 14:44:36.407 25921 25944 I Unity   : [XR] [485728508272] [14:44:36.407][Verbose] Ignoring event type 1000156104
05-15 14:44:36.438 25921 25944 I Unity   : [XR] [485728508272] [14:44:36.438][Verbose] Ignoring event type 1000156103
05-15 14:44:36.438 25921 25944 I Unity   : [XR] [485728508272] [14:44:36.438][Verbose] Ignoring event type 1000156104
05-15 14:44:36.471 25921 25944 I Unity   : [XR] [485728508272] [14:44:36.471][Verbose] Ignoring event type 1000156103
05-15 14:44:36.471 25921 25944 I Unity   : [XR] [485728508272] [14:44:36.471][Verbose] Ignoring event type 1000156104
05-15 14:44:36.504 25921 25944 I Unity   : [XR] [485728508272] [14:44:36.504][Verbose] Ignoring event type 1000156103
05-15 14:44:36.504 25921 25944 I Unity   : [XR] [485728508272] [14:44:36.504][Verbose] Ignoring event type 1000156104
05-15 14:44:36.538 25921 25944 I Unity   : [XR] [485728508272] [14:44:36.538][Verbose] Ignoring event type 1000156103
05-15 14:44:36.538 25921 25944 I Unity   : [XR] [485728508272] [14:44:36.538][Verbose] Ignoring event type 1000156104
05-15 14:44:36.571 25921 25944 I Unity   : [XR] [485728508272] [14:44:36.571][Verbose] Ignoring event type 1000156103
05-15 14:44:36.571 25921 25944 I Unity   : [XR] [485728508272] [14:44:36.571][Verbose] Ignoring event type 1000156104
05-15 14:44:36.605 25921 25944 I Unity   : [XR] [485728508272] [14:44:36.605][Verbose] Ignoring event type 1000156103
05-15 14:44:36.605 25921 25944 I Unity   : [XR] [485728508272] [14:44:36.605][Verbose] Ignoring event type 1000156104
05-15 14:44:36.627 25921 25944 I Unity   : [XR] [485728508272] [14:44:36.627][Verbose] Ignoring event type 1000156103
05-15 14:44:36.627 25921 25944 I Unity   : [XR] [485728508272] [14:44:36.627][Verbose] Ignoring event type 1000156104
05-15 14:44:36.659 25921 25944 I Unity   : [XR] [485728508272] [14:44:36.659][Verbose] Ignoring event type 1000156103
05-15 14:44:36.659 25921 25944 I Unity   : [XR] [485728508272] [14:44:36.659][Verbose] Ignoring event type 1000156104
05-15 14:44:36.682 25921 25944 I Unity   : [XR] [485728508272] [14:44:36.682][Verbose] Ignoring event type 1000156103
05-15 14:44:36.682 25921 25944 I Unity   : [XR] [485728508272] [14:44:36.682][Verbose] Ignoring event type 1000156104
05-15 14:44:36.715 25921 25944 I Unity   : [XR] [485728508272] [14:44:36.715][Verbose] Ignoring event type 1000156103
05-15 14:44:36.715 25921 25944 I Unity   : [XR] [485728508272] [14:44:36.715][Verbose] Ignoring event type 1000156104
05-15 14:44:36.750 25921 25944 I Unity   : [XR] [485728508272] [14:44:36.749][Verbose] Ignoring event type 1000156103
05-15 14:44:36.750 25921 25944 I Unity   : [XR] [485728508272] [14:44:36.750][Verbose] Ignoring event type 1000156104
05-15 14:44:36.781 25921 25944 I Unity   : [XR] [485728508272] [14:44:36.781][Verbose] Ignoring event type 1000156103
05-15 14:44:36.782 25921 25944 I Unity   : [XR] [485728508272] [14:44:36.782][Verbose] Ignoring event type 1000156104
05-15 14:44:36.814 25921 25944 I Unity   : [XR] [485728508272] [14:44:36.814][Verbose] Ignoring event type 1000156103
05-15 14:44:36.814 25921 25944 I Unity   : [XR] [485728508272] [14:44:36.814][Verbose] Ignoring event type 1000156104
05-15 14:44:36.840 25921 25944 I Unity   : [XR] [485728508272] [14:44:36.840][Verbose] Ignoring event type 1000156103
05-15 14:44:36.840 25921 25944 I Unity   : [XR] [485728508272] [14:44:36.840][Verbose] Ignoring event type 1000156104
05-15 14:44:36.871 25921 25944 I Unity   : [XR] [485728508272] [14:44:36.871][Verbose] Ignoring event type 1000156103
05-15 14:44:36.871 25921 25944 I Unity   : [XR] [485728508272] [14:44:36.871][Verbose] Ignoring event type 1000156104
05-15 14:44:36.902 25921 25944 I Unity   : [XR] [485728508272] [14:44:36.902][Verbose] Ignoring event type 1000156103
05-15 14:44:36.902 25921 25944 I Unity   : [XR] [485728508272] [14:44:36.902][Verbose] Ignoring event type 1000156104
05-15 14:44:36.927 25921 25944 I Unity   : [XR] [485728508272] [14:44:36.927][Verbose] Ignoring event type 1000156103
05-15 14:44:36.928 25921 25944 I Unity   : [XR] [485728508272] [14:44:36.928][Verbose] Ignoring event type 1000156104
05-15 14:44:36.960 25921 25944 I Unity   : [XR] [485728508272] [14:44:36.960][Verbose] Ignoring event type 1000156103
05-15 14:44:36.960 25921 25944 I Unity   : [XR] [485728508272] [14:44:36.960][Verbose] Ignoring event type 1000156104
05-15 14:44:36.981 25921 25944 I Unity   : [XR] [485728508272] [14:44:36.981][Verbose] Ignoring event type 1000156103
05-15 14:44:36.982 25921 25944 I Unity   : [XR] [485728508272] [14:44:36.982][Verbose] Ignoring event type 1000156104
05-15 14:44:37.014 25921 25944 I Unity   : [XR] [485728508272] [14:44:37.014][Verbose] Ignoring event type 1000156103
05-15 14:44:37.014 25921 25944 I Unity   : [XR] [485728508272] [14:44:37.014][Verbose] Ignoring event type 1000156104
05-15 14:44:37.049 25921 25944 I Unity   : [XR] [485728508272] [14:44:37.049][Verbose] Ignoring event type 1000156103
05-15 14:44:37.049 25921 25944 I Unity   : [XR] [485728508272] [14:44:37.049][Verbose] Ignoring event type 1000156104
05-15 14:44:37.079 25921 26076 I VrApi   : FPS=89/90,Prd=38ms,Tear=0,Early=37,Stale=1,Stale2/5/10/max=0/0/0/1,VSnc=1,Lat=-1,Fov=0,CPU4/GPU=3/2,1651/456MHz,OC=3F,TA=0/0/0,SP=N/N/N,Mem=2736MHz,Free=914MB,PLS=1,Temp=43.0C/0.0C,TW=1.35ms,App=3.20ms,GD=0.00ms,CPU&GPU=7.63ms,LCnt=2(DR90,LM2),GPU%=0.44,CPU%=0.73(W0.80),DSF=1.01,CFL=11.37/15.89,ICFLp95=14.55,LD=0,SF=1.00,LP=0,DVFS=0
05-15 14:44:37.082 25921 25944 I Unity   : [XR] [485728508272] [14:44:37.082][Verbose] Ignoring event type 1000156103
05-15 14:44:37.082 25921 25944 I Unity   : [XR] [485728508272] [14:44:37.082][Verbose] Ignoring event type 1000156104
05-15 14:44:37.115 25921 25944 I Unity   : [XR] [485728508272] [14:44:37.115][Verbose] Ignoring event type 1000156103
05-15 14:44:37.115 25921 25944 I Unity   : [XR] [485728508272] [14:44:37.115][Verbose] Ignoring event type 1000156104
05-15 14:44:37.149 25921 25944 I Unity   : [XR] [485728508272] [14:44:37.149][Verbose] Ignoring event type 1000156103
05-15 14:44:37.149 25921 25944 I Unity   : [XR] [485728508272] [14:44:37.149][Verbose] Ignoring event type 1000156104
05-15 14:44:37.180 25921 25944 I Unity   : [XR] [485728508272] [14:44:37.180][Verbose] Ignoring event type 1000156103
05-15 14:44:37.180 25921 25944 I Unity   : [XR] [485728508272] [14:44:37.180][Verbose] Ignoring event type 1000156104
05-15 14:44:37.217 25921 25944 I Unity   : [XR] [485728508272] [14:44:37.216][Verbose] Ignoring event type 1000156103
05-15 14:44:37.218 25921 25944 I Unity   : [XR] [485728508272] [14:44:37.218][Verbose] Ignoring event type 1000156104
05-15 14:44:37.250 25921 25944 I Unity   : [XR] [485728508272] [14:44:37.249][Verbose] Ignoring event type 1000156103
05-15 14:44:37.250 25921 25944 I Unity   : [XR] [485728508272] [14:44:37.250][Verbose] Ignoring event type 1000156104
05-15 14:44:37.282 25921 25944 I Unity   : [XR] [485728508272] [14:44:37.282][Verbose] Ignoring event type 1000156103
05-15 14:44:37.282 25921 25944 I Unity   : [XR] [485728508272] [14:44:37.282][Verbose] Ignoring event type 1000156104
05-15 14:44:37.315 25921 25944 I Unity   : [XR] [485728508272] [14:44:37.315][Verbose] Ignoring event type 1000156103
05-15 14:44:37.315 25921 25944 I Unity   : [XR] [485728508272] [14:44:37.315][Verbose] Ignoring event type 1000156104
05-15 14:44:37.349 25921 25944 I Unity   : [XR] [485728508272] [14:44:37.349][Verbose] Ignoring event type 1000156103
05-15 14:44:37.349 25921 25944 I Unity   : [XR] [485728508272] [14:44:37.349][Verbose] Ignoring event type 1000156104
05-15 14:44:37.381 25921 25944 I Unity   : [XR] [485728508272] [14:44:37.381][Verbose] Ignoring event type 1000156103
05-15 14:44:37.381 25921 25944 I Unity   : [XR] [485728508272] [14:44:37.381][Verbose] Ignoring event type 1000156104
05-15 14:44:37.414 25921 25944 I Unity   : [XR] [485728508272] [14:44:37.414][Verbose] Ignoring event type 1000156103
05-15 14:44:37.415 25921 25944 I Unity   : [XR] [485728508272] [14:44:37.415][Verbose] Ignoring event type 1000156104
05-15 14:44:37.450 25921 25944 I Unity   : [XR] [485728508272] [14:44:37.450][Verbose] Ignoring event type 1000156103
05-15 14:44:37.450 25921 25944 I Unity   : [XR] [485728508272] [14:44:37.450][Verbose] Ignoring event type 1000156104
05-15 14:44:37.483 25921 25944 I Unity   : [XR] [485728508272] [14:44:37.483][Verbose] Ignoring event type 1000156103
05-15 14:44:37.483 25921 25944 I Unity   : [XR] [485728508272] [14:44:37.483][Verbose] Ignoring event type 1000156104
05-15 14:44:37.516 25921 25944 I Unity   : [XR] [485728508272] [14:44:37.516][Verbose] Ignoring event type 1000156103
05-15 14:44:37.516 25921 25944 I Unity   : [XR] [485728508272] [14:44:37.516][Verbose] Ignoring event type 1000156104
05-15 14:44:37.548 25921 25944 I Unity   : [XR] [485728508272] [14:44:37.548][Verbose] Ignoring event type 1000156103
05-15 14:44:37.548 25921 25944 I Unity   : [XR] [485728508272] [14:44:37.548][Verbose] Ignoring event type 1000156104
05-15 14:44:37.583 25921 25944 I Unity   : [XR] [485728508272] [14:44:37.583][Verbose] Ignoring event type 1000156103
05-15 14:44:37.583 25921 25944 I Unity   : [XR] [485728508272] [14:44:37.583][Verbose] Ignoring event type 1000156104
05-15 14:44:37.615 25921 25944 I Unity   : [XR] [485728508272] [14:44:37.615][Verbose] Ignoring event type 1000156103
05-15 14:44:37.615 25921 25944 I Unity   : [XR] [485728508272] [14:44:37.615][Verbose] Ignoring event type 1000156104
05-15 14:44:37.637 25921 25944 I Unity   : [XR] [485728508272] [14:44:37.637][Verbose] Ignoring event type 1000156103
05-15 14:44:37.638 25921 25944 I Unity   : [XR] [485728508272] [14:44:37.638][Verbose] Ignoring event type 1000156104
05-15 14:44:37.670 25921 25944 I Unity   : [XR] [485728508272] [14:44:37.670][Verbose] Ignoring event type 1000156103
05-15 14:44:37.670 25921 25944 I Unity   : [XR] [485728508272] [14:44:37.670][Verbose] Ignoring event type 1000156104
05-15 14:44:37.702 25921 25944 I Unity   : [XR] [485728508272] [14:44:37.702][Verbose] Ignoring event type 1000156103
05-15 14:44:37.702 25921 25944 I Unity   : [XR] [485728508272] [14:44:37.702][Verbose] Ignoring event type 1000156104
05-15 14:44:37.726 25921 25944 I Unity   : [XR] [485728508272] [14:44:37.726][Verbose] Ignoring event type 1000156103
05-15 14:44:37.726 25921 25944 I Unity   : [XR] [485728508272] [14:44:37.726][Verbose] Ignoring event type 1000156104
05-15 14:44:37.760 25921 25944 I Unity   : [XR] [485728508272] [14:44:37.760][Verbose] Ignoring event type 1000156103
05-15 14:44:37.760 25921 25944 I Unity   : [XR] [485728508272] [14:44:37.760][Verbose] Ignoring event type 1000156104
05-15 14:44:37.793 25921 25944 I Unity   : [XR] [485728508272] [14:44:37.793][Verbose] Ignoring event type 1000156103
05-15 14:44:37.793 25921 25944 I Unity   : [XR] [485728508272] [14:44:37.793][Verbose] Ignoring event type 1000156104
05-15 14:44:37.826 25921 25944 I Unity   : [XR] [485728508272] [14:44:37.826][Verbose] Ignoring event type 1000156103
05-15 14:44:37.826 25921 25944 I Unity   : [XR] [485728508272] [14:44:37.826][Verbose] Ignoring event type 1000156104
05-15 14:44:37.859 25921 25944 I Unity   : [XR] [485728508272] [14:44:37.859][Verbose] Ignoring event type 1000156103
05-15 14:44:37.859 25921 25944 I Unity   : [XR] [485728508272] [14:44:37.859][Verbose] Ignoring event type 1000156104
05-15 14:44:37.893 25921 25944 I Unity   : [XR] [485728508272] [14:44:37.893][Verbose] Ignoring event type 1000156103
05-15 14:44:37.893 25921 25944 I Unity   : [XR] [485728508272] [14:44:37.893][Verbose] Ignoring event type 1000156104
05-15 14:44:37.927 25921 25944 I Unity   : [XR] [485728508272] [14:44:37.927][Verbose] Ignoring event type 1000156103
05-15 14:44:37.927 25921 25944 I Unity   : [XR] [485728508272] [14:44:37.927][Verbose] Ignoring event type 1000156104
05-15 14:44:37.960 25921 25944 I Unity   : [XR] [485728508272] [14:44:37.960][Verbose] Ignoring event type 1000156103
05-15 14:44:37.960 25921 25944 I Unity   : [XR] [485728508272] [14:44:37.960][Verbose] Ignoring event type 1000156104
05-15 14:44:37.991 25921 25944 I Unity   : [XR] [485728508272] [14:44:37.990][Verbose] Ignoring event type 1000156103
05-15 14:44:37.991 25921 25944 I Unity   : [XR] [485728508272] [14:44:37.991][Verbose] Ignoring event type 1000156104
05-15 14:44:38.015 25921 25944 I Unity   : [XR] [485728508272] [14:44:38.015][Verbose] Ignoring event type 1000156103
05-15 14:44:38.015 25921 25944 I Unity   : [XR] [485728508272] [14:44:38.015][Verbose] Ignoring event type 1000156104
05-15 14:44:38.049 25921 25944 I Unity   : [XR] [485728508272] [14:44:38.049][Verbose] Ignoring event type 1000156103
05-15 14:44:38.049 25921 25944 I Unity   : [XR] [485728508272] [14:44:38.049][Verbose] Ignoring event type 1000156104
05-15 14:44:38.080 25921 26076 I VrApi   : FPS=91/90,Prd=38ms,Tear=0,Early=30,Stale=0,Stale2/5/10/max=0/0/0/0,VSnc=1,Lat=-1,Fov=0,CPU4/GPU=3/2,1651/456MHz,OC=3F,TA=0/0/0,SP=N/N/N,Mem=2736MHz,Free=914MB,PLS=1,Temp=43.0C/0.0C,TW=1.37ms,App=3.22ms,GD=0.00ms,CPU&GPU=7.27ms,LCnt=2(DR90,LM2),GPU%=0.44,CPU%=0.73(W0.85),DSF=1.01,CFL=11.17/16.04,ICFLp95=14.54,LD=0,SF=1.00,LP=0,DVFS=0
05-15 14:44:38.082 25921 25944 I Unity   : [XR] [485728508272] [14:44:38.082][Verbose] Ignoring event type 1000156103
05-15 14:44:38.082 25921 25944 I Unity   : [XR] [485728508272] [14:44:38.082][Verbose] Ignoring event type 1000156104
05-15 14:44:38.116 25921 25944 I Unity   : [XR] [485728508272] [14:44:38.116][Verbose] Ignoring event type 1000156103
05-15 14:44:38.116 25921 25944 I Unity   : [XR] [485728508272] [14:44:38.116][Verbose] Ignoring event type 1000156104
05-15 14:44:38.149 25921 25944 I Unity   : [XR] [485728508272] [14:44:38.149][Verbose] Ignoring event type 1000156103
05-15 14:44:38.149 25921 25944 I Unity   : [XR] [485728508272] [14:44:38.149][Verbose] Ignoring event type 1000156104
05-15 14:44:38.182 25921 25944 I Unity   : [XR] [485728508272] [14:44:38.182][Verbose] Ignoring event type 1000156103
05-15 14:44:38.182 25921 25944 I Unity   : [XR] [485728508272] [14:44:38.182][Verbose] Ignoring event type 1000156104
05-15 14:44:38.215 25921 25944 I Unity   : [XR] [485728508272] [14:44:38.215][Verbose] Ignoring event type 1000156103
05-15 14:44:38.215 25921 25944 I Unity   : [XR] [485728508272] [14:44:38.215][Verbose] Ignoring event type 1000156104
05-15 14:44:38.247 25921 25944 I Unity   : [XR] [485728508272] [14:44:38.247][Verbose] Ignoring event type 1000156103
05-15 14:44:38.248 25921 25944 I Unity   : [XR] [485728508272] [14:44:38.248][Verbose] Ignoring event type 1000156104
05-15 14:44:38.282 25921 25944 I Unity   : [XR] [485728508272] [14:44:38.282][Verbose] Ignoring event type 1000156103
05-15 14:44:38.282 25921 25944 I Unity   : [XR] [485728508272] [14:44:38.282][Verbose] Ignoring event type 1000156104
05-15 14:44:38.316 25921 25944 I Unity   : [XR] [485728508272] [14:44:38.316][Verbose] Ignoring event type 1000156103
05-15 14:44:38.316 25921 25944 I Unity   : [XR] [485728508272] [14:44:38.316][Verbose] Ignoring event type 1000156104
05-15 14:44:38.349 25921 25944 I Unity   : [XR] [485728508272] [14:44:38.349][Verbose] Ignoring event type 1000156103
05-15 14:44:38.349 25921 25944 I Unity   : [XR] [485728508272] [14:44:38.349][Verbose] Ignoring event type 1000156104
05-15 14:44:38.381 25921 25944 I Unity   : [XR] [485728508272] [14:44:38.381][Verbose] Ignoring event type 1000156103
05-15 14:44:38.382 25921 25944 I Unity   : [XR] [485728508272] [14:44:38.382][Verbose] Ignoring event type 1000156104
05-15 14:44:38.415 25921 25944 I Unity   : [XR] [485728508272] [14:44:38.415][Verbose] Ignoring event type 1000156103
05-15 14:44:38.415 25921 25944 I Unity   : [XR] [485728508272] [14:44:38.415][Verbose] Ignoring event type 1000156104
05-15 14:44:38.447 25921 25944 I Unity   : [XR] [485728508272] [14:44:38.447][Verbose] Ignoring event type 1000156103
05-15 14:44:38.447 25921 25944 I Unity   : [XR] [485728508272] [14:44:38.447][Verbose] Ignoring event type 1000156104
05-15 14:44:38.472 25921 25944 I Unity   : [XR] [485728508272] [14:44:38.472][Verbose] Ignoring event type 1000156103
05-15 14:44:38.472 25921 25944 I Unity   : [XR] [485728508272] [14:44:38.472][Verbose] Ignoring event type 1000156104
05-15 14:44:38.505 25921 25944 I Unity   : [XR] [485728508272] [14:44:38.505][Verbose] Ignoring event type 1000156103
05-15 14:44:38.505 25921 25944 I Unity   : [XR] [485728508272] [14:44:38.505][Verbose] Ignoring event type 1000156104
05-15 14:44:38.537 25921 25944 I Unity   : [XR] [485728508272] [14:44:38.537][Verbose] Ignoring event type 1000156103
05-15 14:44:38.537 25921 25944 I Unity   : [XR] [485728508272] [14:44:38.537][Verbose] Ignoring event type 1000156104
05-15 14:44:38.571 25921 25944 I Unity   : [XR] [485728508272] [14:44:38.571][Verbose] Ignoring event type 1000156103
05-15 14:44:38.571 25921 25944 I Unity   : [XR] [485728508272] [14:44:38.571][Verbose] Ignoring event type 1000156104
05-15 14:44:38.603 25921 25944 I Unity   : [XR] [485728508272] [14:44:38.603][Verbose] Ignoring event type 1000156103
05-15 14:44:38.603 25921 25944 I Unity   : [XR] [485728508272] [14:44:38.603][Verbose] Ignoring event type 1000156104
05-15 14:44:38.627 25921 25944 I Unity   : [XR] [485728508272] [14:44:38.627][Verbose] Ignoring event type 1000156103
05-15 14:44:38.627 25921 25944 I Unity   : [XR] [485728508272] [14:44:38.627][Verbose] Ignoring event type 1000156104
05-15 14:44:38.660 25921 25944 I Unity   : [XR] [485728508272] [14:44:38.660][Verbose] Ignoring event type 1000156103
05-15 14:44:38.660 25921 25944 I Unity   : [XR] [485728508272] [14:44:38.660][Verbose] Ignoring event type 1000156104
05-15 14:44:38.691 25921 25944 I Unity   : [XR] [485728508272] [14:44:38.691][Verbose] Ignoring event type 1000156103
05-15 14:44:38.691 25921 25944 I Unity   : [XR] [485728508272] [14:44:38.691][Verbose] Ignoring event type 1000156104
05-15 14:44:38.727 25921 25944 I Unity   : [XR] [485728508272] [14:44:38.727][Verbose] Ignoring event type 1000156103
05-15 14:44:38.727 25921 25944 I Unity   : [XR] [485728508272] [14:44:38.727][Verbose] Ignoring event type 1000156104
05-15 14:44:38.747 25921 25944 I Unity   : [XR] [485728508272] [14:44:38.747][Verbose] Ignoring event type 1000156103
05-15 14:44:38.748 25921 25944 I Unity   : [XR] [485728508272] [14:44:38.748][Verbose] Ignoring event type 1000156104
05-15 14:44:38.781 25921 25944 I Unity   : [XR] [485728508272] [14:44:38.781][Verbose] Ignoring event type 1000156103
05-15 14:44:38.781 25921 25944 I Unity   : [XR] [485728508272] [14:44:38.781][Verbose] Ignoring event type 1000156104
05-15 14:44:38.816 25921 25944 I Unity   : [XR] [485728508272] [14:44:38.816][Verbose] Ignoring event type 1000156103
05-15 14:44:38.816 25921 25944 I Unity   : [XR] [485728508272] [14:44:38.816][Verbose] Ignoring event type 1000156104
05-15 14:44:38.849 25921 25944 I Unity   : [XR] [485728508272] [14:44:38.849][Verbose] Ignoring event type 1000156103
05-15 14:44:38.849 25921 25944 I Unity   : [XR] [485728508272] [14:44:38.849][Verbose] Ignoring event type 1000156104
05-15 14:44:38.881 25921 25944 I Unity   : [XR] [485728508272] [14:44:38.881][Verbose] Ignoring event type 1000156103
05-15 14:44:38.881 25921 25944 I Unity   : [XR] [485728508272] [14:44:38.881][Verbose] Ignoring event type 1000156104
05-15 14:44:38.905 25921 25944 I Unity   : [XR] [485728508272] [14:44:38.905][Verbose] Ignoring event type 1000156103
05-15 14:44:38.905 25921 25944 I Unity   : [XR] [485728508272] [14:44:38.905][Verbose] Ignoring event type 1000156104
05-15 14:44:38.937 25921 25944 I Unity   : [XR] [485728508272] [14:44:38.937][Verbose] Ignoring event type 1000156103
05-15 14:44:38.937 25921 25944 I Unity   : [XR] [485728508272] [14:44:38.937][Verbose] Ignoring event type 1000156104
05-15 14:44:38.970 25921 25944 I Unity   : [XR] [485728508272] [14:44:38.970][Verbose] Ignoring event type 1000156103
05-15 14:44:38.970 25921 25944 I Unity   : [XR] [485728508272] [14:44:38.970][Verbose] Ignoring event type 1000156104
05-15 14:44:39.002 25921 25944 I Unity   : [XR] [485728508272] [14:44:39.002][Verbose] Ignoring event type 1000156103
05-15 14:44:39.002 25921 25944 I Unity   : [XR] [485728508272] [14:44:39.002][Verbose] Ignoring event type 1000156104
05-15 14:44:39.027 25921 25944 I Unity   : [XR] [485728508272] [14:44:39.027][Verbose] Ignoring event type 1000156103
05-15 14:44:39.027 25921 25944 I Unity   : [XR] [485728508272] [14:44:39.027][Verbose] Ignoring event type 1000156104
05-15 14:44:39.060 25921 25944 I Unity   : [XR] [485728508272] [14:44:39.060][Verbose] Ignoring event type 1000156103
05-15 14:44:39.060 25921 25944 I Unity   : [XR] [485728508272] [14:44:39.060][Verbose] Ignoring event type 1000156104
05-15 14:44:39.093 25921 25944 I Unity   : [XR] [485728508272] [14:44:39.093][Verbose] Ignoring event type 1000156103
05-15 14:44:39.093 25921 25944 I Unity   : [XR] [485728508272] [14:44:39.093][Verbose] Ignoring event type 1000156104
05-15 14:44:39.107 25921 26076 I VrApi   : FPS=90/90,Prd=38ms,Tear=0,Early=33,Stale=0,Stale2/5/10/max=0/0/0/0,VSnc=1,Lat=-1,Fov=0,CPU4/GPU=3/2,1651/456MHz,OC=3F,TA=0/0/0,SP=N/N/N,Mem=2736MHz,Free=894MB,PLS=1,Temp=43.0C/0.0C,TW=1.42ms,App=3.57ms,GD=0.00ms,CPU&GPU=7.46ms,LCnt=2(DR90,LM2),GPU%=0.47,CPU%=0.74(W0.87),DSF=1.01,CFL=11.29/16.08,ICFLp95=14.63,LD=0,SF=1.00,LP=0,DVFS=0
05-15 14:44:39.126 25921 25944 I Unity   : [XR] [485728508272] [14:44:39.126][Verbose] Ignoring event type 1000156103
05-15 14:44:39.126 25921 25944 I Unity   : [XR] [485728508272] [14:44:39.126][Verbose] Ignoring event type 1000156104
05-15 14:44:39.148 25921 25944 I Unity   : [XR] [485728508272] [14:44:39.148][Verbose] Ignoring event type 1000156103
05-15 14:44:39.148 25921 25944 I Unity   : [XR] [485728508272] [14:44:39.148][Verbose] Ignoring event type 1000156104
05-15 14:44:39.182 25921 25944 I Unity   : [XR] [485728508272] [14:44:39.182][Verbose] Ignoring event type 1000156103
05-15 14:44:39.182 25921 25944 I Unity   : [XR] [485728508272] [14:44:39.182][Verbose] Ignoring event type 1000156104
05-15 14:44:39.212 25921 25944 I Unity   : [XR] [485728508272] [14:44:39.212][Verbose] Ignoring event type 1000156103
05-15 14:44:39.213 25921 25944 I Unity   : [XR] [485728508272] [14:44:39.213][Verbose] Ignoring event type 1000156104
05-15 14:44:39.238 25921 25944 I Unity   : [XR] [485728508272] [14:44:39.238][Verbose] Ignoring event type 1000156103
05-15 14:44:39.238 25921 25944 I Unity   : [XR] [485728508272] [14:44:39.238][Verbose] Ignoring event type 1000156104
05-15 14:44:39.270 25921 25944 I Unity   : [XR] [485728508272] [14:44:39.270][Verbose] Ignoring event type 1000156103
05-15 14:44:39.270 25921 25944 I Unity   : [XR] [485728508272] [14:44:39.270][Verbose] Ignoring event type 1000156104
05-15 14:44:39.302 25921 25944 I Unity   : [XR] [485728508272] [14:44:39.302][Verbose] Ignoring event type 1000156103
05-15 14:44:39.302 25921 25944 I Unity   : [XR] [485728508272] [14:44:39.302][Verbose] Ignoring event type 1000156104
05-15 14:44:39.327 25921 25944 I Unity   : [XR] [485728508272] [14:44:39.327][Verbose] Ignoring event type 1000156103
05-15 14:44:39.327 25921 25944 I Unity   : [XR] [485728508272] [14:44:39.327][Verbose] Ignoring event type 1000156104
05-15 14:44:39.360 25921 25944 I Unity   : [XR] [485728508272] [14:44:39.360][Verbose] Ignoring event type 1000156103
05-15 14:44:39.360 25921 25944 I Unity   : [XR] [485728508272] [14:44:39.360][Verbose] Ignoring event type 1000156104
05-15 14:44:39.393 25921 25944 I Unity   : [XR] [485728508272] [14:44:39.393][Verbose] Ignoring event type 1000156103
05-15 14:44:39.393 25921 25944 I Unity   : [XR] [485728508272] [14:44:39.393][Verbose] Ignoring event type 1000156104
05-15 14:44:39.426 25921 25944 I Unity   : [XR] [485728508272] [14:44:39.426][Verbose] Ignoring event type 1000156103
05-15 14:44:39.426 25921 25944 I Unity   : [XR] [485728508272] [14:44:39.426][Verbose] Ignoring event type 1000156104
05-15 14:44:39.459 25921 25944 I Unity   : [XR] [485728508272] [14:44:39.459][Verbose] Ignoring event type 1000156103
05-15 14:44:39.460 25921 25944 I Unity   : [XR] [485728508272] [14:44:39.460][Verbose] Ignoring event type 1000156104
05-15 14:44:39.491 25921 25944 I Unity   : [XR] [485728508272] [14:44:39.491][Verbose] Ignoring event type 1000156103
05-15 14:44:39.491 25921 25944 I Unity   : [XR] [485728508272] [14:44:39.491][Verbose] Ignoring event type 1000156104
05-15 14:44:39.516 25921 25944 I Unity   : [XR] [485728508272] [14:44:39.516][Verbose] Ignoring event type 1000156103
05-15 14:44:39.516 25921 25944 I Unity   : [XR] [485728508272] [14:44:39.516][Verbose] Ignoring event type 1000156104
05-15 14:44:39.549 25921 25944 I Unity   : [XR] [485728508272] [14:44:39.549][Verbose] Ignoring event type 1000156103
05-15 14:44:39.549 25921 25944 I Unity   : [XR] [485728508272] [14:44:39.549][Verbose] Ignoring event type 1000156104
05-15 14:44:39.580 25921 25944 I Unity   : [XR] [485728508272] [14:44:39.580][Verbose] Ignoring event type 1000156103
05-15 14:44:39.580 25921 25944 I Unity   : [XR] [485728508272] [14:44:39.580][Verbose] Ignoring event type 1000156104
05-15 14:44:39.616 25921 25944 I Unity   : [XR] [485728508272] [14:44:39.616][Verbose] Ignoring event type 1000156103
05-15 14:44:39.616 25921 25944 I Unity   : [XR] [485728508272] [14:44:39.616][Verbose] Ignoring event type 1000156104
05-15 14:44:39.649 25921 25944 I Unity   : [XR] [485728508272] [14:44:39.649][Verbose] Ignoring event type 1000156103
05-15 14:44:39.649 25921 25944 I Unity   : [XR] [485728508272] [14:44:39.649][Verbose] Ignoring event type 1000156104
05-15 14:44:39.682 25921 25944 I Unity   : [XR] [485728508272] [14:44:39.682][Verbose] Ignoring event type 1000156103
05-15 14:44:39.682 25921 25944 I Unity   : [XR] [485728508272] [14:44:39.682][Verbose] Ignoring event type 1000156104
05-15 14:44:39.715 25921 25944 I Unity   : [XR] [485728508272] [14:44:39.715][Verbose] Ignoring event type 1000156103
05-15 14:44:39.715 25921 25944 I Unity   : [XR] [485728508272] [14:44:39.715][Verbose] Ignoring event type 1000156104
05-15 14:44:39.749 25921 25944 I Unity   : [XR] [485728508272] [14:44:39.749][Verbose] Ignoring event type 1000156103
05-15 14:44:39.749 25921 25944 I Unity   : [XR] [485728508272] [14:44:39.749][Verbose] Ignoring event type 1000156104
05-15 14:44:39.782 25921 25944 I Unity   : [XR] [485728508272] [14:44:39.782][Verbose] Ignoring event type 1000156103
05-15 14:44:39.782 25921 25944 I Unity   : [XR] [485728508272] [14:44:39.782][Verbose] Ignoring event type 1000156104
05-15 14:44:39.814 25921 25944 I Unity   : [XR] [485728508272] [14:44:39.814][Verbose] Ignoring event type 1000156103
05-15 14:44:39.814 25921 25944 I Unity   : [XR] [485728508272] [14:44:39.814][Verbose] Ignoring event type 1000156104
05-15 14:44:39.847 25921 25944 I Unity   : [XR] [485728508272] [14:44:39.847][Verbose] Ignoring event type 1000156103
05-15 14:44:39.847 25921 25944 I Unity   : [XR] [485728508272] [14:44:39.847][Verbose] Ignoring event type 1000156104
05-15 14:44:39.871 25921 25944 I Unity   : [XR] [485728508272] [14:44:39.871][Verbose] Ignoring event type 1000156103
05-15 14:44:39.871 25921 25944 I Unity   : [XR] [485728508272] [14:44:39.871][Verbose] Ignoring event type 1000156104
05-15 14:44:39.903 25921 25944 I Unity   : [XR] [485728508272] [14:44:39.903][Verbose] Ignoring event type 1000156103
05-15 14:44:39.904 25921 25944 I Unity   : [XR] [485728508272] [14:44:39.903][Verbose] Ignoring event type 1000156104
05-15 14:44:39.938 25921 25944 I Unity   : [XR] [485728508272] [14:44:39.938][Verbose] Ignoring event type 1000156103
05-15 14:44:39.938 25921 25944 I Unity   : [XR] [485728508272] [14:44:39.938][Verbose] Ignoring event type 1000156104
05-15 14:44:39.971 25921 25944 I Unity   : [XR] [485728508272] [14:44:39.971][Verbose] Ignoring event type 1000156103
05-15 14:44:39.971 25921 25944 I Unity   : [XR] [485728508272] [14:44:39.971][Verbose] Ignoring event type 1000156104
05-15 14:44:40.004 25921 25944 I Unity   : [XR] [485728508272] [14:44:40.004][Verbose] Ignoring event type 1000156103
05-15 14:44:40.004 25921 25944 I Unity   : [XR] [485728508272] [14:44:40.004][Verbose] Ignoring event type 1000156104
05-15 14:44:40.026 25921 25944 I Unity   : [XR] [485728508272] [14:44:40.026][Verbose] Ignoring event type 1000156103
05-15 14:44:40.026 25921 25944 I Unity   : [XR] [485728508272] [14:44:40.026][Verbose] Ignoring event type 1000156104
05-15 14:44:40.059 25921 25944 I Unity   : [XR] [485728508272] [14:44:40.059][Verbose] Ignoring event type 1000156103
05-15 14:44:40.059 25921 25944 I Unity   : [XR] [485728508272] [14:44:40.059][Verbose] Ignoring event type 1000156104
05-15 14:44:40.080 25921 26076 I VrApi   : FPS=90/90,Prd=39ms,Tear=0,Early=22,Stale=0,Stale2/5/10/max=0/0/0/0,VSnc=1,Lat=-1,Fov=0,CPU4/GPU=3/2,1651/456MHz,OC=3F,TA=0/0/0,SP=N/N/N,Mem=2736MHz,Free=894MB,PLS=1,Temp=43.0C/0.0C,TW=1.36ms,App=3.64ms,GD=0.00ms,CPU&GPU=7.20ms,LCnt=2(DR91,LM2),GPU%=0.46,CPU%=0.71(W0.79),DSF=1.01,CFL=11.20/16.54,ICFLp95=14.83,LD=0,SF=1.00,LP=0,DVFS=0
05-15 14:44:40.093 25921 25944 I Unity   : [XR] [485728508272] [14:44:40.093][Verbose] Ignoring event type 1000156103
05-15 14:44:40.093 25921 25944 I Unity   : [XR] [485728508272] [14:44:40.093][Verbose] Ignoring event type 1000156104
05-15 14:44:40.126 25921 25944 I Unity   : [XR] [485728508272] [14:44:40.126][Verbose] Ignoring event type 1000156103
05-15 14:44:40.126 25921 25944 I Unity   : [XR] [485728508272] [14:44:40.126][Verbose] Ignoring event type 1000156104
05-15 14:44:40.157 25921 25944 I Unity   : [XR] [485728508272] [14:44:40.157][Verbose] Ignoring event type 1000156103
05-15 14:44:40.157 25921 25944 I Unity   : [XR] [485728508272] [14:44:40.157][Verbose] Ignoring event type 1000156104
05-15 14:44:40.182 25921 25944 I Unity   : [XR] [485728508272] [14:44:40.182][Verbose] Ignoring event type 1000156103
05-15 14:44:40.182 25921 25944 I Unity   : [XR] [485728508272] [14:44:40.182][Verbose] Ignoring event type 1000156104
05-15 14:44:40.215 25921 25944 I Unity   : [XR] [485728508272] [14:44:40.215][Verbose] Ignoring event type 1000156103
05-15 14:44:40.215 25921 25944 I Unity   : [XR] [485728508272] [14:44:40.215][Verbose] Ignoring event type 1000156104
05-15 14:44:40.248 25921 25944 I Unity   : [XR] [485728508272] [14:44:40.248][Verbose] Ignoring event type 1000156103
05-15 14:44:40.248 25921 25944 I Unity   : [XR] [485728508272] [14:44:40.248][Verbose] Ignoring event type 1000156104
05-15 14:44:40.283 25921 25944 I Unity   : [XR] [485728508272] [14:44:40.283][Verbose] Ignoring event type 1000156103
05-15 14:44:40.283 25921 25944 I Unity   : [XR] [485728508272] [14:44:40.283][Verbose] Ignoring event type 1000156104
05-15 14:44:40.315 25921 25944 I Unity   : [XR] [485728508272] [14:44:40.315][Verbose] Ignoring event type 1000156103
05-15 14:44:40.316 25921 25944 I Unity   : [XR] [485728508272] [14:44:40.316][Verbose] Ignoring event type 1000156104
05-15 14:44:40.348 25921 25944 I Unity   : [XR] [485728508272] [14:44:40.348][Verbose] Ignoring event type 1000156103
05-15 14:44:40.348 25921 25944 I Unity   : [XR] [485728508272] [14:44:40.348][Verbose] Ignoring event type 1000156104
05-15 14:44:40.381 25921 25944 I Unity   : [XR] [485728508272] [14:44:40.381][Verbose] Ignoring event type 1000156103
05-15 14:44:40.381 25921 25944 I Unity   : [XR] [485728508272] [14:44:40.381][Verbose] Ignoring event type 1000156104
05-15 14:44:40.416 25921 25944 I Unity   : [XR] [485728508272] [14:44:40.416][Verbose] Ignoring event type 1000156103
05-15 14:44:40.416 25921 25944 I Unity   : [XR] [485728508272] [14:44:40.416][Verbose] Ignoring event type 1000156104
05-15 14:44:40.449 25921 25944 I Unity   : [XR] [485728508272] [14:44:40.449][Verbose] Ignoring event type 1000156103
05-15 14:44:40.449 25921 25944 I Unity   : [XR] [485728508272] [14:44:40.449][Verbose] Ignoring event type 1000156104
05-15 14:44:40.482 25921 25944 I Unity   : [XR] [485728508272] [14:44:40.482][Verbose] Ignoring event type 1000156103
05-15 14:44:40.482 25921 25944 I Unity   : [XR] [485728508272] [14:44:40.482][Verbose] Ignoring event type 1000156104
05-15 14:44:40.515 25921 25944 I Unity   : [XR] [485728508272] [14:44:40.515][Verbose] Ignoring event type 1000156103
05-15 14:44:40.515 25921 25944 I Unity   : [XR] [485728508272] [14:44:40.515][Verbose] Ignoring event type 1000156104
05-15 14:44:40.538 25921 25944 I Unity   : [XR] [485728508272] [14:44:40.538][Verbose] Ignoring event type 1000156103
05-15 14:44:40.538 25921 25944 I Unity   : [XR] [485728508272] [14:44:40.538][Verbose] Ignoring event type 1000156104
05-15 14:44:40.571 25921 25944 I Unity   : [XR] [485728508272] [14:44:40.571][Verbose] Ignoring event type 1000156103
05-15 14:44:40.571 25921 25944 I Unity   : [XR] [485728508272] [14:44:40.571][Verbose] Ignoring event type 1000156104
05-15 14:44:40.602 25921 25944 I Unity   : [XR] [485728508272] [14:44:40.602][Verbose] Ignoring event type 1000156103
05-15 14:44:40.602 25921 25944 I Unity   : [XR] [485728508272] [14:44:40.602][Verbose] Ignoring event type 1000156104
05-15 14:44:40.627 25921 25944 I Unity   : [XR] [485728508272] [14:44:40.627][Verbose] Ignoring event type 1000156103
05-15 14:44:40.627 25921 25944 I Unity   : [XR] [485728508272] [14:44:40.627][Verbose] Ignoring event type 1000156104
05-15 14:44:40.658 25921 25944 I Unity   : [XR] [485728508272] [14:44:40.658][Verbose] Ignoring event type 1000156103
05-15 14:44:40.659 25921 25944 I Unity   : [XR] [485728508272] [14:44:40.659][Verbose] Ignoring event type 1000156104
05-15 14:44:40.694 25921 25944 I Unity   : [XR] [485728508272] [14:44:40.694][Verbose] Ignoring event type 1000156103
05-15 14:44:40.694 25921 25944 I Unity   : [XR] [485728508272] [14:44:40.694][Verbose] Ignoring event type 1000156104
05-15 14:44:40.727 25921 25944 I Unity   : [XR] [485728508272] [14:44:40.727][Verbose] Ignoring event type 1000156103
05-15 14:44:40.727 25921 25944 I Unity   : [XR] [485728508272] [14:44:40.727][Verbose] Ignoring event type 1000156104
05-15 14:44:40.761 25921 25944 I Unity   : [XR] [485728508272] [14:44:40.761][Verbose] Ignoring event type 1000156103
05-15 14:44:40.761 25921 25944 I Unity   : [XR] [485728508272] [14:44:40.761][Verbose] Ignoring event type 1000156104
05-15 14:44:40.793 25921 25944 I Unity   : [XR] [485728508272] [14:44:40.793][Verbose] Ignoring event type 1000156103
05-15 14:44:40.793 25921 25944 I Unity   : [XR] [485728508272] [14:44:40.793][Verbose] Ignoring event type 1000156104
05-15 14:44:40.826 25921 25944 I Unity   : [XR] [485728508272] [14:44:40.826][Verbose] Ignoring event type 1000156103
05-15 14:44:40.826 25921 25944 I Unity   : [XR] [485728508272] [14:44:40.826][Verbose] Ignoring event type 1000156104
05-15 14:44:40.860 25921 25944 I Unity   : [XR] [485728508272] [14:44:40.860][Verbose] Ignoring event type 1000156103
05-15 14:44:40.860 25921 25944 I Unity   : [XR] [485728508272] [14:44:40.860][Verbose] Ignoring event type 1000156104
05-15 14:44:40.892 25921 25944 I Unity   : [XR] [485728508272] [14:44:40.892][Verbose] Ignoring event type 1000156103
05-15 14:44:40.892 25921 25944 I Unity   : [XR] [485728508272] [14:44:40.892][Verbose] Ignoring event type 1000156104
05-15 14:44:40.915 25921 25944 I Unity   : [XR] [485728508272] [14:44:40.915][Verbose] Ignoring event type 1000156103
05-15 14:44:40.916 25921 25944 I Unity   : [XR] [485728508272] [14:44:40.916][Verbose] Ignoring event type 1000156104
05-15 14:44:40.949 25921 25944 I Unity   : [XR] [485728508272] [14:44:40.949][Verbose] Ignoring event type 1000156103
05-15 14:44:40.949 25921 25944 I Unity   : [XR] [485728508272] [14:44:40.949][Verbose] Ignoring event type 1000156104
05-15 14:44:40.982 25921 25944 I Unity   : [XR] [485728508272] [14:44:40.982][Verbose] Ignoring event type 1000156103
05-15 14:44:40.982 25921 25944 I Unity   : [XR] [485728508272] [14:44:40.982][Verbose] Ignoring event type 1000156104
05-15 14:44:41.016 25921 25944 I Unity   : [XR] [485728508272] [14:44:41.016][Verbose] Ignoring event type 1000156103
05-15 14:44:41.016 25921 25944 I Unity   : [XR] [485728508272] [14:44:41.016][Verbose] Ignoring event type 1000156104
05-15 14:44:41.049 25921 25944 I Unity   : [XR] [485728508272] [14:44:41.049][Verbose] Ignoring event type 1000156103
05-15 14:44:41.049 25921 25944 I Unity   : [XR] [485728508272] [14:44:41.049][Verbose] Ignoring event type 1000156104
05-15 14:44:41.080 25921 26076 I VrApi   : FPS=91/90,Prd=38ms,Tear=0,Early=30,Stale=0,Stale2/5/10/max=0/0/0/0,VSnc=1,Lat=-1,Fov=0,CPU4/GPU=3/2,1651/456MHz,OC=3F,TA=0/0/0,SP=N/N/N,Mem=2092MHz,Free=894MB,PLS=1,Temp=43.0C/0.0C,TW=1.37ms,App=3.07ms,GD=0.00ms,CPU&GPU=8.49ms,LCnt=2(DR90,LM2),GPU%=0.44,CPU%=0.73(W0.81),DSF=1.01,CFL=11.72/16.45,ICFLp95=14.89,LD=0,SF=1.00,LP=0,DVFS=0
05-15 14:44:41.082 25921 25944 I Unity   : [XR] [485728508272] [14:44:41.082][Verbose] Ignoring event type 1000156103
05-15 14:44:41.082 25921 25944 I Unity   : [XR] [485728508272] [14:44:41.082][Verbose] Ignoring event type 1000156104
05-15 14:44:41.104 25921 25944 I Unity   : [XR] [485728508272] [14:44:41.104][Verbose] Ignoring event type 1000156103
05-15 14:44:41.104 25921 25944 I Unity   : [XR] [485728508272] [14:44:41.104][Verbose] Ignoring event type 1000156104
05-15 14:44:41.138 25921 25944 I Unity   : [XR] [485728508272] [14:44:41.138][Verbose] Ignoring event type 1000156103
05-15 14:44:41.138 25921 25944 I Unity   : [XR] [485728508272] [14:44:41.138][Verbose] Ignoring event type 1000156104
05-15 14:44:41.160 25921 25944 I Unity   : [XR] [485728508272] [14:44:41.160][Verbose] Ignoring event type 1000156103
05-15 14:44:41.160 25921 25944 I Unity   : [XR] [485728508272] [14:44:41.160][Verbose] Ignoring event type 1000156104
05-15 14:44:41.181 25921 25944 I Unity   : [XR] [485728508272] [14:44:41.181][Verbose] Ignoring event type 1000156103
05-15 14:44:41.181 25921 25944 I Unity   : [XR] [485728508272] [14:44:41.181][Verbose] Ignoring event type 1000156104
05-15 14:44:41.215 25921 25944 I Unity   : [XR] [485728508272] [14:44:41.215][Verbose] Ignoring event type 1000156103
05-15 14:44:41.215 25921 25944 I Unity   : [XR] [485728508272] [14:44:41.215][Verbose] Ignoring event type 1000156104
05-15 14:44:41.248 25921 25944 I Unity   : [XR] [485728508272] [14:44:41.248][Verbose] Ignoring event type 1000156103
05-15 14:44:41.248 25921 25944 I Unity   : [XR] [485728508272] [14:44:41.248][Verbose] Ignoring event type 1000156104
05-15 14:44:41.283 25921 25944 I Unity   : [XR] [485728508272] [14:44:41.283][Verbose] Ignoring event type 1000156103
05-15 14:44:41.283 25921 25944 I Unity   : [XR] [485728508272] [14:44:41.283][Verbose] Ignoring event type 1000156104
05-15 14:44:41.304 25921 25944 I Unity   : [XR] [485728508272] [14:44:41.304][Verbose] Ignoring event type 1000156103
05-15 14:44:41.304 25921 25944 I Unity   : [XR] [485728508272] [14:44:41.304][Verbose] Ignoring event type 1000156104
05-15 14:44:41.339 25921 25944 I Unity   : [XR] [485728508272] [14:44:41.339][Verbose] Ignoring event type 1000156103
05-15 14:44:41.339 25921 25944 I Unity   : [XR] [485728508272] [14:44:41.339][Verbose] Ignoring event type 1000156104
05-15 14:44:41.372 25921 25944 I Unity   : [XR] [485728508272] [14:44:41.372][Verbose] Ignoring event type 1000156103
05-15 14:44:41.373 25921 25944 I Unity   : [XR] [485728508272] [14:44:41.373][Verbose] Ignoring event type 1000156104
05-15 14:44:41.403 25921 25944 I Unity   : [XR] [485728508272] [14:44:41.403][Verbose] Ignoring event type 1000156103
05-15 14:44:41.403 25921 25944 I Unity   : [XR] [485728508272] [14:44:41.403][Verbose] Ignoring event type 1000156104
05-15 14:44:41.438 25921 25944 I Unity   : [XR] [485728508272] [14:44:41.438][Verbose] Ignoring event type 1000156103
05-15 14:44:41.439 25921 25944 I Unity   : [XR] [485728508272] [14:44:41.439][Verbose] Ignoring event type 1000156104
05-15 14:44:41.470 25921 25944 I Unity   : [XR] [485728508272] [14:44:41.470][Verbose] Ignoring event type 1000156103
05-15 14:44:41.471 25921 25944 I Unity   : [XR] [485728508272] [14:44:41.471][Verbose] Ignoring event type 1000156104
05-15 14:44:41.504 25921 25944 I Unity   : [XR] [485728508272] [14:44:41.503][Verbose] Ignoring event type 1000156103
05-15 14:44:41.504 25921 25944 I Unity   : [XR] [485728508272] [14:44:41.504][Verbose] Ignoring event type 1000156104
05-15 14:44:41.540 25921 25944 I Unity   : [XR] [485728508272] [14:44:41.540][Verbose] Ignoring event type 1000156103
05-15 14:44:41.540 25921 25944 I Unity   : [XR] [485728508272] [14:44:41.540][Verbose] Ignoring event type 1000156104
05-15 14:44:41.573 25921 25944 I Unity   : [XR] [485728508272] [14:44:41.573][Verbose] Ignoring event type 1000156103
05-15 14:44:41.574 25921 25944 I Unity   : [XR] [485728508272] [14:44:41.574][Verbose] Ignoring event type 1000156104
05-15 14:44:41.604 25921 25944 I Unity   : [XR] [485728508272] [14:44:41.604][Verbose] Ignoring event type 1000156103
05-15 14:44:41.604 25921 25944 I Unity   : [XR] [485728508272] [14:44:41.604][Verbose] Ignoring event type 1000156104
05-15 14:44:41.637 25921 25944 I Unity   : [XR] [485728508272] [14:44:41.637][Verbose] Ignoring event type 1000156103
05-15 14:44:41.637 25921 25944 I Unity   : [XR] [485728508272] [14:44:41.637][Verbose] Ignoring event type 1000156104
05-15 14:44:41.661 25921 25944 I Unity   : [XR] [485728508272] [14:44:41.660][Verbose] Ignoring event type 1000156103
05-15 14:44:41.661 25921 25944 I Unity   : [XR] [485728508272] [14:44:41.661][Verbose] Ignoring event type 1000156104
05-15 14:44:41.694 25921 25944 I Unity   : [XR] [485728508272] [14:44:41.694][Verbose] Ignoring event type 1000156103
05-15 14:44:41.694 25921 25944 I Unity   : [XR] [485728508272] [14:44:41.694][Verbose] Ignoring event type 1000156104
05-15 14:44:41.727 25921 25944 I Unity   : [XR] [485728508272] [14:44:41.727][Verbose] Ignoring event type 1000156103
05-15 14:44:41.727 25921 25944 I Unity   : [XR] [485728508272] [14:44:41.727][Verbose] Ignoring event type 1000156104
05-15 14:44:41.761 25921 25944 I Unity   : [XR] [485728508272] [14:44:41.761][Verbose] Ignoring event type 1000156103
05-15 14:44:41.761 25921 25944 I Unity   : [XR] [485728508272] [14:44:41.761][Verbose] Ignoring event type 1000156104
05-15 14:44:41.793 25921 25944 I Unity   : [XR] [485728508272] [14:44:41.793][Verbose] Ignoring event type 1000156103
05-15 14:44:41.793 25921 25944 I Unity   : [XR] [485728508272] [14:44:41.793][Verbose] Ignoring event type 1000156104
05-15 14:44:41.826 25921 25944 I Unity   : [XR] [485728508272] [14:44:41.826][Verbose] Ignoring event type 1000156103
05-15 14:44:41.827 25921 25944 I Unity   : [XR] [485728508272] [14:44:41.827][Verbose] Ignoring event type 1000156104
05-15 14:44:41.860 25921 25944 I Unity   : [XR] [485728508272] [14:44:41.860][Verbose] Ignoring event type 1000156103
05-15 14:44:41.861 25921 25944 I Unity   : [XR] [485728508272] [14:44:41.861][Verbose] Ignoring event type 1000156104
05-15 14:44:41.894 25921 25944 I Unity   : [XR] [485728508272] [14:44:41.894][Verbose] Ignoring event type 1000156103
05-15 14:44:41.894 25921 25944 I Unity   : [XR] [485728508272] [14:44:41.894][Verbose] Ignoring event type 1000156104
05-15 14:44:41.927 25921 25944 I Unity   : [XR] [485728508272] [14:44:41.927][Verbose] Ignoring event type 1000156103
05-15 14:44:41.927 25921 25944 I Unity   : [XR] [485728508272] [14:44:41.927][Verbose] Ignoring event type 1000156104
05-15 14:44:41.960 25921 25944 I Unity   : [XR] [485728508272] [14:44:41.960][Verbose] Ignoring event type 1000156103
05-15 14:44:41.960 25921 25944 I Unity   : [XR] [485728508272] [14:44:41.960][Verbose] Ignoring event type 1000156104
05-15 14:44:41.992 25921 25944 I Unity   : [XR] [485728508272] [14:44:41.992][Verbose] Ignoring event type 1000156103
05-15 14:44:41.992 25921 25944 I Unity   : [XR] [485728508272] [14:44:41.992][Verbose] Ignoring event type 1000156104
05-15 14:44:42.016 25921 25944 I Unity   : [XR] [485728508272] [14:44:42.016][Verbose] Ignoring event type 1000156103
05-15 14:44:42.016 25921 25944 I Unity   : [XR] [485728508272] [14:44:42.016][Verbose] Ignoring event type 1000156104
05-15 14:44:42.049 25921 25944 I Unity   : [XR] [485728508272] [14:44:42.049][Verbose] Ignoring event type 1000156103
05-15 14:44:42.049 25921 25944 I Unity   : [XR] [485728508272] [14:44:42.049][Verbose] Ignoring event type 1000156104
05-15 14:44:42.080 25921 26076 I VrApi   : FPS=90/90,Prd=38ms,Tear=0,Early=35,Stale=0,Stale2/5/10/max=0/0/0/0,VSnc=1,Lat=-1,Fov=0,CPU4/GPU=3/2,1651/456MHz,OC=3F,TA=0/0/0,SP=N/N/N,Mem=2092MHz,Free=894MB,PLS=1,Temp=43.0C/0.0C,TW=1.38ms,App=2.92ms,GD=0.00ms,CPU&GPU=7.78ms,LCnt=2(DR91,LM2),GPU%=0.43,CPU%=0.74(W0.85),DSF=1.01,CFL=12.08/16.25,ICFLp95=14.78,LD=0,SF=1.00,LP=0,DVFS=0
