05-15 14:42:43.907 25921 25944 I Unity   : Starting test run 1 for none with passthrough False
05-15 14:42:43.907 25921 25944 I Unity   : <ExecuteTests>d__48:MoveNext()
05-15 14:42:43.907 25921 25944 I Unity   : UnityEngine.SetupCoroutine:InvokeMoveNext(IEnumerator, IntPtr)
05-15 14:42:43.907 25921 25944 I Unity   : 
05-15 14:42:43.909 25921 25944 I Unity   : Recording starting none-False-2024-05-15_14-42-43
05-15 14:42:43.909 25921 25944 I Unity   : <ExecuteTest>d__49:MoveNext()
05-15 14:42:43.909 25921 25944 I Unity   : UnityEngine.SetupCoroutine:InvokeMoveNext(IEnumerator, IntPtr)
05-15 14:42:43.909 25921 25944 I Unity   : 
05-15 14:42:43.909 25921 25944 I Unity   : Starting recording!
05-15 14:42:43.909 25921 25944 I Unity   : AutomatedTest:StartRecording()
05-15 14:42:43.909 25921 25944 I Unity   : <ExecuteTest>d__49:MoveNext()
05-15 14:42:43.909 25921 25944 I Unity   : UnityEngine.SetupCoroutine:InvokeMoveNext(IEnumerator, IntPtr)
05-15 14:42:43.909 25921 25944 I Unity   : 
05-15 14:42:43.937 25921 25944 I Unity   : [XR] [485728508272] [14:42:43.937][Verbose] Ignoring event type 1000156103
05-15 14:42:43.937 25921 25944 I Unity   : [XR] [485728508272] [14:42:43.937][Verbose] Ignoring event type 1000156104
05-15 14:42:43.969 25921 25944 I Unity   : [XR] [485728508272] [14:42:43.969][Verbose] Ignoring event type 1000156103
05-15 14:42:43.969 25921 25944 I Unity   : [XR] [485728508272] [14:42:43.969][Verbose] Ignoring event type 1000156104
05-15 14:42:44.004 25921 25944 I Unity   : [XR] [485728508272] [14:42:44.004][Verbose] Ignoring event type 1000156103
05-15 14:42:44.004 25921 25944 I Unity   : [XR] [485728508272] [14:42:44.004][Verbose] Ignoring event type 1000156104
05-15 14:42:44.036 25921 25944 I Unity   : [XR] [485728508272] [14:42:44.036][Verbose] Ignoring event type 1000156103
05-15 14:42:44.036 25921 25944 I Unity   : [XR] [485728508272] [14:42:44.036][Verbose] Ignoring event type 1000156104
05-15 14:42:44.062 25921 26076 I VrApi   : FPS=91/90,Prd=39ms,Tear=0,Early=39,Stale=0,Stale2/5/10/max=0/0/0/0,VSnc=1,Lat=-1,Fov=0,CPU4/GPU=3/2,1651/456MHz,OC=3F,TA=0/0/0,SP=N/N/N,Mem=3196MHz,Free=949MB,PLS=1,Temp=42.0C/0.0C,TW=1.36ms,App=3.77ms,GD=0.00ms,CPU&GPU=7.44ms,LCnt=2(DR91,LM2),GPU%=0.47,CPU%=0.73(W0.80),DSF=1.00,CFL=12.13/16.57,ICFLp95=15.27,LD=0,SF=1.00,LP=0,DVFS=0
05-15 14:42:44.069 25921 25944 I Unity   : [XR] [485728508272] [14:42:44.069][Verbose] Ignoring event type 1000156103
05-15 14:42:44.069 25921 25944 I Unity   : [XR] [485728508272] [14:42:44.069][Verbose] Ignoring event type 1000156104
05-15 14:42:44.101 25921 25944 I Unity   : [XR] [485728508272] [14:42:44.101][Verbose] Ignoring event type 1000156103
05-15 14:42:44.101 25921 25944 I Unity   : [XR] [485728508272] [14:42:44.101][Verbose] Ignoring event type 1000156104
05-15 14:42:44.135 25921 25944 I Unity   : [XR] [485728508272] [14:42:44.135][Verbose] Ignoring event type 1000156103
05-15 14:42:44.135 25921 25944 I Unity   : [XR] [485728508272] [14:42:44.135][Verbose] Ignoring event type 1000156104
05-15 14:42:44.168 25921 25944 I Unity   : [XR] [485728508272] [14:42:44.168][Verbose] Ignoring event type 1000156103
05-15 14:42:44.168 25921 25944 I Unity   : [XR] [485728508272] [14:42:44.168][Verbose] Ignoring event type 1000156104
05-15 14:42:44.204 25921 25944 I Unity   : [XR] [485728508272] [14:42:44.204][Verbose] Ignoring event type 1000156103
05-15 14:42:44.204 25921 25944 I Unity   : [XR] [485728508272] [14:42:44.204][Verbose] Ignoring event type 1000156104
05-15 14:42:44.237 25921 25944 I Unity   : [XR] [485728508272] [14:42:44.237][Verbose] Ignoring event type 1000156103
05-15 14:42:44.237 25921 25944 I Unity   : [XR] [485728508272] [14:42:44.237][Verbose] Ignoring event type 1000156104
05-15 14:42:44.269 25921 25944 I Unity   : [XR] [485728508272] [14:42:44.269][Verbose] Ignoring event type 1000156103
05-15 14:42:44.269 25921 25944 I Unity   : [XR] [485728508272] [14:42:44.269][Verbose] Ignoring event type 1000156104
05-15 14:42:44.292 25921 25944 I Unity   : [XR] [485728508272] [14:42:44.292][Verbose] Ignoring event type 1000156103
05-15 14:42:44.292 25921 25944 I Unity   : [XR] [485728508272] [14:42:44.292][Verbose] Ignoring event type 1000156104
05-15 14:42:44.326 25921 25944 I Unity   : [XR] [485728508272] [14:42:44.325][Verbose] Ignoring event type 1000156103
05-15 14:42:44.326 25921 25944 I Unity   : [XR] [485728508272] [14:42:44.326][Verbose] Ignoring event type 1000156104
05-15 14:42:44.356 25921 25944 I Unity   : [XR] [485728508272] [14:42:44.356][Verbose] Ignoring event type 1000156103
05-15 14:42:44.356 25921 25944 I Unity   : [XR] [485728508272] [14:42:44.356][Verbose] Ignoring event type 1000156104
05-15 14:42:44.392 25921 25944 I Unity   : [XR] [485728508272] [14:42:44.392][Verbose] Ignoring event type 1000156103
05-15 14:42:44.392 25921 25944 I Unity   : [XR] [485728508272] [14:42:44.392][Verbose] Ignoring event type 1000156104
05-15 14:42:44.425 25921 25944 I Unity   : [XR] [485728508272] [14:42:44.425][Verbose] Ignoring event type 1000156103
05-15 14:42:44.425 25921 25944 I Unity   : [XR] [485728508272] [14:42:44.425][Verbose] Ignoring event type 1000156104
05-15 14:42:44.458 25921 25944 I Unity   : [XR] [485728508272] [14:42:44.458][Verbose] Ignoring event type 1000156103
05-15 14:42:44.458 25921 25944 I Unity   : [XR] [485728508272] [14:42:44.458][Verbose] Ignoring event type 1000156104
05-15 14:42:44.491 25921 25944 I Unity   : [XR] [485728508272] [14:42:44.491][Verbose] Ignoring event type 1000156103
05-15 14:42:44.491 25921 25944 I Unity   : [XR] [485728508272] [14:42:44.491][Verbose] Ignoring event type 1000156104
05-15 14:42:44.525 25921 25944 I Unity   : [XR] [485728508272] [14:42:44.525][Verbose] Ignoring event type 1000156103
05-15 14:42:44.525 25921 25944 I Unity   : [XR] [485728508272] [14:42:44.525][Verbose] Ignoring event type 1000156104
05-15 14:42:44.558 25921 25944 I Unity   : [XR] [485728508272] [14:42:44.558][Verbose] Ignoring event type 1000156103
05-15 14:42:44.558 25921 25944 I Unity   : [XR] [485728508272] [14:42:44.558][Verbose] Ignoring event type 1000156104
05-15 14:42:44.592 25921 25944 I Unity   : [XR] [485728508272] [14:42:44.592][Verbose] Ignoring event type 1000156103
05-15 14:42:44.592 25921 25944 I Unity   : [XR] [485728508272] [14:42:44.592][Verbose] Ignoring event type 1000156104
05-15 14:42:44.614 25921 25944 I Unity   : [XR] [485728508272] [14:42:44.614][Verbose] Ignoring event type 1000156103
05-15 14:42:44.614 25921 25944 I Unity   : [XR] [485728508272] [14:42:44.614][Verbose] Ignoring event type 1000156104
05-15 14:42:44.647 25921 25944 I Unity   : [XR] [485728508272] [14:42:44.647][Verbose] Ignoring event type 1000156103
05-15 14:42:44.647 25921 25944 I Unity   : [XR] [485728508272] [14:42:44.647][Verbose] Ignoring event type 1000156104
05-15 14:42:44.680 25921 25944 I Unity   : [XR] [485728508272] [14:42:44.680][Verbose] Ignoring event type 1000156103
05-15 14:42:44.680 25921 25944 I Unity   : [XR] [485728508272] [14:42:44.680][Verbose] Ignoring event type 1000156104
05-15 14:42:44.702 25921 25944 I Unity   : [XR] [485728508272] [14:42:44.702][Verbose] Ignoring event type 1000156103
05-15 14:42:44.702 25921 25944 I Unity   : [XR] [485728508272] [14:42:44.702][Verbose] Ignoring event type 1000156104
05-15 14:42:44.736 25921 25944 I Unity   : [XR] [485728508272] [14:42:44.736][Verbose] Ignoring event type 1000156103
05-15 14:42:44.736 25921 25944 I Unity   : [XR] [485728508272] [14:42:44.736][Verbose] Ignoring event type 1000156104
05-15 14:42:44.769 25921 25944 I Unity   : [XR] [485728508272] [14:42:44.769][Verbose] Ignoring event type 1000156103
05-15 14:42:44.769 25921 25944 I Unity   : [XR] [485728508272] [14:42:44.769][Verbose] Ignoring event type 1000156104
05-15 14:42:44.802 25921 25944 I Unity   : [XR] [485728508272] [14:42:44.802][Verbose] Ignoring event type 1000156103
05-15 14:42:44.802 25921 25944 I Unity   : [XR] [485728508272] [14:42:44.802][Verbose] Ignoring event type 1000156104
05-15 14:42:44.825 25921 25944 I Unity   : [XR] [485728508272] [14:42:44.825][Verbose] Ignoring event type 1000156103
05-15 14:42:44.825 25921 25944 I Unity   : [XR] [485728508272] [14:42:44.825][Verbose] Ignoring event type 1000156104
05-15 14:42:44.858 25921 25944 I Unity   : [XR] [485728508272] [14:42:44.858][Verbose] Ignoring event type 1000156103
05-15 14:42:44.858 25921 25944 I Unity   : [XR] [485728508272] [14:42:44.858][Verbose] Ignoring event type 1000156104
05-15 14:42:44.890 25921 25944 I Unity   : [XR] [485728508272] [14:42:44.890][Verbose] Ignoring event type 1000156103
05-15 14:42:44.890 25921 25944 I Unity   : [XR] [485728508272] [14:42:44.890][Verbose] Ignoring event type 1000156104
05-15 14:42:44.923 25921 25944 I Unity   : [XR] [485728508272] [14:42:44.923][Verbose] Ignoring event type 1000156103
05-15 14:42:44.923 25921 25944 I Unity   : [XR] [485728508272] [14:42:44.923][Verbose] Ignoring event type 1000156104
05-15 14:42:44.948 25921 25944 I Unity   : [XR] [485728508272] [14:42:44.948][Verbose] Ignoring event type 1000156103
05-15 14:42:44.948 25921 25944 I Unity   : [XR] [485728508272] [14:42:44.948][Verbose] Ignoring event type 1000156104
05-15 14:42:44.979 25921 25944 I Unity   : [XR] [485728508272] [14:42:44.979][Verbose] Ignoring event type 1000156103
05-15 14:42:44.980 25921 25944 I Unity   : [XR] [485728508272] [14:42:44.980][Verbose] Ignoring event type 1000156104
05-15 14:42:45.014 25921 25944 I Unity   : [XR] [485728508272] [14:42:45.013][Verbose] Ignoring event type 1000156103
05-15 14:42:45.014 25921 25944 I Unity   : [XR] [485728508272] [14:42:45.014][Verbose] Ignoring event type 1000156104
05-15 14:42:45.048 25921 25944 I Unity   : [XR] [485728508272] [14:42:45.048][Verbose] Ignoring event type 1000156103
05-15 14:42:45.048 25921 25944 I Unity   : [XR] [485728508272] [14:42:45.048][Verbose] Ignoring event type 1000156104
05-15 14:42:45.063 25921 26076 I VrApi   : FPS=90/90,Prd=39ms,Tear=0,Early=18,Stale=1,Stale2/5/10/max=0/0/0/1,VSnc=1,Lat=-1,Fov=0,CPU4/GPU=3/2,1651/456MHz,OC=3F,TA=0/0/0,SP=N/N/N,Mem=2736MHz,Free=949MB,PLS=1,Temp=42.0C/0.0C,TW=1.37ms,App=5.19ms,GD=0.00ms,CPU&GPU=8.54ms,LCnt=2(DR90,LM2),GPU%=0.59,CPU%=0.68(W0.71),DSF=1.00,CFL=11.96/16.26,ICFLp95=15.03,LD=0,SF=1.00,LP=0,DVFS=0
05-15 14:42:45.092 25921 25944 I Unity   : [XR] [485728508272] [14:42:45.092][Verbose] Ignoring event type 1000156103
05-15 14:42:45.093 25921 25944 I Unity   : [XR] [485728508272] [14:42:45.093][Verbose] Ignoring event type 1000156104
05-15 14:42:45.125 25921 25944 I Unity   : [XR] [485728508272] [14:42:45.125][Verbose] Ignoring event type 1000156103
05-15 14:42:45.125 25921 25944 I Unity   : [XR] [485728508272] [14:42:45.125][Verbose] Ignoring event type 1000156104
05-15 14:42:45.158 25921 25944 I Unity   : [XR] [485728508272] [14:42:45.158][Verbose] Ignoring event type 1000156103
05-15 14:42:45.158 25921 25944 I Unity   : [XR] [485728508272] [14:42:45.158][Verbose] Ignoring event type 1000156104
05-15 14:42:45.192 25921 25944 I Unity   : [XR] [485728508272] [14:42:45.192][Verbose] Ignoring event type 1000156103
05-15 14:42:45.192 25921 25944 I Unity   : [XR] [485728508272] [14:42:45.192][Verbose] Ignoring event type 1000156104
05-15 14:42:45.223 25921 25944 I Unity   : [XR] [485728508272] [14:42:45.223][Verbose] Ignoring event type 1000156103
05-15 14:42:45.223 25921 25944 I Unity   : [XR] [485728508272] [14:42:45.223][Verbose] Ignoring event type 1000156104
05-15 14:42:45.247 25921 25944 I Unity   : [XR] [485728508272] [14:42:45.247][Verbose] Ignoring event type 1000156103
05-15 14:42:45.247 25921 25944 I Unity   : [XR] [485728508272] [14:42:45.247][Verbose] Ignoring event type 1000156104
05-15 14:42:45.280 25921 25944 I Unity   : [XR] [485728508272] [14:42:45.280][Verbose] Ignoring event type 1000156103
05-15 14:42:45.280 25921 25944 I Unity   : [XR] [485728508272] [14:42:45.280][Verbose] Ignoring event type 1000156104
05-15 14:42:45.302 25921 25944 I Unity   : [XR] [485728508272] [14:42:45.302][Verbose] Ignoring event type 1000156103
05-15 14:42:45.303 25921 25944 I Unity   : [XR] [485728508272] [14:42:45.303][Verbose] Ignoring event type 1000156104
05-15 14:42:45.336 25921 25944 I Unity   : [XR] [485728508272] [14:42:45.336][Verbose] Ignoring event type 1000156103
05-15 14:42:45.336 25921 25944 I Unity   : [XR] [485728508272] [14:42:45.336][Verbose] Ignoring event type 1000156104
05-15 14:42:45.367 25921 25944 I Unity   : [XR] [485728508272] [14:42:45.367][Verbose] Ignoring event type 1000156103
05-15 14:42:45.367 25921 25944 I Unity   : [XR] [485728508272] [14:42:45.367][Verbose] Ignoring event type 1000156104
05-15 14:42:45.402 25921 25944 I Unity   : [XR] [485728508272] [14:42:45.402][Verbose] Ignoring event type 1000156103
05-15 14:42:45.402 25921 25944 I Unity   : [XR] [485728508272] [14:42:45.402][Verbose] Ignoring event type 1000156104
05-15 14:42:45.438 25921 25944 I Unity   : [XR] [485728508272] [14:42:45.438][Verbose] Ignoring event type 1000156103
05-15 14:42:45.438 25921 25944 I Unity   : [XR] [485728508272] [14:42:45.438][Verbose] Ignoring event type 1000156104
05-15 14:42:45.470 25921 25944 I Unity   : [XR] [485728508272] [14:42:45.470][Verbose] Ignoring event type 1000156103
05-15 14:42:45.470 25921 25944 I Unity   : [XR] [485728508272] [14:42:45.470][Verbose] Ignoring event type 1000156104
05-15 14:42:45.503 25921 25944 I Unity   : [XR] [485728508272] [14:42:45.503][Verbose] Ignoring event type 1000156103
05-15 14:42:45.503 25921 25944 I Unity   : [XR] [485728508272] [14:42:45.503][Verbose] Ignoring event type 1000156104
05-15 14:42:45.536 25921 25944 I Unity   : [XR] [485728508272] [14:42:45.536][Verbose] Ignoring event type 1000156103
05-15 14:42:45.536 25921 25944 I Unity   : [XR] [485728508272] [14:42:45.536][Verbose] Ignoring event type 1000156104
05-15 14:42:45.567 25921 25944 I Unity   : [XR] [485728508272] [14:42:45.567][Verbose] Ignoring event type 1000156103
05-15 14:42:45.567 25921 25944 I Unity   : [XR] [485728508272] [14:42:45.567][Verbose] Ignoring event type 1000156104
05-15 14:42:45.591 25921 25944 I Unity   : [XR] [485728508272] [14:42:45.591][Verbose] Ignoring event type 1000156103
05-15 14:42:45.592 25921 25944 I Unity   : [XR] [485728508272] [14:42:45.592][Verbose] Ignoring event type 1000156104
05-15 14:42:45.625 25921 25944 I Unity   : [XR] [485728508272] [14:42:45.625][Verbose] Ignoring event type 1000156103
05-15 14:42:45.625 25921 25944 I Unity   : [XR] [485728508272] [14:42:45.625][Verbose] Ignoring event type 1000156104
05-15 14:42:45.658 25921 25944 I Unity   : [XR] [485728508272] [14:42:45.658][Verbose] Ignoring event type 1000156103
05-15 14:42:45.659 25921 25944 I Unity   : [XR] [485728508272] [14:42:45.659][Verbose] Ignoring event type 1000156104
05-15 14:42:45.692 25921 25944 I Unity   : [XR] [485728508272] [14:42:45.692][Verbose] Ignoring event type 1000156103
05-15 14:42:45.692 25921 25944 I Unity   : [XR] [485728508272] [14:42:45.692][Verbose] Ignoring event type 1000156104
05-15 14:42:45.724 25921 25944 I Unity   : [XR] [485728508272] [14:42:45.723][Verbose] Ignoring event type 1000156103
05-15 14:42:45.724 25921 25944 I Unity   : [XR] [485728508272] [14:42:45.724][Verbose] Ignoring event type 1000156104
05-15 14:42:45.746 25921 25944 I Unity   : [XR] [485728508272] [14:42:45.746][Verbose] Ignoring event type 1000156103
05-15 14:42:45.746 25921 25944 I Unity   : [XR] [485728508272] [14:42:45.746][Verbose] Ignoring event type 1000156104
05-15 14:42:45.782 25921 25944 I Unity   : [XR] [485728508272] [14:42:45.782][Verbose] Ignoring event type 1000156103
05-15 14:42:45.782 25921 25944 I Unity   : [XR] [485728508272] [14:42:45.782][Verbose] Ignoring event type 1000156104
05-15 14:42:45.815 25921 25944 I Unity   : [XR] [485728508272] [14:42:45.815][Verbose] Ignoring event type 1000156103
05-15 14:42:45.815 25921 25944 I Unity   : [XR] [485728508272] [14:42:45.815][Verbose] Ignoring event type 1000156104
05-15 14:42:45.847 25921 25944 I Unity   : [XR] [485728508272] [14:42:45.847][Verbose] Ignoring event type 1000156103
05-15 14:42:45.847 25921 25944 I Unity   : [XR] [485728508272] [14:42:45.847][Verbose] Ignoring event type 1000156104
05-15 14:42:45.881 25921 25944 I Unity   : [XR] [485728508272] [14:42:45.881][Verbose] Ignoring event type 1000156103
05-15 14:42:45.881 25921 25944 I Unity   : [XR] [485728508272] [14:42:45.881][Verbose] Ignoring event type 1000156104
05-15 14:42:45.913 25921 25944 I Unity   : [XR] [485728508272] [14:42:45.913][Verbose] Ignoring event type 1000156103
05-15 14:42:45.913 25921 25944 I Unity   : [XR] [485728508272] [14:42:45.913][Verbose] Ignoring event type 1000156104
05-15 14:42:45.937 25921 25944 I Unity   : [XR] [485728508272] [14:42:45.937][Verbose] Ignoring event type 1000156103
05-15 14:42:45.937 25921 25944 I Unity   : [XR] [485728508272] [14:42:45.937][Verbose] Ignoring event type 1000156104
05-15 14:42:45.970 25921 25944 I Unity   : [XR] [485728508272] [14:42:45.970][Verbose] Ignoring event type 1000156103
05-15 14:42:45.970 25921 25944 I Unity   : [XR] [485728508272] [14:42:45.970][Verbose] Ignoring event type 1000156104
05-15 14:42:46.004 25921 25944 I Unity   : [XR] [485728508272] [14:42:46.004][Verbose] Ignoring event type 1000156103
05-15 14:42:46.004 25921 25944 I Unity   : [XR] [485728508272] [14:42:46.004][Verbose] Ignoring event type 1000156104
05-15 14:42:46.036 25921 25944 I Unity   : [XR] [485728508272] [14:42:46.036][Verbose] Ignoring event type 1000156103
05-15 14:42:46.037 25921 25944 I Unity   : [XR] [485728508272] [14:42:46.037][Verbose] Ignoring event type 1000156104
05-15 14:42:46.063 25921 26076 I VrApi   : FPS=91/90,Prd=40ms,Tear=0,Early=35,Stale=0,Stale2/5/10/max=0/0/0/0,VSnc=1,Lat=-1,Fov=0,CPU4/GPU=3/2,1651/456MHz,OC=3F,TA=0/0/0,SP=N/N/N,Mem=2736MHz,Free=949MB,PLS=1,Temp=42.0C/0.0C,TW=1.41ms,App=4.82ms,GD=0.00ms,CPU&GPU=9.41ms,LCnt=2(DR91,LM2),GPU%=0.58,CPU%=0.68(W0.71),DSF=1.00,CFL=11.87/16.39,ICFLp95=15.03,LD=0,SF=1.00,LP=0,DVFS=0
05-15 14:42:46.069 25921 25944 I Unity   : [XR] [485728508272] [14:42:46.069][Verbose] Ignoring event type 1000156103
05-15 14:42:46.070 25921 25944 I Unity   : [XR] [485728508272] [14:42:46.070][Verbose] Ignoring event type 1000156104
05-15 14:42:46.103 25921 25944 I Unity   : [XR] [485728508272] [14:42:46.103][Verbose] Ignoring event type 1000156103
05-15 14:42:46.103 25921 25944 I Unity   : [XR] [485728508272] [14:42:46.103][Verbose] Ignoring event type 1000156104
05-15 14:42:46.137 25921 25944 I Unity   : [XR] [485728508272] [14:42:46.137][Verbose] Ignoring event type 1000156103
05-15 14:42:46.137 25921 25944 I Unity   : [XR] [485728508272] [14:42:46.137][Verbose] Ignoring event type 1000156104
05-15 14:42:46.170 25921 25944 I Unity   : [XR] [485728508272] [14:42:46.170][Verbose] Ignoring event type 1000156103
05-15 14:42:46.170 25921 25944 I Unity   : [XR] [485728508272] [14:42:46.170][Verbose] Ignoring event type 1000156104
05-15 14:42:46.201 25921 25944 I Unity   : [XR] [485728508272] [14:42:46.201][Verbose] Ignoring event type 1000156103
05-15 14:42:46.201 25921 25944 I Unity   : [XR] [485728508272] [14:42:46.201][Verbose] Ignoring event type 1000156104
05-15 14:42:46.225 25921 25944 I Unity   : [XR] [485728508272] [14:42:46.225][Verbose] Ignoring event type 1000156103
05-15 14:42:46.225 25921 25944 I Unity   : [XR] [485728508272] [14:42:46.225][Verbose] Ignoring event type 1000156104
05-15 14:42:46.258 25921 25944 I Unity   : [XR] [485728508272] [14:42:46.258][Verbose] Ignoring event type 1000156103
05-15 14:42:46.259 25921 25944 I Unity   : [XR] [485728508272] [14:42:46.259][Verbose] Ignoring event type 1000156104
05-15 14:42:46.290 25921 25944 I Unity   : [XR] [485728508272] [14:42:46.290][Verbose] Ignoring event type 1000156103
05-15 14:42:46.290 25921 25944 I Unity   : [XR] [485728508272] [14:42:46.290][Verbose] Ignoring event type 1000156104
05-15 14:42:46.326 25921 25944 I Unity   : [XR] [485728508272] [14:42:46.326][Verbose] Ignoring event type 1000156103
05-15 14:42:46.326 25921 25944 I Unity   : [XR] [485728508272] [14:42:46.326][Verbose] Ignoring event type 1000156104
05-15 14:42:46.360 25921 25944 I Unity   : [XR] [485728508272] [14:42:46.360][Verbose] Ignoring event type 1000156103
05-15 14:42:46.360 25921 25944 I Unity   : [XR] [485728508272] [14:42:46.360][Verbose] Ignoring event type 1000156104
05-15 14:42:46.392 25921 25944 I Unity   : [XR] [485728508272] [14:42:46.392][Verbose] Ignoring event type 1000156103
05-15 14:42:46.392 25921 25944 I Unity   : [XR] [485728508272] [14:42:46.392][Verbose] Ignoring event type 1000156104
05-15 14:42:46.425 25921 25944 I Unity   : [XR] [485728508272] [14:42:46.425][Verbose] Ignoring event type 1000156103
05-15 14:42:46.425 25921 25944 I Unity   : [XR] [485728508272] [14:42:46.425][Verbose] Ignoring event type 1000156104
05-15 14:42:46.457 25921 25944 I Unity   : [XR] [485728508272] [14:42:46.457][Verbose] Ignoring event type 1000156103
05-15 14:42:46.457 25921 25944 I Unity   : [XR] [485728508272] [14:42:46.457][Verbose] Ignoring event type 1000156104
05-15 14:42:46.492 25921 25944 I Unity   : [XR] [485728508272] [14:42:46.492][Verbose] Ignoring event type 1000156103
05-15 14:42:46.492 25921 25944 I Unity   : [XR] [485728508272] [14:42:46.492][Verbose] Ignoring event type 1000156104
05-15 14:42:46.526 25921 25944 I Unity   : [XR] [485728508272] [14:42:46.526][Verbose] Ignoring event type 1000156103
05-15 14:42:46.526 25921 25944 I Unity   : [XR] [485728508272] [14:42:46.526][Verbose] Ignoring event type 1000156104
05-15 14:42:46.557 25921 25944 I Unity   : [XR] [485728508272] [14:42:46.557][Verbose] Ignoring event type 1000156103
05-15 14:42:46.557 25921 25944 I Unity   : [XR] [485728508272] [14:42:46.557][Verbose] Ignoring event type 1000156104
05-15 14:42:46.594 25921 25944 I Unity   : [XR] [485728508272] [14:42:46.594][Verbose] Ignoring event type 1000156103
05-15 14:42:46.594 25921 25944 I Unity   : [XR] [485728508272] [14:42:46.594][Verbose] Ignoring event type 1000156104
05-15 14:42:46.625 25921 25944 I Unity   : [XR] [485728508272] [14:42:46.625][Verbose] Ignoring event type 1000156103
05-15 14:42:46.625 25921 25944 I Unity   : [XR] [485728508272] [14:42:46.625][Verbose] Ignoring event type 1000156104
05-15 14:42:46.657 25921 25944 I Unity   : [XR] [485728508272] [14:42:46.657][Verbose] Ignoring event type 1000156103
05-15 14:42:46.657 25921 25944 I Unity   : [XR] [485728508272] [14:42:46.657][Verbose] Ignoring event type 1000156104
05-15 14:42:46.692 25921 25944 I Unity   : [XR] [485728508272] [14:42:46.692][Verbose] Ignoring event type 1000156103
05-15 14:42:46.692 25921 25944 I Unity   : [XR] [485728508272] [14:42:46.692][Verbose] Ignoring event type 1000156104
05-15 14:42:46.724 25921 25944 I Unity   : [XR] [485728508272] [14:42:46.724][Verbose] Ignoring event type 1000156103
05-15 14:42:46.724 25921 25944 I Unity   : [XR] [485728508272] [14:42:46.724][Verbose] Ignoring event type 1000156104
05-15 14:42:46.759 25921 25944 I Unity   : [XR] [485728508272] [14:42:46.759][Verbose] Ignoring event type 1000156103
05-15 14:42:46.759 25921 25944 I Unity   : [XR] [485728508272] [14:42:46.759][Verbose] Ignoring event type 1000156104
05-15 14:42:46.791 25921 25944 I Unity   : [XR] [485728508272] [14:42:46.791][Verbose] Ignoring event type 1000156103
05-15 14:42:46.791 25921 25944 I Unity   : [XR] [485728508272] [14:42:46.791][Verbose] Ignoring event type 1000156104
05-15 14:42:46.825 25921 25944 I Unity   : [XR] [485728508272] [14:42:46.825][Verbose] Ignoring event type 1000156103
05-15 14:42:46.825 25921 25944 I Unity   : [XR] [485728508272] [14:42:46.825][Verbose] Ignoring event type 1000156104
05-15 14:42:46.859 25921 25944 I Unity   : [XR] [485728508272] [14:42:46.859][Verbose] Ignoring event type 1000156103
05-15 14:42:46.859 25921 25944 I Unity   : [XR] [485728508272] [14:42:46.859][Verbose] Ignoring event type 1000156104
05-15 14:42:46.890 25921 25944 I Unity   : [XR] [485728508272] [14:42:46.890][Verbose] Ignoring event type 1000156103
05-15 14:42:46.890 25921 25944 I Unity   : [XR] [485728508272] [14:42:46.890][Verbose] Ignoring event type 1000156104
05-15 14:42:46.926 25921 25944 I Unity   : [XR] [485728508272] [14:42:46.926][Verbose] Ignoring event type 1000156103
05-15 14:42:46.926 25921 25944 I Unity   : [XR] [485728508272] [14:42:46.926][Verbose] Ignoring event type 1000156104
05-15 14:42:46.959 25921 25944 I Unity   : [XR] [485728508272] [14:42:46.959][Verbose] Ignoring event type 1000156103
05-15 14:42:46.960 25921 25944 I Unity   : [XR] [485728508272] [14:42:46.960][Verbose] Ignoring event type 1000156104
05-15 14:42:46.991 25921 25944 I Unity   : [XR] [485728508272] [14:42:46.991][Verbose] Ignoring event type 1000156103
05-15 14:42:46.991 25921 25944 I Unity   : [XR] [485728508272] [14:42:46.991][Verbose] Ignoring event type 1000156104
05-15 14:42:47.026 25921 25944 I Unity   : [XR] [485728508272] [14:42:47.026][Verbose] Ignoring event type 1000156103
05-15 14:42:47.026 25921 25944 I Unity   : [XR] [485728508272] [14:42:47.026][Verbose] Ignoring event type 1000156104
05-15 14:42:47.057 25921 25944 I Unity   : [XR] [485728508272] [14:42:47.057][Verbose] Ignoring event type 1000156103
05-15 14:42:47.057 25921 25944 I Unity   : [XR] [485728508272] [14:42:47.057][Verbose] Ignoring event type 1000156104
05-15 14:42:47.063 25921 26076 I VrApi   : FPS=90/90,Prd=40ms,Tear=0,Early=35,Stale=0,Stale2/5/10/max=0/0/0/0,VSnc=1,Lat=-1,Fov=0,CPU4/GPU=3/2,1651/456MHz,OC=3F,TA=0/0/0,SP=N/N/N,Mem=2736MHz,Free=949MB,PLS=1,Temp=42.0C/0.0C,TW=1.42ms,App=5.10ms,GD=0.00ms,CPU&GPU=8.39ms,LCnt=2(DR91,LM2),GPU%=0.56,CPU%=0.74(W0.76),DSF=1.00,CFL=12.02/16.17,ICFLp95=14.99,LD=0,SF=1.00,LP=0,DVFS=0
05-15 14:42:47.092 25921 25944 I Unity   : [XR] [485728508272] [14:42:47.092][Verbose] Ignoring event type 1000156103
05-15 14:42:47.092 25921 25944 I Unity   : [XR] [485728508272] [14:42:47.092][Verbose] Ignoring event type 1000156104
05-15 14:42:47.125 25921 25944 I Unity   : [XR] [485728508272] [14:42:47.125][Verbose] Ignoring event type 1000156103
05-15 14:42:47.125 25921 25944 I Unity   : [XR] [485728508272] [14:42:47.125][Verbose] Ignoring event type 1000156104
05-15 14:42:47.159 25921 25944 I Unity   : [XR] [485728508272] [14:42:47.159][Verbose] Ignoring event type 1000156103
05-15 14:42:47.159 25921 25944 I Unity   : [XR] [485728508272] [14:42:47.159][Verbose] Ignoring event type 1000156104
05-15 14:42:47.192 25921 25944 I Unity   : [XR] [485728508272] [14:42:47.192][Verbose] Ignoring event type 1000156103
05-15 14:42:47.192 25921 25944 I Unity   : [XR] [485728508272] [14:42:47.192][Verbose] Ignoring event type 1000156104
05-15 14:42:47.225 25921 25944 I Unity   : [XR] [485728508272] [14:42:47.225][Verbose] Ignoring event type 1000156103
05-15 14:42:47.225 25921 25944 I Unity   : [XR] [485728508272] [14:42:47.225][Verbose] Ignoring event type 1000156104
05-15 14:42:47.258 25921 25944 I Unity   : [XR] [485728508272] [14:42:47.258][Verbose] Ignoring event type 1000156103
05-15 14:42:47.258 25921 25944 I Unity   : [XR] [485728508272] [14:42:47.258][Verbose] Ignoring event type 1000156104
05-15 14:42:47.290 25921 25944 I Unity   : [XR] [485728508272] [14:42:47.290][Verbose] Ignoring event type 1000156103
05-15 14:42:47.290 25921 25944 I Unity   : [XR] [485728508272] [14:42:47.290][Verbose] Ignoring event type 1000156104
05-15 14:42:47.326 25921 25944 I Unity   : [XR] [485728508272] [14:42:47.326][Verbose] Ignoring event type 1000156103
05-15 14:42:47.326 25921 25944 I Unity   : [XR] [485728508272] [14:42:47.326][Verbose] Ignoring event type 1000156104
05-15 14:42:47.359 25921 25944 I Unity   : [XR] [485728508272] [14:42:47.359][Verbose] Ignoring event type 1000156103
05-15 14:42:47.359 25921 25944 I Unity   : [XR] [485728508272] [14:42:47.359][Verbose] Ignoring event type 1000156104
05-15 14:42:47.392 25921 25944 I Unity   : [XR] [485728508272] [14:42:47.392][Verbose] Ignoring event type 1000156103
05-15 14:42:47.392 25921 25944 I Unity   : [XR] [485728508272] [14:42:47.392][Verbose] Ignoring event type 1000156104
05-15 14:42:47.423 25921 25944 I Unity   : [XR] [485728508272] [14:42:47.423][Verbose] Ignoring event type 1000156103
05-15 14:42:47.423 25921 25944 I Unity   : [XR] [485728508272] [14:42:47.423][Verbose] Ignoring event type 1000156104
05-15 14:42:47.459 25921 25944 I Unity   : [XR] [485728508272] [14:42:47.459][Verbose] Ignoring event type 1000156103
05-15 14:42:47.460 25921 25944 I Unity   : [XR] [485728508272] [14:42:47.460][Verbose] Ignoring event type 1000156104
05-15 14:42:47.492 25921 25944 I Unity   : [XR] [485728508272] [14:42:47.492][Verbose] Ignoring event type 1000156103
05-15 14:42:47.492 25921 25944 I Unity   : [XR] [485728508272] [14:42:47.492][Verbose] Ignoring event type 1000156104
05-15 14:42:47.524 25921 25944 I Unity   : [XR] [485728508272] [14:42:47.524][Verbose] Ignoring event type 1000156103
05-15 14:42:47.524 25921 25944 I Unity   : [XR] [485728508272] [14:42:47.524][Verbose] Ignoring event type 1000156104
05-15 14:42:47.546 25921 25944 I Unity   : [XR] [485728508272] [14:42:47.546][Verbose] Ignoring event type 1000156103
05-15 14:42:47.546 25921 25944 I Unity   : [XR] [485728508272] [14:42:47.546][Verbose] Ignoring event type 1000156104
05-15 14:42:47.569 25921 25944 I Unity   : [XR] [485728508272] [14:42:47.569][Verbose] Ignoring event type 1000156103
05-15 14:42:47.569 25921 25944 I Unity   : [XR] [485728508272] [14:42:47.569][Verbose] Ignoring event type 1000156104
05-15 14:42:47.604 25921 25944 I Unity   : [XR] [485728508272] [14:42:47.604][Verbose] Ignoring event type 1000156103
05-15 14:42:47.604 25921 25944 I Unity   : [XR] [485728508272] [14:42:47.604][Verbose] Ignoring event type 1000156104
05-15 14:42:47.637 25921 25944 I Unity   : [XR] [485728508272] [14:42:47.637][Verbose] Ignoring event type 1000156103
05-15 14:42:47.637 25921 25944 I Unity   : [XR] [485728508272] [14:42:47.637][Verbose] Ignoring event type 1000156104
05-15 14:42:47.670 25921 25944 I Unity   : [XR] [485728508272] [14:42:47.670][Verbose] Ignoring event type 1000156103
05-15 14:42:47.670 25921 25944 I Unity   : [XR] [485728508272] [14:42:47.670][Verbose] Ignoring event type 1000156104
05-15 14:42:47.702 25921 25944 I Unity   : [XR] [485728508272] [14:42:47.702][Verbose] Ignoring event type 1000156103
05-15 14:42:47.702 25921 25944 I Unity   : [XR] [485728508272] [14:42:47.702][Verbose] Ignoring event type 1000156104
05-15 14:42:47.736 25921 25944 I Unity   : [XR] [485728508272] [14:42:47.736][Verbose] Ignoring event type 1000156103
05-15 14:42:47.736 25921 25944 I Unity   : [XR] [485728508272] [14:42:47.736][Verbose] Ignoring event type 1000156104
05-15 14:42:47.769 25921 25944 I Unity   : [XR] [485728508272] [14:42:47.769][Verbose] Ignoring event type 1000156103
05-15 14:42:47.769 25921 25944 I Unity   : [XR] [485728508272] [14:42:47.769][Verbose] Ignoring event type 1000156104
05-15 14:42:47.803 25921 25944 I Unity   : [XR] [485728508272] [14:42:47.803][Verbose] Ignoring event type 1000156103
05-15 14:42:47.803 25921 25944 I Unity   : [XR] [485728508272] [14:42:47.803][Verbose] Ignoring event type 1000156104
05-15 14:42:47.836 25921 25944 I Unity   : [XR] [485728508272] [14:42:47.836][Verbose] Ignoring event type 1000156103
05-15 14:42:47.836 25921 25944 I Unity   : [XR] [485728508272] [14:42:47.836][Verbose] Ignoring event type 1000156104
05-15 14:42:47.869 25921 25944 I Unity   : [XR] [485728508272] [14:42:47.869][Verbose] Ignoring event type 1000156103
05-15 14:42:47.869 25921 25944 I Unity   : [XR] [485728508272] [14:42:47.869][Verbose] Ignoring event type 1000156104
05-15 14:42:47.902 25921 25944 I Unity   : [XR] [485728508272] [14:42:47.902][Verbose] Ignoring event type 1000156103
05-15 14:42:47.902 25921 25944 I Unity   : [XR] [485728508272] [14:42:47.902][Verbose] Ignoring event type 1000156104
05-15 14:42:47.936 25921 25944 I Unity   : [XR] [485728508272] [14:42:47.936][Verbose] Ignoring event type 1000156103
05-15 14:42:47.936 25921 25944 I Unity   : [XR] [485728508272] [14:42:47.936][Verbose] Ignoring event type 1000156104
05-15 14:42:47.970 25921 25944 I Unity   : [XR] [485728508272] [14:42:47.969][Verbose] Ignoring event type 1000156103
05-15 14:42:47.970 25921 25944 I Unity   : [XR] [485728508272] [14:42:47.970][Verbose] Ignoring event type 1000156104
05-15 14:42:48.014 25921 25944 I Unity   : [XR] [485728508272] [14:42:48.014][Verbose] Ignoring event type 1000156103
05-15 14:42:48.014 25921 25944 I Unity   : [XR] [485728508272] [14:42:48.014][Verbose] Ignoring event type 1000156104
05-15 14:42:48.045 25921 25944 I Unity   : [XR] [485728508272] [14:42:48.045][Verbose] Ignoring event type 1000156103
05-15 14:42:48.045 25921 25944 I Unity   : [XR] [485728508272] [14:42:48.045][Verbose] Ignoring event type 1000156104
05-15 14:42:48.063 25921 26076 I VrApi   : FPS=91/90,Prd=40ms,Tear=0,Early=27,Stale=0,Stale2/5/10/max=0/0/0/0,VSnc=1,Lat=-1,Fov=0,CPU4/GPU=3/2,1651/456MHz,OC=3F,TA=0/0/0,SP=N/N/N,Mem=2736MHz,Free=949MB,PLS=1,Temp=42.0C/0.0C,TW=1.39ms,App=4.65ms,GD=0.00ms,CPU&GPU=8.83ms,LCnt=2(DR90,LM2),GPU%=0.56,CPU%=0.65(W0.70),DSF=1.00,CFL=11.86/16.52,ICFLp95=15.02,LD=0,SF=1.00,LP=0,DVFS=0
05-15 14:42:48.081 25921 25944 I Unity   : [XR] [485728508272] [14:42:48.081][Verbose] Ignoring event type 1000156103
05-15 14:42:48.081 25921 25944 I Unity   : [XR] [485728508272] [14:42:48.081][Verbose] Ignoring event type 1000156104
05-15 14:42:48.114 25921 25944 I Unity   : [XR] [485728508272] [14:42:48.114][Verbose] Ignoring event type 1000156103
05-15 14:42:48.114 25921 25944 I Unity   : [XR] [485728508272] [14:42:48.114][Verbose] Ignoring event type 1000156104
05-15 14:42:48.145 25921 25944 I Unity   : [XR] [485728508272] [14:42:48.145][Verbose] Ignoring event type 1000156103
05-15 14:42:48.145 25921 25944 I Unity   : [XR] [485728508272] [14:42:48.145][Verbose] Ignoring event type 1000156104
05-15 14:42:48.181 25921 25944 I Unity   : [XR] [485728508272] [14:42:48.181][Verbose] Ignoring event type 1000156103
05-15 14:42:48.181 25921 25944 I Unity   : [XR] [485728508272] [14:42:48.181][Verbose] Ignoring event type 1000156104
05-15 14:42:48.212 25921 25944 I Unity   : [XR] [485728508272] [14:42:48.212][Verbose] Ignoring event type 1000156103
05-15 14:42:48.212 25921 25944 I Unity   : [XR] [485728508272] [14:42:48.212][Verbose] Ignoring event type 1000156104
05-15 14:42:48.248 25921 25944 I Unity   : [XR] [485728508272] [14:42:48.248][Verbose] Ignoring event type 1000156103
05-15 14:42:48.248 25921 25944 I Unity   : [XR] [485728508272] [14:42:48.248][Verbose] Ignoring event type 1000156104
05-15 14:42:48.282 25921 25944 I Unity   : [XR] [485728508272] [14:42:48.282][Verbose] Ignoring event type 1000156103
05-15 14:42:48.282 25921 25944 I Unity   : [XR] [485728508272] [14:42:48.282][Verbose] Ignoring event type 1000156104
05-15 14:42:48.314 25921 25944 I Unity   : [XR] [485728508272] [14:42:48.314][Verbose] Ignoring event type 1000156103
05-15 14:42:48.314 25921 25944 I Unity   : [XR] [485728508272] [14:42:48.314][Verbose] Ignoring event type 1000156104
05-15 14:42:48.347 25921 25944 I Unity   : [XR] [485728508272] [14:42:48.347][Verbose] Ignoring event type 1000156103
05-15 14:42:48.347 25921 25944 I Unity   : [XR] [485728508272] [14:42:48.347][Verbose] Ignoring event type 1000156104
05-15 14:42:48.380 25921 25944 I Unity   : [XR] [485728508272] [14:42:48.380][Verbose] Ignoring event type 1000156103
05-15 14:42:48.381 25921 25944 I Unity   : [XR] [485728508272] [14:42:48.381][Verbose] Ignoring event type 1000156104
05-15 14:42:48.414 25921 25944 I Unity   : [XR] [485728508272] [14:42:48.414][Verbose] Ignoring event type 1000156103
05-15 14:42:48.414 25921 25944 I Unity   : [XR] [485728508272] [14:42:48.414][Verbose] Ignoring event type 1000156104
05-15 14:42:48.447 25921 25944 I Unity   : [XR] [485728508272] [14:42:48.447][Verbose] Ignoring event type 1000156103
05-15 14:42:48.447 25921 25944 I Unity   : [XR] [485728508272] [14:42:48.447][Verbose] Ignoring event type 1000156104
05-15 14:42:48.480 25921 25944 I Unity   : [XR] [485728508272] [14:42:48.480][Verbose] Ignoring event type 1000156103
05-15 14:42:48.481 25921 25944 I Unity   : [XR] [485728508272] [14:42:48.481][Verbose] Ignoring event type 1000156104
05-15 14:42:48.514 25921 25944 I Unity   : [XR] [485728508272] [14:42:48.514][Verbose] Ignoring event type 1000156103
05-15 14:42:48.514 25921 25944 I Unity   : [XR] [485728508272] [14:42:48.514][Verbose] Ignoring event type 1000156104
05-15 14:42:48.546 25921 25944 I Unity   : [XR] [485728508272] [14:42:48.546][Verbose] Ignoring event type 1000156103
05-15 14:42:48.546 25921 25944 I Unity   : [XR] [485728508272] [14:42:48.546][Verbose] Ignoring event type 1000156104
05-15 14:42:48.581 25921 25944 I Unity   : [XR] [485728508272] [14:42:48.581][Verbose] Ignoring event type 1000156103
05-15 14:42:48.582 25921 25944 I Unity   : [XR] [485728508272] [14:42:48.582][Verbose] Ignoring event type 1000156104
05-15 14:42:48.614 25921 25944 I Unity   : [XR] [485728508272] [14:42:48.614][Verbose] Ignoring event type 1000156103
05-15 14:42:48.614 25921 25944 I Unity   : [XR] [485728508272] [14:42:48.614][Verbose] Ignoring event type 1000156104
05-15 14:42:48.647 25921 25944 I Unity   : [XR] [485728508272] [14:42:48.647][Verbose] Ignoring event type 1000156103
05-15 14:42:48.647 25921 25944 I Unity   : [XR] [485728508272] [14:42:48.647][Verbose] Ignoring event type 1000156104
05-15 14:42:48.680 25921 25944 I Unity   : [XR] [485728508272] [14:42:48.680][Verbose] Ignoring event type 1000156103
05-15 14:42:48.680 25921 25944 I Unity   : [XR] [485728508272] [14:42:48.680][Verbose] Ignoring event type 1000156104
05-15 14:42:48.714 25921 25944 I Unity   : [XR] [485728508272] [14:42:48.713][Verbose] Ignoring event type 1000156103
05-15 14:42:48.714 25921 25944 I Unity   : [XR] [485728508272] [14:42:48.714][Verbose] Ignoring event type 1000156104
05-15 14:42:48.747 25921 25944 I Unity   : [XR] [485728508272] [14:42:48.747][Verbose] Ignoring event type 1000156103
05-15 14:42:48.747 25921 25944 I Unity   : [XR] [485728508272] [14:42:48.747][Verbose] Ignoring event type 1000156104
05-15 14:42:48.781 25921 25944 I Unity   : [XR] [485728508272] [14:42:48.781][Verbose] Ignoring event type 1000156103
05-15 14:42:48.781 25921 25944 I Unity   : [XR] [485728508272] [14:42:48.781][Verbose] Ignoring event type 1000156104
05-15 14:42:48.814 25921 25944 I Unity   : [XR] [485728508272] [14:42:48.814][Verbose] Ignoring event type 1000156103
05-15 14:42:48.814 25921 25944 I Unity   : [XR] [485728508272] [14:42:48.814][Verbose] Ignoring event type 1000156104
05-15 14:42:48.847 25921 25944 I Unity   : [XR] [485728508272] [14:42:48.847][Verbose] Ignoring event type 1000156103
05-15 14:42:48.847 25921 25944 I Unity   : [XR] [485728508272] [14:42:48.847][Verbose] Ignoring event type 1000156104
05-15 14:42:48.880 25921 25944 I Unity   : [XR] [485728508272] [14:42:48.880][Verbose] Ignoring event type 1000156103
05-15 14:42:48.880 25921 25944 I Unity   : [XR] [485728508272] [14:42:48.880][Verbose] Ignoring event type 1000156104
05-15 14:42:48.914 25921 25944 I Unity   : [XR] [485728508272] [14:42:48.914][Verbose] Ignoring event type 1000156103
05-15 14:42:48.914 25921 25944 I Unity   : [XR] [485728508272] [14:42:48.914][Verbose] Ignoring event type 1000156104
05-15 14:42:48.946 25921 25944 I Unity   : [XR] [485728508272] [14:42:48.946][Verbose] Ignoring event type 1000156103
05-15 14:42:48.946 25921 25944 I Unity   : [XR] [485728508272] [14:42:48.946][Verbose] Ignoring event type 1000156104
05-15 14:42:48.982 25921 25944 I Unity   : [XR] [485728508272] [14:42:48.982][Verbose] Ignoring event type 1000156103
05-15 14:42:48.982 25921 25944 I Unity   : [XR] [485728508272] [14:42:48.982][Verbose] Ignoring event type 1000156104
05-15 14:42:49.014 25921 25944 I Unity   : [XR] [485728508272] [14:42:49.014][Verbose] Ignoring event type 1000156103
05-15 14:42:49.014 25921 25944 I Unity   : [XR] [485728508272] [14:42:49.014][Verbose] Ignoring event type 1000156104
05-15 14:42:49.048 25921 25944 I Unity   : [XR] [485728508272] [14:42:49.048][Verbose] Ignoring event type 1000156103
05-15 14:42:49.048 25921 25944 I Unity   : [XR] [485728508272] [14:42:49.048][Verbose] Ignoring event type 1000156104
05-15 14:42:49.064 25921 26076 I VrApi   : FPS=90/90,Prd=40ms,Tear=0,Early=30,Stale=0,Stale2/5/10/max=0/0/0/0,VSnc=1,Lat=-1,Fov=0,CPU4/GPU=3/2,1651/456MHz,OC=3F,TA=0/0/0,SP=N/N/N,Mem=2736MHz,Free=949MB,PLS=1,Temp=42.0C/0.0C,TW=1.37ms,App=5.22ms,GD=0.00ms,CPU&GPU=9.00ms,LCnt=2(DR90,LM2),GPU%=0.58,CPU%=0.68(W0.75),DSF=1.00,CFL=11.49/16.54,ICFLp95=15.10,LD=0,SF=1.00,LP=0,DVFS=0
05-15 14:42:49.079 25921 25944 I Unity   : [XR] [485728508272] [14:42:49.079][Verbose] Ignoring event type 1000156103
05-15 14:42:49.079 25921 25944 I Unity   : [XR] [485728508272] [14:42:49.079][Verbose] Ignoring event type 1000156104
05-15 14:42:49.103 25921 25944 I Unity   : [XR] [485728508272] [14:42:49.103][Verbose] Ignoring event type 1000156103
05-15 14:42:49.103 25921 25944 I Unity   : [XR] [485728508272] [14:42:49.103][Verbose] Ignoring event type 1000156104
05-15 14:42:49.134 25921 25944 I Unity   : [XR] [485728508272] [14:42:49.134][Verbose] Ignoring event type 1000156103
05-15 14:42:49.134 25921 25944 I Unity   : [XR] [485728508272] [14:42:49.134][Verbose] Ignoring event type 1000156104
05-15 14:42:49.157 25921 25944 I Unity   : [XR] [485728508272] [14:42:49.157][Verbose] Ignoring event type 1000156103
05-15 14:42:49.157 25921 25944 I Unity   : [XR] [485728508272] [14:42:49.157][Verbose] Ignoring event type 1000156104
05-15 14:42:49.181 25921 25944 I Unity   : [XR] [485728508272] [14:42:49.181][Verbose] Ignoring event type 1000156103
05-15 14:42:49.181 25921 25944 I Unity   : [XR] [485728508272] [14:42:49.181][Verbose] Ignoring event type 1000156104
05-15 14:42:49.215 25921 25944 I Unity   : [XR] [485728508272] [14:42:49.215][Verbose] Ignoring event type 1000156103
05-15 14:42:49.215 25921 25944 I Unity   : [XR] [485728508272] [14:42:49.215][Verbose] Ignoring event type 1000156104
05-15 14:42:49.247 25921 25944 I Unity   : [XR] [485728508272] [14:42:49.247][Verbose] Ignoring event type 1000156103
05-15 14:42:49.247 25921 25944 I Unity   : [XR] [485728508272] [14:42:49.247][Verbose] Ignoring event type 1000156104
05-15 14:42:49.279 25921 25944 I Unity   : [XR] [485728508272] [14:42:49.279][Verbose] Ignoring event type 1000156103
05-15 14:42:49.279 25921 25944 I Unity   : [XR] [485728508272] [14:42:49.279][Verbose] Ignoring event type 1000156104
05-15 14:42:49.303 25921 25944 I Unity   : [XR] [485728508272] [14:42:49.303][Verbose] Ignoring event type 1000156103
05-15 14:42:49.303 25921 25944 I Unity   : [XR] [485728508272] [14:42:49.303][Verbose] Ignoring event type 1000156104
05-15 14:42:49.334 25921 25944 I Unity   : [XR] [485728508272] [14:42:49.334][Verbose] Ignoring event type 1000156103
05-15 14:42:49.334 25921 25944 I Unity   : [XR] [485728508272] [14:42:49.334][Verbose] Ignoring event type 1000156104
05-15 14:42:49.369 25921 25944 I Unity   : [XR] [485728508272] [14:42:49.369][Verbose] Ignoring event type 1000156103
05-15 14:42:49.370 25921 25944 I Unity   : [XR] [485728508272] [14:42:49.370][Verbose] Ignoring event type 1000156104
05-15 14:42:49.402 25921 25944 I Unity   : [XR] [485728508272] [14:42:49.402][Verbose] Ignoring event type 1000156103
05-15 14:42:49.402 25921 25944 I Unity   : [XR] [485728508272] [14:42:49.402][Verbose] Ignoring event type 1000156104
05-15 14:42:49.425 25921 25944 I Unity   : [XR] [485728508272] [14:42:49.425][Verbose] Ignoring event type 1000156103
05-15 14:42:49.425 25921 25944 I Unity   : [XR] [485728508272] [14:42:49.425][Verbose] Ignoring event type 1000156104
05-15 14:42:49.457 25921 25944 I Unity   : [XR] [485728508272] [14:42:49.457][Verbose] Ignoring event type 1000156103
05-15 14:42:49.457 25921 25944 I Unity   : [XR] [485728508272] [14:42:49.457][Verbose] Ignoring event type 1000156104
05-15 14:42:49.490 25921 25944 I Unity   : [XR] [485728508272] [14:42:49.490][Verbose] Ignoring event type 1000156103
05-15 14:42:49.490 25921 25944 I Unity   : [XR] [485728508272] [14:42:49.490][Verbose] Ignoring event type 1000156104
05-15 14:42:49.524 25921 25944 I Unity   : [XR] [485728508272] [14:42:49.524][Verbose] Ignoring event type 1000156103
05-15 14:42:49.524 25921 25944 I Unity   : [XR] [485728508272] [14:42:49.524][Verbose] Ignoring event type 1000156104
05-15 14:42:49.546 25921 25944 I Unity   : [XR] [485728508272] [14:42:49.546][Verbose] Ignoring event type 1000156103
05-15 14:42:49.546 25921 25944 I Unity   : [XR] [485728508272] [14:42:49.546][Verbose] Ignoring event type 1000156104
05-15 14:42:49.578 25921 25944 I Unity   : [XR] [485728508272] [14:42:49.578][Verbose] Ignoring event type 1000156103
05-15 14:42:49.578 25921 25944 I Unity   : [XR] [485728508272] [14:42:49.578][Verbose] Ignoring event type 1000156104
05-15 14:42:49.613 25921 25944 I Unity   : [XR] [485728508272] [14:42:49.613][Verbose] Ignoring event type 1000156103
05-15 14:42:49.614 25921 25944 I Unity   : [XR] [485728508272] [14:42:49.614][Verbose] Ignoring event type 1000156104
05-15 14:42:49.646 25921 25944 I Unity   : [XR] [485728508272] [14:42:49.646][Verbose] Ignoring event type 1000156103
05-15 14:42:49.646 25921 25944 I Unity   : [XR] [485728508272] [14:42:49.646][Verbose] Ignoring event type 1000156104
05-15 14:42:49.679 25921 25944 I Unity   : [XR] [485728508272] [14:42:49.678][Verbose] Ignoring event type 1000156103
05-15 14:42:49.679 25921 25944 I Unity   : [XR] [485728508272] [14:42:49.679][Verbose] Ignoring event type 1000156104
05-15 14:42:49.713 25921 25944 I Unity   : [XR] [485728508272] [14:42:49.713][Verbose] Ignoring event type 1000156103
05-15 14:42:49.713 25921 25944 I Unity   : [XR] [485728508272] [14:42:49.713][Verbose] Ignoring event type 1000156104
05-15 14:42:49.733 25921 25944 I Unity   : [XR] [485728508272] [14:42:49.733][Verbose] Ignoring event type 1000156103
05-15 14:42:49.733 25921 25944 I Unity   : [XR] [485728508272] [14:42:49.733][Verbose] Ignoring event type 1000156104
05-15 14:42:49.768 25921 25944 I Unity   : [XR] [485728508272] [14:42:49.768][Verbose] Ignoring event type 1000156103
05-15 14:42:49.768 25921 25944 I Unity   : [XR] [485728508272] [14:42:49.768][Verbose] Ignoring event type 1000156104
05-15 14:42:49.801 25921 25944 I Unity   : [XR] [485728508272] [14:42:49.801][Verbose] Ignoring event type 1000156103
05-15 14:42:49.801 25921 25944 I Unity   : [XR] [485728508272] [14:42:49.801][Verbose] Ignoring event type 1000156104
05-15 14:42:49.825 25921 25944 I Unity   : [XR] [485728508272] [14:42:49.825][Verbose] Ignoring event type 1000156103
05-15 14:42:49.825 25921 25944 I Unity   : [XR] [485728508272] [14:42:49.825][Verbose] Ignoring event type 1000156104
05-15 14:42:49.868 25921 25944 I Unity   : [XR] [485728508272] [14:42:49.868][Verbose] Ignoring event type 1000156103
05-15 14:42:49.868 25921 25944 I Unity   : [XR] [485728508272] [14:42:49.868][Verbose] Ignoring event type 1000156104
05-15 14:42:49.891 25921 25944 I Unity   : [XR] [485728508272] [14:42:49.891][Verbose] Ignoring event type 1000156103
05-15 14:42:49.891 25921 25944 I Unity   : [XR] [485728508272] [14:42:49.891][Verbose] Ignoring event type 1000156104
05-15 14:42:49.924 25921 25944 I Unity   : [XR] [485728508272] [14:42:49.924][Verbose] Ignoring event type 1000156103
05-15 14:42:49.924 25921 25944 I Unity   : [XR] [485728508272] [14:42:49.924][Verbose] Ignoring event type 1000156104
05-15 14:42:49.958 25921 25944 I Unity   : [XR] [485728508272] [14:42:49.958][Verbose] Ignoring event type 1000156103
05-15 14:42:49.959 25921 25944 I Unity   : [XR] [485728508272] [14:42:49.959][Verbose] Ignoring event type 1000156104
05-15 14:42:49.992 25921 25944 I Unity   : [XR] [485728508272] [14:42:49.992][Verbose] Ignoring event type 1000156103
05-15 14:42:49.992 25921 25944 I Unity   : [XR] [485728508272] [14:42:49.992][Verbose] Ignoring event type 1000156104
05-15 14:42:50.022 25921 25944 I Unity   : [XR] [485728508272] [14:42:50.022][Verbose] Ignoring event type 1000156103
05-15 14:42:50.022 25921 25944 I Unity   : [XR] [485728508272] [14:42:50.022][Verbose] Ignoring event type 1000156104
05-15 14:42:50.057 25921 25944 I Unity   : [XR] [485728508272] [14:42:50.057][Verbose] Ignoring event type 1000156103
05-15 14:42:50.057 25921 25944 I Unity   : [XR] [485728508272] [14:42:50.057][Verbose] Ignoring event type 1000156104
05-15 14:42:50.064 25921 26076 I VrApi   : FPS=91/90,Prd=40ms,Tear=0,Early=29,Stale=0,Stale2/5/10/max=0/0/0/0,VSnc=1,Lat=-1,Fov=0,CPU4/GPU=3/2,1651/456MHz,OC=3F,TA=0/0/0,SP=N/N/N,Mem=2092MHz,Free=949MB,PLS=1,Temp=42.0C/0.0C,TW=1.33ms,App=6.12ms,GD=0.00ms,CPU&GPU=8.65ms,LCnt=2(DR91,LM2),GPU%=0.63,CPU%=0.69(W0.76),DSF=1.00,CFL=11.94/16.31,ICFLp95=15.07,LD=0,SF=1.00,LP=0,DVFS=0
05-15 14:42:50.091 25921 25944 I Unity   : [XR] [485728508272] [14:42:50.091][Verbose] Ignoring event type 1000156103
05-15 14:42:50.091 25921 25944 I Unity   : [XR] [485728508272] [14:42:50.091][Verbose] Ignoring event type 1000156104
05-15 14:42:50.124 25921 25944 I Unity   : [XR] [485728508272] [14:42:50.124][Verbose] Ignoring event type 1000156103
05-15 14:42:50.124 25921 25944 I Unity   : [XR] [485728508272] [14:42:50.124][Verbose] Ignoring event type 1000156104
05-15 14:42:50.157 25921 25944 I Unity   : [XR] [485728508272] [14:42:50.157][Verbose] Ignoring event type 1000156103
05-15 14:42:50.157 25921 25944 I Unity   : [XR] [485728508272] [14:42:50.157][Verbose] Ignoring event type 1000156104
05-15 14:42:50.179 25921 25944 I Unity   : [XR] [485728508272] [14:42:50.179][Verbose] Ignoring event type 1000156103
05-15 14:42:50.179 25921 25944 I Unity   : [XR] [485728508272] [14:42:50.179][Verbose] Ignoring event type 1000156104
05-15 14:42:50.213 25921 25944 I Unity   : [XR] [485728508272] [14:42:50.213][Verbose] Ignoring event type 1000156103
05-15 14:42:50.213 25921 25944 I Unity   : [XR] [485728508272] [14:42:50.213][Verbose] Ignoring event type 1000156104
