05-15 14:44:07.936 25921 25944 I Unity   : Starting test run 1 for none with passthrough True
05-15 14:44:07.936 25921 25944 I Unity   : <ExecuteTests>d__48:MoveNext()
05-15 14:44:07.936 25921 25944 I Unity   : UnityEngine.SetupCoroutine:InvokeMoveNext(IEnumerator, IntPtr)
05-15 14:44:07.936 25921 25944 I Unity   : 
05-15 14:44:07.937 25921 25944 I Unity   : Recording starting none-True-2024-05-15_14-44-07
05-15 14:44:07.937 25921 25944 I Unity   : <ExecuteTest>d__49:MoveNext()
05-15 14:44:07.937 25921 25944 I Unity   : UnityEngine.SetupCoroutine:InvokeMoveNext(IEnumerator, IntPtr)
05-15 14:44:07.937 25921 25944 I Unity   : 
05-15 14:44:07.937 25921 25944 I Unity   : Starting recording!
05-15 14:44:07.937 25921 25944 I Unity   : AutomatedTest:StartRecording()
05-15 14:44:07.937 25921 25944 I Unity   : <ExecuteTest>d__49:MoveNext()
05-15 14:44:07.937 25921 25944 I Unity   : UnityEngine.SetupCoroutine:InvokeMoveNext(IEnumerator, IntPtr)
05-15 14:44:07.937 25921 25944 I Unity   : 
05-15 14:44:07.954 25921 25944 I Unity   : [XR] [485728508272] [14:44:07.954][Verbose] Ignoring event type 1000156103
05-15 14:44:07.954 25921 25944 I Unity   : [XR] [485728508272] [14:44:07.954][Verbose] Ignoring event type 1000156104
05-15 14:44:07.980 25921 25944 I Unity   : [XR] [485728508272] [14:44:07.980][Verbose] Ignoring event type 1000156103
05-15 14:44:07.980 25921 25944 I Unity   : [XR] [485728508272] [14:44:07.980][Verbose] Ignoring event type 1000156104
05-15 14:44:08.014 25921 25944 I Unity   : [XR] [485728508272] [14:44:08.014][Verbose] Ignoring event type 1000156103
05-15 14:44:08.014 25921 25944 I Unity   : [XR] [485728508272] [14:44:08.014][Verbose] Ignoring event type 1000156104
05-15 14:44:08.046 25921 25944 I Unity   : [XR] [485728508272] [14:44:08.046][Verbose] Ignoring event type 1000156103
05-15 14:44:08.046 25921 25944 I Unity   : [XR] [485728508272] [14:44:08.046][Verbose] Ignoring event type 1000156104
05-15 14:44:08.070 25921 25944 I Unity   : [XR] [485728508272] [14:44:08.070][Verbose] Ignoring event type 1000156103
05-15 14:44:08.070 25921 25944 I Unity   : [XR] [485728508272] [14:44:08.070][Verbose] Ignoring event type 1000156104
05-15 14:44:08.076 25921 26076 I VrApi   : FPS=91/90,Prd=40ms,Tear=0,Early=35,Stale=0,Stale2/5/10/max=0/0/0/0,VSnc=1,Lat=-1,Fov=0,CPU4/GPU=3/2,1651/456MHz,OC=3F,TA=0/0/0,SP=N/N/N,Mem=2736MHz,Free=935MB,PLS=1,Temp=43.0C/0.0C,TW=1.34ms,App=5.30ms,GD=0.00ms,CPU&GPU=8.52ms,LCnt=2(DR91,LM2),GPU%=0.60,CPU%=0.75(W0.80),DSF=1.01,CFL=11.77/16.15,ICFLp95=14.93,LD=0,SF=1.00,LP=0,DVFS=0
05-15 14:44:08.104 25921 25944 I Unity   : [XR] [485728508272] [14:44:08.104][Verbose] Ignoring event type 1000156103
05-15 14:44:08.104 25921 25944 I Unity   : [XR] [485728508272] [14:44:08.104][Verbose] Ignoring event type 1000156104
05-15 14:44:08.137 25921 25944 I Unity   : [XR] [485728508272] [14:44:08.137][Verbose] Ignoring event type 1000156103
05-15 14:44:08.137 25921 25944 I Unity   : [XR] [485728508272] [14:44:08.137][Verbose] Ignoring event type 1000156104
05-15 14:44:08.170 25921 25944 I Unity   : [XR] [485728508272] [14:44:08.170][Verbose] Ignoring event type 1000156103
05-15 14:44:08.170 25921 25944 I Unity   : [XR] [485728508272] [14:44:08.170][Verbose] Ignoring event type 1000156104
05-15 14:44:08.204 25921 25944 I Unity   : [XR] [485728508272] [14:44:08.204][Verbose] Ignoring event type 1000156103
05-15 14:44:08.204 25921 25944 I Unity   : [XR] [485728508272] [14:44:08.204][Verbose] Ignoring event type 1000156104
05-15 14:44:08.226 25921 25944 I Unity   : [XR] [485728508272] [14:44:08.226][Verbose] Ignoring event type 1000156103
05-15 14:44:08.226 25921 25944 I Unity   : [XR] [485728508272] [14:44:08.226][Verbose] Ignoring event type 1000156104
05-15 14:44:08.258 25921 25944 I Unity   : [XR] [485728508272] [14:44:08.258][Verbose] Ignoring event type 1000156103
05-15 14:44:08.259 25921 25944 I Unity   : [XR] [485728508272] [14:44:08.259][Verbose] Ignoring event type 1000156104
05-15 14:44:08.292 25921 25944 I Unity   : [XR] [485728508272] [14:44:08.292][Verbose] Ignoring event type 1000156103
05-15 14:44:08.293 25921 25944 I Unity   : [XR] [485728508272] [14:44:08.293][Verbose] Ignoring event type 1000156104
05-15 14:44:08.326 25921 25944 I Unity   : [XR] [485728508272] [14:44:08.326][Verbose] Ignoring event type 1000156103
05-15 14:44:08.326 25921 25944 I Unity   : [XR] [485728508272] [14:44:08.326][Verbose] Ignoring event type 1000156104
05-15 14:44:08.348 25921 25944 I Unity   : [XR] [485728508272] [14:44:08.348][Verbose] Ignoring event type 1000156103
05-15 14:44:08.348 25921 25944 I Unity   : [XR] [485728508272] [14:44:08.348][Verbose] Ignoring event type 1000156104
05-15 14:44:08.380 25921 25944 I Unity   : [XR] [485728508272] [14:44:08.380][Verbose] Ignoring event type 1000156103
05-15 14:44:08.380 25921 25944 I Unity   : [XR] [485728508272] [14:44:08.380][Verbose] Ignoring event type 1000156104
05-15 14:44:08.404 25921 25944 I Unity   : [XR] [485728508272] [14:44:08.404][Verbose] Ignoring event type 1000156103
05-15 14:44:08.404 25921 25944 I Unity   : [XR] [485728508272] [14:44:08.404][Verbose] Ignoring event type 1000156104
05-15 14:44:08.426 25921 25944 I Unity   : [XR] [485728508272] [14:44:08.426][Verbose] Ignoring event type 1000156103
05-15 14:44:08.426 25921 25944 I Unity   : [XR] [485728508272] [14:44:08.426][Verbose] Ignoring event type 1000156104
05-15 14:44:08.460 25921 25944 I Unity   : [XR] [485728508272] [14:44:08.460][Verbose] Ignoring event type 1000156103
05-15 14:44:08.460 25921 25944 I Unity   : [XR] [485728508272] [14:44:08.460][Verbose] Ignoring event type 1000156104
05-15 14:44:08.491 25921 25944 I Unity   : [XR] [485728508272] [14:44:08.491][Verbose] Ignoring event type 1000156103
05-15 14:44:08.491 25921 25944 I Unity   : [XR] [485728508272] [14:44:08.491][Verbose] Ignoring event type 1000156104
05-15 14:44:08.515 25921 25944 I Unity   : [XR] [485728508272] [14:44:08.515][Verbose] Ignoring event type 1000156103
05-15 14:44:08.515 25921 25944 I Unity   : [XR] [485728508272] [14:44:08.515][Verbose] Ignoring event type 1000156104
05-15 14:44:08.548 25921 25944 I Unity   : [XR] [485728508272] [14:44:08.548][Verbose] Ignoring event type 1000156103
05-15 14:44:08.548 25921 25944 I Unity   : [XR] [485728508272] [14:44:08.548][Verbose] Ignoring event type 1000156104
05-15 14:44:08.582 25921 25944 I Unity   : [XR] [485728508272] [14:44:08.582][Verbose] Ignoring event type 1000156103
05-15 14:44:08.582 25921 25944 I Unity   : [XR] [485728508272] [14:44:08.582][Verbose] Ignoring event type 1000156104
05-15 14:44:08.616 25921 25944 I Unity   : [XR] [485728508272] [14:44:08.616][Verbose] Ignoring event type 1000156103
05-15 14:44:08.616 25921 25944 I Unity   : [XR] [485728508272] [14:44:08.616][Verbose] Ignoring event type 1000156104
05-15 14:44:08.649 25921 25944 I Unity   : [XR] [485728508272] [14:44:08.649][Verbose] Ignoring event type 1000156103
05-15 14:44:08.649 25921 25944 I Unity   : [XR] [485728508272] [14:44:08.649][Verbose] Ignoring event type 1000156104
05-15 14:44:08.682 25921 25944 I Unity   : [XR] [485728508272] [14:44:08.682][Verbose] Ignoring event type 1000156103
05-15 14:44:08.682 25921 25944 I Unity   : [XR] [485728508272] [14:44:08.682][Verbose] Ignoring event type 1000156104
05-15 14:44:08.703 25921 25944 I Unity   : [XR] [485728508272] [14:44:08.703][Verbose] Ignoring event type 1000156103
05-15 14:44:08.703 25921 25944 I Unity   : [XR] [485728508272] [14:44:08.703][Verbose] Ignoring event type 1000156104
05-15 14:44:08.737 25921 25944 I Unity   : [XR] [485728508272] [14:44:08.737][Verbose] Ignoring event type 1000156103
05-15 14:44:08.737 25921 25944 I Unity   : [XR] [485728508272] [14:44:08.737][Verbose] Ignoring event type 1000156104
05-15 14:44:08.761 25921 25944 I Unity   : [XR] [485728508272] [14:44:08.761][Verbose] Ignoring event type 1000156103
05-15 14:44:08.761 25921 25944 I Unity   : [XR] [485728508272] [14:44:08.761][Verbose] Ignoring event type 1000156104
05-15 14:44:08.792 25921 25944 I Unity   : [XR] [485728508272] [14:44:08.792][Verbose] Ignoring event type 1000156103
05-15 14:44:08.792 25921 25944 I Unity   : [XR] [485728508272] [14:44:08.792][Verbose] Ignoring event type 1000156104
05-15 14:44:08.827 25921 25944 I Unity   : [XR] [485728508272] [14:44:08.827][Verbose] Ignoring event type 1000156103
05-15 14:44:08.827 25921 25944 I Unity   : [XR] [485728508272] [14:44:08.827][Verbose] Ignoring event type 1000156104
05-15 14:44:08.859 25921 25944 I Unity   : [XR] [485728508272] [14:44:08.859][Verbose] Ignoring event type 1000156103
05-15 14:44:08.859 25921 25944 I Unity   : [XR] [485728508272] [14:44:08.859][Verbose] Ignoring event type 1000156104
05-15 14:44:08.893 25921 25944 I Unity   : [XR] [485728508272] [14:44:08.893][Verbose] Ignoring event type 1000156103
05-15 14:44:08.893 25921 25944 I Unity   : [XR] [485728508272] [14:44:08.893][Verbose] Ignoring event type 1000156104
05-15 14:44:08.926 25921 25944 I Unity   : [XR] [485728508272] [14:44:08.926][Verbose] Ignoring event type 1000156103
05-15 14:44:08.926 25921 25944 I Unity   : [XR] [485728508272] [14:44:08.926][Verbose] Ignoring event type 1000156104
05-15 14:44:08.948 25921 25944 I Unity   : [XR] [485728508272] [14:44:08.948][Verbose] Ignoring event type 1000156103
05-15 14:44:08.948 25921 25944 I Unity   : [XR] [485728508272] [14:44:08.948][Verbose] Ignoring event type 1000156104
05-15 14:44:08.982 25921 25944 I Unity   : [XR] [485728508272] [14:44:08.982][Verbose] Ignoring event type 1000156103
05-15 14:44:08.982 25921 25944 I Unity   : [XR] [485728508272] [14:44:08.982][Verbose] Ignoring event type 1000156104
05-15 14:44:09.015 25921 25944 I Unity   : [XR] [485728508272] [14:44:09.015][Verbose] Ignoring event type 1000156103
05-15 14:44:09.015 25921 25944 I Unity   : [XR] [485728508272] [14:44:09.015][Verbose] Ignoring event type 1000156104
05-15 14:44:09.048 25921 25944 I Unity   : [XR] [485728508272] [14:44:09.048][Verbose] Ignoring event type 1000156103
05-15 14:44:09.048 25921 25944 I Unity   : [XR] [485728508272] [14:44:09.048][Verbose] Ignoring event type 1000156104
05-15 14:44:09.076 25921 26076 I VrApi   : FPS=91/90,Prd=40ms,Tear=0,Early=36,Stale=0,Stale2/5/10/max=0/0/0/0,VSnc=1,Lat=-1,Fov=0,CPU4/GPU=3/2,1651/456MHz,OC=3F,TA=0/0/0,SP=N/N/N,Mem=2736MHz,Free=935MB,PLS=1,Temp=43.0C/0.0C,TW=1.36ms,App=4.00ms,GD=0.00ms,CPU&GPU=8.54ms,LCnt=2(DR91,LM2),GPU%=0.48,CPU%=0.70(W0.82),DSF=1.01,CFL=11.84/16.26,ICFLp95=15.01,LD=0,SF=1.00,LP=0,DVFS=0
05-15 14:44:09.082 25921 25944 I Unity   : [XR] [485728508272] [14:44:09.082][Verbose] Ignoring event type 1000156103
05-15 14:44:09.082 25921 25944 I Unity   : [XR] [485728508272] [14:44:09.082][Verbose] Ignoring event type 1000156104
05-15 14:44:09.115 25921 25944 I Unity   : [XR] [485728508272] [14:44:09.115][Verbose] Ignoring event type 1000156103
05-15 14:44:09.115 25921 25944 I Unity   : [XR] [485728508272] [14:44:09.115][Verbose] Ignoring event type 1000156104
05-15 14:44:09.149 25921 25944 I Unity   : [XR] [485728508272] [14:44:09.149][Verbose] Ignoring event type 1000156103
05-15 14:44:09.149 25921 25944 I Unity   : [XR] [485728508272] [14:44:09.149][Verbose] Ignoring event type 1000156104
05-15 14:44:09.182 25921 25944 I Unity   : [XR] [485728508272] [14:44:09.182][Verbose] Ignoring event type 1000156103
05-15 14:44:09.182 25921 25944 I Unity   : [XR] [485728508272] [14:44:09.182][Verbose] Ignoring event type 1000156104
05-15 14:44:09.214 25921 25944 I Unity   : [XR] [485728508272] [14:44:09.214][Verbose] Ignoring event type 1000156103
05-15 14:44:09.214 25921 25944 I Unity   : [XR] [485728508272] [14:44:09.214][Verbose] Ignoring event type 1000156104
05-15 14:44:09.238 25921 25944 I Unity   : [XR] [485728508272] [14:44:09.238][Verbose] Ignoring event type 1000156103
05-15 14:44:09.238 25921 25944 I Unity   : [XR] [485728508272] [14:44:09.238][Verbose] Ignoring event type 1000156104
05-15 14:44:09.271 25921 25944 I Unity   : [XR] [485728508272] [14:44:09.271][Verbose] Ignoring event type 1000156103
05-15 14:44:09.272 25921 25944 I Unity   : [XR] [485728508272] [14:44:09.272][Verbose] Ignoring event type 1000156104
05-15 14:44:09.305 25921 25944 I Unity   : [XR] [485728508272] [14:44:09.305][Verbose] Ignoring event type 1000156103
05-15 14:44:09.305 25921 25944 I Unity   : [XR] [485728508272] [14:44:09.305][Verbose] Ignoring event type 1000156104
05-15 14:44:09.337 25921 25944 I Unity   : [XR] [485728508272] [14:44:09.337][Verbose] Ignoring event type 1000156103
05-15 14:44:09.337 25921 25944 I Unity   : [XR] [485728508272] [14:44:09.337][Verbose] Ignoring event type 1000156104
05-15 14:44:09.370 25921 25944 I Unity   : [XR] [485728508272] [14:44:09.370][Verbose] Ignoring event type 1000156103
05-15 14:44:09.370 25921 25944 I Unity   : [XR] [485728508272] [14:44:09.370][Verbose] Ignoring event type 1000156104
05-15 14:44:09.404 25921 25944 I Unity   : [XR] [485728508272] [14:44:09.404][Verbose] Ignoring event type 1000156103
05-15 14:44:09.404 25921 25944 I Unity   : [XR] [485728508272] [14:44:09.404][Verbose] Ignoring event type 1000156104
05-15 14:44:09.436 25921 25944 I Unity   : [XR] [485728508272] [14:44:09.436][Verbose] Ignoring event type 1000156103
05-15 14:44:09.436 25921 25944 I Unity   : [XR] [485728508272] [14:44:09.436][Verbose] Ignoring event type 1000156104
05-15 14:44:09.461 25921 25944 I Unity   : [XR] [485728508272] [14:44:09.460][Verbose] Ignoring event type 1000156103
05-15 14:44:09.461 25921 25944 I Unity   : [XR] [485728508272] [14:44:09.461][Verbose] Ignoring event type 1000156104
05-15 14:44:09.493 25921 25944 I Unity   : [XR] [485728508272] [14:44:09.493][Verbose] Ignoring event type 1000156103
05-15 14:44:09.493 25921 25944 I Unity   : [XR] [485728508272] [14:44:09.493][Verbose] Ignoring event type 1000156104
05-15 14:44:09.526 25921 25944 I Unity   : [XR] [485728508272] [14:44:09.526][Verbose] Ignoring event type 1000156103
05-15 14:44:09.526 25921 25944 I Unity   : [XR] [485728508272] [14:44:09.526][Verbose] Ignoring event type 1000156104
05-15 14:44:09.548 25921 25944 I Unity   : [XR] [485728508272] [14:44:09.548][Verbose] Ignoring event type 1000156103
05-15 14:44:09.548 25921 25944 I Unity   : [XR] [485728508272] [14:44:09.548][Verbose] Ignoring event type 1000156104
05-15 14:44:09.582 25921 25944 I Unity   : [XR] [485728508272] [14:44:09.582][Verbose] Ignoring event type 1000156103
05-15 14:44:09.582 25921 25944 I Unity   : [XR] [485728508272] [14:44:09.582][Verbose] Ignoring event type 1000156104
05-15 14:44:09.616 25921 25944 I Unity   : [XR] [485728508272] [14:44:09.615][Verbose] Ignoring event type 1000156103
05-15 14:44:09.616 25921 25944 I Unity   : [XR] [485728508272] [14:44:09.616][Verbose] Ignoring event type 1000156104
05-15 14:44:09.648 25921 25944 I Unity   : [XR] [485728508272] [14:44:09.648][Verbose] Ignoring event type 1000156103
05-15 14:44:09.649 25921 25944 I Unity   : [XR] [485728508272] [14:44:09.649][Verbose] Ignoring event type 1000156104
05-15 14:44:09.683 25921 25944 I Unity   : [XR] [485728508272] [14:44:09.683][Verbose] Ignoring event type 1000156103
05-15 14:44:09.683 25921 25944 I Unity   : [XR] [485728508272] [14:44:09.683][Verbose] Ignoring event type 1000156104
05-15 14:44:09.715 25921 25944 I Unity   : [XR] [485728508272] [14:44:09.715][Verbose] Ignoring event type 1000156103
05-15 14:44:09.715 25921 25944 I Unity   : [XR] [485728508272] [14:44:09.715][Verbose] Ignoring event type 1000156104
05-15 14:44:09.738 25921 25944 I Unity   : [XR] [485728508272] [14:44:09.738][Verbose] Ignoring event type 1000156103
05-15 14:44:09.738 25921 25944 I Unity   : [XR] [485728508272] [14:44:09.738][Verbose] Ignoring event type 1000156104
05-15 14:44:09.770 25921 25944 I Unity   : [XR] [485728508272] [14:44:09.770][Verbose] Ignoring event type 1000156103
05-15 14:44:09.771 25921 25944 I Unity   : [XR] [485728508272] [14:44:09.771][Verbose] Ignoring event type 1000156104
05-15 14:44:09.804 25921 25944 I Unity   : [XR] [485728508272] [14:44:09.804][Verbose] Ignoring event type 1000156103
05-15 14:44:09.804 25921 25944 I Unity   : [XR] [485728508272] [14:44:09.804][Verbose] Ignoring event type 1000156104
05-15 14:44:09.837 25921 25944 I Unity   : [XR] [485728508272] [14:44:09.837][Verbose] Ignoring event type 1000156103
05-15 14:44:09.837 25921 25944 I Unity   : [XR] [485728508272] [14:44:09.837][Verbose] Ignoring event type 1000156104
05-15 14:44:09.859 25921 25944 I Unity   : [XR] [485728508272] [14:44:09.859][Verbose] Ignoring event type 1000156103
05-15 14:44:09.860 25921 25944 I Unity   : [XR] [485728508272] [14:44:09.860][Verbose] Ignoring event type 1000156104
05-15 14:44:09.892 25921 25944 I Unity   : [XR] [485728508272] [14:44:09.892][Verbose] Ignoring event type 1000156103
05-15 14:44:09.892 25921 25944 I Unity   : [XR] [485728508272] [14:44:09.892][Verbose] Ignoring event type 1000156104
05-15 14:44:09.916 25921 25944 I Unity   : [XR] [485728508272] [14:44:09.916][Verbose] Ignoring event type 1000156103
05-15 14:44:09.916 25921 25944 I Unity   : [XR] [485728508272] [14:44:09.916][Verbose] Ignoring event type 1000156104
05-15 14:44:09.948 25921 25944 I Unity   : [XR] [485728508272] [14:44:09.948][Verbose] Ignoring event type 1000156103
05-15 14:44:09.949 25921 25944 I Unity   : [XR] [485728508272] [14:44:09.949][Verbose] Ignoring event type 1000156104
05-15 14:44:09.982 25921 25944 I Unity   : [XR] [485728508272] [14:44:09.982][Verbose] Ignoring event type 1000156103
05-15 14:44:09.982 25921 25944 I Unity   : [XR] [485728508272] [14:44:09.982][Verbose] Ignoring event type 1000156104
05-15 14:44:10.015 25921 25944 I Unity   : [XR] [485728508272] [14:44:10.015][Verbose] Ignoring event type 1000156103
05-15 14:44:10.015 25921 25944 I Unity   : [XR] [485728508272] [14:44:10.015][Verbose] Ignoring event type 1000156104
05-15 14:44:10.050 25921 25944 I Unity   : [XR] [485728508272] [14:44:10.050][Verbose] Ignoring event type 1000156103
05-15 14:44:10.050 25921 25944 I Unity   : [XR] [485728508272] [14:44:10.050][Verbose] Ignoring event type 1000156104
05-15 14:44:10.077 25921 26076 I VrApi   : FPS=91/90,Prd=39ms,Tear=0,Early=31,Stale=0,Stale2/5/10/max=0/0/0/0,VSnc=1,Lat=-1,Fov=0,CPU4/GPU=3/2,1651/456MHz,OC=3F,TA=0/0/0,SP=N/N/N,Mem=2736MHz,Free=935MB,PLS=1,Temp=43.0C/0.0C,TW=1.39ms,App=3.15ms,GD=0.00ms,CPU&GPU=7.82ms,LCnt=2(DR91,LM2),GPU%=0.45,CPU%=0.71(W0.80),DSF=1.01,CFL=11.90/16.52,ICFLp95=15.10,LD=0,SF=1.00,LP=0,DVFS=0
05-15 14:44:10.081 25921 25944 I Unity   : [XR] [485728508272] [14:44:10.081][Verbose] Ignoring event type 1000156103
05-15 14:44:10.081 25921 25944 I Unity   : [XR] [485728508272] [14:44:10.081][Verbose] Ignoring event type 1000156104
05-15 14:44:10.105 25921 25944 I Unity   : [XR] [485728508272] [14:44:10.105][Verbose] Ignoring event type 1000156103
05-15 14:44:10.105 25921 25944 I Unity   : [XR] [485728508272] [14:44:10.105][Verbose] Ignoring event type 1000156104
05-15 14:44:10.138 25921 25944 I Unity   : [XR] [485728508272] [14:44:10.138][Verbose] Ignoring event type 1000156103
05-15 14:44:10.139 25921 25944 I Unity   : [XR] [485728508272] [14:44:10.138][Verbose] Ignoring event type 1000156104
05-15 14:44:10.171 25921 25944 I Unity   : [XR] [485728508272] [14:44:10.171][Verbose] Ignoring event type 1000156103
05-15 14:44:10.171 25921 25944 I Unity   : [XR] [485728508272] [14:44:10.171][Verbose] Ignoring event type 1000156104
05-15 14:44:10.204 25921 25944 I Unity   : [XR] [485728508272] [14:44:10.204][Verbose] Ignoring event type 1000156103
05-15 14:44:10.205 25921 25944 I Unity   : [XR] [485728508272] [14:44:10.205][Verbose] Ignoring event type 1000156104
05-15 14:44:10.238 25921 25944 I Unity   : [XR] [485728508272] [14:44:10.238][Verbose] Ignoring event type 1000156103
05-15 14:44:10.238 25921 25944 I Unity   : [XR] [485728508272] [14:44:10.238][Verbose] Ignoring event type 1000156104
05-15 14:44:10.271 25921 25944 I Unity   : [XR] [485728508272] [14:44:10.271][Verbose] Ignoring event type 1000156103
05-15 14:44:10.271 25921 25944 I Unity   : [XR] [485728508272] [14:44:10.271][Verbose] Ignoring event type 1000156104
05-15 14:44:10.303 25921 25944 I Unity   : [XR] [485728508272] [14:44:10.303][Verbose] Ignoring event type 1000156103
05-15 14:44:10.303 25921 25944 I Unity   : [XR] [485728508272] [14:44:10.303][Verbose] Ignoring event type 1000156104
05-15 14:44:10.336 25921 25944 I Unity   : [XR] [485728508272] [14:44:10.336][Verbose] Ignoring event type 1000156103
05-15 14:44:10.336 25921 25944 I Unity   : [XR] [485728508272] [14:44:10.336][Verbose] Ignoring event type 1000156104
05-15 14:44:10.361 25921 25944 I Unity   : [XR] [485728508272] [14:44:10.361][Verbose] Ignoring event type 1000156103
05-15 14:44:10.361 25921 25944 I Unity   : [XR] [485728508272] [14:44:10.361][Verbose] Ignoring event type 1000156104
05-15 14:44:10.393 25921 25944 I Unity   : [XR] [485728508272] [14:44:10.393][Verbose] Ignoring event type 1000156103
05-15 14:44:10.393 25921 25944 I Unity   : [XR] [485728508272] [14:44:10.393][Verbose] Ignoring event type 1000156104
05-15 14:44:10.427 25921 25944 I Unity   : [XR] [485728508272] [14:44:10.427][Verbose] Ignoring event type 1000156103
05-15 14:44:10.427 25921 25944 I Unity   : [XR] [485728508272] [14:44:10.427][Verbose] Ignoring event type 1000156104
05-15 14:44:10.460 25921 25944 I Unity   : [XR] [485728508272] [14:44:10.460][Verbose] Ignoring event type 1000156103
05-15 14:44:10.460 25921 25944 I Unity   : [XR] [485728508272] [14:44:10.460][Verbose] Ignoring event type 1000156104
05-15 14:44:10.493 25921 25944 I Unity   : [XR] [485728508272] [14:44:10.493][Verbose] Ignoring event type 1000156103
05-15 14:44:10.493 25921 25944 I Unity   : [XR] [485728508272] [14:44:10.493][Verbose] Ignoring event type 1000156104
05-15 14:44:10.526 25921 25944 I Unity   : [XR] [485728508272] [14:44:10.526][Verbose] Ignoring event type 1000156103
05-15 14:44:10.526 25921 25944 I Unity   : [XR] [485728508272] [14:44:10.526][Verbose] Ignoring event type 1000156104
05-15 14:44:10.548 25921 25944 I Unity   : [XR] [485728508272] [14:44:10.548][Verbose] Ignoring event type 1000156103
05-15 14:44:10.548 25921 25944 I Unity   : [XR] [485728508272] [14:44:10.548][Verbose] Ignoring event type 1000156104
05-15 14:44:10.582 25921 25944 I Unity   : [XR] [485728508272] [14:44:10.582][Verbose] Ignoring event type 1000156103
05-15 14:44:10.582 25921 25944 I Unity   : [XR] [485728508272] [14:44:10.582][Verbose] Ignoring event type 1000156104
05-15 14:44:10.615 25921 25944 I Unity   : [XR] [485728508272] [14:44:10.615][Verbose] Ignoring event type 1000156103
05-15 14:44:10.615 25921 25944 I Unity   : [XR] [485728508272] [14:44:10.615][Verbose] Ignoring event type 1000156104
05-15 14:44:10.647 25921 25944 I Unity   : [XR] [485728508272] [14:44:10.647][Verbose] Ignoring event type 1000156103
05-15 14:44:10.648 25921 25944 I Unity   : [XR] [485728508272] [14:44:10.648][Verbose] Ignoring event type 1000156104
05-15 14:44:10.681 25921 25944 I Unity   : [XR] [485728508272] [14:44:10.681][Verbose] Ignoring event type 1000156103
05-15 14:44:10.681 25921 25944 I Unity   : [XR] [485728508272] [14:44:10.681][Verbose] Ignoring event type 1000156104
05-15 14:44:10.705 25921 25944 I Unity   : [XR] [485728508272] [14:44:10.705][Verbose] Ignoring event type 1000156103
05-15 14:44:10.705 25921 25944 I Unity   : [XR] [485728508272] [14:44:10.705][Verbose] Ignoring event type 1000156104
05-15 14:44:10.748 25921 25944 I Unity   : [XR] [485728508272] [14:44:10.748][Verbose] Ignoring event type 1000156103
05-15 14:44:10.748 25921 25944 I Unity   : [XR] [485728508272] [14:44:10.748][Verbose] Ignoring event type 1000156104
05-15 14:44:10.781 25921 25944 I Unity   : [XR] [485728508272] [14:44:10.781][Verbose] Ignoring event type 1000156103
05-15 14:44:10.781 25921 25944 I Unity   : [XR] [485728508272] [14:44:10.781][Verbose] Ignoring event type 1000156104
05-15 14:44:10.813 25921 25944 I Unity   : [XR] [485728508272] [14:44:10.813][Verbose] Ignoring event type 1000156103
05-15 14:44:10.813 25921 25944 I Unity   : [XR] [485728508272] [14:44:10.813][Verbose] Ignoring event type 1000156104
05-15 14:44:10.849 25921 25944 I Unity   : [XR] [485728508272] [14:44:10.849][Verbose] Ignoring event type 1000156103
05-15 14:44:10.849 25921 25944 I Unity   : [XR] [485728508272] [14:44:10.849][Verbose] Ignoring event type 1000156104
05-15 14:44:10.871 25921 25944 I Unity   : [XR] [485728508272] [14:44:10.871][Verbose] Ignoring event type 1000156103
05-15 14:44:10.871 25921 25944 I Unity   : [XR] [485728508272] [14:44:10.871][Verbose] Ignoring event type 1000156104
05-15 14:44:10.904 25921 25944 I Unity   : [XR] [485728508272] [14:44:10.904][Verbose] Ignoring event type 1000156103
05-15 14:44:10.904 25921 25944 I Unity   : [XR] [485728508272] [14:44:10.904][Verbose] Ignoring event type 1000156104
05-15 14:44:10.937 25921 25944 I Unity   : [XR] [485728508272] [14:44:10.937][Verbose] Ignoring event type 1000156103
05-15 14:44:10.937 25921 25944 I Unity   : [XR] [485728508272] [14:44:10.937][Verbose] Ignoring event type 1000156104
05-15 14:44:10.970 25921 25944 I Unity   : [XR] [485728508272] [14:44:10.970][Verbose] Ignoring event type 1000156103
05-15 14:44:10.970 25921 25944 I Unity   : [XR] [485728508272] [14:44:10.970][Verbose] Ignoring event type 1000156104
05-15 14:44:11.002 25921 25944 I Unity   : [XR] [485728508272] [14:44:11.002][Verbose] Ignoring event type 1000156103
05-15 14:44:11.002 25921 25944 I Unity   : [XR] [485728508272] [14:44:11.002][Verbose] Ignoring event type 1000156104
05-15 14:44:11.027 25921 25944 I Unity   : [XR] [485728508272] [14:44:11.027][Verbose] Ignoring event type 1000156103
05-15 14:44:11.027 25921 25944 I Unity   : [XR] [485728508272] [14:44:11.027][Verbose] Ignoring event type 1000156104
05-15 14:44:11.060 25921 25944 I Unity   : [XR] [485728508272] [14:44:11.060][Verbose] Ignoring event type 1000156103
05-15 14:44:11.060 25921 25944 I Unity   : [XR] [485728508272] [14:44:11.060][Verbose] Ignoring event type 1000156104
05-15 14:44:11.077 25921 26076 I VrApi   : FPS=91/90,Prd=38ms,Tear=0,Early=29,Stale=0,Stale2/5/10/max=0/0/0/0,VSnc=1,Lat=-1,Fov=0,CPU4/GPU=3/2,1651/456MHz,OC=3F,TA=0/0/0,SP=N/N/N,Mem=2736MHz,Free=935MB,PLS=1,Temp=43.0C/0.0C,TW=1.41ms,App=3.39ms,GD=0.00ms,CPU&GPU=8.10ms,LCnt=2(DR90,LM2),GPU%=0.46,CPU%=0.71(W0.95),DSF=1.01,CFL=11.52/15.84,ICFLp95=14.69,LD=0,SF=1.00,LP=0,DVFS=0
05-15 14:44:11.093 25921 25944 I Unity   : [XR] [485728508272] [14:44:11.093][Verbose] Ignoring event type 1000156103
05-15 14:44:11.093 25921 25944 I Unity   : [XR] [485728508272] [14:44:11.093][Verbose] Ignoring event type 1000156104
05-15 14:44:11.129 25921 25944 I Unity   : [XR] [485728508272] [14:44:11.129][Verbose] Ignoring event type 1000156103
05-15 14:44:11.129 25921 25944 I Unity   : [XR] [485728508272] [14:44:11.129][Verbose] Ignoring event type 1000156104
05-15 14:44:11.160 25921 25944 I Unity   : [XR] [485728508272] [14:44:11.160][Verbose] Ignoring event type 1000156103
05-15 14:44:11.160 25921 25944 I Unity   : [XR] [485728508272] [14:44:11.160][Verbose] Ignoring event type 1000156104
05-15 14:44:11.182 25921 25944 I Unity   : [XR] [485728508272] [14:44:11.182][Verbose] Ignoring event type 1000156103
05-15 14:44:11.182 25921 25944 I Unity   : [XR] [485728508272] [14:44:11.182][Verbose] Ignoring event type 1000156104
05-15 14:44:11.216 25921 25944 I Unity   : [XR] [485728508272] [14:44:11.216][Verbose] Ignoring event type 1000156103
05-15 14:44:11.216 25921 25944 I Unity   : [XR] [485728508272] [14:44:11.216][Verbose] Ignoring event type 1000156104
05-15 14:44:11.249 25921 25944 I Unity   : [XR] [485728508272] [14:44:11.249][Verbose] Ignoring event type 1000156103
05-15 14:44:11.249 25921 25944 I Unity   : [XR] [485728508272] [14:44:11.249][Verbose] Ignoring event type 1000156104
05-15 14:44:11.280 25921 25944 I Unity   : [XR] [485728508272] [14:44:11.280][Verbose] Ignoring event type 1000156103
05-15 14:44:11.280 25921 25944 I Unity   : [XR] [485728508272] [14:44:11.280][Verbose] Ignoring event type 1000156104
05-15 14:44:11.305 25921 25944 I Unity   : [XR] [485728508272] [14:44:11.305][Verbose] Ignoring event type 1000156103
05-15 14:44:11.305 25921 25944 I Unity   : [XR] [485728508272] [14:44:11.305][Verbose] Ignoring event type 1000156104
05-15 14:44:11.338 25921 25944 I Unity   : [XR] [485728508272] [14:44:11.338][Verbose] Ignoring event type 1000156103
05-15 14:44:11.339 25921 25944 I Unity   : [XR] [485728508272] [14:44:11.339][Verbose] Ignoring event type 1000156104
05-15 14:44:11.368 25921 25944 I Unity   : [XR] [485728508272] [14:44:11.368][Verbose] Ignoring event type 1000156103
05-15 14:44:11.368 25921 25944 I Unity   : [XR] [485728508272] [14:44:11.368][Verbose] Ignoring event type 1000156104
05-15 14:44:11.392 25921 25944 I Unity   : [XR] [485728508272] [14:44:11.392][Verbose] Ignoring event type 1000156103
05-15 14:44:11.392 25921 25944 I Unity   : [XR] [485728508272] [14:44:11.392][Verbose] Ignoring event type 1000156104
05-15 14:44:11.428 25921 25944 I Unity   : [XR] [485728508272] [14:44:11.427][Verbose] Ignoring event type 1000156103
05-15 14:44:11.428 25921 25944 I Unity   : [XR] [485728508272] [14:44:11.428][Verbose] Ignoring event type 1000156104
05-15 14:44:11.457 25921 25944 I Unity   : [XR] [485728508272] [14:44:11.457][Verbose] Ignoring event type 1000156103
05-15 14:44:11.457 25921 25944 I Unity   : [XR] [485728508272] [14:44:11.457][Verbose] Ignoring event type 1000156104
05-15 14:44:11.493 25921 25944 I Unity   : [XR] [485728508272] [14:44:11.493][Verbose] Ignoring event type 1000156103
05-15 14:44:11.493 25921 25944 I Unity   : [XR] [485728508272] [14:44:11.493][Verbose] Ignoring event type 1000156104
05-15 14:44:11.526 25921 25944 I Unity   : [XR] [485728508272] [14:44:11.526][Verbose] Ignoring event type 1000156103
05-15 14:44:11.526 25921 25944 I Unity   : [XR] [485728508272] [14:44:11.526][Verbose] Ignoring event type 1000156104
05-15 14:44:11.560 25921 25944 I Unity   : [XR] [485728508272] [14:44:11.560][Verbose] Ignoring event type 1000156103
05-15 14:44:11.560 25921 25944 I Unity   : [XR] [485728508272] [14:44:11.560][Verbose] Ignoring event type 1000156104
05-15 14:44:11.593 25921 25944 I Unity   : [XR] [485728508272] [14:44:11.593][Verbose] Ignoring event type 1000156103
05-15 14:44:11.593 25921 25944 I Unity   : [XR] [485728508272] [14:44:11.593][Verbose] Ignoring event type 1000156104
05-15 14:44:11.626 25921 25944 I Unity   : [XR] [485728508272] [14:44:11.626][Verbose] Ignoring event type 1000156103
05-15 14:44:11.626 25921 25944 I Unity   : [XR] [485728508272] [14:44:11.626][Verbose] Ignoring event type 1000156104
05-15 14:44:11.659 25921 25944 I Unity   : [XR] [485728508272] [14:44:11.659][Verbose] Ignoring event type 1000156103
05-15 14:44:11.660 25921 25944 I Unity   : [XR] [485728508272] [14:44:11.660][Verbose] Ignoring event type 1000156104
05-15 14:44:11.693 25921 25944 I Unity   : [XR] [485728508272] [14:44:11.693][Verbose] Ignoring event type 1000156103
05-15 14:44:11.693 25921 25944 I Unity   : [XR] [485728508272] [14:44:11.693][Verbose] Ignoring event type 1000156104
05-15 14:44:11.727 25921 25944 I Unity   : [XR] [485728508272] [14:44:11.727][Verbose] Ignoring event type 1000156103
05-15 14:44:11.727 25921 25944 I Unity   : [XR] [485728508272] [14:44:11.727][Verbose] Ignoring event type 1000156104
05-15 14:44:11.760 25921 25944 I Unity   : [XR] [485728508272] [14:44:11.760][Verbose] Ignoring event type 1000156103
05-15 14:44:11.760 25921 25944 I Unity   : [XR] [485728508272] [14:44:11.760][Verbose] Ignoring event type 1000156104
05-15 14:44:11.793 25921 25944 I Unity   : [XR] [485728508272] [14:44:11.793][Verbose] Ignoring event type 1000156103
05-15 14:44:11.793 25921 25944 I Unity   : [XR] [485728508272] [14:44:11.793][Verbose] Ignoring event type 1000156104
05-15 14:44:11.826 25921 25944 I Unity   : [XR] [485728508272] [14:44:11.825][Verbose] Ignoring event type 1000156103
05-15 14:44:11.826 25921 25944 I Unity   : [XR] [485728508272] [14:44:11.826][Verbose] Ignoring event type 1000156104
05-15 14:44:11.860 25921 25944 I Unity   : [XR] [485728508272] [14:44:11.860][Verbose] Ignoring event type 1000156103
05-15 14:44:11.860 25921 25944 I Unity   : [XR] [485728508272] [14:44:11.860][Verbose] Ignoring event type 1000156104
05-15 14:44:11.894 25921 25944 I Unity   : [XR] [485728508272] [14:44:11.894][Verbose] Ignoring event type 1000156103
05-15 14:44:11.894 25921 25944 I Unity   : [XR] [485728508272] [14:44:11.894][Verbose] Ignoring event type 1000156104
05-15 14:44:11.938 25921 25944 I Unity   : [XR] [485728508272] [14:44:11.938][Verbose] Ignoring event type 1000156103
05-15 14:44:11.938 25921 25944 I Unity   : [XR] [485728508272] [14:44:11.938][Verbose] Ignoring event type 1000156104
05-15 14:44:11.971 25921 25944 I Unity   : [XR] [485728508272] [14:44:11.971][Verbose] Ignoring event type 1000156103
05-15 14:44:11.971 25921 25944 I Unity   : [XR] [485728508272] [14:44:11.971][Verbose] Ignoring event type 1000156104
05-15 14:44:12.016 25921 25944 I Unity   : [XR] [485728508272] [14:44:12.016][Verbose] Ignoring event type 1000156103
05-15 14:44:12.017 25921 25944 I Unity   : [XR] [485728508272] [14:44:12.016][Verbose] Ignoring event type 1000156104
05-15 14:44:12.047 25921 25944 I Unity   : [XR] [485728508272] [14:44:12.047][Verbose] Ignoring event type 1000156103
05-15 14:44:12.047 25921 25944 I Unity   : [XR] [485728508272] [14:44:12.047][Verbose] Ignoring event type 1000156104
05-15 14:44:12.071 25921 25944 I Unity   : [XR] [485728508272] [14:44:12.071][Verbose] Ignoring event type 1000156103
05-15 14:44:12.071 25921 25944 I Unity   : [XR] [485728508272] [14:44:12.071][Verbose] Ignoring event type 1000156104
05-15 14:44:12.077 25921 26076 I VrApi   : FPS=90/90,Prd=39ms,Tear=0,Early=25,Stale=0,Stale2/5/10/max=0/0/0/0,VSnc=1,Lat=-1,Fov=0,CPU4/GPU=3/2,1651/456MHz,OC=3F,TA=0/0/0,SP=N/N/N,Mem=2736MHz,Free=935MB,PLS=1,Temp=43.0C/0.0C,TW=1.37ms,App=3.78ms,GD=0.00ms,CPU&GPU=7.05ms,LCnt=2(DR90,LM2),GPU%=0.46,CPU%=0.75(W0.83),DSF=1.01,CFL=11.30/16.09,ICFLp95=14.65,LD=0,SF=1.00,LP=0,DVFS=0
05-15 14:44:12.104 25921 25944 I Unity   : [XR] [485728508272] [14:44:12.104][Verbose] Ignoring event type 1000156103
05-15 14:44:12.104 25921 25944 I Unity   : [XR] [485728508272] [14:44:12.104][Verbose] Ignoring event type 1000156104
05-15 14:44:12.138 25921 25944 I Unity   : [XR] [485728508272] [14:44:12.138][Verbose] Ignoring event type 1000156103
05-15 14:44:12.138 25921 25944 I Unity   : [XR] [485728508272] [14:44:12.138][Verbose] Ignoring event type 1000156104
05-15 14:44:12.172 25921 25944 I Unity   : [XR] [485728508272] [14:44:12.171][Verbose] Ignoring event type 1000156103
05-15 14:44:12.172 25921 25944 I Unity   : [XR] [485728508272] [14:44:12.172][Verbose] Ignoring event type 1000156104
05-15 14:44:12.204 25921 25944 I Unity   : [XR] [485728508272] [14:44:12.204][Verbose] Ignoring event type 1000156103
05-15 14:44:12.204 25921 25944 I Unity   : [XR] [485728508272] [14:44:12.204][Verbose] Ignoring event type 1000156104
05-15 14:44:12.226 25921 25944 I Unity   : [XR] [485728508272] [14:44:12.226][Verbose] Ignoring event type 1000156103
05-15 14:44:12.226 25921 25944 I Unity   : [XR] [485728508272] [14:44:12.226][Verbose] Ignoring event type 1000156104
05-15 14:44:12.260 25921 25944 I Unity   : [XR] [485728508272] [14:44:12.260][Verbose] Ignoring event type 1000156103
05-15 14:44:12.260 25921 25944 I Unity   : [XR] [485728508272] [14:44:12.260][Verbose] Ignoring event type 1000156104
05-15 14:44:12.293 25921 25944 I Unity   : [XR] [485728508272] [14:44:12.293][Verbose] Ignoring event type 1000156103
05-15 14:44:12.293 25921 25944 I Unity   : [XR] [485728508272] [14:44:12.293][Verbose] Ignoring event type 1000156104
05-15 14:44:12.329 25921 25944 I Unity   : [XR] [485728508272] [14:44:12.329][Verbose] Ignoring event type 1000156103
05-15 14:44:12.329 25921 25944 I Unity   : [XR] [485728508272] [14:44:12.329][Verbose] Ignoring event type 1000156104
05-15 14:44:12.360 25921 25944 I Unity   : [XR] [485728508272] [14:44:12.360][Verbose] Ignoring event type 1000156103
05-15 14:44:12.360 25921 25944 I Unity   : [XR] [485728508272] [14:44:12.360][Verbose] Ignoring event type 1000156104
05-15 14:44:12.393 25921 25944 I Unity   : [XR] [485728508272] [14:44:12.393][Verbose] Ignoring event type 1000156103
05-15 14:44:12.393 25921 25944 I Unity   : [XR] [485728508272] [14:44:12.393][Verbose] Ignoring event type 1000156104
05-15 14:44:12.425 25921 25944 I Unity   : [XR] [485728508272] [14:44:12.425][Verbose] Ignoring event type 1000156103
05-15 14:44:12.425 25921 25944 I Unity   : [XR] [485728508272] [14:44:12.425][Verbose] Ignoring event type 1000156104
05-15 14:44:12.459 25921 25944 I Unity   : [XR] [485728508272] [14:44:12.459][Verbose] Ignoring event type 1000156103
05-15 14:44:12.459 25921 25944 I Unity   : [XR] [485728508272] [14:44:12.459][Verbose] Ignoring event type 1000156104
05-15 14:44:12.493 25921 25944 I Unity   : [XR] [485728508272] [14:44:12.493][Verbose] Ignoring event type 1000156103
05-15 14:44:12.493 25921 25944 I Unity   : [XR] [485728508272] [14:44:12.493][Verbose] Ignoring event type 1000156104
05-15 14:44:12.526 25921 25944 I Unity   : [XR] [485728508272] [14:44:12.526][Verbose] Ignoring event type 1000156103
05-15 14:44:12.526 25921 25944 I Unity   : [XR] [485728508272] [14:44:12.526][Verbose] Ignoring event type 1000156104
05-15 14:44:12.560 25921 25944 I Unity   : [XR] [485728508272] [14:44:12.560][Verbose] Ignoring event type 1000156103
05-15 14:44:12.560 25921 25944 I Unity   : [XR] [485728508272] [14:44:12.560][Verbose] Ignoring event type 1000156104
05-15 14:44:12.591 25921 25944 I Unity   : [XR] [485728508272] [14:44:12.591][Verbose] Ignoring event type 1000156103
05-15 14:44:12.591 25921 25944 I Unity   : [XR] [485728508272] [14:44:12.591][Verbose] Ignoring event type 1000156104
05-15 14:44:12.614 25921 25944 I Unity   : [XR] [485728508272] [14:44:12.614][Verbose] Ignoring event type 1000156103
05-15 14:44:12.614 25921 25944 I Unity   : [XR] [485728508272] [14:44:12.614][Verbose] Ignoring event type 1000156104
05-15 14:44:12.649 25921 25944 I Unity   : [XR] [485728508272] [14:44:12.649][Verbose] Ignoring event type 1000156103
05-15 14:44:12.649 25921 25944 I Unity   : [XR] [485728508272] [14:44:12.649][Verbose] Ignoring event type 1000156104
05-15 14:44:12.682 25921 25944 I Unity   : [XR] [485728508272] [14:44:12.682][Verbose] Ignoring event type 1000156103
05-15 14:44:12.682 25921 25944 I Unity   : [XR] [485728508272] [14:44:12.682][Verbose] Ignoring event type 1000156104
05-15 14:44:12.715 25921 25944 I Unity   : [XR] [485728508272] [14:44:12.715][Verbose] Ignoring event type 1000156103
05-15 14:44:12.715 25921 25944 I Unity   : [XR] [485728508272] [14:44:12.715][Verbose] Ignoring event type 1000156104
05-15 14:44:12.748 25921 25944 I Unity   : [XR] [485728508272] [14:44:12.748][Verbose] Ignoring event type 1000156103
05-15 14:44:12.748 25921 25944 I Unity   : [XR] [485728508272] [14:44:12.748][Verbose] Ignoring event type 1000156104
05-15 14:44:12.781 25921 25944 I Unity   : [XR] [485728508272] [14:44:12.781][Verbose] Ignoring event type 1000156103
05-15 14:44:12.782 25921 25944 I Unity   : [XR] [485728508272] [14:44:12.782][Verbose] Ignoring event type 1000156104
05-15 14:44:12.815 25921 25944 I Unity   : [XR] [485728508272] [14:44:12.815][Verbose] Ignoring event type 1000156103
05-15 14:44:12.815 25921 25944 I Unity   : [XR] [485728508272] [14:44:12.815][Verbose] Ignoring event type 1000156104
05-15 14:44:12.849 25921 25944 I Unity   : [XR] [485728508272] [14:44:12.849][Verbose] Ignoring event type 1000156103
05-15 14:44:12.849 25921 25944 I Unity   : [XR] [485728508272] [14:44:12.849][Verbose] Ignoring event type 1000156104
05-15 14:44:12.880 25921 25944 I Unity   : [XR] [485728508272] [14:44:12.880][Verbose] Ignoring event type 1000156103
05-15 14:44:12.880 25921 25944 I Unity   : [XR] [485728508272] [14:44:12.880][Verbose] Ignoring event type 1000156104
05-15 14:44:12.905 25921 25944 I Unity   : [XR] [485728508272] [14:44:12.905][Verbose] Ignoring event type 1000156103
05-15 14:44:12.905 25921 25944 I Unity   : [XR] [485728508272] [14:44:12.905][Verbose] Ignoring event type 1000156104
05-15 14:44:12.938 25921 25944 I Unity   : [XR] [485728508272] [14:44:12.938][Verbose] Ignoring event type 1000156103
05-15 14:44:12.938 25921 25944 I Unity   : [XR] [485728508272] [14:44:12.938][Verbose] Ignoring event type 1000156104
05-15 14:44:12.971 25921 25944 I Unity   : [XR] [485728508272] [14:44:12.971][Verbose] Ignoring event type 1000156103
05-15 14:44:12.971 25921 25944 I Unity   : [XR] [485728508272] [14:44:12.971][Verbose] Ignoring event type 1000156104
05-15 14:44:13.005 25921 25944 I Unity   : [XR] [485728508272] [14:44:13.005][Verbose] Ignoring event type 1000156103
05-15 14:44:13.005 25921 25944 I Unity   : [XR] [485728508272] [14:44:13.005][Verbose] Ignoring event type 1000156104
05-15 14:44:13.036 25921 25944 I Unity   : [XR] [485728508272] [14:44:13.036][Verbose] Ignoring event type 1000156103
05-15 14:44:13.036 25921 25944 I Unity   : [XR] [485728508272] [14:44:13.036][Verbose] Ignoring event type 1000156104
05-15 14:44:13.061 25921 25944 I Unity   : [XR] [485728508272] [14:44:13.061][Verbose] Ignoring event type 1000156103
05-15 14:44:13.061 25921 25944 I Unity   : [XR] [485728508272] [14:44:13.061][Verbose] Ignoring event type 1000156104
05-15 14:44:13.077 25921 26076 I VrApi   : FPS=91/90,Prd=38ms,Tear=0,Early=22,Stale=0,Stale2/5/10/max=0/0/0/0,VSnc=1,Lat=-1,Fov=0,CPU4/GPU=3/2,1651/456MHz,OC=3F,TA=0/0/0,SP=N/N/N,Mem=1555MHz,Free=935MB,PLS=1,Temp=43.0C/0.0C,TW=1.35ms,App=3.11ms,GD=0.00ms,CPU&GPU=6.81ms,LCnt=2(DR91,LM2),GPU%=0.44,CPU%=0.73(W0.85),DSF=1.01,CFL=11.18/16.96,ICFLp95=15.02,LD=0,SF=1.00,LP=0,DVFS=0
05-15 14:44:13.094 25921 25944 I Unity   : [XR] [485728508272] [14:44:13.094][Verbose] Ignoring event type 1000156103
05-15 14:44:13.094 25921 25944 I Unity   : [XR] [485728508272] [14:44:13.094][Verbose] Ignoring event type 1000156104
05-15 14:44:13.129 25921 25944 I Unity   : [XR] [485728508272] [14:44:13.129][Verbose] Ignoring event type 1000156103
05-15 14:44:13.129 25921 25944 I Unity   : [XR] [485728508272] [14:44:13.129][Verbose] Ignoring event type 1000156104
05-15 14:44:13.160 25921 25944 I Unity   : [XR] [485728508272] [14:44:13.160][Verbose] Ignoring event type 1000156103
05-15 14:44:13.160 25921 25944 I Unity   : [XR] [485728508272] [14:44:13.160][Verbose] Ignoring event type 1000156104
05-15 14:44:13.192 25921 25944 I Unity   : [XR] [485728508272] [14:44:13.192][Verbose] Ignoring event type 1000156103
05-15 14:44:13.192 25921 25944 I Unity   : [XR] [485728508272] [14:44:13.192][Verbose] Ignoring event type 1000156104
05-15 14:44:13.216 25921 25944 I Unity   : [XR] [485728508272] [14:44:13.216][Verbose] Ignoring event type 1000156103
05-15 14:44:13.217 25921 25944 I Unity   : [XR] [485728508272] [14:44:13.217][Verbose] Ignoring event type 1000156104
05-15 14:44:13.248 25921 25944 I Unity   : [XR] [485728508272] [14:44:13.248][Verbose] Ignoring event type 1000156103
05-15 14:44:13.249 25921 25944 I Unity   : [XR] [485728508272] [14:44:13.249][Verbose] Ignoring event type 1000156104
05-15 14:44:13.283 25921 25944 I Unity   : [XR] [485728508272] [14:44:13.283][Verbose] Ignoring event type 1000156103
05-15 14:44:13.283 25921 25944 I Unity   : [XR] [485728508272] [14:44:13.283][Verbose] Ignoring event type 1000156104
05-15 14:44:13.305 25921 25944 I Unity   : [XR] [485728508272] [14:44:13.305][Verbose] Ignoring event type 1000156103
05-15 14:44:13.305 25921 25944 I Unity   : [XR] [485728508272] [14:44:13.305][Verbose] Ignoring event type 1000156104
05-15 14:44:13.337 25921 25944 I Unity   : [XR] [485728508272] [14:44:13.337][Verbose] Ignoring event type 1000156103
05-15 14:44:13.337 25921 25944 I Unity   : [XR] [485728508272] [14:44:13.337][Verbose] Ignoring event type 1000156104
05-15 14:44:13.371 25921 25944 I Unity   : [XR] [485728508272] [14:44:13.371][Verbose] Ignoring event type 1000156103
05-15 14:44:13.371 25921 25944 I Unity   : [XR] [485728508272] [14:44:13.371][Verbose] Ignoring event type 1000156104
05-15 14:44:13.406 25921 25944 I Unity   : [XR] [485728508272] [14:44:13.406][Verbose] Ignoring event type 1000156103
05-15 14:44:13.406 25921 25944 I Unity   : [XR] [485728508272] [14:44:13.406][Verbose] Ignoring event type 1000156104
05-15 14:44:13.428 25921 25944 I Unity   : [XR] [485728508272] [14:44:13.428][Verbose] Ignoring event type 1000156103
05-15 14:44:13.428 25921 25944 I Unity   : [XR] [485728508272] [14:44:13.428][Verbose] Ignoring event type 1000156104
05-15 14:44:13.460 25921 25944 I Unity   : [XR] [485728508272] [14:44:13.460][Verbose] Ignoring event type 1000156103
05-15 14:44:13.460 25921 25944 I Unity   : [XR] [485728508272] [14:44:13.460][Verbose] Ignoring event type 1000156104
05-15 14:44:13.494 25921 25944 I Unity   : [XR] [485728508272] [14:44:13.494][Verbose] Ignoring event type 1000156103
05-15 14:44:13.494 25921 25944 I Unity   : [XR] [485728508272] [14:44:13.494][Verbose] Ignoring event type 1000156104
05-15 14:44:13.526 25921 25944 I Unity   : [XR] [485728508272] [14:44:13.526][Verbose] Ignoring event type 1000156103
05-15 14:44:13.526 25921 25944 I Unity   : [XR] [485728508272] [14:44:13.526][Verbose] Ignoring event type 1000156104
05-15 14:44:13.547 25921 25944 I Unity   : [XR] [485728508272] [14:44:13.547][Verbose] Ignoring event type 1000156103
05-15 14:44:13.547 25921 25944 I Unity   : [XR] [485728508272] [14:44:13.547][Verbose] Ignoring event type 1000156104
05-15 14:44:13.571 25921 25944 I Unity   : [XR] [485728508272] [14:44:13.571][Verbose] Ignoring event type 1000156103
05-15 14:44:13.572 25921 25944 I Unity   : [XR] [485728508272] [14:44:13.572][Verbose] Ignoring event type 1000156104
05-15 14:44:13.604 25921 25944 I Unity   : [XR] [485728508272] [14:44:13.604][Verbose] Ignoring event type 1000156103
05-15 14:44:13.604 25921 25944 I Unity   : [XR] [485728508272] [14:44:13.604][Verbose] Ignoring event type 1000156104
05-15 14:44:13.637 25921 25944 I Unity   : [XR] [485728508272] [14:44:13.637][Verbose] Ignoring event type 1000156103
05-15 14:44:13.637 25921 25944 I Unity   : [XR] [485728508272] [14:44:13.637][Verbose] Ignoring event type 1000156104
05-15 14:44:13.670 25921 25944 I Unity   : [XR] [485728508272] [14:44:13.670][Verbose] Ignoring event type 1000156103
05-15 14:44:13.670 25921 25944 I Unity   : [XR] [485728508272] [14:44:13.670][Verbose] Ignoring event type 1000156104
05-15 14:44:13.702 25921 25944 I Unity   : [XR] [485728508272] [14:44:13.702][Verbose] Ignoring event type 1000156103
05-15 14:44:13.702 25921 25944 I Unity   : [XR] [485728508272] [14:44:13.702][Verbose] Ignoring event type 1000156104
05-15 14:44:13.738 25921 25944 I Unity   : [XR] [485728508272] [14:44:13.738][Verbose] Ignoring event type 1000156103
05-15 14:44:13.738 25921 25944 I Unity   : [XR] [485728508272] [14:44:13.738][Verbose] Ignoring event type 1000156104
05-15 14:44:13.772 25921 25944 I Unity   : [XR] [485728508272] [14:44:13.772][Verbose] Ignoring event type 1000156103
05-15 14:44:13.772 25921 25944 I Unity   : [XR] [485728508272] [14:44:13.772][Verbose] Ignoring event type 1000156104
05-15 14:44:13.805 25921 25944 I Unity   : [XR] [485728508272] [14:44:13.804][Verbose] Ignoring event type 1000156103
05-15 14:44:13.805 25921 25944 I Unity   : [XR] [485728508272] [14:44:13.805][Verbose] Ignoring event type 1000156104
05-15 14:44:13.836 25921 25944 I Unity   : [XR] [485728508272] [14:44:13.836][Verbose] Ignoring event type 1000156103
05-15 14:44:13.836 25921 25944 I Unity   : [XR] [485728508272] [14:44:13.836][Verbose] Ignoring event type 1000156104
05-15 14:44:13.861 25921 25944 I Unity   : [XR] [485728508272] [14:44:13.861][Verbose] Ignoring event type 1000156103
05-15 14:44:13.861 25921 25944 I Unity   : [XR] [485728508272] [14:44:13.861][Verbose] Ignoring event type 1000156104
05-15 14:44:13.894 25921 25944 I Unity   : [XR] [485728508272] [14:44:13.894][Verbose] Ignoring event type 1000156103
05-15 14:44:13.894 25921 25944 I Unity   : [XR] [485728508272] [14:44:13.894][Verbose] Ignoring event type 1000156104
05-15 14:44:13.927 25921 25944 I Unity   : [XR] [485728508272] [14:44:13.927][Verbose] Ignoring event type 1000156103
05-15 14:44:13.927 25921 25944 I Unity   : [XR] [485728508272] [14:44:13.927][Verbose] Ignoring event type 1000156104
05-15 14:44:13.960 25921 25944 I Unity   : [XR] [485728508272] [14:44:13.960][Verbose] Ignoring event type 1000156103
05-15 14:44:13.960 25921 25944 I Unity   : [XR] [485728508272] [14:44:13.960][Verbose] Ignoring event type 1000156104
05-15 14:44:13.994 25921 25944 I Unity   : [XR] [485728508272] [14:44:13.994][Verbose] Ignoring event type 1000156103
05-15 14:44:13.994 25921 25944 I Unity   : [XR] [485728508272] [14:44:13.994][Verbose] Ignoring event type 1000156104
05-15 14:44:14.027 25921 25944 I Unity   : [XR] [485728508272] [14:44:14.027][Verbose] Ignoring event type 1000156103
05-15 14:44:14.027 25921 25944 I Unity   : [XR] [485728508272] [14:44:14.027][Verbose] Ignoring event type 1000156104
05-15 14:44:14.060 25921 25944 I Unity   : [XR] [485728508272] [14:44:14.060][Verbose] Ignoring event type 1000156103
05-15 14:44:14.060 25921 25944 I Unity   : [XR] [485728508272] [14:44:14.060][Verbose] Ignoring event type 1000156104
05-15 14:44:14.077 25921 26076 I VrApi   : FPS=91/90,Prd=38ms,Tear=0,Early=21,Stale=0,Stale2/5/10/max=0/0/0/0,VSnc=1,Lat=-1,Fov=0,CPU4/GPU=3/2,1651/456MHz,OC=3F,TA=0/0/0,SP=N/N/N,Mem=2736MHz,Free=935MB,PLS=1,Temp=43.0C/0.0C,TW=1.40ms,App=3.05ms,GD=0.00ms,CPU&GPU=7.18ms,LCnt=2(DR91,LM2),GPU%=0.42,CPU%=0.74(W0.82),DSF=1.01,CFL=11.49/16.46,ICFLp95=15.09,LD=0,SF=1.00,LP=0,DVFS=0
05-15 14:44:14.093 25921 25944 I Unity   : [XR] [485728508272] [14:44:14.093][Verbose] Ignoring event type 1000156103
05-15 14:44:14.093 25921 25944 I Unity   : [XR] [485728508272] [14:44:14.093][Verbose] Ignoring event type 1000156104
