05-15 14:39:26.545 25921 25944 I Unity   : Starting test run 3 for VFX with passthrough True
05-15 14:39:26.545 25921 25944 I Unity   : <ExecuteTests>d__48:MoveNext()
05-15 14:39:26.545 25921 25944 I Unity   : UnityEngine.SetupCoroutine:InvokeMoveNext(IEnumerator, IntPtr)
05-15 14:39:26.545 25921 25944 I Unity   : 
05-15 14:39:26.545 25921 25944 I Unity   : Recording starting VFX-True-2024-05-15_14-39-26
05-15 14:39:26.545 25921 25944 I Unity   : <ExecuteTest>d__49:MoveNext()
05-15 14:39:26.545 25921 25944 I Unity   : UnityEngine.SetupCoroutine:InvokeMoveNext(IEnumerator, IntPtr)
05-15 14:39:26.545 25921 25944 I Unity   : 
05-15 14:39:26.546 25921 25944 I Unity   : Starting recording!
05-15 14:39:26.546 25921 25944 I Unity   : AutomatedTest:StartRecording()
05-15 14:39:26.546 25921 25944 I Unity   : <ExecuteTest>d__49:MoveNext()
05-15 14:39:26.546 25921 25944 I Unity   : UnityEngine.SetupCoroutine:InvokeMoveNext(IEnumerator, IntPtr)
05-15 14:39:26.546 25921 25944 I Unity   : 
05-15 14:39:26.571 25921 25944 I Unity   : [XR] [485728508272] [14:39:26.571][Verbose] Ignoring event type 1000156103
05-15 14:39:26.571 25921 25944 I Unity   : [XR] [485728508272] [14:39:26.571][Verbose] Ignoring event type 1000156104
05-15 14:39:26.604 25921 25944 I Unity   : [XR] [485728508272] [14:39:26.604][Verbose] Ignoring event type 1000156103
05-15 14:39:26.604 25921 25944 I Unity   : [XR] [485728508272] [14:39:26.604][Verbose] Ignoring event type 1000156104
05-15 14:39:26.636 25921 25944 I Unity   : [XR] [485728508272] [14:39:26.636][Verbose] Ignoring event type 1000156103
05-15 14:39:26.637 25921 25944 I Unity   : [XR] [485728508272] [14:39:26.637][Verbose] Ignoring event type 1000156104
05-15 14:39:26.670 25921 25944 I Unity   : [XR] [485728508272] [14:39:26.670][Verbose] Ignoring event type 1000156103
05-15 14:39:26.670 25921 25944 I Unity   : [XR] [485728508272] [14:39:26.670][Verbose] Ignoring event type 1000156104
05-15 14:39:26.702 25921 25944 I Unity   : [XR] [485728508272] [14:39:26.702][Verbose] Ignoring event type 1000156103
05-15 14:39:26.702 25921 25944 I Unity   : [XR] [485728508272] [14:39:26.702][Verbose] Ignoring event type 1000156104
05-15 14:39:26.726 25921 25944 I Unity   : [XR] [485728508272] [14:39:26.726][Verbose] Ignoring event type 1000156103
05-15 14:39:26.726 25921 25944 I Unity   : [XR] [485728508272] [14:39:26.726][Verbose] Ignoring event type 1000156104
05-15 14:39:26.758 25921 25944 I Unity   : [XR] [485728508272] [14:39:26.758][Verbose] Ignoring event type 1000156103
05-15 14:39:26.758 25921 25944 I Unity   : [XR] [485728508272] [14:39:26.758][Verbose] Ignoring event type 1000156104
05-15 14:39:26.793 25921 25944 I Unity   : [XR] [485728508272] [14:39:26.793][Verbose] Ignoring event type 1000156103
05-15 14:39:26.793 25921 25944 I Unity   : [XR] [485728508272] [14:39:26.793][Verbose] Ignoring event type 1000156104
05-15 14:39:26.826 25921 25944 I Unity   : [XR] [485728508272] [14:39:26.826][Verbose] Ignoring event type 1000156103
05-15 14:39:26.826 25921 25944 I Unity   : [XR] [485728508272] [14:39:26.826][Verbose] Ignoring event type 1000156104
05-15 14:39:26.857 25921 25944 I Unity   : [XR] [485728508272] [14:39:26.856][Verbose] Ignoring event type 1000156103
05-15 14:39:26.857 25921 25944 I Unity   : [XR] [485728508272] [14:39:26.857][Verbose] Ignoring event type 1000156104
05-15 14:39:26.893 25921 25944 I Unity   : [XR] [485728508272] [14:39:26.893][Verbose] Ignoring event type 1000156103
05-15 14:39:26.893 25921 25944 I Unity   : [XR] [485728508272] [14:39:26.893][Verbose] Ignoring event type 1000156104
05-15 14:39:26.925 25921 25944 I Unity   : [XR] [485728508272] [14:39:26.925][Verbose] Ignoring event type 1000156103
05-15 14:39:26.925 25921 25944 I Unity   : [XR] [485728508272] [14:39:26.925][Verbose] Ignoring event type 1000156104
05-15 14:39:26.959 25921 25944 I Unity   : [XR] [485728508272] [14:39:26.958][Verbose] Ignoring event type 1000156103
05-15 14:39:26.959 25921 25944 I Unity   : [XR] [485728508272] [14:39:26.959][Verbose] Ignoring event type 1000156104
05-15 14:39:26.992 25921 25944 I Unity   : [XR] [485728508272] [14:39:26.992][Verbose] Ignoring event type 1000156103
05-15 14:39:26.992 25921 25944 I Unity   : [XR] [485728508272] [14:39:26.992][Verbose] Ignoring event type 1000156104
05-15 14:39:27.016 25921 26076 I VrApi   : FPS=91/90,Prd=39ms,Tear=0,Early=23,Stale=0,Stale2/5/10/max=0/0/0/0,VSnc=1,Lat=-1,Fov=0,CPU4/GPU=3/2,1651/456MHz,OC=3F,TA=0/0/0,SP=N/N/N,Mem=2736MHz,Free=1281MB,PLS=1,Temp=38.0C/0.0C,TW=1.39ms,App=3.79ms,GD=0.00ms,CPU&GPU=6.89ms,LCnt=2(DR90,LM2),GPU%=0.48,CPU%=0.75(W0.77),DSF=1.00,CFL=12.25/16.44,ICFLp95=15.25,LD=0,SF=1.00,LP=0,DVFS=0
05-15 14:39:27.025 25921 25944 I Unity   : [XR] [485728508272] [14:39:27.025][Verbose] Ignoring event type 1000156103
05-15 14:39:27.025 25921 25944 I Unity   : [XR] [485728508272] [14:39:27.025][Verbose] Ignoring event type 1000156104
05-15 14:39:27.059 25921 25944 I Unity   : [XR] [485728508272] [14:39:27.058][Verbose] Ignoring event type 1000156103
05-15 14:39:27.059 25921 25944 I Unity   : [XR] [485728508272] [14:39:27.059][Verbose] Ignoring event type 1000156104
05-15 14:39:27.090 25921 25944 I Unity   : [XR] [485728508272] [14:39:27.090][Verbose] Ignoring event type 1000156103
05-15 14:39:27.090 25921 25944 I Unity   : [XR] [485728508272] [14:39:27.090][Verbose] Ignoring event type 1000156104
05-15 14:39:27.114 25921 25944 I Unity   : [XR] [485728508272] [14:39:27.114][Verbose] Ignoring event type 1000156103
05-15 14:39:27.114 25921 25944 I Unity   : [XR] [485728508272] [14:39:27.114][Verbose] Ignoring event type 1000156104
05-15 14:39:27.148 25921 25944 I Unity   : [XR] [485728508272] [14:39:27.148][Verbose] Ignoring event type 1000156103
05-15 14:39:27.148 25921 25944 I Unity   : [XR] [485728508272] [14:39:27.148][Verbose] Ignoring event type 1000156104
05-15 14:39:27.179 25921 25944 I Unity   : [XR] [485728508272] [14:39:27.179][Verbose] Ignoring event type 1000156103
05-15 14:39:27.179 25921 25944 I Unity   : [XR] [485728508272] [14:39:27.179][Verbose] Ignoring event type 1000156104
05-15 14:39:27.215 25921 25944 I Unity   : [XR] [485728508272] [14:39:27.215][Verbose] Ignoring event type 1000156103
05-15 14:39:27.215 25921 25944 I Unity   : [XR] [485728508272] [14:39:27.215][Verbose] Ignoring event type 1000156104
05-15 14:39:27.248 25921 25944 I Unity   : [XR] [485728508272] [14:39:27.248][Verbose] Ignoring event type 1000156103
05-15 14:39:27.248 25921 25944 I Unity   : [XR] [485728508272] [14:39:27.248][Verbose] Ignoring event type 1000156104
05-15 14:39:27.281 25921 25944 I Unity   : [XR] [485728508272] [14:39:27.281][Verbose] Ignoring event type 1000156103
05-15 14:39:27.281 25921 25944 I Unity   : [XR] [485728508272] [14:39:27.281][Verbose] Ignoring event type 1000156104
05-15 14:39:27.314 25921 25944 I Unity   : [XR] [485728508272] [14:39:27.314][Verbose] Ignoring event type 1000156103
05-15 14:39:27.314 25921 25944 I Unity   : [XR] [485728508272] [14:39:27.314][Verbose] Ignoring event type 1000156104
05-15 14:39:27.336 25921 25944 I Unity   : [XR] [485728508272] [14:39:27.336][Verbose] Ignoring event type 1000156103
05-15 14:39:27.336 25921 25944 I Unity   : [XR] [485728508272] [14:39:27.336][Verbose] Ignoring event type 1000156104
05-15 14:39:27.368 25921 25944 I Unity   : [XR] [485728508272] [14:39:27.368][Verbose] Ignoring event type 1000156103
05-15 14:39:27.368 25921 25944 I Unity   : [XR] [485728508272] [14:39:27.368][Verbose] Ignoring event type 1000156104
05-15 14:39:27.402 25921 25944 I Unity   : [XR] [485728508272] [14:39:27.402][Verbose] Ignoring event type 1000156103
05-15 14:39:27.402 25921 25944 I Unity   : [XR] [485728508272] [14:39:27.402][Verbose] Ignoring event type 1000156104
05-15 14:39:27.437 25921 25944 I Unity   : [XR] [485728508272] [14:39:27.437][Verbose] Ignoring event type 1000156103
05-15 14:39:27.437 25921 25944 I Unity   : [XR] [485728508272] [14:39:27.437][Verbose] Ignoring event type 1000156104
05-15 14:39:27.470 25921 25944 I Unity   : [XR] [485728508272] [14:39:27.470][Verbose] Ignoring event type 1000156103
05-15 14:39:27.470 25921 25944 I Unity   : [XR] [485728508272] [14:39:27.470][Verbose] Ignoring event type 1000156104
05-15 14:39:27.503 25921 25944 I Unity   : [XR] [485728508272] [14:39:27.503][Verbose] Ignoring event type 1000156103
05-15 14:39:27.503 25921 25944 I Unity   : [XR] [485728508272] [14:39:27.503][Verbose] Ignoring event type 1000156104
05-15 14:39:27.535 25921 25944 I Unity   : [XR] [485728508272] [14:39:27.535][Verbose] Ignoring event type 1000156103
05-15 14:39:27.535 25921 25944 I Unity   : [XR] [485728508272] [14:39:27.535][Verbose] Ignoring event type 1000156104
05-15 14:39:27.571 25921 25944 I Unity   : [XR] [485728508272] [14:39:27.571][Verbose] Ignoring event type 1000156103
05-15 14:39:27.571 25921 25944 I Unity   : [XR] [485728508272] [14:39:27.571][Verbose] Ignoring event type 1000156104
05-15 14:39:27.603 25921 25944 I Unity   : [XR] [485728508272] [14:39:27.603][Verbose] Ignoring event type 1000156103
05-15 14:39:27.603 25921 25944 I Unity   : [XR] [485728508272] [14:39:27.603][Verbose] Ignoring event type 1000156104
05-15 14:39:27.636 25921 25944 I Unity   : [XR] [485728508272] [14:39:27.636][Verbose] Ignoring event type 1000156103
05-15 14:39:27.636 25921 25944 I Unity   : [XR] [485728508272] [14:39:27.636][Verbose] Ignoring event type 1000156104
05-15 14:39:27.668 25921 25944 I Unity   : [XR] [485728508272] [14:39:27.668][Verbose] Ignoring event type 1000156103
05-15 14:39:27.668 25921 25944 I Unity   : [XR] [485728508272] [14:39:27.668][Verbose] Ignoring event type 1000156104
05-15 14:39:27.692 25921 25944 I Unity   : [XR] [485728508272] [14:39:27.692][Verbose] Ignoring event type 1000156103
05-15 14:39:27.692 25921 25944 I Unity   : [XR] [485728508272] [14:39:27.692][Verbose] Ignoring event type 1000156104
05-15 14:39:27.724 25921 25944 I Unity   : [XR] [485728508272] [14:39:27.723][Verbose] Ignoring event type 1000156103
05-15 14:39:27.724 25921 25944 I Unity   : [XR] [485728508272] [14:39:27.724][Verbose] Ignoring event type 1000156104
05-15 14:39:27.758 25921 25944 I Unity   : [XR] [485728508272] [14:39:27.758][Verbose] Ignoring event type 1000156103
05-15 14:39:27.759 25921 25944 I Unity   : [XR] [485728508272] [14:39:27.758][Verbose] Ignoring event type 1000156104
05-15 14:39:27.791 25921 25944 I Unity   : [XR] [485728508272] [14:39:27.791][Verbose] Ignoring event type 1000156103
05-15 14:39:27.792 25921 25944 I Unity   : [XR] [485728508272] [14:39:27.791][Verbose] Ignoring event type 1000156104
05-15 14:39:27.825 25921 25944 I Unity   : [XR] [485728508272] [14:39:27.825][Verbose] Ignoring event type 1000156103
05-15 14:39:27.825 25921 25944 I Unity   : [XR] [485728508272] [14:39:27.825][Verbose] Ignoring event type 1000156104
05-15 14:39:27.858 25921 25944 I Unity   : [XR] [485728508272] [14:39:27.858][Verbose] Ignoring event type 1000156103
05-15 14:39:27.858 25921 25944 I Unity   : [XR] [485728508272] [14:39:27.858][Verbose] Ignoring event type 1000156104
05-15 14:39:27.890 25921 25944 I Unity   : [XR] [485728508272] [14:39:27.890][Verbose] Ignoring event type 1000156103
05-15 14:39:27.890 25921 25944 I Unity   : [XR] [485728508272] [14:39:27.890][Verbose] Ignoring event type 1000156104
05-15 14:39:27.924 25921 25944 I Unity   : [XR] [485728508272] [14:39:27.924][Verbose] Ignoring event type 1000156103
05-15 14:39:27.924 25921 25944 I Unity   : [XR] [485728508272] [14:39:27.924][Verbose] Ignoring event type 1000156104
05-15 14:39:27.959 25921 25944 I Unity   : [XR] [485728508272] [14:39:27.959][Verbose] Ignoring event type 1000156103
05-15 14:39:27.959 25921 25944 I Unity   : [XR] [485728508272] [14:39:27.959][Verbose] Ignoring event type 1000156104
05-15 14:39:27.992 25921 25944 I Unity   : [XR] [485728508272] [14:39:27.992][Verbose] Ignoring event type 1000156103
05-15 14:39:27.992 25921 25944 I Unity   : [XR] [485728508272] [14:39:27.992][Verbose] Ignoring event type 1000156104
05-15 14:39:28.016 25921 26076 I VrApi   : FPS=90/90,Prd=39ms,Tear=0,Early=29,Stale=1,Stale2/5/10/max=0/0/0/1,VSnc=1,Lat=-1,Fov=0,CPU4/GPU=3/2,1651/456MHz,OC=3F,TA=0/0/0,SP=N/N/N,Mem=2736MHz,Free=1281MB,PLS=1,Temp=38.0C/0.0C,TW=1.39ms,App=4.77ms,GD=0.00ms,CPU&GPU=8.26ms,LCnt=2(DR91,LM2),GPU%=0.57,CPU%=0.72(W0.75),DSF=1.00,CFL=12.12/16.78,ICFLp95=15.20,LD=0,SF=1.00,LP=0,DVFS=0
05-15 14:39:28.025 25921 25944 I Unity   : [XR] [485728508272] [14:39:28.025][Verbose] Ignoring event type 1000156103
05-15 14:39:28.025 25921 25944 I Unity   : [XR] [485728508272] [14:39:28.025][Verbose] Ignoring event type 1000156104
05-15 14:39:28.056 25921 25944 I Unity   : [XR] [485728508272] [14:39:28.056][Verbose] Ignoring event type 1000156103
05-15 14:39:28.057 25921 25944 I Unity   : [XR] [485728508272] [14:39:28.057][Verbose] Ignoring event type 1000156104
05-15 14:39:28.091 25921 25944 I Unity   : [XR] [485728508272] [14:39:28.091][Verbose] Ignoring event type 1000156103
05-15 14:39:28.091 25921 25944 I Unity   : [XR] [485728508272] [14:39:28.091][Verbose] Ignoring event type 1000156104
05-15 14:39:28.125 25921 25944 I Unity   : [XR] [485728508272] [14:39:28.125][Verbose] Ignoring event type 1000156103
05-15 14:39:28.125 25921 25944 I Unity   : [XR] [485728508272] [14:39:28.125][Verbose] Ignoring event type 1000156104
05-15 14:39:28.157 25921 25944 I Unity   : [XR] [485728508272] [14:39:28.157][Verbose] Ignoring event type 1000156103
05-15 14:39:28.157 25921 25944 I Unity   : [XR] [485728508272] [14:39:28.157][Verbose] Ignoring event type 1000156104
05-15 14:39:28.180 25921 25944 I Unity   : [XR] [485728508272] [14:39:28.180][Verbose] Ignoring event type 1000156103
05-15 14:39:28.180 25921 25944 I Unity   : [XR] [485728508272] [14:39:28.180][Verbose] Ignoring event type 1000156104
05-15 14:39:28.214 25921 25944 I Unity   : [XR] [485728508272] [14:39:28.214][Verbose] Ignoring event type 1000156103
05-15 14:39:28.214 25921 25944 I Unity   : [XR] [485728508272] [14:39:28.214][Verbose] Ignoring event type 1000156104
05-15 14:39:28.247 25921 25944 I Unity   : [XR] [485728508272] [14:39:28.247][Verbose] Ignoring event type 1000156103
05-15 14:39:28.247 25921 25944 I Unity   : [XR] [485728508272] [14:39:28.247][Verbose] Ignoring event type 1000156104
05-15 14:39:28.280 25921 25944 I Unity   : [XR] [485728508272] [14:39:28.280][Verbose] Ignoring event type 1000156103
05-15 14:39:28.280 25921 25944 I Unity   : [XR] [485728508272] [14:39:28.280][Verbose] Ignoring event type 1000156104
05-15 14:39:28.314 25921 25944 I Unity   : [XR] [485728508272] [14:39:28.314][Verbose] Ignoring event type 1000156103
05-15 14:39:28.314 25921 25944 I Unity   : [XR] [485728508272] [14:39:28.314][Verbose] Ignoring event type 1000156104
05-15 14:39:28.345 25921 25944 I Unity   : [XR] [485728508272] [14:39:28.345][Verbose] Ignoring event type 1000156103
05-15 14:39:28.346 25921 25944 I Unity   : [XR] [485728508272] [14:39:28.345][Verbose] Ignoring event type 1000156104
05-15 14:39:28.380 25921 25944 I Unity   : [XR] [485728508272] [14:39:28.380][Verbose] Ignoring event type 1000156103
05-15 14:39:28.380 25921 25944 I Unity   : [XR] [485728508272] [14:39:28.380][Verbose] Ignoring event type 1000156104
05-15 14:39:28.413 25921 25944 I Unity   : [XR] [485728508272] [14:39:28.413][Verbose] Ignoring event type 1000156103
05-15 14:39:28.413 25921 25944 I Unity   : [XR] [485728508272] [14:39:28.413][Verbose] Ignoring event type 1000156104
05-15 14:39:28.446 25921 25944 I Unity   : [XR] [485728508272] [14:39:28.446][Verbose] Ignoring event type 1000156103
05-15 14:39:28.446 25921 25944 I Unity   : [XR] [485728508272] [14:39:28.446][Verbose] Ignoring event type 1000156104
05-15 14:39:28.479 25921 25944 I Unity   : [XR] [485728508272] [14:39:28.479][Verbose] Ignoring event type 1000156103
05-15 14:39:28.479 25921 25944 I Unity   : [XR] [485728508272] [14:39:28.479][Verbose] Ignoring event type 1000156104
05-15 14:39:28.512 25921 25944 I Unity   : [XR] [485728508272] [14:39:28.512][Verbose] Ignoring event type 1000156103
05-15 14:39:28.513 25921 25944 I Unity   : [XR] [485728508272] [14:39:28.513][Verbose] Ignoring event type 1000156104
05-15 14:39:28.546 25921 25944 I Unity   : [XR] [485728508272] [14:39:28.546][Verbose] Ignoring event type 1000156103
05-15 14:39:28.546 25921 25944 I Unity   : [XR] [485728508272] [14:39:28.546][Verbose] Ignoring event type 1000156104
05-15 14:39:28.578 25921 25944 I Unity   : [XR] [485728508272] [14:39:28.578][Verbose] Ignoring event type 1000156103
05-15 14:39:28.578 25921 25944 I Unity   : [XR] [485728508272] [14:39:28.578][Verbose] Ignoring event type 1000156104
05-15 14:39:28.612 25921 25944 I Unity   : [XR] [485728508272] [14:39:28.612][Verbose] Ignoring event type 1000156103
05-15 14:39:28.612 25921 25944 I Unity   : [XR] [485728508272] [14:39:28.612][Verbose] Ignoring event type 1000156104
05-15 14:39:28.645 25921 25944 I Unity   : [XR] [485728508272] [14:39:28.645][Verbose] Ignoring event type 1000156103
05-15 14:39:28.645 25921 25944 I Unity   : [XR] [485728508272] [14:39:28.645][Verbose] Ignoring event type 1000156104
05-15 14:39:28.678 25921 25944 I Unity   : [XR] [485728508272] [14:39:28.678][Verbose] Ignoring event type 1000156103
05-15 14:39:28.678 25921 25944 I Unity   : [XR] [485728508272] [14:39:28.678][Verbose] Ignoring event type 1000156104
05-15 14:39:28.714 25921 25944 I Unity   : [XR] [485728508272] [14:39:28.714][Verbose] Ignoring event type 1000156103
05-15 14:39:28.714 25921 25944 I Unity   : [XR] [485728508272] [14:39:28.714][Verbose] Ignoring event type 1000156104
05-15 14:39:28.745 25921 25944 I Unity   : [XR] [485728508272] [14:39:28.745][Verbose] Ignoring event type 1000156103
05-15 14:39:28.746 25921 25944 I Unity   : [XR] [485728508272] [14:39:28.746][Verbose] Ignoring event type 1000156104
05-15 14:39:28.777 25921 25944 I Unity   : [XR] [485728508272] [14:39:28.777][Verbose] Ignoring event type 1000156103
05-15 14:39:28.777 25921 25944 I Unity   : [XR] [485728508272] [14:39:28.777][Verbose] Ignoring event type 1000156104
05-15 14:39:28.811 25921 25944 I Unity   : [XR] [485728508272] [14:39:28.811][Verbose] Ignoring event type 1000156103
05-15 14:39:28.811 25921 25944 I Unity   : [XR] [485728508272] [14:39:28.811][Verbose] Ignoring event type 1000156104
05-15 14:39:28.845 25921 25944 I Unity   : [XR] [485728508272] [14:39:28.845][Verbose] Ignoring event type 1000156103
05-15 14:39:28.845 25921 25944 I Unity   : [XR] [485728508272] [14:39:28.845][Verbose] Ignoring event type 1000156104
05-15 14:39:28.877 25921 25944 I Unity   : [XR] [485728508272] [14:39:28.877][Verbose] Ignoring event type 1000156103
05-15 14:39:28.877 25921 25944 I Unity   : [XR] [485728508272] [14:39:28.877][Verbose] Ignoring event type 1000156104
05-15 14:39:28.912 25921 25944 I Unity   : [XR] [485728508272] [14:39:28.912][Verbose] Ignoring event type 1000156103
05-15 14:39:28.912 25921 25944 I Unity   : [XR] [485728508272] [14:39:28.912][Verbose] Ignoring event type 1000156104
05-15 14:39:28.946 25921 25944 I Unity   : [XR] [485728508272] [14:39:28.946][Verbose] Ignoring event type 1000156103
05-15 14:39:28.946 25921 25944 I Unity   : [XR] [485728508272] [14:39:28.946][Verbose] Ignoring event type 1000156104
05-15 14:39:28.979 25921 25944 I Unity   : [XR] [485728508272] [14:39:28.978][Verbose] Ignoring event type 1000156103
05-15 14:39:28.979 25921 25944 I Unity   : [XR] [485728508272] [14:39:28.979][Verbose] Ignoring event type 1000156104
05-15 14:39:29.012 25921 25944 I Unity   : [XR] [485728508272] [14:39:29.012][Verbose] Ignoring event type 1000156103
05-15 14:39:29.012 25921 25944 I Unity   : [XR] [485728508272] [14:39:29.012][Verbose] Ignoring event type 1000156104
05-15 14:39:29.016 25921 26076 I VrApi   : FPS=91/90,Prd=40ms,Tear=0,Early=14,Stale=0,Stale2/5/10/max=0/0/0/0,VSnc=1,Lat=-1,Fov=0,CPU4/GPU=3/2,1651/456MHz,OC=3F,TA=0/0/0,SP=N/N/N,Mem=2736MHz,Free=1281MB,PLS=1,Temp=38.0C/0.0C,TW=1.40ms,App=6.27ms,GD=0.00ms,CPU&GPU=9.64ms,LCnt=2(DR90,LM2),GPU%=0.69,CPU%=0.70(W0.76),DSF=1.00,CFL=11.84/16.42,ICFLp95=15.16,LD=0,SF=1.00,LP=0,DVFS=0
05-15 14:39:29.045 25921 25944 I Unity   : [XR] [485728508272] [14:39:29.045][Verbose] Ignoring event type 1000156103
05-15 14:39:29.046 25921 25944 I Unity   : [XR] [485728508272] [14:39:29.046][Verbose] Ignoring event type 1000156104
05-15 14:39:29.077 25921 25944 I Unity   : [XR] [485728508272] [14:39:29.077][Verbose] Ignoring event type 1000156103
05-15 14:39:29.077 25921 25944 I Unity   : [XR] [485728508272] [14:39:29.077][Verbose] Ignoring event type 1000156104
05-15 14:39:29.101 25921 25944 I Unity   : [XR] [485728508272] [14:39:29.101][Verbose] Ignoring event type 1000156103
05-15 14:39:29.101 25921 25944 I Unity   : [XR] [485728508272] [14:39:29.101][Verbose] Ignoring event type 1000156104
05-15 14:39:29.134 25921 25944 I Unity   : [XR] [485728508272] [14:39:29.134][Verbose] Ignoring event type 1000156103
05-15 14:39:29.134 25921 25944 I Unity   : [XR] [485728508272] [14:39:29.134][Verbose] Ignoring event type 1000156104
05-15 14:39:29.167 25921 25944 I Unity   : [XR] [485728508272] [14:39:29.167][Verbose] Ignoring event type 1000156103
05-15 14:39:29.167 25921 25944 I Unity   : [XR] [485728508272] [14:39:29.167][Verbose] Ignoring event type 1000156104
05-15 14:39:29.201 25921 25944 I Unity   : [XR] [485728508272] [14:39:29.201][Verbose] Ignoring event type 1000156103
05-15 14:39:29.201 25921 25944 I Unity   : [XR] [485728508272] [14:39:29.201][Verbose] Ignoring event type 1000156104
05-15 14:39:29.232 25921 25944 I Unity   : [XR] [485728508272] [14:39:29.232][Verbose] Ignoring event type 1000156103
05-15 14:39:29.232 25921 25944 I Unity   : [XR] [485728508272] [14:39:29.232][Verbose] Ignoring event type 1000156104
05-15 14:39:29.267 25921 25944 I Unity   : [XR] [485728508272] [14:39:29.267][Verbose] Ignoring event type 1000156103
05-15 14:39:29.267 25921 25944 I Unity   : [XR] [485728508272] [14:39:29.267][Verbose] Ignoring event type 1000156104
05-15 14:39:29.288 25921 25944 I Unity   : [XR] [485728508272] [14:39:29.288][Verbose] Ignoring event type 1000156103
05-15 14:39:29.288 25921 25944 I Unity   : [XR] [485728508272] [14:39:29.288][Verbose] Ignoring event type 1000156104
05-15 14:39:29.311 25921 25944 I Unity   : [XR] [485728508272] [14:39:29.311][Verbose] Ignoring event type 1000156103
05-15 14:39:29.311 25921 25944 I Unity   : [XR] [485728508272] [14:39:29.311][Verbose] Ignoring event type 1000156104
05-15 14:39:29.333 25921 25944 I Unity   : [XR] [485728508272] [14:39:29.333][Verbose] Ignoring event type 1000156103
05-15 14:39:29.333 25921 25944 I Unity   : [XR] [485728508272] [14:39:29.333][Verbose] Ignoring event type 1000156104
05-15 14:39:29.368 25921 25944 I Unity   : [XR] [485728508272] [14:39:29.368][Verbose] Ignoring event type 1000156103
05-15 14:39:29.368 25921 25944 I Unity   : [XR] [485728508272] [14:39:29.368][Verbose] Ignoring event type 1000156104
05-15 14:39:29.401 25921 25944 I Unity   : [XR] [485728508272] [14:39:29.401][Verbose] Ignoring event type 1000156103
05-15 14:39:29.401 25921 25944 I Unity   : [XR] [485728508272] [14:39:29.401][Verbose] Ignoring event type 1000156104
05-15 14:39:29.435 25921 25944 I Unity   : [XR] [485728508272] [14:39:29.435][Verbose] Ignoring event type 1000156103
05-15 14:39:29.435 25921 25944 I Unity   : [XR] [485728508272] [14:39:29.435][Verbose] Ignoring event type 1000156104
05-15 14:39:29.467 25921 25944 I Unity   : [XR] [485728508272] [14:39:29.467][Verbose] Ignoring event type 1000156103
05-15 14:39:29.467 25921 25944 I Unity   : [XR] [485728508272] [14:39:29.467][Verbose] Ignoring event type 1000156104
05-15 14:39:29.490 25921 25944 I Unity   : [XR] [485728508272] [14:39:29.490][Verbose] Ignoring event type 1000156103
05-15 14:39:29.490 25921 25944 I Unity   : [XR] [485728508272] [14:39:29.490][Verbose] Ignoring event type 1000156104
05-15 14:39:29.522 25921 25944 I Unity   : [XR] [485728508272] [14:39:29.522][Verbose] Ignoring event type 1000156103
05-15 14:39:29.522 25921 25944 I Unity   : [XR] [485728508272] [14:39:29.522][Verbose] Ignoring event type 1000156104
05-15 14:39:29.545 25921 25944 I Unity   : [XR] [485728508272] [14:39:29.545][Verbose] Ignoring event type 1000156103
05-15 14:39:29.545 25921 25944 I Unity   : [XR] [485728508272] [14:39:29.545][Verbose] Ignoring event type 1000156104
05-15 14:39:29.567 25921 25944 I Unity   : [XR] [485728508272] [14:39:29.567][Verbose] Ignoring event type 1000156103
05-15 14:39:29.567 25921 25944 I Unity   : [XR] [485728508272] [14:39:29.567][Verbose] Ignoring event type 1000156104
05-15 14:39:29.600 25921 25944 I Unity   : [XR] [485728508272] [14:39:29.600][Verbose] Ignoring event type 1000156103
05-15 14:39:29.600 25921 25944 I Unity   : [XR] [485728508272] [14:39:29.600][Verbose] Ignoring event type 1000156104
05-15 14:39:29.634 25921 25944 I Unity   : [XR] [485728508272] [14:39:29.634][Verbose] Ignoring event type 1000156103
05-15 14:39:29.634 25921 25944 I Unity   : [XR] [485728508272] [14:39:29.634][Verbose] Ignoring event type 1000156104
05-15 14:39:29.667 25921 25944 I Unity   : [XR] [485728508272] [14:39:29.667][Verbose] Ignoring event type 1000156103
05-15 14:39:29.667 25921 25944 I Unity   : [XR] [485728508272] [14:39:29.667][Verbose] Ignoring event type 1000156104
05-15 14:39:29.710 25921 25944 I Unity   : [XR] [485728508272] [14:39:29.710][Verbose] Ignoring event type 1000156103
05-15 14:39:29.710 25921 25944 I Unity   : [XR] [485728508272] [14:39:29.710][Verbose] Ignoring event type 1000156104
05-15 14:39:29.741 25921 25944 I Unity   : [XR] [485728508272] [14:39:29.741][Verbose] Ignoring event type 1000156103
05-15 14:39:29.741 25921 25944 I Unity   : [XR] [485728508272] [14:39:29.741][Verbose] Ignoring event type 1000156104
05-15 14:39:29.766 25921 25944 I Unity   : [XR] [485728508272] [14:39:29.766][Verbose] Ignoring event type 1000156103
05-15 14:39:29.766 25921 25944 I Unity   : [XR] [485728508272] [14:39:29.766][Verbose] Ignoring event type 1000156104
05-15 14:39:29.798 25921 25944 I Unity   : [XR] [485728508272] [14:39:29.798][Verbose] Ignoring event type 1000156103
05-15 14:39:29.798 25921 25944 I Unity   : [XR] [485728508272] [14:39:29.798][Verbose] Ignoring event type 1000156104
05-15 14:39:29.833 25921 25944 I Unity   : [XR] [485728508272] [14:39:29.833][Verbose] Ignoring event type 1000156103
05-15 14:39:29.833 25921 25944 I Unity   : [XR] [485728508272] [14:39:29.833][Verbose] Ignoring event type 1000156104
05-15 14:39:29.867 25921 25944 I Unity   : [XR] [485728508272] [14:39:29.867][Verbose] Ignoring event type 1000156103
05-15 14:39:29.867 25921 25944 I Unity   : [XR] [485728508272] [14:39:29.867][Verbose] Ignoring event type 1000156104
05-15 14:39:29.886 25921 25944 I Unity   : [XR] [485728508272] [14:39:29.886][Verbose] Ignoring event type 1000156103
05-15 14:39:29.886 25921 25944 I Unity   : [XR] [485728508272] [14:39:29.886][Verbose] Ignoring event type 1000156104
05-15 14:39:29.923 25921 25944 I Unity   : [XR] [485728508272] [14:39:29.923][Verbose] Ignoring event type 1000156103
05-15 14:39:29.923 25921 25944 I Unity   : [XR] [485728508272] [14:39:29.923][Verbose] Ignoring event type 1000156104
05-15 14:39:29.953 25921 25944 I Unity   : [XR] [485728508272] [14:39:29.953][Verbose] Ignoring event type 1000156103
05-15 14:39:29.953 25921 25944 I Unity   : [XR] [485728508272] [14:39:29.953][Verbose] Ignoring event type 1000156104
05-15 14:39:29.976 25921 25944 I Unity   : [XR] [485728508272] [14:39:29.976][Verbose] Ignoring event type 1000156103
05-15 14:39:29.976 25921 25944 I Unity   : [XR] [485728508272] [14:39:29.976][Verbose] Ignoring event type 1000156104
05-15 14:39:30.011 25921 25944 I Unity   : [XR] [485728508272] [14:39:30.011][Verbose] Ignoring event type 1000156103
05-15 14:39:30.012 25921 25944 I Unity   : [XR] [485728508272] [14:39:30.011][Verbose] Ignoring event type 1000156104
05-15 14:39:30.016 25921 26076 I VrApi   : FPS=91/90,Prd=42ms,Tear=0,Early=13,Stale=0,Stale2/5/10/max=0/0/0/0,VSnc=1,Lat=-1,Fov=0,CPU4/GPU=3/2,1651/456MHz,OC=3F,TA=0/0/0,SP=N/N/N,Mem=2736MHz,Free=1281MB,PLS=1,Temp=38.0C/0.0C,TW=1.31ms,App=7.29ms,GD=0.00ms,CPU&GPU=10.99ms,LCnt=2(DR91,LM2),GPU%=0.78,CPU%=0.72(W0.81),DSF=1.00,CFL=11.85/16.97,ICFLp95=15.37,LD=0,SF=1.00,LP=0,DVFS=0
05-15 14:39:30.044 25921 25944 I Unity   : [XR] [485728508272] [14:39:30.044][Verbose] Ignoring event type 1000156103
05-15 14:39:30.044 25921 25944 I Unity   : [XR] [485728508272] [14:39:30.044][Verbose] Ignoring event type 1000156104
05-15 14:39:30.077 25921 25944 I Unity   : [XR] [485728508272] [14:39:30.077][Verbose] Ignoring event type 1000156103
05-15 14:39:30.077 25921 25944 I Unity   : [XR] [485728508272] [14:39:30.077][Verbose] Ignoring event type 1000156104
05-15 14:39:30.109 25921 25944 I Unity   : [XR] [485728508272] [14:39:30.109][Verbose] Ignoring event type 1000156103
05-15 14:39:30.109 25921 25944 I Unity   : [XR] [485728508272] [14:39:30.109][Verbose] Ignoring event type 1000156104
05-15 14:39:30.134 25921 25944 I Unity   : [XR] [485728508272] [14:39:30.134][Verbose] Ignoring event type 1000156103
05-15 14:39:30.134 25921 25944 I Unity   : [XR] [485728508272] [14:39:30.134][Verbose] Ignoring event type 1000156104
05-15 14:39:30.166 25921 25944 I Unity   : [XR] [485728508272] [14:39:30.166][Verbose] Ignoring event type 1000156103
05-15 14:39:30.166 25921 25944 I Unity   : [XR] [485728508272] [14:39:30.166][Verbose] Ignoring event type 1000156104
05-15 14:39:30.200 25921 25944 I Unity   : [XR] [485728508272] [14:39:30.200][Verbose] Ignoring event type 1000156103
05-15 14:39:30.200 25921 25944 I Unity   : [XR] [485728508272] [14:39:30.200][Verbose] Ignoring event type 1000156104
05-15 14:39:30.232 25921 25944 I Unity   : [XR] [485728508272] [14:39:30.232][Verbose] Ignoring event type 1000156103
05-15 14:39:30.232 25921 25944 I Unity   : [XR] [485728508272] [14:39:30.232][Verbose] Ignoring event type 1000156104
05-15 14:39:30.255 25921 25944 I Unity   : [XR] [485728508272] [14:39:30.255][Verbose] Ignoring event type 1000156103
05-15 14:39:30.255 25921 25944 I Unity   : [XR] [485728508272] [14:39:30.255][Verbose] Ignoring event type 1000156104
05-15 14:39:30.287 25921 25944 I Unity   : [XR] [485728508272] [14:39:30.287][Verbose] Ignoring event type 1000156103
05-15 14:39:30.287 25921 25944 I Unity   : [XR] [485728508272] [14:39:30.287][Verbose] Ignoring event type 1000156104
05-15 14:39:30.321 25921 25944 I Unity   : [XR] [485728508272] [14:39:30.320][Verbose] Ignoring event type 1000156103
05-15 14:39:30.321 25921 25944 I Unity   : [XR] [485728508272] [14:39:30.321][Verbose] Ignoring event type 1000156104
05-15 14:39:30.353 25921 25944 I Unity   : [XR] [485728508272] [14:39:30.353][Verbose] Ignoring event type 1000156103
05-15 14:39:30.353 25921 25944 I Unity   : [XR] [485728508272] [14:39:30.353][Verbose] Ignoring event type 1000156104
05-15 14:39:30.377 25921 25944 I Unity   : [XR] [485728508272] [14:39:30.377][Verbose] Ignoring event type 1000156103
05-15 14:39:30.377 25921 25944 I Unity   : [XR] [485728508272] [14:39:30.377][Verbose] Ignoring event type 1000156104
05-15 14:39:30.410 25921 25944 I Unity   : [XR] [485728508272] [14:39:30.410][Verbose] Ignoring event type 1000156103
05-15 14:39:30.411 25921 25944 I Unity   : [XR] [485728508272] [14:39:30.411][Verbose] Ignoring event type 1000156104
05-15 14:39:30.444 25921 25944 I Unity   : [XR] [485728508272] [14:39:30.444][Verbose] Ignoring event type 1000156103
05-15 14:39:30.444 25921 25944 I Unity   : [XR] [485728508272] [14:39:30.444][Verbose] Ignoring event type 1000156104
05-15 14:39:30.477 25921 25944 I Unity   : [XR] [485728508272] [14:39:30.477][Verbose] Ignoring event type 1000156103
05-15 14:39:30.477 25921 25944 I Unity   : [XR] [485728508272] [14:39:30.477][Verbose] Ignoring event type 1000156104
05-15 14:39:30.499 25921 25944 I Unity   : [XR] [485728508272] [14:39:30.499][Verbose] Ignoring event type 1000156103
05-15 14:39:30.499 25921 25944 I Unity   : [XR] [485728508272] [14:39:30.499][Verbose] Ignoring event type 1000156104
05-15 14:39:30.533 25921 25944 I Unity   : [XR] [485728508272] [14:39:30.533][Verbose] Ignoring event type 1000156103
05-15 14:39:30.533 25921 25944 I Unity   : [XR] [485728508272] [14:39:30.533][Verbose] Ignoring event type 1000156104
05-15 14:39:30.565 25921 25944 I Unity   : [XR] [485728508272] [14:39:30.565][Verbose] Ignoring event type 1000156103
05-15 14:39:30.565 25921 25944 I Unity   : [XR] [485728508272] [14:39:30.565][Verbose] Ignoring event type 1000156104
05-15 14:39:30.599 25921 25944 I Unity   : [XR] [485728508272] [14:39:30.599][Verbose] Ignoring event type 1000156103
05-15 14:39:30.599 25921 25944 I Unity   : [XR] [485728508272] [14:39:30.599][Verbose] Ignoring event type 1000156104
05-15 14:39:30.633 25921 25944 I Unity   : [XR] [485728508272] [14:39:30.633][Verbose] Ignoring event type 1000156103
05-15 14:39:30.633 25921 25944 I Unity   : [XR] [485728508272] [14:39:30.633][Verbose] Ignoring event type 1000156104
05-15 14:39:30.654 25921 25944 I Unity   : [XR] [485728508272] [14:39:30.654][Verbose] Ignoring event type 1000156103
05-15 14:39:30.654 25921 25944 I Unity   : [XR] [485728508272] [14:39:30.654][Verbose] Ignoring event type 1000156104
05-15 14:39:30.687 25921 25944 I Unity   : [XR] [485728508272] [14:39:30.687][Verbose] Ignoring event type 1000156103
05-15 14:39:30.687 25921 25944 I Unity   : [XR] [485728508272] [14:39:30.687][Verbose] Ignoring event type 1000156104
05-15 14:39:30.721 25921 25944 I Unity   : [XR] [485728508272] [14:39:30.721][Verbose] Ignoring event type 1000156103
05-15 14:39:30.721 25921 25944 I Unity   : [XR] [485728508272] [14:39:30.721][Verbose] Ignoring event type 1000156104
05-15 14:39:30.753 25921 25944 I Unity   : [XR] [485728508272] [14:39:30.753][Verbose] Ignoring event type 1000156103
05-15 14:39:30.753 25921 25944 I Unity   : [XR] [485728508272] [14:39:30.753][Verbose] Ignoring event type 1000156104
05-15 14:39:30.777 25921 25944 I Unity   : [XR] [485728508272] [14:39:30.777][Verbose] Ignoring event type 1000156103
05-15 14:39:30.777 25921 25944 I Unity   : [XR] [485728508272] [14:39:30.777][Verbose] Ignoring event type 1000156104
05-15 14:39:30.810 25921 25944 I Unity   : [XR] [485728508272] [14:39:30.810][Verbose] Ignoring event type 1000156103
05-15 14:39:30.810 25921 25944 I Unity   : [XR] [485728508272] [14:39:30.810][Verbose] Ignoring event type 1000156104
05-15 14:39:30.843 25921 25944 I Unity   : [XR] [485728508272] [14:39:30.843][Verbose] Ignoring event type 1000156103
05-15 14:39:30.843 25921 25944 I Unity   : [XR] [485728508272] [14:39:30.843][Verbose] Ignoring event type 1000156104
05-15 14:39:30.877 25921 25944 I Unity   : [XR] [485728508272] [14:39:30.877][Verbose] Ignoring event type 1000156103
05-15 14:39:30.877 25921 25944 I Unity   : [XR] [485728508272] [14:39:30.877][Verbose] Ignoring event type 1000156104
05-15 14:39:30.900 25921 25944 I Unity   : [XR] [485728508272] [14:39:30.900][Verbose] Ignoring event type 1000156103
05-15 14:39:30.900 25921 25944 I Unity   : [XR] [485728508272] [14:39:30.900][Verbose] Ignoring event type 1000156104
05-15 14:39:30.921 25921 25944 I Unity   : [XR] [485728508272] [14:39:30.921][Verbose] Ignoring event type 1000156103
05-15 14:39:30.922 25921 25944 I Unity   : [XR] [485728508272] [14:39:30.921][Verbose] Ignoring event type 1000156104
05-15 14:39:30.955 25921 25944 I Unity   : [XR] [485728508272] [14:39:30.955][Verbose] Ignoring event type 1000156103
05-15 14:39:30.955 25921 25944 I Unity   : [XR] [485728508272] [14:39:30.955][Verbose] Ignoring event type 1000156104
05-15 14:39:30.976 25921 25944 I Unity   : [XR] [485728508272] [14:39:30.976][Verbose] Ignoring event type 1000156103
05-15 14:39:30.976 25921 25944 I Unity   : [XR] [485728508272] [14:39:30.976][Verbose] Ignoring event type 1000156104
05-15 14:39:31.011 25921 25944 I Unity   : [XR] [485728508272] [14:39:31.010][Verbose] Ignoring event type 1000156103
05-15 14:39:31.011 25921 25944 I Unity   : [XR] [485728508272] [14:39:31.011][Verbose] Ignoring event type 1000156104
05-15 14:39:31.017 25921 26076 I VrApi   : FPS=91/90,Prd=43ms,Tear=1,Early=5,Stale=0,Stale2/5/10/max=0/0/0/0,VSnc=1,Lat=-1,Fov=0,CPU4/GPU=3/2,1651/456MHz,OC=3F,TA=0/0/0,SP=N/N/N,Mem=2736MHz,Free=1281MB,PLS=1,Temp=38.0C/0.0C,TW=1.26ms,App=8.14ms,GD=0.00ms,CPU&GPU=12.45ms,LCnt=2(DR91,LM2),GPU%=0.85,CPU%=0.68(W0.71),DSF=1.00,CFL=12.29/17.14,ICFLp95=16.05,LD=0,SF=1.00,LP=0,DVFS=0
05-15 14:39:31.043 25921 25944 I Unity   : [XR] [485728508272] [14:39:31.043][Verbose] Ignoring event type 1000156103
05-15 14:39:31.043 25921 25944 I Unity   : [XR] [485728508272] [14:39:31.043][Verbose] Ignoring event type 1000156104
05-15 14:39:31.076 25921 25944 I Unity   : [XR] [485728508272] [14:39:31.076][Verbose] Ignoring event type 1000156103
05-15 14:39:31.076 25921 25944 I Unity   : [XR] [485728508272] [14:39:31.076][Verbose] Ignoring event type 1000156104
05-15 14:39:31.100 25921 25944 I Unity   : [XR] [485728508272] [14:39:31.100][Verbose] Ignoring event type 1000156103
05-15 14:39:31.100 25921 25944 I Unity   : [XR] [485728508272] [14:39:31.100][Verbose] Ignoring event type 1000156104
05-15 14:39:31.132 25921 25944 I Unity   : [XR] [485728508272] [14:39:31.132][Verbose] Ignoring event type 1000156103
05-15 14:39:31.132 25921 25944 I Unity   : [XR] [485728508272] [14:39:31.132][Verbose] Ignoring event type 1000156104
05-15 14:39:31.167 25921 25944 I Unity   : [XR] [485728508272] [14:39:31.167][Verbose] Ignoring event type 1000156103
05-15 14:39:31.167 25921 25944 I Unity   : [XR] [485728508272] [14:39:31.167][Verbose] Ignoring event type 1000156104
05-15 14:39:31.200 25921 25944 I Unity   : [XR] [485728508272] [14:39:31.200][Verbose] Ignoring event type 1000156103
05-15 14:39:31.200 25921 25944 I Unity   : [XR] [485728508272] [14:39:31.200][Verbose] Ignoring event type 1000156104
05-15 14:39:31.233 25921 25944 I Unity   : [XR] [485728508272] [14:39:31.233][Verbose] Ignoring event type 1000156103
05-15 14:39:31.233 25921 25944 I Unity   : [XR] [485728508272] [14:39:31.233][Verbose] Ignoring event type 1000156104
05-15 14:39:31.255 25921 25944 I Unity   : [XR] [485728508272] [14:39:31.255][Verbose] Ignoring event type 1000156103
05-15 14:39:31.255 25921 25944 I Unity   : [XR] [485728508272] [14:39:31.255][Verbose] Ignoring event type 1000156104
05-15 14:39:31.287 25921 25944 I Unity   : [XR] [485728508272] [14:39:31.287][Verbose] Ignoring event type 1000156103
05-15 14:39:31.287 25921 25944 I Unity   : [XR] [485728508272] [14:39:31.287][Verbose] Ignoring event type 1000156104
05-15 14:39:31.320 25921 25944 I Unity   : [XR] [485728508272] [14:39:31.320][Verbose] Ignoring event type 1000156103
05-15 14:39:31.320 25921 25944 I Unity   : [XR] [485728508272] [14:39:31.320][Verbose] Ignoring event type 1000156104
05-15 14:39:31.354 25921 25944 I Unity   : [XR] [485728508272] [14:39:31.354][Verbose] Ignoring event type 1000156103
05-15 14:39:31.354 25921 25944 I Unity   : [XR] [485728508272] [14:39:31.354][Verbose] Ignoring event type 1000156104
05-15 14:39:31.387 25921 25944 I Unity   : [XR] [485728508272] [14:39:31.387][Verbose] Ignoring event type 1000156103
05-15 14:39:31.388 25921 25944 I Unity   : [XR] [485728508272] [14:39:31.388][Verbose] Ignoring event type 1000156104
05-15 14:39:31.420 25921 25944 I Unity   : [XR] [485728508272] [14:39:31.420][Verbose] Ignoring event type 1000156103
05-15 14:39:31.421 25921 25944 I Unity   : [XR] [485728508272] [14:39:31.421][Verbose] Ignoring event type 1000156104
05-15 14:39:31.443 25921 25944 I Unity   : [XR] [485728508272] [14:39:31.443][Verbose] Ignoring event type 1000156103
05-15 14:39:31.443 25921 25944 I Unity   : [XR] [485728508272] [14:39:31.443][Verbose] Ignoring event type 1000156104
05-15 14:39:31.478 25921 25944 I Unity   : [XR] [485728508272] [14:39:31.478][Verbose] Ignoring event type 1000156103
05-15 14:39:31.478 25921 25944 I Unity   : [XR] [485728508272] [14:39:31.478][Verbose] Ignoring event type 1000156104
05-15 14:39:31.508 25921 25944 I Unity   : [XR] [485728508272] [14:39:31.508][Verbose] Ignoring event type 1000156103
05-15 14:39:31.508 25921 25944 I Unity   : [XR] [485728508272] [14:39:31.508][Verbose] Ignoring event type 1000156104
05-15 14:39:31.533 25921 25944 I Unity   : [XR] [485728508272] [14:39:31.533][Verbose] Ignoring event type 1000156103
05-15 14:39:31.533 25921 25944 I Unity   : [XR] [485728508272] [14:39:31.533][Verbose] Ignoring event type 1000156104
05-15 14:39:31.565 25921 25944 I Unity   : [XR] [485728508272] [14:39:31.565][Verbose] Ignoring event type 1000156103
05-15 14:39:31.565 25921 25944 I Unity   : [XR] [485728508272] [14:39:31.565][Verbose] Ignoring event type 1000156104
05-15 14:39:31.599 25921 25944 I Unity   : [XR] [485728508272] [14:39:31.599][Verbose] Ignoring event type 1000156103
05-15 14:39:31.599 25921 25944 I Unity   : [XR] [485728508272] [14:39:31.599][Verbose] Ignoring event type 1000156104
05-15 14:39:31.631 25921 25944 I Unity   : [XR] [485728508272] [14:39:31.631][Verbose] Ignoring event type 1000156103
05-15 14:39:31.631 25921 25944 I Unity   : [XR] [485728508272] [14:39:31.631][Verbose] Ignoring event type 1000156104
05-15 14:39:31.654 25921 25944 I Unity   : [XR] [485728508272] [14:39:31.654][Verbose] Ignoring event type 1000156103
05-15 14:39:31.654 25921 25944 I Unity   : [XR] [485728508272] [14:39:31.654][Verbose] Ignoring event type 1000156104
05-15 14:39:31.688 25921 25944 I Unity   : [XR] [485728508272] [14:39:31.688][Verbose] Ignoring event type 1000156103
05-15 14:39:31.689 25921 25944 I Unity   : [XR] [485728508272] [14:39:31.689][Verbose] Ignoring event type 1000156104
05-15 14:39:31.722 25921 25944 I Unity   : [XR] [485728508272] [14:39:31.722][Verbose] Ignoring event type 1000156103
05-15 14:39:31.722 25921 25944 I Unity   : [XR] [485728508272] [14:39:31.722][Verbose] Ignoring event type 1000156104
05-15 14:39:31.753 25921 25944 I Unity   : [XR] [485728508272] [14:39:31.753][Verbose] Ignoring event type 1000156103
05-15 14:39:31.754 25921 25944 I Unity   : [XR] [485728508272] [14:39:31.754][Verbose] Ignoring event type 1000156104
05-15 14:39:31.788 25921 25944 I Unity   : [XR] [485728508272] [14:39:31.788][Verbose] Ignoring event type 1000156103
05-15 14:39:31.788 25921 25944 I Unity   : [XR] [485728508272] [14:39:31.788][Verbose] Ignoring event type 1000156104
05-15 14:39:31.821 25921 25944 I Unity   : [XR] [485728508272] [14:39:31.821][Verbose] Ignoring event type 1000156103
05-15 14:39:31.821 25921 25944 I Unity   : [XR] [485728508272] [14:39:31.821][Verbose] Ignoring event type 1000156104
05-15 14:39:31.855 25921 25944 I Unity   : [XR] [485728508272] [14:39:31.855][Verbose] Ignoring event type 1000156103
05-15 14:39:31.855 25921 25944 I Unity   : [XR] [485728508272] [14:39:31.855][Verbose] Ignoring event type 1000156104
05-15 14:39:31.888 25921 25944 I Unity   : [XR] [485728508272] [14:39:31.888][Verbose] Ignoring event type 1000156103
05-15 14:39:31.888 25921 25944 I Unity   : [XR] [485728508272] [14:39:31.888][Verbose] Ignoring event type 1000156104
05-15 14:39:31.922 25921 25944 I Unity   : [XR] [485728508272] [14:39:31.922][Verbose] Ignoring event type 1000156103
05-15 14:39:31.923 25921 25944 I Unity   : [XR] [485728508272] [14:39:31.923][Verbose] Ignoring event type 1000156104
05-15 14:39:31.956 25921 25944 I Unity   : [XR] [485728508272] [14:39:31.956][Verbose] Ignoring event type 1000156103
05-15 14:39:31.956 25921 25944 I Unity   : [XR] [485728508272] [14:39:31.956][Verbose] Ignoring event type 1000156104
05-15 14:39:31.977 25921 25944 I Unity   : [XR] [485728508272] [14:39:31.977][Verbose] Ignoring event type 1000156103
05-15 14:39:31.977 25921 25944 I Unity   : [XR] [485728508272] [14:39:31.977][Verbose] Ignoring event type 1000156104
05-15 14:39:32.010 25921 25944 I Unity   : [XR] [485728508272] [14:39:32.010][Verbose] Ignoring event type 1000156103
05-15 14:39:32.010 25921 25944 I Unity   : [XR] [485728508272] [14:39:32.010][Verbose] Ignoring event type 1000156104
05-15 14:39:32.017 25921 26076 I VrApi   : FPS=90/90,Prd=44ms,Tear=0,Early=0,Stale=0,Stale2/5/10/max=0/0/0/0,VSnc=1,Lat=-1,Fov=0,CPU4/GPU=3/2,1651/456MHz,OC=3F,TA=0/0/0,SP=N/N/N,Mem=2736MHz,Free=1281MB,PLS=1,Temp=38.0C/0.0C,TW=1.28ms,App=8.79ms,GD=0.00ms,CPU&GPU=13.57ms,LCnt=2(DR90,LM2),GPU%=0.90,CPU%=0.71(W0.75),DSF=1.00,CFL=12.17/16.81,ICFLp95=15.47,LD=0,SF=1.00,LP=0,DVFS=0
05-15 14:39:32.044 25921 25944 I Unity   : [XR] [485728508272] [14:39:32.044][Verbose] Ignoring event type 1000156103
05-15 14:39:32.044 25921 25944 I Unity   : [XR] [485728508272] [14:39:32.044][Verbose] Ignoring event type 1000156104
05-15 14:39:32.078 25921 25944 I Unity   : [XR] [485728508272] [14:39:32.078][Verbose] Ignoring event type 1000156103
05-15 14:39:32.078 25921 25944 I Unity   : [XR] [485728508272] [14:39:32.078][Verbose] Ignoring event type 1000156104
05-15 14:39:32.111 25921 25944 I Unity   : [XR] [485728508272] [14:39:32.111][Verbose] Ignoring event type 1000156103
05-15 14:39:32.112 25921 25944 I Unity   : [XR] [485728508272] [14:39:32.112][Verbose] Ignoring event type 1000156104
05-15 14:39:32.144 25921 25944 I Unity   : [XR] [485728508272] [14:39:32.144][Verbose] Ignoring event type 1000156103
05-15 14:39:32.144 25921 25944 I Unity   : [XR] [485728508272] [14:39:32.144][Verbose] Ignoring event type 1000156104
05-15 14:39:32.164 25921 25944 I Unity   : [XR] [485728508272] [14:39:32.164][Verbose] Ignoring event type 1000156103
05-15 14:39:32.165 25921 25944 I Unity   : [XR] [485728508272] [14:39:32.165][Verbose] Ignoring event type 1000156104
05-15 14:39:32.198 25921 25944 I Unity   : [XR] [485728508272] [14:39:32.198][Verbose] Ignoring event type 1000156103
05-15 14:39:32.198 25921 25944 I Unity   : [XR] [485728508272] [14:39:32.198][Verbose] Ignoring event type 1000156104
05-15 14:39:32.222 25921 25944 I Unity   : [XR] [485728508272] [14:39:32.222][Verbose] Ignoring event type 1000156103
05-15 14:39:32.222 25921 25944 I Unity   : [XR] [485728508272] [14:39:32.222][Verbose] Ignoring event type 1000156104
05-15 14:39:32.255 25921 25944 I Unity   : [XR] [485728508272] [14:39:32.255][Verbose] Ignoring event type 1000156103
05-15 14:39:32.255 25921 25944 I Unity   : [XR] [485728508272] [14:39:32.255][Verbose] Ignoring event type 1000156104
05-15 14:39:32.289 25921 25944 I Unity   : [XR] [485728508272] [14:39:32.289][Verbose] Ignoring event type 1000156103
05-15 14:39:32.289 25921 25944 I Unity   : [XR] [485728508272] [14:39:32.289][Verbose] Ignoring event type 1000156104
05-15 14:39:32.323 25921 25944 I Unity   : [XR] [485728508272] [14:39:32.323][Verbose] Ignoring event type 1000156103
05-15 14:39:32.323 25921 25944 I Unity   : [XR] [485728508272] [14:39:32.323][Verbose] Ignoring event type 1000156104
05-15 14:39:32.356 25921 25944 I Unity   : [XR] [485728508272] [14:39:32.356][Verbose] Ignoring event type 1000156103
05-15 14:39:32.356 25921 25944 I Unity   : [XR] [485728508272] [14:39:32.356][Verbose] Ignoring event type 1000156104
05-15 14:39:32.388 25921 25944 I Unity   : [XR] [485728508272] [14:39:32.388][Verbose] Ignoring event type 1000156103
05-15 14:39:32.388 25921 25944 I Unity   : [XR] [485728508272] [14:39:32.388][Verbose] Ignoring event type 1000156104
05-15 14:39:32.422 25921 25944 I Unity   : [XR] [485728508272] [14:39:32.422][Verbose] Ignoring event type 1000156103
05-15 14:39:32.422 25921 25944 I Unity   : [XR] [485728508272] [14:39:32.422][Verbose] Ignoring event type 1000156104
05-15 14:39:32.453 25921 25944 I Unity   : [XR] [485728508272] [14:39:32.453][Verbose] Ignoring event type 1000156103
05-15 14:39:32.454 25921 25944 I Unity   : [XR] [485728508272] [14:39:32.454][Verbose] Ignoring event type 1000156104
05-15 14:39:32.478 25921 25944 I Unity   : [XR] [485728508272] [14:39:32.478][Verbose] Ignoring event type 1000156103
05-15 14:39:32.478 25921 25944 I Unity   : [XR] [485728508272] [14:39:32.478][Verbose] Ignoring event type 1000156104
05-15 14:39:32.512 25921 25944 I Unity   : [XR] [485728508272] [14:39:32.512][Verbose] Ignoring event type 1000156103
05-15 14:39:32.512 25921 25944 I Unity   : [XR] [485728508272] [14:39:32.512][Verbose] Ignoring event type 1000156104
05-15 14:39:32.545 25921 25944 I Unity   : [XR] [485728508272] [14:39:32.545][Verbose] Ignoring event type 1000156103
05-15 14:39:32.545 25921 25944 I Unity   : [XR] [485728508272] [14:39:32.545][Verbose] Ignoring event type 1000156104
05-15 14:39:32.576 25921 25944 I Unity   : [XR] [485728508272] [14:39:32.576][Verbose] Ignoring event type 1000156103
05-15 14:39:32.576 25921 25944 I Unity   : [XR] [485728508272] [14:39:32.576][Verbose] Ignoring event type 1000156104
05-15 14:39:32.609 25921 25944 I Unity   : [XR] [485728508272] [14:39:32.609][Verbose] Ignoring event type 1000156103
05-15 14:39:32.609 25921 25944 I Unity   : [XR] [485728508272] [14:39:32.609][Verbose] Ignoring event type 1000156104
05-15 14:39:32.643 25921 25944 I Unity   : [XR] [485728508272] [14:39:32.643][Verbose] Ignoring event type 1000156103
05-15 14:39:32.643 25921 25944 I Unity   : [XR] [485728508272] [14:39:32.643][Verbose] Ignoring event type 1000156104
05-15 14:39:32.677 25921 25944 I Unity   : [XR] [485728508272] [14:39:32.677][Verbose] Ignoring event type 1000156103
05-15 14:39:32.677 25921 25944 I Unity   : [XR] [485728508272] [14:39:32.677][Verbose] Ignoring event type 1000156104
05-15 14:39:32.711 25921 25944 I Unity   : [XR] [485728508272] [14:39:32.711][Verbose] Ignoring event type 1000156103
05-15 14:39:32.711 25921 25944 I Unity   : [XR] [485728508272] [14:39:32.711][Verbose] Ignoring event type 1000156104
05-15 14:39:32.733 25921 25944 I Unity   : [XR] [485728508272] [14:39:32.733][Verbose] Ignoring event type 1000156103
05-15 14:39:32.733 25921 25944 I Unity   : [XR] [485728508272] [14:39:32.733][Verbose] Ignoring event type 1000156104
05-15 14:39:32.767 25921 25944 I Unity   : [XR] [485728508272] [14:39:32.767][Verbose] Ignoring event type 1000156103
05-15 14:39:32.767 25921 25944 I Unity   : [XR] [485728508272] [14:39:32.767][Verbose] Ignoring event type 1000156104
