05-15 14:38:01.960 25921 25944 I Unity   : Starting test run 3 for VFX with passthrough False
05-15 14:38:01.960 25921 25944 I Unity   : <ExecuteTests>d__48:MoveNext()
05-15 14:38:01.960 25921 25944 I Unity   : UnityEngine.SetupCoroutine:InvokeMoveNext(IEnumerator, IntPtr)
05-15 14:38:01.960 25921 25944 I Unity   : 
05-15 14:38:01.961 25921 25944 I Unity   : Recording starting VFX-False-2024-05-15_14-38-01
05-15 14:38:01.961 25921 25944 I Unity   : <ExecuteTest>d__49:MoveNext()
05-15 14:38:01.961 25921 25944 I Unity   : UnityEngine.SetupCoroutine:InvokeMoveNext(IEnumerator, IntPtr)
05-15 14:38:01.961 25921 25944 I Unity   : 
05-15 14:38:01.961 25921 25944 I Unity   : Starting recording!
05-15 14:38:01.961 25921 25944 I Unity   : AutomatedTest:StartRecording()
05-15 14:38:01.961 25921 25944 I Unity   : <ExecuteTest>d__49:MoveNext()
05-15 14:38:01.961 25921 25944 I Unity   : UnityEngine.SetupCoroutine:InvokeMoveNext(IEnumerator, IntPtr)
05-15 14:38:01.961 25921 25944 I Unity   : 
05-15 14:38:01.982 25921 25944 I Unity   : [XR] [485728508272] [14:38:01.982][Verbose] Ignoring event type 1000156103
05-15 14:38:01.982 25921 25944 I Unity   : [XR] [485728508272] [14:38:01.982][Verbose] Ignoring event type 1000156104
05-15 14:38:02.008 25921 26076 I VrApi   : FPS=90/90,Prd=41ms,Tear=0,Early=41,Stale=0,Stale2/5/10/max=0/0/0/0,VSnc=1,Lat=-1,Fov=0,CPU4/GPU=3/2,1651/456MHz,OC=3F,TA=0/0/0,SP=N/N/N,Mem=2736MHz,Free=1359MB,PLS=1,Temp=36.0C/0.0C,TW=1.28ms,App=4.91ms,GD=0.00ms,CPU&GPU=8.55ms,LCnt=2(DR90,LM2),GPU%=0.56,CPU%=0.76(W0.76),DSF=1.00,CFL=12.53/18.77,ICFLp95=17.37,LD=0,SF=1.00,LP=0,DVFS=0
05-15 14:38:02.013 25921 25944 I Unity   : [XR] [485728508272] [14:38:02.013][Verbose] Ignoring event type 1000156103
05-15 14:38:02.014 25921 25944 I Unity   : [XR] [485728508272] [14:38:02.014][Verbose] Ignoring event type 1000156104
05-15 14:38:02.044 25921 25944 I Unity   : [XR] [485728508272] [14:38:02.044][Verbose] Ignoring event type 1000156103
05-15 14:38:02.045 25921 25944 I Unity   : [XR] [485728508272] [14:38:02.044][Verbose] Ignoring event type 1000156104
05-15 14:38:02.080 25921 25944 I Unity   : [XR] [485728508272] [14:38:02.080][Verbose] Ignoring event type 1000156103
05-15 14:38:02.080 25921 25944 I Unity   : [XR] [485728508272] [14:38:02.080][Verbose] Ignoring event type 1000156104
05-15 14:38:02.114 25921 25944 I Unity   : [XR] [485728508272] [14:38:02.114][Verbose] Ignoring event type 1000156103
05-15 14:38:02.114 25921 25944 I Unity   : [XR] [485728508272] [14:38:02.114][Verbose] Ignoring event type 1000156104
05-15 14:38:02.147 25921 25944 I Unity   : [XR] [485728508272] [14:38:02.147][Verbose] Ignoring event type 1000156103
05-15 14:38:02.147 25921 25944 I Unity   : [XR] [485728508272] [14:38:02.147][Verbose] Ignoring event type 1000156104
05-15 14:38:02.168 25921 25944 I Unity   : [XR] [485728508272] [14:38:02.168][Verbose] Ignoring event type 1000156103
05-15 14:38:02.168 25921 25944 I Unity   : [XR] [485728508272] [14:38:02.168][Verbose] Ignoring event type 1000156104
05-15 14:38:02.202 25921 25944 I Unity   : [XR] [485728508272] [14:38:02.202][Verbose] Ignoring event type 1000156103
05-15 14:38:02.202 25921 25944 I Unity   : [XR] [485728508272] [14:38:02.202][Verbose] Ignoring event type 1000156104
05-15 14:38:02.235 25921 25944 I Unity   : [XR] [485728508272] [14:38:02.235][Verbose] Ignoring event type 1000156103
05-15 14:38:02.236 25921 25944 I Unity   : [XR] [485728508272] [14:38:02.236][Verbose] Ignoring event type 1000156104
05-15 14:38:02.269 25921 25944 I Unity   : [XR] [485728508272] [14:38:02.269][Verbose] Ignoring event type 1000156103
05-15 14:38:02.269 25921 25944 I Unity   : [XR] [485728508272] [14:38:02.269][Verbose] Ignoring event type 1000156104
05-15 14:38:02.292 25921 25944 I Unity   : [XR] [485728508272] [14:38:02.292][Verbose] Ignoring event type 1000156103
05-15 14:38:02.292 25921 25944 I Unity   : [XR] [485728508272] [14:38:02.292][Verbose] Ignoring event type 1000156104
05-15 14:38:02.324 25921 25944 I Unity   : [XR] [485728508272] [14:38:02.324][Verbose] Ignoring event type 1000156103
05-15 14:38:02.324 25921 25944 I Unity   : [XR] [485728508272] [14:38:02.324][Verbose] Ignoring event type 1000156104
05-15 14:38:02.358 25921 25944 I Unity   : [XR] [485728508272] [14:38:02.358][Verbose] Ignoring event type 1000156103
05-15 14:38:02.358 25921 25944 I Unity   : [XR] [485728508272] [14:38:02.358][Verbose] Ignoring event type 1000156104
05-15 14:38:02.391 25921 25944 I Unity   : [XR] [485728508272] [14:38:02.391][Verbose] Ignoring event type 1000156103
05-15 14:38:02.391 25921 25944 I Unity   : [XR] [485728508272] [14:38:02.391][Verbose] Ignoring event type 1000156104
05-15 14:38:02.413 25921 25944 I Unity   : [XR] [485728508272] [14:38:02.413][Verbose] Ignoring event type 1000156103
05-15 14:38:02.413 25921 25944 I Unity   : [XR] [485728508272] [14:38:02.413][Verbose] Ignoring event type 1000156104
05-15 14:38:02.446 25921 25944 I Unity   : [XR] [485728508272] [14:38:02.446][Verbose] Ignoring event type 1000156103
05-15 14:38:02.446 25921 25944 I Unity   : [XR] [485728508272] [14:38:02.446][Verbose] Ignoring event type 1000156104
05-15 14:38:02.479 25921 25944 I Unity   : [XR] [485728508272] [14:38:02.479][Verbose] Ignoring event type 1000156103
05-15 14:38:02.479 25921 25944 I Unity   : [XR] [485728508272] [14:38:02.479][Verbose] Ignoring event type 1000156104
05-15 14:38:02.524 25921 25944 I Unity   : [XR] [485728508272] [14:38:02.524][Verbose] Ignoring event type 1000156103
05-15 14:38:02.524 25921 25944 I Unity   : [XR] [485728508272] [14:38:02.524][Verbose] Ignoring event type 1000156104
05-15 14:38:02.558 25921 25944 I Unity   : [XR] [485728508272] [14:38:02.558][Verbose] Ignoring event type 1000156103
05-15 14:38:02.558 25921 25944 I Unity   : [XR] [485728508272] [14:38:02.558][Verbose] Ignoring event type 1000156104
05-15 14:38:02.590 25921 25944 I Unity   : [XR] [485728508272] [14:38:02.590][Verbose] Ignoring event type 1000156103
05-15 14:38:02.590 25921 25944 I Unity   : [XR] [485728508272] [14:38:02.590][Verbose] Ignoring event type 1000156104
05-15 14:38:02.625 25921 25944 I Unity   : [XR] [485728508272] [14:38:02.625][Verbose] Ignoring event type 1000156103
05-15 14:38:02.625 25921 25944 I Unity   : [XR] [485728508272] [14:38:02.625][Verbose] Ignoring event type 1000156104
05-15 14:38:02.646 25921 25944 I Unity   : [XR] [485728508272] [14:38:02.646][Verbose] Ignoring event type 1000156103
05-15 14:38:02.646 25921 25944 I Unity   : [XR] [485728508272] [14:38:02.646][Verbose] Ignoring event type 1000156104
05-15 14:38:02.680 25921 25944 I Unity   : [XR] [485728508272] [14:38:02.680][Verbose] Ignoring event type 1000156103
05-15 14:38:02.680 25921 25944 I Unity   : [XR] [485728508272] [14:38:02.680][Verbose] Ignoring event type 1000156104
05-15 14:38:02.713 25921 25944 I Unity   : [XR] [485728508272] [14:38:02.713][Verbose] Ignoring event type 1000156103
05-15 14:38:02.713 25921 25944 I Unity   : [XR] [485728508272] [14:38:02.713][Verbose] Ignoring event type 1000156104
05-15 14:38:02.745 25921 25944 I Unity   : [XR] [485728508272] [14:38:02.745][Verbose] Ignoring event type 1000156103
05-15 14:38:02.745 25921 25944 I Unity   : [XR] [485728508272] [14:38:02.745][Verbose] Ignoring event type 1000156104
05-15 14:38:02.780 25921 25944 I Unity   : [XR] [485728508272] [14:38:02.780][Verbose] Ignoring event type 1000156103
05-15 14:38:02.780 25921 25944 I Unity   : [XR] [485728508272] [14:38:02.780][Verbose] Ignoring event type 1000156104
05-15 14:38:02.812 25921 25944 I Unity   : [XR] [485728508272] [14:38:02.812][Verbose] Ignoring event type 1000156103
05-15 14:38:02.812 25921 25944 I Unity   : [XR] [485728508272] [14:38:02.812][Verbose] Ignoring event type 1000156104
05-15 14:38:02.847 25921 25944 I Unity   : [XR] [485728508272] [14:38:02.847][Verbose] Ignoring event type 1000156103
05-15 14:38:02.847 25921 25944 I Unity   : [XR] [485728508272] [14:38:02.847][Verbose] Ignoring event type 1000156104
05-15 14:38:02.879 25921 25944 I Unity   : [XR] [485728508272] [14:38:02.879][Verbose] Ignoring event type 1000156103
05-15 14:38:02.879 25921 25944 I Unity   : [XR] [485728508272] [14:38:02.879][Verbose] Ignoring event type 1000156104
05-15 14:38:02.902 25921 25944 I Unity   : [XR] [485728508272] [14:38:02.902][Verbose] Ignoring event type 1000156103
05-15 14:38:02.903 25921 25944 I Unity   : [XR] [485728508272] [14:38:02.903][Verbose] Ignoring event type 1000156104
05-15 14:38:02.924 25921 25944 I Unity   : [XR] [485728508272] [14:38:02.924][Verbose] Ignoring event type 1000156103
05-15 14:38:02.924 25921 25944 I Unity   : [XR] [485728508272] [14:38:02.924][Verbose] Ignoring event type 1000156104
05-15 14:38:02.958 25921 25944 I Unity   : [XR] [485728508272] [14:38:02.958][Verbose] Ignoring event type 1000156103
05-15 14:38:02.958 25921 25944 I Unity   : [XR] [485728508272] [14:38:02.958][Verbose] Ignoring event type 1000156104
05-15 14:38:02.991 25921 25944 I Unity   : [XR] [485728508272] [14:38:02.991][Verbose] Ignoring event type 1000156103
05-15 14:38:02.991 25921 25944 I Unity   : [XR] [485728508272] [14:38:02.991][Verbose] Ignoring event type 1000156104
05-15 14:38:03.008 25921 26076 I VrApi   : FPS=90/90,Prd=41ms,Tear=0,Early=23,Stale=1,Stale2/5/10/max=0/0/0/1,VSnc=1,Lat=-1,Fov=0,CPU4/GPU=3/2,1651/456MHz,OC=3F,TA=0/0/0,SP=N/N/N,Mem=2736MHz,Free=1359MB,PLS=1,Temp=36.0C/0.0C,TW=1.27ms,App=6.13ms,GD=0.00ms,CPU&GPU=10.19ms,LCnt=2(DR91,LM2),GPU%=0.65,CPU%=0.74(W0.80),DSF=1.00,CFL=12.34/17.01,ICFLp95=15.53,LD=0,SF=1.00,LP=0,DVFS=0
05-15 14:38:03.025 25921 25944 I Unity   : [XR] [485728508272] [14:38:03.024][Verbose] Ignoring event type 1000156103
05-15 14:38:03.025 25921 25944 I Unity   : [XR] [485728508272] [14:38:03.025][Verbose] Ignoring event type 1000156104
05-15 14:38:03.058 25921 25944 I Unity   : [XR] [485728508272] [14:38:03.058][Verbose] Ignoring event type 1000156103
05-15 14:38:03.058 25921 25944 I Unity   : [XR] [485728508272] [14:38:03.058][Verbose] Ignoring event type 1000156104
05-15 14:38:03.090 25921 25944 I Unity   : [XR] [485728508272] [14:38:03.090][Verbose] Ignoring event type 1000156103
05-15 14:38:03.091 25921 25944 I Unity   : [XR] [485728508272] [14:38:03.091][Verbose] Ignoring event type 1000156104
05-15 14:38:03.125 25921 25944 I Unity   : [XR] [485728508272] [14:38:03.125][Verbose] Ignoring event type 1000156103
05-15 14:38:03.125 25921 25944 I Unity   : [XR] [485728508272] [14:38:03.125][Verbose] Ignoring event type 1000156104
05-15 14:38:03.157 25921 25944 I Unity   : [XR] [485728508272] [14:38:03.157][Verbose] Ignoring event type 1000156103
05-15 14:38:03.157 25921 25944 I Unity   : [XR] [485728508272] [14:38:03.157][Verbose] Ignoring event type 1000156104
05-15 14:38:03.190 25921 25944 I Unity   : [XR] [485728508272] [14:38:03.190][Verbose] Ignoring event type 1000156103
05-15 14:38:03.190 25921 25944 I Unity   : [XR] [485728508272] [14:38:03.190][Verbose] Ignoring event type 1000156104
05-15 14:38:03.222 25921 25944 I Unity   : [XR] [485728508272] [14:38:03.222][Verbose] Ignoring event type 1000156103
05-15 14:38:03.223 25921 25944 I Unity   : [XR] [485728508272] [14:38:03.223][Verbose] Ignoring event type 1000156104
05-15 14:38:03.246 25921 25944 I Unity   : [XR] [485728508272] [14:38:03.246][Verbose] Ignoring event type 1000156103
05-15 14:38:03.246 25921 25944 I Unity   : [XR] [485728508272] [14:38:03.246][Verbose] Ignoring event type 1000156104
05-15 14:38:03.279 25921 25944 I Unity   : [XR] [485728508272] [14:38:03.279][Verbose] Ignoring event type 1000156103
05-15 14:38:03.279 25921 25944 I Unity   : [XR] [485728508272] [14:38:03.279][Verbose] Ignoring event type 1000156104
05-15 14:38:03.302 25921 25944 I Unity   : [XR] [485728508272] [14:38:03.302][Verbose] Ignoring event type 1000156103
05-15 14:38:03.302 25921 25944 I Unity   : [XR] [485728508272] [14:38:03.302][Verbose] Ignoring event type 1000156104
05-15 14:38:03.324 25921 25944 I Unity   : [XR] [485728508272] [14:38:03.324][Verbose] Ignoring event type 1000156103
05-15 14:38:03.324 25921 25944 I Unity   : [XR] [485728508272] [14:38:03.324][Verbose] Ignoring event type 1000156104
05-15 14:38:03.358 25921 25944 I Unity   : [XR] [485728508272] [14:38:03.358][Verbose] Ignoring event type 1000156103
05-15 14:38:03.358 25921 25944 I Unity   : [XR] [485728508272] [14:38:03.358][Verbose] Ignoring event type 1000156104
05-15 14:38:03.391 25921 25944 I Unity   : [XR] [485728508272] [14:38:03.391][Verbose] Ignoring event type 1000156103
05-15 14:38:03.391 25921 25944 I Unity   : [XR] [485728508272] [14:38:03.391][Verbose] Ignoring event type 1000156104
05-15 14:38:03.412 25921 25944 I Unity   : [XR] [485728508272] [14:38:03.412][Verbose] Ignoring event type 1000156103
05-15 14:38:03.412 25921 25944 I Unity   : [XR] [485728508272] [14:38:03.412][Verbose] Ignoring event type 1000156104
05-15 14:38:03.434 25921 25944 I Unity   : [XR] [485728508272] [14:38:03.434][Verbose] Ignoring event type 1000156103
05-15 14:38:03.434 25921 25944 I Unity   : [XR] [485728508272] [14:38:03.434][Verbose] Ignoring event type 1000156104
05-15 14:38:03.457 25921 25944 I Unity   : [XR] [485728508272] [14:38:03.457][Verbose] Ignoring event type 1000156103
05-15 14:38:03.457 25921 25944 I Unity   : [XR] [485728508272] [14:38:03.457][Verbose] Ignoring event type 1000156104
05-15 14:38:03.491 25921 25944 I Unity   : [XR] [485728508272] [14:38:03.491][Verbose] Ignoring event type 1000156103
05-15 14:38:03.491 25921 25944 I Unity   : [XR] [485728508272] [14:38:03.491][Verbose] Ignoring event type 1000156104
05-15 14:38:03.524 25921 25944 I Unity   : [XR] [485728508272] [14:38:03.524][Verbose] Ignoring event type 1000156103
05-15 14:38:03.524 25921 25944 I Unity   : [XR] [485728508272] [14:38:03.524][Verbose] Ignoring event type 1000156104
05-15 14:38:03.557 25921 25944 I Unity   : [XR] [485728508272] [14:38:03.557][Verbose] Ignoring event type 1000156103
05-15 14:38:03.557 25921 25944 I Unity   : [XR] [485728508272] [14:38:03.557][Verbose] Ignoring event type 1000156104
05-15 14:38:03.591 25921 25944 I Unity   : [XR] [485728508272] [14:38:03.591][Verbose] Ignoring event type 1000156103
05-15 14:38:03.591 25921 25944 I Unity   : [XR] [485728508272] [14:38:03.591][Verbose] Ignoring event type 1000156104
05-15 14:38:03.613 25921 25944 I Unity   : [XR] [485728508272] [14:38:03.613][Verbose] Ignoring event type 1000156103
05-15 14:38:03.613 25921 25944 I Unity   : [XR] [485728508272] [14:38:03.613][Verbose] Ignoring event type 1000156104
05-15 14:38:03.635 25921 25944 I Unity   : [XR] [485728508272] [14:38:03.635][Verbose] Ignoring event type 1000156103
05-15 14:38:03.635 25921 25944 I Unity   : [XR] [485728508272] [14:38:03.635][Verbose] Ignoring event type 1000156104
05-15 14:38:03.669 25921 25944 I Unity   : [XR] [485728508272] [14:38:03.669][Verbose] Ignoring event type 1000156103
05-15 14:38:03.669 25921 25944 I Unity   : [XR] [485728508272] [14:38:03.669][Verbose] Ignoring event type 1000156104
05-15 14:38:03.702 25921 25944 I Unity   : [XR] [485728508272] [14:38:03.702][Verbose] Ignoring event type 1000156103
05-15 14:38:03.703 25921 25944 I Unity   : [XR] [485728508272] [14:38:03.703][Verbose] Ignoring event type 1000156104
05-15 14:38:03.735 25921 25944 I Unity   : [XR] [485728508272] [14:38:03.735][Verbose] Ignoring event type 1000156103
05-15 14:38:03.735 25921 25944 I Unity   : [XR] [485728508272] [14:38:03.735][Verbose] Ignoring event type 1000156104
05-15 14:38:03.767 25921 25944 I Unity   : [XR] [485728508272] [14:38:03.767][Verbose] Ignoring event type 1000156103
05-15 14:38:03.767 25921 25944 I Unity   : [XR] [485728508272] [14:38:03.767][Verbose] Ignoring event type 1000156104
05-15 14:38:03.802 25921 25944 I Unity   : [XR] [485728508272] [14:38:03.802][Verbose] Ignoring event type 1000156103
05-15 14:38:03.802 25921 25944 I Unity   : [XR] [485728508272] [14:38:03.802][Verbose] Ignoring event type 1000156104
05-15 14:38:03.835 25921 25944 I Unity   : [XR] [485728508272] [14:38:03.835][Verbose] Ignoring event type 1000156103
05-15 14:38:03.835 25921 25944 I Unity   : [XR] [485728508272] [14:38:03.835][Verbose] Ignoring event type 1000156104
05-15 14:38:03.867 25921 25944 I Unity   : [XR] [485728508272] [14:38:03.867][Verbose] Ignoring event type 1000156103
05-15 14:38:03.867 25921 25944 I Unity   : [XR] [485728508272] [14:38:03.867][Verbose] Ignoring event type 1000156104
05-15 14:38:03.892 25921 25944 I Unity   : [XR] [485728508272] [14:38:03.892][Verbose] Ignoring event type 1000156103
05-15 14:38:03.892 25921 25944 I Unity   : [XR] [485728508272] [14:38:03.892][Verbose] Ignoring event type 1000156104
05-15 14:38:03.924 25921 25944 I Unity   : [XR] [485728508272] [14:38:03.924][Verbose] Ignoring event type 1000156103
05-15 14:38:03.925 25921 25944 I Unity   : [XR] [485728508272] [14:38:03.925][Verbose] Ignoring event type 1000156104
05-15 14:38:03.956 25921 25944 I Unity   : [XR] [485728508272] [14:38:03.956][Verbose] Ignoring event type 1000156103
05-15 14:38:03.956 25921 25944 I Unity   : [XR] [485728508272] [14:38:03.956][Verbose] Ignoring event type 1000156104
05-15 14:38:03.980 25921 25944 I Unity   : [XR] [485728508272] [14:38:03.980][Verbose] Ignoring event type 1000156103
05-15 14:38:03.980 25921 25944 I Unity   : [XR] [485728508272] [14:38:03.980][Verbose] Ignoring event type 1000156104
05-15 14:38:04.008 25921 26076 I VrApi   : FPS=91/90,Prd=41ms,Tear=0,Early=19,Stale=0,Stale2/5/10/max=0/0/0/0,VSnc=1,Lat=-1,Fov=0,CPU4/GPU=3/2,1651/456MHz,OC=3F,TA=0/0/0,SP=N/N/N,Mem=2736MHz,Free=1359MB,PLS=1,Temp=36.0C/0.0C,TW=1.28ms,App=5.83ms,GD=0.00ms,CPU&GPU=10.72ms,LCnt=2(DR90,LM2),GPU%=0.68,CPU%=0.71(W0.72),DSF=1.00,CFL=12.19/16.52,ICFLp95=15.30,LD=0,SF=1.00,LP=0,DVFS=0
05-15 14:38:04.013 25921 25944 I Unity   : [XR] [485728508272] [14:38:04.013][Verbose] Ignoring event type 1000156103
05-15 14:38:04.013 25921 25944 I Unity   : [XR] [485728508272] [14:38:04.013][Verbose] Ignoring event type 1000156104
05-15 14:38:04.046 25921 25944 I Unity   : [XR] [485728508272] [14:38:04.046][Verbose] Ignoring event type 1000156103
05-15 14:38:04.046 25921 25944 I Unity   : [XR] [485728508272] [14:38:04.046][Verbose] Ignoring event type 1000156104
05-15 14:38:04.079 25921 25944 I Unity   : [XR] [485728508272] [14:38:04.079][Verbose] Ignoring event type 1000156103
05-15 14:38:04.079 25921 25944 I Unity   : [XR] [485728508272] [14:38:04.079][Verbose] Ignoring event type 1000156104
05-15 14:38:04.102 25921 25944 I Unity   : [XR] [485728508272] [14:38:04.102][Verbose] Ignoring event type 1000156103
05-15 14:38:04.102 25921 25944 I Unity   : [XR] [485728508272] [14:38:04.102][Verbose] Ignoring event type 1000156104
05-15 14:38:04.136 25921 25944 I Unity   : [XR] [485728508272] [14:38:04.136][Verbose] Ignoring event type 1000156103
05-15 14:38:04.136 25921 25944 I Unity   : [XR] [485728508272] [14:38:04.136][Verbose] Ignoring event type 1000156104
05-15 14:38:04.167 25921 25944 I Unity   : [XR] [485728508272] [14:38:04.167][Verbose] Ignoring event type 1000156103
05-15 14:38:04.167 25921 25944 I Unity   : [XR] [485728508272] [14:38:04.167][Verbose] Ignoring event type 1000156104
05-15 14:38:04.202 25921 25944 I Unity   : [XR] [485728508272] [14:38:04.202][Verbose] Ignoring event type 1000156103
05-15 14:38:04.202 25921 25944 I Unity   : [XR] [485728508272] [14:38:04.202][Verbose] Ignoring event type 1000156104
05-15 14:38:04.235 25921 25944 I Unity   : [XR] [485728508272] [14:38:04.235][Verbose] Ignoring event type 1000156103
05-15 14:38:04.235 25921 25944 I Unity   : [XR] [485728508272] [14:38:04.235][Verbose] Ignoring event type 1000156104
05-15 14:38:04.269 25921 25944 I Unity   : [XR] [485728508272] [14:38:04.269][Verbose] Ignoring event type 1000156103
05-15 14:38:04.269 25921 25944 I Unity   : [XR] [485728508272] [14:38:04.269][Verbose] Ignoring event type 1000156104
05-15 14:38:04.302 25921 25944 I Unity   : [XR] [485728508272] [14:38:04.302][Verbose] Ignoring event type 1000156103
05-15 14:38:04.302 25921 25944 I Unity   : [XR] [485728508272] [14:38:04.302][Verbose] Ignoring event type 1000156104
05-15 14:38:04.334 25921 25944 I Unity   : [XR] [485728508272] [14:38:04.334][Verbose] Ignoring event type 1000156103
05-15 14:38:04.334 25921 25944 I Unity   : [XR] [485728508272] [14:38:04.334][Verbose] Ignoring event type 1000156104
05-15 14:38:04.357 25921 25944 I Unity   : [XR] [485728508272] [14:38:04.357][Verbose] Ignoring event type 1000156103
05-15 14:38:04.357 25921 25944 I Unity   : [XR] [485728508272] [14:38:04.357][Verbose] Ignoring event type 1000156104
05-15 14:38:04.391 25921 25944 I Unity   : [XR] [485728508272] [14:38:04.391][Verbose] Ignoring event type 1000156103
05-15 14:38:04.391 25921 25944 I Unity   : [XR] [485728508272] [14:38:04.391][Verbose] Ignoring event type 1000156104
05-15 14:38:04.412 25921 25944 I Unity   : [XR] [485728508272] [14:38:04.412][Verbose] Ignoring event type 1000156103
05-15 14:38:04.412 25921 25944 I Unity   : [XR] [485728508272] [14:38:04.412][Verbose] Ignoring event type 1000156104
05-15 14:38:04.446 25921 25944 I Unity   : [XR] [485728508272] [14:38:04.446][Verbose] Ignoring event type 1000156103
05-15 14:38:04.446 25921 25944 I Unity   : [XR] [485728508272] [14:38:04.446][Verbose] Ignoring event type 1000156104
05-15 14:38:04.479 25921 25944 I Unity   : [XR] [485728508272] [14:38:04.479][Verbose] Ignoring event type 1000156103
05-15 14:38:04.479 25921 25944 I Unity   : [XR] [485728508272] [14:38:04.479][Verbose] Ignoring event type 1000156104
05-15 14:38:04.513 25921 25944 I Unity   : [XR] [485728508272] [14:38:04.513][Verbose] Ignoring event type 1000156103
05-15 14:38:04.513 25921 25944 I Unity   : [XR] [485728508272] [14:38:04.513][Verbose] Ignoring event type 1000156104
05-15 14:38:04.535 25921 25944 I Unity   : [XR] [485728508272] [14:38:04.535][Verbose] Ignoring event type 1000156103
05-15 14:38:04.535 25921 25944 I Unity   : [XR] [485728508272] [14:38:04.535][Verbose] Ignoring event type 1000156104
05-15 14:38:04.567 25921 25944 I Unity   : [XR] [485728508272] [14:38:04.567][Verbose] Ignoring event type 1000156103
05-15 14:38:04.567 25921 25944 I Unity   : [XR] [485728508272] [14:38:04.567][Verbose] Ignoring event type 1000156104
05-15 14:38:04.602 25921 25944 I Unity   : [XR] [485728508272] [14:38:04.602][Verbose] Ignoring event type 1000156103
05-15 14:38:04.602 25921 25944 I Unity   : [XR] [485728508272] [14:38:04.602][Verbose] Ignoring event type 1000156104
05-15 14:38:04.634 25921 25944 I Unity   : [XR] [485728508272] [14:38:04.634][Verbose] Ignoring event type 1000156103
05-15 14:38:04.634 25921 25944 I Unity   : [XR] [485728508272] [14:38:04.634][Verbose] Ignoring event type 1000156104
05-15 14:38:04.657 25921 25944 I Unity   : [XR] [485728508272] [14:38:04.657][Verbose] Ignoring event type 1000156103
05-15 14:38:04.657 25921 25944 I Unity   : [XR] [485728508272] [14:38:04.657][Verbose] Ignoring event type 1000156104
05-15 14:38:04.689 25921 25944 I Unity   : [XR] [485728508272] [14:38:04.689][Verbose] Ignoring event type 1000156103
05-15 14:38:04.690 25921 25944 I Unity   : [XR] [485728508272] [14:38:04.689][Verbose] Ignoring event type 1000156104
05-15 14:38:04.724 25921 25944 I Unity   : [XR] [485728508272] [14:38:04.723][Verbose] Ignoring event type 1000156103
05-15 14:38:04.724 25921 25944 I Unity   : [XR] [485728508272] [14:38:04.724][Verbose] Ignoring event type 1000156104
05-15 14:38:04.745 25921 25944 I Unity   : [XR] [485728508272] [14:38:04.745][Verbose] Ignoring event type 1000156103
05-15 14:38:04.745 25921 25944 I Unity   : [XR] [485728508272] [14:38:04.745][Verbose] Ignoring event type 1000156104
05-15 14:38:04.779 25921 25944 I Unity   : [XR] [485728508272] [14:38:04.779][Verbose] Ignoring event type 1000156103
05-15 14:38:04.779 25921 25944 I Unity   : [XR] [485728508272] [14:38:04.779][Verbose] Ignoring event type 1000156104
05-15 14:38:04.812 25921 25944 I Unity   : [XR] [485728508272] [14:38:04.812][Verbose] Ignoring event type 1000156103
05-15 14:38:04.812 25921 25944 I Unity   : [XR] [485728508272] [14:38:04.812][Verbose] Ignoring event type 1000156104
05-15 14:38:04.834 25921 25944 I Unity   : [XR] [485728508272] [14:38:04.834][Verbose] Ignoring event type 1000156103
05-15 14:38:04.834 25921 25944 I Unity   : [XR] [485728508272] [14:38:04.834][Verbose] Ignoring event type 1000156104
05-15 14:38:04.867 25921 25944 I Unity   : [XR] [485728508272] [14:38:04.867][Verbose] Ignoring event type 1000156103
05-15 14:38:04.867 25921 25944 I Unity   : [XR] [485728508272] [14:38:04.867][Verbose] Ignoring event type 1000156104
05-15 14:38:04.900 25921 25944 I Unity   : [XR] [485728508272] [14:38:04.900][Verbose] Ignoring event type 1000156103
05-15 14:38:04.900 25921 25944 I Unity   : [XR] [485728508272] [14:38:04.900][Verbose] Ignoring event type 1000156104
05-15 14:38:04.922 25921 25944 I Unity   : [XR] [485728508272] [14:38:04.922][Verbose] Ignoring event type 1000156103
05-15 14:38:04.922 25921 25944 I Unity   : [XR] [485728508272] [14:38:04.922][Verbose] Ignoring event type 1000156104
05-15 14:38:04.947 25921 25944 I Unity   : [XR] [485728508272] [14:38:04.947][Verbose] Ignoring event type 1000156103
05-15 14:38:04.947 25921 25944 I Unity   : [XR] [485728508272] [14:38:04.947][Verbose] Ignoring event type 1000156104
05-15 14:38:04.978 25921 25944 I Unity   : [XR] [485728508272] [14:38:04.978][Verbose] Ignoring event type 1000156103
05-15 14:38:04.978 25921 25944 I Unity   : [XR] [485728508272] [14:38:04.978][Verbose] Ignoring event type 1000156104
05-15 14:38:05.001 25921 25944 I Unity   : [XR] [485728508272] [14:38:05.001][Verbose] Ignoring event type 1000156103
05-15 14:38:05.001 25921 25944 I Unity   : [XR] [485728508272] [14:38:05.001][Verbose] Ignoring event type 1000156104
05-15 14:38:05.008 25921 26076 I VrApi   : FPS=91/90,Prd=42ms,Tear=0,Early=18,Stale=0,Stale2/5/10/max=0/0/0/0,VSnc=1,Lat=-1,Fov=0,CPU4/GPU=3/2,1651/456MHz,OC=3F,TA=0/0/0,SP=N/N/N,Mem=2736MHz,Free=1359MB,PLS=1,Temp=36.0C/0.0C,TW=1.28ms,App=6.03ms,GD=0.00ms,CPU&GPU=10.87ms,LCnt=2(DR91,LM2),GPU%=0.72,CPU%=0.66(W0.67),DSF=1.00,CFL=12.07/16.51,ICFLp95=15.16,LD=0,SF=1.00,LP=0,DVFS=0
05-15 14:38:05.035 25921 25944 I Unity   : [XR] [485728508272] [14:38:05.035][Verbose] Ignoring event type 1000156103
05-15 14:38:05.035 25921 25944 I Unity   : [XR] [485728508272] [14:38:05.035][Verbose] Ignoring event type 1000156104
05-15 14:38:05.068 25921 25944 I Unity   : [XR] [485728508272] [14:38:05.068][Verbose] Ignoring event type 1000156103
05-15 14:38:05.068 25921 25944 I Unity   : [XR] [485728508272] [14:38:05.068][Verbose] Ignoring event type 1000156104
05-15 14:38:05.090 25921 25944 I Unity   : [XR] [485728508272] [14:38:05.090][Verbose] Ignoring event type 1000156103
05-15 14:38:05.090 25921 25944 I Unity   : [XR] [485728508272] [14:38:05.090][Verbose] Ignoring event type 1000156104
05-15 14:38:05.122 25921 25944 I Unity   : [XR] [485728508272] [14:38:05.122][Verbose] Ignoring event type 1000156103
05-15 14:38:05.122 25921 25944 I Unity   : [XR] [485728508272] [14:38:05.122][Verbose] Ignoring event type 1000156104
05-15 14:38:05.145 25921 25944 I Unity   : [XR] [485728508272] [14:38:05.145][Verbose] Ignoring event type 1000156103
05-15 14:38:05.145 25921 25944 I Unity   : [XR] [485728508272] [14:38:05.145][Verbose] Ignoring event type 1000156104
05-15 14:38:05.169 25921 25944 I Unity   : [XR] [485728508272] [14:38:05.169][Verbose] Ignoring event type 1000156103
05-15 14:38:05.170 25921 25944 I Unity   : [XR] [485728508272] [14:38:05.170][Verbose] Ignoring event type 1000156104
05-15 14:38:05.201 25921 25944 I Unity   : [XR] [485728508272] [14:38:05.201][Verbose] Ignoring event type 1000156103
05-15 14:38:05.201 25921 25944 I Unity   : [XR] [485728508272] [14:38:05.201][Verbose] Ignoring event type 1000156104
05-15 14:38:05.234 25921 25944 I Unity   : [XR] [485728508272] [14:38:05.234][Verbose] Ignoring event type 1000156103
05-15 14:38:05.234 25921 25944 I Unity   : [XR] [485728508272] [14:38:05.234][Verbose] Ignoring event type 1000156104
05-15 14:38:05.266 25921 25944 I Unity   : [XR] [485728508272] [14:38:05.266][Verbose] Ignoring event type 1000156103
05-15 14:38:05.266 25921 25944 I Unity   : [XR] [485728508272] [14:38:05.266][Verbose] Ignoring event type 1000156104
05-15 14:38:05.290 25921 25944 I Unity   : [XR] [485728508272] [14:38:05.290][Verbose] Ignoring event type 1000156103
05-15 14:38:05.290 25921 25944 I Unity   : [XR] [485728508272] [14:38:05.290][Verbose] Ignoring event type 1000156104
05-15 14:38:05.323 25921 25944 I Unity   : [XR] [485728508272] [14:38:05.323][Verbose] Ignoring event type 1000156103
05-15 14:38:05.323 25921 25944 I Unity   : [XR] [485728508272] [14:38:05.323][Verbose] Ignoring event type 1000156104
05-15 14:38:05.355 25921 25944 I Unity   : [XR] [485728508272] [14:38:05.354][Verbose] Ignoring event type 1000156103
05-15 14:38:05.355 25921 25944 I Unity   : [XR] [485728508272] [14:38:05.355][Verbose] Ignoring event type 1000156104
05-15 14:38:05.388 25921 25944 I Unity   : [XR] [485728508272] [14:38:05.388][Verbose] Ignoring event type 1000156103
05-15 14:38:05.389 25921 25944 I Unity   : [XR] [485728508272] [14:38:05.389][Verbose] Ignoring event type 1000156104
05-15 14:38:05.411 25921 25944 I Unity   : [XR] [485728508272] [14:38:05.411][Verbose] Ignoring event type 1000156103
05-15 14:38:05.411 25921 25944 I Unity   : [XR] [485728508272] [14:38:05.411][Verbose] Ignoring event type 1000156104
05-15 14:38:05.444 25921 25944 I Unity   : [XR] [485728508272] [14:38:05.444][Verbose] Ignoring event type 1000156103
05-15 14:38:05.444 25921 25944 I Unity   : [XR] [485728508272] [14:38:05.444][Verbose] Ignoring event type 1000156104
05-15 14:38:05.468 25921 25944 I Unity   : [XR] [485728508272] [14:38:05.468][Verbose] Ignoring event type 1000156103
05-15 14:38:05.468 25921 25944 I Unity   : [XR] [485728508272] [14:38:05.468][Verbose] Ignoring event type 1000156104
05-15 14:38:05.501 25921 25944 I Unity   : [XR] [485728508272] [14:38:05.501][Verbose] Ignoring event type 1000156103
05-15 14:38:05.501 25921 25944 I Unity   : [XR] [485728508272] [14:38:05.501][Verbose] Ignoring event type 1000156104
05-15 14:38:05.534 25921 25944 I Unity   : [XR] [485728508272] [14:38:05.534][Verbose] Ignoring event type 1000156103
05-15 14:38:05.534 25921 25944 I Unity   : [XR] [485728508272] [14:38:05.534][Verbose] Ignoring event type 1000156104
05-15 14:38:05.566 25921 25944 I Unity   : [XR] [485728508272] [14:38:05.566][Verbose] Ignoring event type 1000156103
05-15 14:38:05.566 25921 25944 I Unity   : [XR] [485728508272] [14:38:05.566][Verbose] Ignoring event type 1000156104
05-15 14:38:05.598 25921 25944 I Unity   : [XR] [485728508272] [14:38:05.598][Verbose] Ignoring event type 1000156103
05-15 14:38:05.598 25921 25944 I Unity   : [XR] [485728508272] [14:38:05.598][Verbose] Ignoring event type 1000156104
05-15 14:38:05.633 25921 25944 I Unity   : [XR] [485728508272] [14:38:05.633][Verbose] Ignoring event type 1000156103
05-15 14:38:05.633 25921 25944 I Unity   : [XR] [485728508272] [14:38:05.633][Verbose] Ignoring event type 1000156104
05-15 14:38:05.665 25921 25944 I Unity   : [XR] [485728508272] [14:38:05.665][Verbose] Ignoring event type 1000156103
05-15 14:38:05.666 25921 25944 I Unity   : [XR] [485728508272] [14:38:05.666][Verbose] Ignoring event type 1000156104
05-15 14:38:05.687 25921 25944 I Unity   : [XR] [485728508272] [14:38:05.687][Verbose] Ignoring event type 1000156103
05-15 14:38:05.687 25921 25944 I Unity   : [XR] [485728508272] [14:38:05.687][Verbose] Ignoring event type 1000156104
05-15 14:38:05.723 25921 25944 I Unity   : [XR] [485728508272] [14:38:05.723][Verbose] Ignoring event type 1000156103
05-15 14:38:05.723 25921 25944 I Unity   : [XR] [485728508272] [14:38:05.723][Verbose] Ignoring event type 1000156104
05-15 14:38:05.755 25921 25944 I Unity   : [XR] [485728508272] [14:38:05.755][Verbose] Ignoring event type 1000156103
05-15 14:38:05.755 25921 25944 I Unity   : [XR] [485728508272] [14:38:05.755][Verbose] Ignoring event type 1000156104
05-15 14:38:05.776 25921 25944 I Unity   : [XR] [485728508272] [14:38:05.776][Verbose] Ignoring event type 1000156103
05-15 14:38:05.776 25921 25944 I Unity   : [XR] [485728508272] [14:38:05.776][Verbose] Ignoring event type 1000156104
05-15 14:38:05.801 25921 25944 I Unity   : [XR] [485728508272] [14:38:05.801][Verbose] Ignoring event type 1000156103
05-15 14:38:05.801 25921 25944 I Unity   : [XR] [485728508272] [14:38:05.801][Verbose] Ignoring event type 1000156104
05-15 14:38:05.833 25921 25944 I Unity   : [XR] [485728508272] [14:38:05.833][Verbose] Ignoring event type 1000156103
05-15 14:38:05.834 25921 25944 I Unity   : [XR] [485728508272] [14:38:05.834][Verbose] Ignoring event type 1000156104
05-15 14:38:05.866 25921 25944 I Unity   : [XR] [485728508272] [14:38:05.866][Verbose] Ignoring event type 1000156103
05-15 14:38:05.866 25921 25944 I Unity   : [XR] [485728508272] [14:38:05.866][Verbose] Ignoring event type 1000156104
05-15 14:38:05.888 25921 25944 I Unity   : [XR] [485728508272] [14:38:05.888][Verbose] Ignoring event type 1000156103
05-15 14:38:05.888 25921 25944 I Unity   : [XR] [485728508272] [14:38:05.888][Verbose] Ignoring event type 1000156104
05-15 14:38:05.922 25921 25944 I Unity   : [XR] [485728508272] [14:38:05.922][Verbose] Ignoring event type 1000156103
05-15 14:38:05.923 25921 25944 I Unity   : [XR] [485728508272] [14:38:05.923][Verbose] Ignoring event type 1000156104
05-15 14:38:05.944 25921 25944 I Unity   : [XR] [485728508272] [14:38:05.944][Verbose] Ignoring event type 1000156103
05-15 14:38:05.944 25921 25944 I Unity   : [XR] [485728508272] [14:38:05.944][Verbose] Ignoring event type 1000156104
05-15 14:38:05.977 25921 25944 I Unity   : [XR] [485728508272] [14:38:05.977][Verbose] Ignoring event type 1000156103
05-15 14:38:05.977 25921 25944 I Unity   : [XR] [485728508272] [14:38:05.977][Verbose] Ignoring event type 1000156104
05-15 14:38:06.008 25921 26076 I VrApi   : FPS=91/90,Prd=42ms,Tear=0,Early=4,Stale=0,Stale2/5/10/max=0/0/0/0,VSnc=1,Lat=-1,Fov=0,CPU4/GPU=3/2,1651/456MHz,OC=3F,TA=0/0/0,SP=N/N/N,Mem=3196MHz,Free=1359MB,PLS=1,Temp=36.0C/0.0C,TW=1.30ms,App=7.72ms,GD=0.00ms,CPU&GPU=11.56ms,LCnt=2(DR90,LM2),GPU%=0.81,CPU%=0.71(W0.82),DSF=1.00,CFL=11.74/16.43,ICFLp95=15.10,LD=0,SF=1.00,LP=0,DVFS=0
05-15 14:38:06.011 25921 25944 I Unity   : [XR] [485728508272] [14:38:06.011][Verbose] Ignoring event type 1000156103
05-15 14:38:06.011 25921 25944 I Unity   : [XR] [485728508272] [14:38:06.011][Verbose] Ignoring event type 1000156104
05-15 14:38:06.032 25921 25944 I Unity   : [XR] [485728508272] [14:38:06.032][Verbose] Ignoring event type 1000156103
05-15 14:38:06.032 25921 25944 I Unity   : [XR] [485728508272] [14:38:06.032][Verbose] Ignoring event type 1000156104
05-15 14:38:06.066 25921 25944 I Unity   : [XR] [485728508272] [14:38:06.066][Verbose] Ignoring event type 1000156103
05-15 14:38:06.067 25921 25944 I Unity   : [XR] [485728508272] [14:38:06.067][Verbose] Ignoring event type 1000156104
05-15 14:38:06.089 25921 25944 I Unity   : [XR] [485728508272] [14:38:06.089][Verbose] Ignoring event type 1000156103
05-15 14:38:06.089 25921 25944 I Unity   : [XR] [485728508272] [14:38:06.089][Verbose] Ignoring event type 1000156104
05-15 14:38:06.120 25921 25944 I Unity   : [XR] [485728508272] [14:38:06.120][Verbose] Ignoring event type 1000156103
05-15 14:38:06.120 25921 25944 I Unity   : [XR] [485728508272] [14:38:06.120][Verbose] Ignoring event type 1000156104
05-15 14:38:06.154 25921 25944 I Unity   : [XR] [485728508272] [14:38:06.154][Verbose] Ignoring event type 1000156103
05-15 14:38:06.155 25921 25944 I Unity   : [XR] [485728508272] [14:38:06.154][Verbose] Ignoring event type 1000156104
05-15 14:38:06.187 25921 25944 I Unity   : [XR] [485728508272] [14:38:06.187][Verbose] Ignoring event type 1000156103
05-15 14:38:06.187 25921 25944 I Unity   : [XR] [485728508272] [14:38:06.187][Verbose] Ignoring event type 1000156104
05-15 14:38:06.221 25921 25944 I Unity   : [XR] [485728508272] [14:38:06.221][Verbose] Ignoring event type 1000156103
05-15 14:38:06.221 25921 25944 I Unity   : [XR] [485728508272] [14:38:06.221][Verbose] Ignoring event type 1000156104
05-15 14:38:06.243 25921 25944 I Unity   : [XR] [485728508272] [14:38:06.243][Verbose] Ignoring event type 1000156103
05-15 14:38:06.243 25921 25944 I Unity   : [XR] [485728508272] [14:38:06.243][Verbose] Ignoring event type 1000156104
05-15 14:38:06.265 25921 25944 I Unity   : [XR] [485728508272] [14:38:06.265][Verbose] Ignoring event type 1000156103
05-15 14:38:06.265 25921 25944 I Unity   : [XR] [485728508272] [14:38:06.265][Verbose] Ignoring event type 1000156104
05-15 14:38:06.289 25921 25944 I Unity   : [XR] [485728508272] [14:38:06.289][Verbose] Ignoring event type 1000156103
05-15 14:38:06.290 25921 25944 I Unity   : [XR] [485728508272] [14:38:06.290][Verbose] Ignoring event type 1000156104
05-15 14:38:06.323 25921 25944 I Unity   : [XR] [485728508272] [14:38:06.323][Verbose] Ignoring event type 1000156103
05-15 14:38:06.323 25921 25944 I Unity   : [XR] [485728508272] [14:38:06.323][Verbose] Ignoring event type 1000156104
05-15 14:38:06.355 25921 25944 I Unity   : [XR] [485728508272] [14:38:06.355][Verbose] Ignoring event type 1000156103
05-15 14:38:06.355 25921 25944 I Unity   : [XR] [485728508272] [14:38:06.355][Verbose] Ignoring event type 1000156104
05-15 14:38:06.388 25921 25944 I Unity   : [XR] [485728508272] [14:38:06.388][Verbose] Ignoring event type 1000156103
05-15 14:38:06.388 25921 25944 I Unity   : [XR] [485728508272] [14:38:06.388][Verbose] Ignoring event type 1000156104
05-15 14:38:06.420 25921 25944 I Unity   : [XR] [485728508272] [14:38:06.420][Verbose] Ignoring event type 1000156103
05-15 14:38:06.420 25921 25944 I Unity   : [XR] [485728508272] [14:38:06.420][Verbose] Ignoring event type 1000156104
05-15 14:38:06.444 25921 25944 I Unity   : [XR] [485728508272] [14:38:06.444][Verbose] Ignoring event type 1000156103
05-15 14:38:06.444 25921 25944 I Unity   : [XR] [485728508272] [14:38:06.444][Verbose] Ignoring event type 1000156104
05-15 14:38:06.476 25921 25944 I Unity   : [XR] [485728508272] [14:38:06.476][Verbose] Ignoring event type 1000156103
05-15 14:38:06.476 25921 25944 I Unity   : [XR] [485728508272] [14:38:06.476][Verbose] Ignoring event type 1000156104
05-15 14:38:06.500 25921 25944 I Unity   : [XR] [485728508272] [14:38:06.500][Verbose] Ignoring event type 1000156103
05-15 14:38:06.500 25921 25944 I Unity   : [XR] [485728508272] [14:38:06.500][Verbose] Ignoring event type 1000156104
05-15 14:38:06.533 25921 25944 I Unity   : [XR] [485728508272] [14:38:06.533][Verbose] Ignoring event type 1000156103
05-15 14:38:06.533 25921 25944 I Unity   : [XR] [485728508272] [14:38:06.533][Verbose] Ignoring event type 1000156104
05-15 14:38:06.564 25921 25944 I Unity   : [XR] [485728508272] [14:38:06.564][Verbose] Ignoring event type 1000156103
05-15 14:38:06.564 25921 25944 I Unity   : [XR] [485728508272] [14:38:06.564][Verbose] Ignoring event type 1000156104
05-15 14:38:06.588 25921 25944 I Unity   : [XR] [485728508272] [14:38:06.588][Verbose] Ignoring event type 1000156103
05-15 14:38:06.588 25921 25944 I Unity   : [XR] [485728508272] [14:38:06.588][Verbose] Ignoring event type 1000156104
05-15 14:38:06.621 25921 25944 I Unity   : [XR] [485728508272] [14:38:06.621][Verbose] Ignoring event type 1000156103
05-15 14:38:06.621 25921 25944 I Unity   : [XR] [485728508272] [14:38:06.621][Verbose] Ignoring event type 1000156104
05-15 14:38:06.654 25921 25944 I Unity   : [XR] [485728508272] [14:38:06.654][Verbose] Ignoring event type 1000156103
05-15 14:38:06.654 25921 25944 I Unity   : [XR] [485728508272] [14:38:06.654][Verbose] Ignoring event type 1000156104
05-15 14:38:06.687 25921 25944 I Unity   : [XR] [485728508272] [14:38:06.687][Verbose] Ignoring event type 1000156103
05-15 14:38:06.687 25921 25944 I Unity   : [XR] [485728508272] [14:38:06.687][Verbose] Ignoring event type 1000156104
05-15 14:38:06.718 25921 25944 I Unity   : [XR] [485728508272] [14:38:06.718][Verbose] Ignoring event type 1000156103
05-15 14:38:06.718 25921 25944 I Unity   : [XR] [485728508272] [14:38:06.718][Verbose] Ignoring event type 1000156104
05-15 14:38:06.742 25921 25944 I Unity   : [XR] [485728508272] [14:38:06.742][Verbose] Ignoring event type 1000156103
05-15 14:38:06.742 25921 25944 I Unity   : [XR] [485728508272] [14:38:06.742][Verbose] Ignoring event type 1000156104
05-15 14:38:06.766 25921 25944 I Unity   : [XR] [485728508272] [14:38:06.766][Verbose] Ignoring event type 1000156103
05-15 14:38:06.766 25921 25944 I Unity   : [XR] [485728508272] [14:38:06.766][Verbose] Ignoring event type 1000156104
05-15 14:38:06.798 25921 25944 I Unity   : [XR] [485728508272] [14:38:06.798][Verbose] Ignoring event type 1000156103
05-15 14:38:06.798 25921 25944 I Unity   : [XR] [485728508272] [14:38:06.798][Verbose] Ignoring event type 1000156104
05-15 14:38:06.833 25921 25944 I Unity   : [XR] [485728508272] [14:38:06.833][Verbose] Ignoring event type 1000156103
05-15 14:38:06.833 25921 25944 I Unity   : [XR] [485728508272] [14:38:06.833][Verbose] Ignoring event type 1000156104
05-15 14:38:06.854 25921 25944 I Unity   : [XR] [485728508272] [14:38:06.854][Verbose] Ignoring event type 1000156103
05-15 14:38:06.855 25921 25944 I Unity   : [XR] [485728508272] [14:38:06.855][Verbose] Ignoring event type 1000156104
05-15 14:38:06.887 25921 25944 I Unity   : [XR] [485728508272] [14:38:06.887][Verbose] Ignoring event type 1000156103
05-15 14:38:06.887 25921 25944 I Unity   : [XR] [485728508272] [14:38:06.887][Verbose] Ignoring event type 1000156104
05-15 14:38:06.921 25921 25944 I Unity   : [XR] [485728508272] [14:38:06.921][Verbose] Ignoring event type 1000156103
05-15 14:38:06.921 25921 25944 I Unity   : [XR] [485728508272] [14:38:06.921][Verbose] Ignoring event type 1000156104
05-15 14:38:06.953 25921 25944 I Unity   : [XR] [485728508272] [14:38:06.953][Verbose] Ignoring event type 1000156103
05-15 14:38:06.953 25921 25944 I Unity   : [XR] [485728508272] [14:38:06.953][Verbose] Ignoring event type 1000156104
05-15 14:38:06.988 25921 25944 I Unity   : [XR] [485728508272] [14:38:06.988][Verbose] Ignoring event type 1000156103
05-15 14:38:06.988 25921 25944 I Unity   : [XR] [485728508272] [14:38:06.988][Verbose] Ignoring event type 1000156104
05-15 14:38:07.008 25921 26076 I VrApi   : FPS=91/90,Prd=44ms,Tear=0,Early=0,Stale=0,Stale2/5/10/max=0/0/0/0,VSnc=1,Lat=-1,Fov=0,CPU4/GPU=3/2,1651/456MHz,OC=3F,TA=0/0/0,SP=N/N/N,Mem=3196MHz,Free=1359MB,PLS=1,Temp=37.0C/0.0C,TW=1.29ms,App=8.74ms,GD=0.00ms,CPU&GPU=13.66ms,LCnt=2(DR91,LM2),GPU%=0.92,CPU%=0.73(W0.79),DSF=1.00,CFL=11.78/17.07,ICFLp95=15.37,LD=0,SF=1.00,LP=0,DVFS=0
05-15 14:38:07.009 25921 25944 I Unity   : [XR] [485728508272] [14:38:07.009][Verbose] Ignoring event type 1000156103
05-15 14:38:07.010 25921 25944 I Unity   : [XR] [485728508272] [14:38:07.010][Verbose] Ignoring event type 1000156104
05-15 14:38:07.042 25921 25944 I Unity   : [XR] [485728508272] [14:38:07.042][Verbose] Ignoring event type 1000156103
05-15 14:38:07.042 25921 25944 I Unity   : [XR] [485728508272] [14:38:07.042][Verbose] Ignoring event type 1000156104
05-15 14:38:07.074 25921 25944 I Unity   : [XR] [485728508272] [14:38:07.074][Verbose] Ignoring event type 1000156103
05-15 14:38:07.074 25921 25944 I Unity   : [XR] [485728508272] [14:38:07.074][Verbose] Ignoring event type 1000156104
05-15 14:38:07.097 25921 25944 I Unity   : [XR] [485728508272] [14:38:07.097][Verbose] Ignoring event type 1000156103
05-15 14:38:07.097 25921 25944 I Unity   : [XR] [485728508272] [14:38:07.097][Verbose] Ignoring event type 1000156104
05-15 14:38:07.131 25921 25944 I Unity   : [XR] [485728508272] [14:38:07.131][Verbose] Ignoring event type 1000156103
05-15 14:38:07.131 25921 25944 I Unity   : [XR] [485728508272] [14:38:07.131][Verbose] Ignoring event type 1000156104
05-15 14:38:07.164 25921 25944 I Unity   : [XR] [485728508272] [14:38:07.164][Verbose] Ignoring event type 1000156103
05-15 14:38:07.164 25921 25944 I Unity   : [XR] [485728508272] [14:38:07.164][Verbose] Ignoring event type 1000156104
05-15 14:38:07.198 25921 25944 I Unity   : [XR] [485728508272] [14:38:07.198][Verbose] Ignoring event type 1000156103
05-15 14:38:07.199 25921 25944 I Unity   : [XR] [485728508272] [14:38:07.198][Verbose] Ignoring event type 1000156104
05-15 14:38:07.231 25921 25944 I Unity   : [XR] [485728508272] [14:38:07.231][Verbose] Ignoring event type 1000156103
05-15 14:38:07.231 25921 25944 I Unity   : [XR] [485728508272] [14:38:07.231][Verbose] Ignoring event type 1000156104
05-15 14:38:07.255 25921 25944 I Unity   : [XR] [485728508272] [14:38:07.254][Verbose] Ignoring event type 1000156103
05-15 14:38:07.255 25921 25944 I Unity   : [XR] [485728508272] [14:38:07.255][Verbose] Ignoring event type 1000156104
05-15 14:38:07.288 25921 25944 I Unity   : [XR] [485728508272] [14:38:07.288][Verbose] Ignoring event type 1000156103
05-15 14:38:07.288 25921 25944 I Unity   : [XR] [485728508272] [14:38:07.288][Verbose] Ignoring event type 1000156104
05-15 14:38:07.319 25921 25944 I Unity   : [XR] [485728508272] [14:38:07.319][Verbose] Ignoring event type 1000156103
05-15 14:38:07.319 25921 25944 I Unity   : [XR] [485728508272] [14:38:07.319][Verbose] Ignoring event type 1000156104
05-15 14:38:07.355 25921 25944 I Unity   : [XR] [485728508272] [14:38:07.355][Verbose] Ignoring event type 1000156103
05-15 14:38:07.355 25921 25944 I Unity   : [XR] [485728508272] [14:38:07.355][Verbose] Ignoring event type 1000156104
05-15 14:38:07.387 25921 25944 I Unity   : [XR] [485728508272] [14:38:07.387][Verbose] Ignoring event type 1000156103
05-15 14:38:07.387 25921 25944 I Unity   : [XR] [485728508272] [14:38:07.387][Verbose] Ignoring event type 1000156104
05-15 14:38:07.420 25921 25944 I Unity   : [XR] [485728508272] [14:38:07.420][Verbose] Ignoring event type 1000156103
05-15 14:38:07.420 25921 25944 I Unity   : [XR] [485728508272] [14:38:07.420][Verbose] Ignoring event type 1000156104
05-15 14:38:07.442 25921 25944 I Unity   : [XR] [485728508272] [14:38:07.442][Verbose] Ignoring event type 1000156103
05-15 14:38:07.442 25921 25944 I Unity   : [XR] [485728508272] [14:38:07.442][Verbose] Ignoring event type 1000156104
05-15 14:38:07.476 25921 25944 I Unity   : [XR] [485728508272] [14:38:07.476][Verbose] Ignoring event type 1000156103
05-15 14:38:07.477 25921 25944 I Unity   : [XR] [485728508272] [14:38:07.477][Verbose] Ignoring event type 1000156104
05-15 14:38:07.511 25921 25944 I Unity   : [XR] [485728508272] [14:38:07.511][Verbose] Ignoring event type 1000156103
05-15 14:38:07.511 25921 25944 I Unity   : [XR] [485728508272] [14:38:07.511][Verbose] Ignoring event type 1000156104
05-15 14:38:07.532 25921 25944 I Unity   : [XR] [485728508272] [14:38:07.532][Verbose] Ignoring event type 1000156103
05-15 14:38:07.532 25921 25944 I Unity   : [XR] [485728508272] [14:38:07.532][Verbose] Ignoring event type 1000156104
05-15 14:38:07.563 25921 25944 I Unity   : [XR] [485728508272] [14:38:07.563][Verbose] Ignoring event type 1000156103
05-15 14:38:07.563 25921 25944 I Unity   : [XR] [485728508272] [14:38:07.563][Verbose] Ignoring event type 1000156104
05-15 14:38:07.598 25921 25944 I Unity   : [XR] [485728508272] [14:38:07.598][Verbose] Ignoring event type 1000156103
05-15 14:38:07.598 25921 25944 I Unity   : [XR] [485728508272] [14:38:07.598][Verbose] Ignoring event type 1000156104
05-15 14:38:07.631 25921 25944 I Unity   : [XR] [485728508272] [14:38:07.631][Verbose] Ignoring event type 1000156103
05-15 14:38:07.631 25921 25944 I Unity   : [XR] [485728508272] [14:38:07.631][Verbose] Ignoring event type 1000156104
05-15 14:38:07.654 25921 25944 I Unity   : [XR] [485728508272] [14:38:07.654][Verbose] Ignoring event type 1000156103
05-15 14:38:07.654 25921 25944 I Unity   : [XR] [485728508272] [14:38:07.654][Verbose] Ignoring event type 1000156104
05-15 14:38:07.687 25921 25944 I Unity   : [XR] [485728508272] [14:38:07.687][Verbose] Ignoring event type 1000156103
05-15 14:38:07.687 25921 25944 I Unity   : [XR] [485728508272] [14:38:07.687][Verbose] Ignoring event type 1000156104
05-15 14:38:07.720 25921 25944 I Unity   : [XR] [485728508272] [14:38:07.720][Verbose] Ignoring event type 1000156103
05-15 14:38:07.720 25921 25944 I Unity   : [XR] [485728508272] [14:38:07.720][Verbose] Ignoring event type 1000156104
05-15 14:38:07.755 25921 25944 I Unity   : [XR] [485728508272] [14:38:07.755][Verbose] Ignoring event type 1000156103
05-15 14:38:07.755 25921 25944 I Unity   : [XR] [485728508272] [14:38:07.755][Verbose] Ignoring event type 1000156104
05-15 14:38:07.787 25921 25944 I Unity   : [XR] [485728508272] [14:38:07.787][Verbose] Ignoring event type 1000156103
05-15 14:38:07.787 25921 25944 I Unity   : [XR] [485728508272] [14:38:07.787][Verbose] Ignoring event type 1000156104
05-15 14:38:07.820 25921 25944 I Unity   : [XR] [485728508272] [14:38:07.820][Verbose] Ignoring event type 1000156103
05-15 14:38:07.820 25921 25944 I Unity   : [XR] [485728508272] [14:38:07.820][Verbose] Ignoring event type 1000156104
05-15 14:38:07.853 25921 25944 I Unity   : [XR] [485728508272] [14:38:07.853][Verbose] Ignoring event type 1000156103
05-15 14:38:07.853 25921 25944 I Unity   : [XR] [485728508272] [14:38:07.853][Verbose] Ignoring event type 1000156104
05-15 14:38:07.886 25921 25944 I Unity   : [XR] [485728508272] [14:38:07.886][Verbose] Ignoring event type 1000156103
05-15 14:38:07.886 25921 25944 I Unity   : [XR] [485728508272] [14:38:07.886][Verbose] Ignoring event type 1000156104
05-15 14:38:07.920 25921 25944 I Unity   : [XR] [485728508272] [14:38:07.920][Verbose] Ignoring event type 1000156103
05-15 14:38:07.920 25921 25944 I Unity   : [XR] [485728508272] [14:38:07.920][Verbose] Ignoring event type 1000156104
05-15 14:38:07.952 25921 25944 I Unity   : [XR] [485728508272] [14:38:07.952][Verbose] Ignoring event type 1000156103
05-15 14:38:07.952 25921 25944 I Unity   : [XR] [485728508272] [14:38:07.952][Verbose] Ignoring event type 1000156104
