05-15 14:38:58.576 25921 25944 I Unity   : Starting test run 2 for VFX with passthrough True
05-15 14:38:58.576 25921 25944 I Unity   : <ExecuteTests>d__48:MoveNext()
05-15 14:38:58.576 25921 25944 I Unity   : UnityEngine.SetupCoroutine:InvokeMoveNext(IEnumerator, IntPtr)
05-15 14:38:58.576 25921 25944 I Unity   : 
05-15 14:38:58.576 25921 25944 I Unity   : Recording starting VFX-True-2024-05-15_14-38-58
05-15 14:38:58.576 25921 25944 I Unity   : <ExecuteTest>d__49:MoveNext()
05-15 14:38:58.576 25921 25944 I Unity   : UnityEngine.SetupCoroutine:InvokeMoveNext(IEnumerator, IntPtr)
05-15 14:38:58.576 25921 25944 I Unity   : 
05-15 14:38:58.577 25921 25944 I Unity   : Starting recording!
05-15 14:38:58.577 25921 25944 I Unity   : AutomatedTest:StartRecording()
05-15 14:38:58.577 25921 25944 I Unity   : <ExecuteTest>d__49:MoveNext()
05-15 14:38:58.577 25921 25944 I Unity   : UnityEngine.SetupCoroutine:InvokeMoveNext(IEnumerator, IntPtr)
05-15 14:38:58.577 25921 25944 I Unity   : 
05-15 14:38:58.604 25921 25944 I Unity   : [XR] [485728508272] [14:38:58.604][Verbose] Ignoring event type 1000156103
05-15 14:38:58.604 25921 25944 I Unity   : [XR] [485728508272] [14:38:58.604][Verbose] Ignoring event type 1000156104
05-15 14:38:58.637 25921 25944 I Unity   : [XR] [485728508272] [14:38:58.637][Verbose] Ignoring event type 1000156103
05-15 14:38:58.637 25921 25944 I Unity   : [XR] [485728508272] [14:38:58.637][Verbose] Ignoring event type 1000156104
05-15 14:38:58.671 25921 25944 I Unity   : [XR] [485728508272] [14:38:58.671][Verbose] Ignoring event type 1000156103
05-15 14:38:58.671 25921 25944 I Unity   : [XR] [485728508272] [14:38:58.671][Verbose] Ignoring event type 1000156104
05-15 14:38:58.704 25921 25944 I Unity   : [XR] [485728508272] [14:38:58.704][Verbose] Ignoring event type 1000156103
05-15 14:38:58.704 25921 25944 I Unity   : [XR] [485728508272] [14:38:58.704][Verbose] Ignoring event type 1000156104
05-15 14:38:58.737 25921 25944 I Unity   : [XR] [485728508272] [14:38:58.737][Verbose] Ignoring event type 1000156103
05-15 14:38:58.737 25921 25944 I Unity   : [XR] [485728508272] [14:38:58.737][Verbose] Ignoring event type 1000156104
05-15 14:38:58.769 25921 25944 I Unity   : [XR] [485728508272] [14:38:58.769][Verbose] Ignoring event type 1000156103
05-15 14:38:58.769 25921 25944 I Unity   : [XR] [485728508272] [14:38:58.769][Verbose] Ignoring event type 1000156104
05-15 14:38:58.793 25921 25944 I Unity   : [XR] [485728508272] [14:38:58.793][Verbose] Ignoring event type 1000156103
05-15 14:38:58.793 25921 25944 I Unity   : [XR] [485728508272] [14:38:58.793][Verbose] Ignoring event type 1000156104
05-15 14:38:58.826 25921 25944 I Unity   : [XR] [485728508272] [14:38:58.826][Verbose] Ignoring event type 1000156103
05-15 14:38:58.826 25921 25944 I Unity   : [XR] [485728508272] [14:38:58.826][Verbose] Ignoring event type 1000156104
05-15 14:38:58.859 25921 25944 I Unity   : [XR] [485728508272] [14:38:58.859][Verbose] Ignoring event type 1000156103
05-15 14:38:58.859 25921 25944 I Unity   : [XR] [485728508272] [14:38:58.859][Verbose] Ignoring event type 1000156104
05-15 14:38:58.893 25921 25944 I Unity   : [XR] [485728508272] [14:38:58.893][Verbose] Ignoring event type 1000156103
05-15 14:38:58.893 25921 25944 I Unity   : [XR] [485728508272] [14:38:58.893][Verbose] Ignoring event type 1000156104
05-15 14:38:58.926 25921 25944 I Unity   : [XR] [485728508272] [14:38:58.926][Verbose] Ignoring event type 1000156103
05-15 14:38:58.926 25921 25944 I Unity   : [XR] [485728508272] [14:38:58.926][Verbose] Ignoring event type 1000156104
05-15 14:38:58.959 25921 25944 I Unity   : [XR] [485728508272] [14:38:58.959][Verbose] Ignoring event type 1000156103
05-15 14:38:58.959 25921 25944 I Unity   : [XR] [485728508272] [14:38:58.959][Verbose] Ignoring event type 1000156104
05-15 14:38:58.993 25921 25944 I Unity   : [XR] [485728508272] [14:38:58.993][Verbose] Ignoring event type 1000156103
05-15 14:38:58.993 25921 25944 I Unity   : [XR] [485728508272] [14:38:58.993][Verbose] Ignoring event type 1000156104
05-15 14:38:59.025 25921 25944 I Unity   : [XR] [485728508272] [14:38:59.025][Verbose] Ignoring event type 1000156103
05-15 14:38:59.025 25921 25944 I Unity   : [XR] [485728508272] [14:38:59.025][Verbose] Ignoring event type 1000156104
05-15 14:38:59.040 25921 26076 I VrApi   : FPS=91/90,Prd=38ms,Tear=0,Early=20,Stale=0,Stale2/5/10/max=0/0/0/0,VSnc=1,Lat=-1,Fov=0,CPU4/GPU=3/2,1651/456MHz,OC=3F,TA=0/0/0,SP=N/N/N,Mem=2736MHz,Free=1293MB,PLS=1,Temp=38.0C/0.0C,TW=1.34ms,App=3.41ms,GD=0.00ms,CPU&GPU=7.59ms,LCnt=2(DR91,LM2),GPU%=0.45,CPU%=0.69(W0.77),DSF=1.00,CFL=11.80/16.30,ICFLp95=14.98,LD=0,SF=1.00,LP=0,DVFS=0
05-15 14:38:59.059 25921 25944 I Unity   : [XR] [485728508272] [14:38:59.059][Verbose] Ignoring event type 1000156103
05-15 14:38:59.059 25921 25944 I Unity   : [XR] [485728508272] [14:38:59.059][Verbose] Ignoring event type 1000156104
05-15 14:38:59.092 25921 25944 I Unity   : [XR] [485728508272] [14:38:59.092][Verbose] Ignoring event type 1000156103
05-15 14:38:59.092 25921 25944 I Unity   : [XR] [485728508272] [14:38:59.092][Verbose] Ignoring event type 1000156104
05-15 14:38:59.126 25921 25944 I Unity   : [XR] [485728508272] [14:38:59.126][Verbose] Ignoring event type 1000156103
05-15 14:38:59.126 25921 25944 I Unity   : [XR] [485728508272] [14:38:59.126][Verbose] Ignoring event type 1000156104
05-15 14:38:59.148 25921 25944 I Unity   : [XR] [485728508272] [14:38:59.148][Verbose] Ignoring event type 1000156103
05-15 14:38:59.148 25921 25944 I Unity   : [XR] [485728508272] [14:38:59.148][Verbose] Ignoring event type 1000156104
05-15 14:38:59.181 25921 25944 I Unity   : [XR] [485728508272] [14:38:59.181][Verbose] Ignoring event type 1000156103
05-15 14:38:59.181 25921 25944 I Unity   : [XR] [485728508272] [14:38:59.181][Verbose] Ignoring event type 1000156104
05-15 14:38:59.214 25921 25944 I Unity   : [XR] [485728508272] [14:38:59.214][Verbose] Ignoring event type 1000156103
05-15 14:38:59.214 25921 25944 I Unity   : [XR] [485728508272] [14:38:59.214][Verbose] Ignoring event type 1000156104
05-15 14:38:59.248 25921 25944 I Unity   : [XR] [485728508272] [14:38:59.248][Verbose] Ignoring event type 1000156103
05-15 14:38:59.248 25921 25944 I Unity   : [XR] [485728508272] [14:38:59.248][Verbose] Ignoring event type 1000156104
05-15 14:38:59.281 25921 25944 I Unity   : [XR] [485728508272] [14:38:59.281][Verbose] Ignoring event type 1000156103
05-15 14:38:59.281 25921 25944 I Unity   : [XR] [485728508272] [14:38:59.281][Verbose] Ignoring event type 1000156104
05-15 14:38:59.314 25921 25944 I Unity   : [XR] [485728508272] [14:38:59.314][Verbose] Ignoring event type 1000156103
05-15 14:38:59.314 25921 25944 I Unity   : [XR] [485728508272] [14:38:59.314][Verbose] Ignoring event type 1000156104
05-15 14:38:59.336 25921 25944 I Unity   : [XR] [485728508272] [14:38:59.336][Verbose] Ignoring event type 1000156103
05-15 14:38:59.336 25921 25944 I Unity   : [XR] [485728508272] [14:38:59.336][Verbose] Ignoring event type 1000156104
05-15 14:38:59.368 25921 25944 I Unity   : [XR] [485728508272] [14:38:59.368][Verbose] Ignoring event type 1000156103
05-15 14:38:59.368 25921 25944 I Unity   : [XR] [485728508272] [14:38:59.368][Verbose] Ignoring event type 1000156104
05-15 14:38:59.402 25921 25944 I Unity   : [XR] [485728508272] [14:38:59.402][Verbose] Ignoring event type 1000156103
05-15 14:38:59.402 25921 25944 I Unity   : [XR] [485728508272] [14:38:59.402][Verbose] Ignoring event type 1000156104
05-15 14:38:59.437 25921 25944 I Unity   : [XR] [485728508272] [14:38:59.437][Verbose] Ignoring event type 1000156103
05-15 14:38:59.437 25921 25944 I Unity   : [XR] [485728508272] [14:38:59.437][Verbose] Ignoring event type 1000156104
05-15 14:38:59.471 25921 25944 I Unity   : [XR] [485728508272] [14:38:59.471][Verbose] Ignoring event type 1000156103
05-15 14:38:59.471 25921 25944 I Unity   : [XR] [485728508272] [14:38:59.471][Verbose] Ignoring event type 1000156104
05-15 14:38:59.492 25921 25944 I Unity   : [XR] [485728508272] [14:38:59.492][Verbose] Ignoring event type 1000156103
05-15 14:38:59.492 25921 25944 I Unity   : [XR] [485728508272] [14:38:59.492][Verbose] Ignoring event type 1000156104
05-15 14:38:59.525 25921 25944 I Unity   : [XR] [485728508272] [14:38:59.525][Verbose] Ignoring event type 1000156103
05-15 14:38:59.526 25921 25944 I Unity   : [XR] [485728508272] [14:38:59.526][Verbose] Ignoring event type 1000156104
05-15 14:38:59.559 25921 25944 I Unity   : [XR] [485728508272] [14:38:59.559][Verbose] Ignoring event type 1000156103
05-15 14:38:59.559 25921 25944 I Unity   : [XR] [485728508272] [14:38:59.559][Verbose] Ignoring event type 1000156104
05-15 14:38:59.592 25921 25944 I Unity   : [XR] [485728508272] [14:38:59.592][Verbose] Ignoring event type 1000156103
05-15 14:38:59.592 25921 25944 I Unity   : [XR] [485728508272] [14:38:59.592][Verbose] Ignoring event type 1000156104
05-15 14:38:59.625 25921 25944 I Unity   : [XR] [485728508272] [14:38:59.625][Verbose] Ignoring event type 1000156103
05-15 14:38:59.625 25921 25944 I Unity   : [XR] [485728508272] [14:38:59.625][Verbose] Ignoring event type 1000156104
05-15 14:38:59.658 25921 25944 I Unity   : [XR] [485728508272] [14:38:59.658][Verbose] Ignoring event type 1000156103
05-15 14:38:59.658 25921 25944 I Unity   : [XR] [485728508272] [14:38:59.658][Verbose] Ignoring event type 1000156104
05-15 14:38:59.691 25921 25944 I Unity   : [XR] [485728508272] [14:38:59.691][Verbose] Ignoring event type 1000156103
05-15 14:38:59.691 25921 25944 I Unity   : [XR] [485728508272] [14:38:59.691][Verbose] Ignoring event type 1000156104
05-15 14:38:59.726 25921 25944 I Unity   : [XR] [485728508272] [14:38:59.726][Verbose] Ignoring event type 1000156103
05-15 14:38:59.726 25921 25944 I Unity   : [XR] [485728508272] [14:38:59.726][Verbose] Ignoring event type 1000156104
05-15 14:38:59.757 25921 25944 I Unity   : [XR] [485728508272] [14:38:59.757][Verbose] Ignoring event type 1000156103
05-15 14:38:59.757 25921 25944 I Unity   : [XR] [485728508272] [14:38:59.757][Verbose] Ignoring event type 1000156104
05-15 14:38:59.780 25921 25944 I Unity   : [XR] [485728508272] [14:38:59.780][Verbose] Ignoring event type 1000156103
05-15 14:38:59.780 25921 25944 I Unity   : [XR] [485728508272] [14:38:59.780][Verbose] Ignoring event type 1000156104
05-15 14:38:59.813 25921 25944 I Unity   : [XR] [485728508272] [14:38:59.813][Verbose] Ignoring event type 1000156103
05-15 14:38:59.813 25921 25944 I Unity   : [XR] [485728508272] [14:38:59.813][Verbose] Ignoring event type 1000156104
05-15 14:38:59.846 25921 25944 I Unity   : [XR] [485728508272] [14:38:59.846][Verbose] Ignoring event type 1000156103
05-15 14:38:59.846 25921 25944 I Unity   : [XR] [485728508272] [14:38:59.846][Verbose] Ignoring event type 1000156104
05-15 14:38:59.869 25921 25944 I Unity   : [XR] [485728508272] [14:38:59.869][Verbose] Ignoring event type 1000156103
05-15 14:38:59.869 25921 25944 I Unity   : [XR] [485728508272] [14:38:59.869][Verbose] Ignoring event type 1000156104
05-15 14:38:59.892 25921 25944 I Unity   : [XR] [485728508272] [14:38:59.892][Verbose] Ignoring event type 1000156103
05-15 14:38:59.892 25921 25944 I Unity   : [XR] [485728508272] [14:38:59.892][Verbose] Ignoring event type 1000156104
05-15 14:38:59.926 25921 25944 I Unity   : [XR] [485728508272] [14:38:59.926][Verbose] Ignoring event type 1000156103
05-15 14:38:59.926 25921 25944 I Unity   : [XR] [485728508272] [14:38:59.926][Verbose] Ignoring event type 1000156104
05-15 14:38:59.959 25921 25944 I Unity   : [XR] [485728508272] [14:38:59.959][Verbose] Ignoring event type 1000156103
05-15 14:38:59.959 25921 25944 I Unity   : [XR] [485728508272] [14:38:59.959][Verbose] Ignoring event type 1000156104
05-15 14:38:59.991 25921 25944 I Unity   : [XR] [485728508272] [14:38:59.991][Verbose] Ignoring event type 1000156103
05-15 14:38:59.992 25921 25944 I Unity   : [XR] [485728508272] [14:38:59.992][Verbose] Ignoring event type 1000156104
05-15 14:39:00.014 25921 26076 I VrApi   : FPS=90/90,Prd=39ms,Tear=0,Early=26,Stale=1,Stale2/5/10/max=0/0/0/1,VSnc=1,Lat=-1,Fov=0,CPU4/GPU=3/2,1651/456MHz,OC=3F,TA=0/0/0,SP=N/N/N,Mem=3196MHz,Free=1293MB,PLS=1,Temp=38.0C/0.0C,TW=1.30ms,App=5.20ms,GD=0.00ms,CPU&GPU=7.68ms,LCnt=2(DR90,LM2),GPU%=0.58,CPU%=0.70(W0.85),DSF=1.00,CFL=11.91/16.51,ICFLp95=15.07,LD=0,SF=1.00,LP=0,DVFS=0
05-15 14:39:00.025 25921 25944 I Unity   : [XR] [485728508272] [14:39:00.025][Verbose] Ignoring event type 1000156103
05-15 14:39:00.025 25921 25944 I Unity   : [XR] [485728508272] [14:39:00.025][Verbose] Ignoring event type 1000156104
05-15 14:39:00.056 25921 25944 I Unity   : [XR] [485728508272] [14:39:00.056][Verbose] Ignoring event type 1000156103
05-15 14:39:00.056 25921 25944 I Unity   : [XR] [485728508272] [14:39:00.056][Verbose] Ignoring event type 1000156104
05-15 14:39:00.092 25921 25944 I Unity   : [XR] [485728508272] [14:39:00.092][Verbose] Ignoring event type 1000156103
05-15 14:39:00.092 25921 25944 I Unity   : [XR] [485728508272] [14:39:00.092][Verbose] Ignoring event type 1000156104
05-15 14:39:00.124 25921 25944 I Unity   : [XR] [485728508272] [14:39:00.124][Verbose] Ignoring event type 1000156103
05-15 14:39:00.124 25921 25944 I Unity   : [XR] [485728508272] [14:39:00.124][Verbose] Ignoring event type 1000156104
05-15 14:39:00.147 25921 25944 I Unity   : [XR] [485728508272] [14:39:00.147][Verbose] Ignoring event type 1000156103
05-15 14:39:00.148 25921 25944 I Unity   : [XR] [485728508272] [14:39:00.148][Verbose] Ignoring event type 1000156104
05-15 14:39:00.179 25921 25944 I Unity   : [XR] [485728508272] [14:39:00.179][Verbose] Ignoring event type 1000156103
05-15 14:39:00.179 25921 25944 I Unity   : [XR] [485728508272] [14:39:00.179][Verbose] Ignoring event type 1000156104
05-15 14:39:00.203 25921 25944 I Unity   : [XR] [485728508272] [14:39:00.203][Verbose] Ignoring event type 1000156103
05-15 14:39:00.203 25921 25944 I Unity   : [XR] [485728508272] [14:39:00.203][Verbose] Ignoring event type 1000156104
05-15 14:39:00.235 25921 25944 I Unity   : [XR] [485728508272] [14:39:00.235][Verbose] Ignoring event type 1000156103
05-15 14:39:00.235 25921 25944 I Unity   : [XR] [485728508272] [14:39:00.235][Verbose] Ignoring event type 1000156104
05-15 14:39:00.267 25921 25944 I Unity   : [XR] [485728508272] [14:39:00.267][Verbose] Ignoring event type 1000156103
05-15 14:39:00.267 25921 25944 I Unity   : [XR] [485728508272] [14:39:00.267][Verbose] Ignoring event type 1000156104
05-15 14:39:00.291 25921 25944 I Unity   : [XR] [485728508272] [14:39:00.291][Verbose] Ignoring event type 1000156103
05-15 14:39:00.291 25921 25944 I Unity   : [XR] [485728508272] [14:39:00.291][Verbose] Ignoring event type 1000156104
05-15 14:39:00.324 25921 25944 I Unity   : [XR] [485728508272] [14:39:00.323][Verbose] Ignoring event type 1000156103
05-15 14:39:00.324 25921 25944 I Unity   : [XR] [485728508272] [14:39:00.324][Verbose] Ignoring event type 1000156104
05-15 14:39:00.358 25921 25944 I Unity   : [XR] [485728508272] [14:39:00.358][Verbose] Ignoring event type 1000156103
05-15 14:39:00.358 25921 25944 I Unity   : [XR] [485728508272] [14:39:00.358][Verbose] Ignoring event type 1000156104
05-15 14:39:00.391 25921 25944 I Unity   : [XR] [485728508272] [14:39:00.391][Verbose] Ignoring event type 1000156103
05-15 14:39:00.392 25921 25944 I Unity   : [XR] [485728508272] [14:39:00.392][Verbose] Ignoring event type 1000156104
05-15 14:39:00.425 25921 25944 I Unity   : [XR] [485728508272] [14:39:00.425][Verbose] Ignoring event type 1000156103
05-15 14:39:00.425 25921 25944 I Unity   : [XR] [485728508272] [14:39:00.425][Verbose] Ignoring event type 1000156104
05-15 14:39:00.457 25921 25944 I Unity   : [XR] [485728508272] [14:39:00.457][Verbose] Ignoring event type 1000156103
05-15 14:39:00.458 25921 25944 I Unity   : [XR] [485728508272] [14:39:00.458][Verbose] Ignoring event type 1000156104
05-15 14:39:00.490 25921 25944 I Unity   : [XR] [485728508272] [14:39:00.490][Verbose] Ignoring event type 1000156103
05-15 14:39:00.490 25921 25944 I Unity   : [XR] [485728508272] [14:39:00.490][Verbose] Ignoring event type 1000156104
05-15 14:39:00.524 25921 25944 I Unity   : [XR] [485728508272] [14:39:00.524][Verbose] Ignoring event type 1000156103
05-15 14:39:00.525 25921 25944 I Unity   : [XR] [485728508272] [14:39:00.525][Verbose] Ignoring event type 1000156104
05-15 14:39:00.558 25921 25944 I Unity   : [XR] [485728508272] [14:39:00.558][Verbose] Ignoring event type 1000156103
05-15 14:39:00.558 25921 25944 I Unity   : [XR] [485728508272] [14:39:00.558][Verbose] Ignoring event type 1000156104
05-15 14:39:00.591 25921 25944 I Unity   : [XR] [485728508272] [14:39:00.591][Verbose] Ignoring event type 1000156103
05-15 14:39:00.591 25921 25944 I Unity   : [XR] [485728508272] [14:39:00.591][Verbose] Ignoring event type 1000156104
05-15 14:39:00.613 25921 25944 I Unity   : [XR] [485728508272] [14:39:00.613][Verbose] Ignoring event type 1000156103
05-15 14:39:00.613 25921 25944 I Unity   : [XR] [485728508272] [14:39:00.613][Verbose] Ignoring event type 1000156104
05-15 14:39:00.644 25921 25944 I Unity   : [XR] [485728508272] [14:39:00.644][Verbose] Ignoring event type 1000156103
05-15 14:39:00.644 25921 25944 I Unity   : [XR] [485728508272] [14:39:00.644][Verbose] Ignoring event type 1000156104
05-15 14:39:00.668 25921 25944 I Unity   : [XR] [485728508272] [14:39:00.668][Verbose] Ignoring event type 1000156103
05-15 14:39:00.668 25921 25944 I Unity   : [XR] [485728508272] [14:39:00.668][Verbose] Ignoring event type 1000156104
05-15 14:39:00.702 25921 25944 I Unity   : [XR] [485728508272] [14:39:00.702][Verbose] Ignoring event type 1000156103
05-15 14:39:00.702 25921 25944 I Unity   : [XR] [485728508272] [14:39:00.702][Verbose] Ignoring event type 1000156104
05-15 14:39:00.733 25921 25944 I Unity   : [XR] [485728508272] [14:39:00.733][Verbose] Ignoring event type 1000156103
05-15 14:39:00.733 25921 25944 I Unity   : [XR] [485728508272] [14:39:00.733][Verbose] Ignoring event type 1000156104
05-15 14:39:00.767 25921 25944 I Unity   : [XR] [485728508272] [14:39:00.767][Verbose] Ignoring event type 1000156103
05-15 14:39:00.767 25921 25944 I Unity   : [XR] [485728508272] [14:39:00.767][Verbose] Ignoring event type 1000156104
05-15 14:39:00.802 25921 25944 I Unity   : [XR] [485728508272] [14:39:00.802][Verbose] Ignoring event type 1000156103
05-15 14:39:00.802 25921 25944 I Unity   : [XR] [485728508272] [14:39:00.802][Verbose] Ignoring event type 1000156104
05-15 14:39:00.835 25921 25944 I Unity   : [XR] [485728508272] [14:39:00.835][Verbose] Ignoring event type 1000156103
05-15 14:39:00.835 25921 25944 I Unity   : [XR] [485728508272] [14:39:00.835][Verbose] Ignoring event type 1000156104
05-15 14:39:00.858 25921 25944 I Unity   : [XR] [485728508272] [14:39:00.858][Verbose] Ignoring event type 1000156103
05-15 14:39:00.858 25921 25944 I Unity   : [XR] [485728508272] [14:39:00.858][Verbose] Ignoring event type 1000156104
05-15 14:39:00.889 25921 25944 I Unity   : [XR] [485728508272] [14:39:00.889][Verbose] Ignoring event type 1000156103
05-15 14:39:00.889 25921 25944 I Unity   : [XR] [485728508272] [14:39:00.889][Verbose] Ignoring event type 1000156104
05-15 14:39:00.924 25921 25944 I Unity   : [XR] [485728508272] [14:39:00.924][Verbose] Ignoring event type 1000156103
05-15 14:39:00.924 25921 25944 I Unity   : [XR] [485728508272] [14:39:00.924][Verbose] Ignoring event type 1000156104
05-15 14:39:00.957 25921 25944 I Unity   : [XR] [485728508272] [14:39:00.957][Verbose] Ignoring event type 1000156103
05-15 14:39:00.957 25921 25944 I Unity   : [XR] [485728508272] [14:39:00.957][Verbose] Ignoring event type 1000156104
05-15 14:39:00.990 25921 25944 I Unity   : [XR] [485728508272] [14:39:00.990][Verbose] Ignoring event type 1000156103
05-15 14:39:00.990 25921 25944 I Unity   : [XR] [485728508272] [14:39:00.990][Verbose] Ignoring event type 1000156104
05-15 14:39:01.014 25921 26076 I VrApi   : FPS=91/90,Prd=40ms,Tear=0,Early=16,Stale=0,Stale2/5/10/max=0/0/0/0,VSnc=1,Lat=-1,Fov=0,CPU4/GPU=3/2,1651/456MHz,OC=3F,TA=0/0/0,SP=N/N/N,Mem=3196MHz,Free=1293MB,PLS=1,Temp=38.0C/0.0C,TW=1.35ms,App=6.38ms,GD=0.00ms,CPU&GPU=8.79ms,LCnt=2(DR91,LM2),GPU%=0.69,CPU%=0.71(W0.78),DSF=1.00,CFL=11.82/16.74,ICFLp95=15.12,LD=0,SF=1.00,LP=0,DVFS=0
05-15 14:39:01.023 25921 25944 I Unity   : [XR] [485728508272] [14:39:01.023][Verbose] Ignoring event type 1000156103
05-15 14:39:01.023 25921 25944 I Unity   : [XR] [485728508272] [14:39:01.023][Verbose] Ignoring event type 1000156104
05-15 14:39:01.056 25921 25944 I Unity   : [XR] [485728508272] [14:39:01.056][Verbose] Ignoring event type 1000156103
05-15 14:39:01.056 25921 25944 I Unity   : [XR] [485728508272] [14:39:01.056][Verbose] Ignoring event type 1000156104
05-15 14:39:01.078 25921 25944 I Unity   : [XR] [485728508272] [14:39:01.078][Verbose] Ignoring event type 1000156103
05-15 14:39:01.078 25921 25944 I Unity   : [XR] [485728508272] [14:39:01.078][Verbose] Ignoring event type 1000156104
05-15 14:39:01.112 25921 25944 I Unity   : [XR] [485728508272] [14:39:01.112][Verbose] Ignoring event type 1000156103
05-15 14:39:01.113 25921 25944 I Unity   : [XR] [485728508272] [14:39:01.113][Verbose] Ignoring event type 1000156104
05-15 14:39:01.146 25921 25944 I Unity   : [XR] [485728508272] [14:39:01.146][Verbose] Ignoring event type 1000156103
05-15 14:39:01.146 25921 25944 I Unity   : [XR] [485728508272] [14:39:01.146][Verbose] Ignoring event type 1000156104
05-15 14:39:01.179 25921 25944 I Unity   : [XR] [485728508272] [14:39:01.179][Verbose] Ignoring event type 1000156103
05-15 14:39:01.179 25921 25944 I Unity   : [XR] [485728508272] [14:39:01.179][Verbose] Ignoring event type 1000156104
05-15 14:39:01.213 25921 25944 I Unity   : [XR] [485728508272] [14:39:01.213][Verbose] Ignoring event type 1000156103
05-15 14:39:01.213 25921 25944 I Unity   : [XR] [485728508272] [14:39:01.213][Verbose] Ignoring event type 1000156104
05-15 14:39:01.245 25921 25944 I Unity   : [XR] [485728508272] [14:39:01.245][Verbose] Ignoring event type 1000156103
05-15 14:39:01.245 25921 25944 I Unity   : [XR] [485728508272] [14:39:01.245][Verbose] Ignoring event type 1000156104
05-15 14:39:01.277 25921 25944 I Unity   : [XR] [485728508272] [14:39:01.277][Verbose] Ignoring event type 1000156103
05-15 14:39:01.277 25921 25944 I Unity   : [XR] [485728508272] [14:39:01.277][Verbose] Ignoring event type 1000156104
05-15 14:39:01.302 25921 25944 I Unity   : [XR] [485728508272] [14:39:01.302][Verbose] Ignoring event type 1000156103
05-15 14:39:01.302 25921 25944 I Unity   : [XR] [485728508272] [14:39:01.302][Verbose] Ignoring event type 1000156104
05-15 14:39:01.335 25921 25944 I Unity   : [XR] [485728508272] [14:39:01.335][Verbose] Ignoring event type 1000156103
05-15 14:39:01.335 25921 25944 I Unity   : [XR] [485728508272] [14:39:01.335][Verbose] Ignoring event type 1000156104
05-15 14:39:01.368 25921 25944 I Unity   : [XR] [485728508272] [14:39:01.368][Verbose] Ignoring event type 1000156103
05-15 14:39:01.368 25921 25944 I Unity   : [XR] [485728508272] [14:39:01.368][Verbose] Ignoring event type 1000156104
05-15 14:39:01.400 25921 25944 I Unity   : [XR] [485728508272] [14:39:01.400][Verbose] Ignoring event type 1000156103
05-15 14:39:01.400 25921 25944 I Unity   : [XR] [485728508272] [14:39:01.400][Verbose] Ignoring event type 1000156104
05-15 14:39:01.434 25921 25944 I Unity   : [XR] [485728508272] [14:39:01.434][Verbose] Ignoring event type 1000156103
05-15 14:39:01.434 25921 25944 I Unity   : [XR] [485728508272] [14:39:01.434][Verbose] Ignoring event type 1000156104
05-15 14:39:01.456 25921 25944 I Unity   : [XR] [485728508272] [14:39:01.456][Verbose] Ignoring event type 1000156103
05-15 14:39:01.457 25921 25944 I Unity   : [XR] [485728508272] [14:39:01.457][Verbose] Ignoring event type 1000156104
05-15 14:39:01.490 25921 25944 I Unity   : [XR] [485728508272] [14:39:01.490][Verbose] Ignoring event type 1000156103
05-15 14:39:01.490 25921 25944 I Unity   : [XR] [485728508272] [14:39:01.490][Verbose] Ignoring event type 1000156104
05-15 14:39:01.524 25921 25944 I Unity   : [XR] [485728508272] [14:39:01.524][Verbose] Ignoring event type 1000156103
05-15 14:39:01.524 25921 25944 I Unity   : [XR] [485728508272] [14:39:01.524][Verbose] Ignoring event type 1000156104
05-15 14:39:01.555 25921 25944 I Unity   : [XR] [485728508272] [14:39:01.555][Verbose] Ignoring event type 1000156103
05-15 14:39:01.555 25921 25944 I Unity   : [XR] [485728508272] [14:39:01.555][Verbose] Ignoring event type 1000156104
05-15 14:39:01.590 25921 25944 I Unity   : [XR] [485728508272] [14:39:01.590][Verbose] Ignoring event type 1000156103
05-15 14:39:01.590 25921 25944 I Unity   : [XR] [485728508272] [14:39:01.590][Verbose] Ignoring event type 1000156104
05-15 14:39:01.624 25921 25944 I Unity   : [XR] [485728508272] [14:39:01.624][Verbose] Ignoring event type 1000156103
05-15 14:39:01.624 25921 25944 I Unity   : [XR] [485728508272] [14:39:01.624][Verbose] Ignoring event type 1000156104
05-15 14:39:01.646 25921 25944 I Unity   : [XR] [485728508272] [14:39:01.646][Verbose] Ignoring event type 1000156103
05-15 14:39:01.646 25921 25944 I Unity   : [XR] [485728508272] [14:39:01.646][Verbose] Ignoring event type 1000156104
05-15 14:39:01.678 25921 25944 I Unity   : [XR] [485728508272] [14:39:01.678][Verbose] Ignoring event type 1000156103
05-15 14:39:01.678 25921 25944 I Unity   : [XR] [485728508272] [14:39:01.678][Verbose] Ignoring event type 1000156104
05-15 14:39:01.702 25921 25944 I Unity   : [XR] [485728508272] [14:39:01.702][Verbose] Ignoring event type 1000156103
05-15 14:39:01.702 25921 25944 I Unity   : [XR] [485728508272] [14:39:01.702][Verbose] Ignoring event type 1000156104
05-15 14:39:01.735 25921 25944 I Unity   : [XR] [485728508272] [14:39:01.735][Verbose] Ignoring event type 1000156103
05-15 14:39:01.735 25921 25944 I Unity   : [XR] [485728508272] [14:39:01.735][Verbose] Ignoring event type 1000156104
05-15 14:39:01.767 25921 25944 I Unity   : [XR] [485728508272] [14:39:01.767][Verbose] Ignoring event type 1000156103
05-15 14:39:01.767 25921 25944 I Unity   : [XR] [485728508272] [14:39:01.767][Verbose] Ignoring event type 1000156104
05-15 14:39:01.790 25921 25944 I Unity   : [XR] [485728508272] [14:39:01.790][Verbose] Ignoring event type 1000156103
05-15 14:39:01.790 25921 25944 I Unity   : [XR] [485728508272] [14:39:01.790][Verbose] Ignoring event type 1000156104
05-15 14:39:01.823 25921 25944 I Unity   : [XR] [485728508272] [14:39:01.823][Verbose] Ignoring event type 1000156103
05-15 14:39:01.823 25921 25944 I Unity   : [XR] [485728508272] [14:39:01.823][Verbose] Ignoring event type 1000156104
05-15 14:39:01.855 25921 25944 I Unity   : [XR] [485728508272] [14:39:01.855][Verbose] Ignoring event type 1000156103
05-15 14:39:01.855 25921 25944 I Unity   : [XR] [485728508272] [14:39:01.855][Verbose] Ignoring event type 1000156104
05-15 14:39:01.878 25921 25944 I Unity   : [XR] [485728508272] [14:39:01.878][Verbose] Ignoring event type 1000156103
05-15 14:39:01.878 25921 25944 I Unity   : [XR] [485728508272] [14:39:01.878][Verbose] Ignoring event type 1000156104
05-15 14:39:01.913 25921 25944 I Unity   : [XR] [485728508272] [14:39:01.913][Verbose] Ignoring event type 1000156103
05-15 14:39:01.913 25921 25944 I Unity   : [XR] [485728508272] [14:39:01.913][Verbose] Ignoring event type 1000156104
05-15 14:39:01.946 25921 25944 I Unity   : [XR] [485728508272] [14:39:01.946][Verbose] Ignoring event type 1000156103
05-15 14:39:01.947 25921 25944 I Unity   : [XR] [485728508272] [14:39:01.947][Verbose] Ignoring event type 1000156104
05-15 14:39:01.976 25921 25944 I Unity   : [XR] [485728508272] [14:39:01.976][Verbose] Ignoring event type 1000156103
05-15 14:39:01.976 25921 25944 I Unity   : [XR] [485728508272] [14:39:01.976][Verbose] Ignoring event type 1000156104
05-15 14:39:02.009 25921 25944 I Unity   : [XR] [485728508272] [14:39:02.009][Verbose] Ignoring event type 1000156103
05-15 14:39:02.009 25921 25944 I Unity   : [XR] [485728508272] [14:39:02.009][Verbose] Ignoring event type 1000156104
05-15 14:39:02.014 25921 26076 I VrApi   : FPS=91/90,Prd=41ms,Tear=0,Early=18,Stale=0,Stale2/5/10/max=0/0/0/0,VSnc=1,Lat=-1,Fov=0,CPU4/GPU=3/2,1651/456MHz,OC=3F,TA=0/0/0,SP=N/N/N,Mem=2736MHz,Free=1293MB,PLS=1,Temp=38.0C/0.0C,TW=1.28ms,App=6.94ms,GD=0.00ms,CPU&GPU=10.93ms,LCnt=2(DR90,LM2),GPU%=0.75,CPU%=0.67(W0.68),DSF=1.00,CFL=12.24/16.31,ICFLp95=15.24,LD=0,SF=1.00,LP=0,DVFS=0
05-15 14:39:02.034 25921 25944 I Unity   : [XR] [485728508272] [14:39:02.034][Verbose] Ignoring event type 1000156103
05-15 14:39:02.034 25921 25944 I Unity   : [XR] [485728508272] [14:39:02.034][Verbose] Ignoring event type 1000156104
05-15 14:39:02.065 25921 25944 I Unity   : [XR] [485728508272] [14:39:02.065][Verbose] Ignoring event type 1000156103
05-15 14:39:02.065 25921 25944 I Unity   : [XR] [485728508272] [14:39:02.065][Verbose] Ignoring event type 1000156104
05-15 14:39:02.089 25921 25944 I Unity   : [XR] [485728508272] [14:39:02.089][Verbose] Ignoring event type 1000156103
05-15 14:39:02.089 25921 25944 I Unity   : [XR] [485728508272] [14:39:02.089][Verbose] Ignoring event type 1000156104
05-15 14:39:02.111 25921 25944 I Unity   : [XR] [485728508272] [14:39:02.111][Verbose] Ignoring event type 1000156103
05-15 14:39:02.111 25921 25944 I Unity   : [XR] [485728508272] [14:39:02.111][Verbose] Ignoring event type 1000156104
05-15 14:39:02.133 25921 25944 I Unity   : [XR] [485728508272] [14:39:02.133][Verbose] Ignoring event type 1000156103
05-15 14:39:02.134 25921 25944 I Unity   : [XR] [485728508272] [14:39:02.134][Verbose] Ignoring event type 1000156104
05-15 14:39:02.165 25921 25944 I Unity   : [XR] [485728508272] [14:39:02.165][Verbose] Ignoring event type 1000156103
05-15 14:39:02.165 25921 25944 I Unity   : [XR] [485728508272] [14:39:02.165][Verbose] Ignoring event type 1000156104
05-15 14:39:02.188 25921 25944 I Unity   : [XR] [485728508272] [14:39:02.188][Verbose] Ignoring event type 1000156103
05-15 14:39:02.188 25921 25944 I Unity   : [XR] [485728508272] [14:39:02.188][Verbose] Ignoring event type 1000156104
05-15 14:39:02.221 25921 25944 I Unity   : [XR] [485728508272] [14:39:02.221][Verbose] Ignoring event type 1000156103
05-15 14:39:02.221 25921 25944 I Unity   : [XR] [485728508272] [14:39:02.221][Verbose] Ignoring event type 1000156104
05-15 14:39:02.256 25921 25944 I Unity   : [XR] [485728508272] [14:39:02.256][Verbose] Ignoring event type 1000156103
05-15 14:39:02.256 25921 25944 I Unity   : [XR] [485728508272] [14:39:02.256][Verbose] Ignoring event type 1000156104
05-15 14:39:02.289 25921 25944 I Unity   : [XR] [485728508272] [14:39:02.289][Verbose] Ignoring event type 1000156103
05-15 14:39:02.289 25921 25944 I Unity   : [XR] [485728508272] [14:39:02.289][Verbose] Ignoring event type 1000156104
05-15 14:39:02.311 25921 25944 I Unity   : [XR] [485728508272] [14:39:02.311][Verbose] Ignoring event type 1000156103
05-15 14:39:02.311 25921 25944 I Unity   : [XR] [485728508272] [14:39:02.311][Verbose] Ignoring event type 1000156104
05-15 14:39:02.334 25921 25944 I Unity   : [XR] [485728508272] [14:39:02.334][Verbose] Ignoring event type 1000156103
05-15 14:39:02.334 25921 25944 I Unity   : [XR] [485728508272] [14:39:02.334][Verbose] Ignoring event type 1000156104
05-15 14:39:02.367 25921 25944 I Unity   : [XR] [485728508272] [14:39:02.367][Verbose] Ignoring event type 1000156103
05-15 14:39:02.367 25921 25944 I Unity   : [XR] [485728508272] [14:39:02.367][Verbose] Ignoring event type 1000156104
05-15 14:39:02.389 25921 25944 I Unity   : [XR] [485728508272] [14:39:02.389][Verbose] Ignoring event type 1000156103
05-15 14:39:02.389 25921 25944 I Unity   : [XR] [485728508272] [14:39:02.389][Verbose] Ignoring event type 1000156104
05-15 14:39:02.423 25921 25944 I Unity   : [XR] [485728508272] [14:39:02.423][Verbose] Ignoring event type 1000156103
05-15 14:39:02.423 25921 25944 I Unity   : [XR] [485728508272] [14:39:02.423][Verbose] Ignoring event type 1000156104
05-15 14:39:02.455 25921 25944 I Unity   : [XR] [485728508272] [14:39:02.455][Verbose] Ignoring event type 1000156103
05-15 14:39:02.455 25921 25944 I Unity   : [XR] [485728508272] [14:39:02.455][Verbose] Ignoring event type 1000156104
05-15 14:39:02.488 25921 25944 I Unity   : [XR] [485728508272] [14:39:02.488][Verbose] Ignoring event type 1000156103
05-15 14:39:02.488 25921 25944 I Unity   : [XR] [485728508272] [14:39:02.488][Verbose] Ignoring event type 1000156104
05-15 14:39:02.508 25921 25944 I Unity   : [XR] [485728508272] [14:39:02.508][Verbose] Ignoring event type 1000156103
05-15 14:39:02.508 25921 25944 I Unity   : [XR] [485728508272] [14:39:02.508][Verbose] Ignoring event type 1000156104
05-15 14:39:02.533 25921 25944 I Unity   : [XR] [485728508272] [14:39:02.533][Verbose] Ignoring event type 1000156103
05-15 14:39:02.533 25921 25944 I Unity   : [XR] [485728508272] [14:39:02.533][Verbose] Ignoring event type 1000156104
05-15 14:39:02.566 25921 25944 I Unity   : [XR] [485728508272] [14:39:02.566][Verbose] Ignoring event type 1000156103
05-15 14:39:02.566 25921 25944 I Unity   : [XR] [485728508272] [14:39:02.566][Verbose] Ignoring event type 1000156104
05-15 14:39:02.599 25921 25944 I Unity   : [XR] [485728508272] [14:39:02.599][Verbose] Ignoring event type 1000156103
05-15 14:39:02.599 25921 25944 I Unity   : [XR] [485728508272] [14:39:02.599][Verbose] Ignoring event type 1000156104
05-15 14:39:02.632 25921 25944 I Unity   : [XR] [485728508272] [14:39:02.632][Verbose] Ignoring event type 1000156103
05-15 14:39:02.632 25921 25944 I Unity   : [XR] [485728508272] [14:39:02.632][Verbose] Ignoring event type 1000156104
05-15 14:39:02.656 25921 25944 I Unity   : [XR] [485728508272] [14:39:02.656][Verbose] Ignoring event type 1000156103
05-15 14:39:02.656 25921 25944 I Unity   : [XR] [485728508272] [14:39:02.656][Verbose] Ignoring event type 1000156104
05-15 14:39:02.689 25921 25944 I Unity   : [XR] [485728508272] [14:39:02.689][Verbose] Ignoring event type 1000156103
05-15 14:39:02.690 25921 25944 I Unity   : [XR] [485728508272] [14:39:02.689][Verbose] Ignoring event type 1000156104
05-15 14:39:02.721 25921 25944 I Unity   : [XR] [485728508272] [14:39:02.721][Verbose] Ignoring event type 1000156103
05-15 14:39:02.722 25921 25944 I Unity   : [XR] [485728508272] [14:39:02.722][Verbose] Ignoring event type 1000156104
05-15 14:39:02.744 25921 25944 I Unity   : [XR] [485728508272] [14:39:02.744][Verbose] Ignoring event type 1000156103
05-15 14:39:02.744 25921 25944 I Unity   : [XR] [485728508272] [14:39:02.744][Verbose] Ignoring event type 1000156104
05-15 14:39:02.765 25921 25944 I Unity   : [XR] [485728508272] [14:39:02.765][Verbose] Ignoring event type 1000156103
05-15 14:39:02.765 25921 25944 I Unity   : [XR] [485728508272] [14:39:02.765][Verbose] Ignoring event type 1000156104
05-15 14:39:02.800 25921 25944 I Unity   : [XR] [485728508272] [14:39:02.800][Verbose] Ignoring event type 1000156103
05-15 14:39:02.800 25921 25944 I Unity   : [XR] [485728508272] [14:39:02.800][Verbose] Ignoring event type 1000156104
05-15 14:39:02.832 25921 25944 I Unity   : [XR] [485728508272] [14:39:02.832][Verbose] Ignoring event type 1000156103
05-15 14:39:02.833 25921 25944 I Unity   : [XR] [485728508272] [14:39:02.833][Verbose] Ignoring event type 1000156104
05-15 14:39:02.856 25921 25944 I Unity   : [XR] [485728508272] [14:39:02.856][Verbose] Ignoring event type 1000156103
05-15 14:39:02.857 25921 25944 I Unity   : [XR] [485728508272] [14:39:02.857][Verbose] Ignoring event type 1000156104
05-15 14:39:02.888 25921 25944 I Unity   : [XR] [485728508272] [14:39:02.888][Verbose] Ignoring event type 1000156103
05-15 14:39:02.888 25921 25944 I Unity   : [XR] [485728508272] [14:39:02.888][Verbose] Ignoring event type 1000156104
05-15 14:39:02.911 25921 25944 I Unity   : [XR] [485728508272] [14:39:02.911][Verbose] Ignoring event type 1000156103
05-15 14:39:02.911 25921 25944 I Unity   : [XR] [485728508272] [14:39:02.911][Verbose] Ignoring event type 1000156104
05-15 14:39:02.944 25921 25944 I Unity   : [XR] [485728508272] [14:39:02.944][Verbose] Ignoring event type 1000156103
05-15 14:39:02.945 25921 25944 I Unity   : [XR] [485728508272] [14:39:02.945][Verbose] Ignoring event type 1000156104
05-15 14:39:02.976 25921 25944 I Unity   : [XR] [485728508272] [14:39:02.976][Verbose] Ignoring event type 1000156103
05-15 14:39:02.976 25921 25944 I Unity   : [XR] [485728508272] [14:39:02.976][Verbose] Ignoring event type 1000156104
05-15 14:39:03.011 25921 25944 I Unity   : [XR] [485728508272] [14:39:03.011][Verbose] Ignoring event type 1000156103
05-15 14:39:03.011 25921 25944 I Unity   : [XR] [485728508272] [14:39:03.011][Verbose] Ignoring event type 1000156104
05-15 14:39:03.014 25921 26076 I VrApi   : FPS=91/90,Prd=42ms,Tear=1,Early=10,Stale=0,Stale2/5/10/max=0/0/0/0,VSnc=1,Lat=-1,Fov=0,CPU4/GPU=3/2,1651/456MHz,OC=3F,TA=0/0/0,SP=N/N/N,Mem=2736MHz,Free=1293MB,PLS=1,Temp=38.0C/0.0C,TW=1.28ms,App=7.71ms,GD=0.00ms,CPU&GPU=11.77ms,LCnt=2(DR91,LM2),GPU%=0.82,CPU%=0.70(W0.75),DSF=1.00,CFL=11.96/17.24,ICFLp95=15.82,LD=0,SF=1.00,LP=0,DVFS=0
05-15 14:39:03.044 25921 25944 I Unity   : [XR] [485728508272] [14:39:03.044][Verbose] Ignoring event type 1000156103
05-15 14:39:03.044 25921 25944 I Unity   : [XR] [485728508272] [14:39:03.044][Verbose] Ignoring event type 1000156104
05-15 14:39:03.076 25921 25944 I Unity   : [XR] [485728508272] [14:39:03.076][Verbose] Ignoring event type 1000156103
05-15 14:39:03.076 25921 25944 I Unity   : [XR] [485728508272] [14:39:03.076][Verbose] Ignoring event type 1000156104
05-15 14:39:03.099 25921 25944 I Unity   : [XR] [485728508272] [14:39:03.099][Verbose] Ignoring event type 1000156103
05-15 14:39:03.099 25921 25944 I Unity   : [XR] [485728508272] [14:39:03.099][Verbose] Ignoring event type 1000156104
05-15 14:39:03.133 25921 25944 I Unity   : [XR] [485728508272] [14:39:03.133][Verbose] Ignoring event type 1000156103
05-15 14:39:03.133 25921 25944 I Unity   : [XR] [485728508272] [14:39:03.133][Verbose] Ignoring event type 1000156104
05-15 14:39:03.153 25921 25944 I Unity   : [XR] [485728508272] [14:39:03.153][Verbose] Ignoring event type 1000156103
05-15 14:39:03.153 25921 25944 I Unity   : [XR] [485728508272] [14:39:03.153][Verbose] Ignoring event type 1000156104
05-15 14:39:03.178 25921 25944 I Unity   : [XR] [485728508272] [14:39:03.178][Verbose] Ignoring event type 1000156103
05-15 14:39:03.178 25921 25944 I Unity   : [XR] [485728508272] [14:39:03.178][Verbose] Ignoring event type 1000156104
05-15 14:39:03.211 25921 25944 I Unity   : [XR] [485728508272] [14:39:03.211][Verbose] Ignoring event type 1000156103
05-15 14:39:03.212 25921 25944 I Unity   : [XR] [485728508272] [14:39:03.212][Verbose] Ignoring event type 1000156104
05-15 14:39:03.244 25921 25944 I Unity   : [XR] [485728508272] [14:39:03.244][Verbose] Ignoring event type 1000156103
05-15 14:39:03.244 25921 25944 I Unity   : [XR] [485728508272] [14:39:03.244][Verbose] Ignoring event type 1000156104
05-15 14:39:03.276 25921 25944 I Unity   : [XR] [485728508272] [14:39:03.276][Verbose] Ignoring event type 1000156103
05-15 14:39:03.276 25921 25944 I Unity   : [XR] [485728508272] [14:39:03.276][Verbose] Ignoring event type 1000156104
05-15 14:39:03.310 25921 25944 I Unity   : [XR] [485728508272] [14:39:03.310][Verbose] Ignoring event type 1000156103
05-15 14:39:03.310 25921 25944 I Unity   : [XR] [485728508272] [14:39:03.310][Verbose] Ignoring event type 1000156104
05-15 14:39:03.332 25921 25944 I Unity   : [XR] [485728508272] [14:39:03.332][Verbose] Ignoring event type 1000156103
05-15 14:39:03.333 25921 25944 I Unity   : [XR] [485728508272] [14:39:03.333][Verbose] Ignoring event type 1000156104
05-15 14:39:03.366 25921 25944 I Unity   : [XR] [485728508272] [14:39:03.366][Verbose] Ignoring event type 1000156103
05-15 14:39:03.366 25921 25944 I Unity   : [XR] [485728508272] [14:39:03.366][Verbose] Ignoring event type 1000156104
05-15 14:39:03.388 25921 25944 I Unity   : [XR] [485728508272] [14:39:03.388][Verbose] Ignoring event type 1000156103
05-15 14:39:03.388 25921 25944 I Unity   : [XR] [485728508272] [14:39:03.388][Verbose] Ignoring event type 1000156104
05-15 14:39:03.410 25921 25944 I Unity   : [XR] [485728508272] [14:39:03.410][Verbose] Ignoring event type 1000156103
05-15 14:39:03.410 25921 25944 I Unity   : [XR] [485728508272] [14:39:03.410][Verbose] Ignoring event type 1000156104
05-15 14:39:03.444 25921 25944 I Unity   : [XR] [485728508272] [14:39:03.444][Verbose] Ignoring event type 1000156103
05-15 14:39:03.444 25921 25944 I Unity   : [XR] [485728508272] [14:39:03.444][Verbose] Ignoring event type 1000156104
05-15 14:39:03.467 25921 25944 I Unity   : [XR] [485728508272] [14:39:03.467][Verbose] Ignoring event type 1000156103
05-15 14:39:03.468 25921 25944 I Unity   : [XR] [485728508272] [14:39:03.467][Verbose] Ignoring event type 1000156104
05-15 14:39:03.489 25921 25944 I Unity   : [XR] [485728508272] [14:39:03.489][Verbose] Ignoring event type 1000156103
05-15 14:39:03.489 25921 25944 I Unity   : [XR] [485728508272] [14:39:03.489][Verbose] Ignoring event type 1000156104
05-15 14:39:03.521 25921 25944 I Unity   : [XR] [485728508272] [14:39:03.521][Verbose] Ignoring event type 1000156103
05-15 14:39:03.521 25921 25944 I Unity   : [XR] [485728508272] [14:39:03.521][Verbose] Ignoring event type 1000156104
05-15 14:39:03.555 25921 25944 I Unity   : [XR] [485728508272] [14:39:03.555][Verbose] Ignoring event type 1000156103
05-15 14:39:03.555 25921 25944 I Unity   : [XR] [485728508272] [14:39:03.555][Verbose] Ignoring event type 1000156104
05-15 14:39:03.576 25921 25944 I Unity   : [XR] [485728508272] [14:39:03.576][Verbose] Ignoring event type 1000156103
05-15 14:39:03.576 25921 25944 I Unity   : [XR] [485728508272] [14:39:03.576][Verbose] Ignoring event type 1000156104
05-15 14:39:03.611 25921 25944 I Unity   : [XR] [485728508272] [14:39:03.611][Verbose] Ignoring event type 1000156103
05-15 14:39:03.611 25921 25944 I Unity   : [XR] [485728508272] [14:39:03.611][Verbose] Ignoring event type 1000156104
05-15 14:39:03.644 25921 25944 I Unity   : [XR] [485728508272] [14:39:03.644][Verbose] Ignoring event type 1000156103
05-15 14:39:03.644 25921 25944 I Unity   : [XR] [485728508272] [14:39:03.644][Verbose] Ignoring event type 1000156104
05-15 14:39:03.676 25921 25944 I Unity   : [XR] [485728508272] [14:39:03.676][Verbose] Ignoring event type 1000156103
05-15 14:39:03.676 25921 25944 I Unity   : [XR] [485728508272] [14:39:03.676][Verbose] Ignoring event type 1000156104
05-15 14:39:03.712 25921 25944 I Unity   : [XR] [485728508272] [14:39:03.712][Verbose] Ignoring event type 1000156103
05-15 14:39:03.712 25921 25944 I Unity   : [XR] [485728508272] [14:39:03.712][Verbose] Ignoring event type 1000156104
05-15 14:39:03.744 25921 25944 I Unity   : [XR] [485728508272] [14:39:03.744][Verbose] Ignoring event type 1000156103
05-15 14:39:03.744 25921 25944 I Unity   : [XR] [485728508272] [14:39:03.744][Verbose] Ignoring event type 1000156104
05-15 14:39:03.764 25921 25944 I Unity   : [XR] [485728508272] [14:39:03.764][Verbose] Ignoring event type 1000156103
05-15 14:39:03.764 25921 25944 I Unity   : [XR] [485728508272] [14:39:03.764][Verbose] Ignoring event type 1000156104
05-15 14:39:03.789 25921 25944 I Unity   : [XR] [485728508272] [14:39:03.789][Verbose] Ignoring event type 1000156103
05-15 14:39:03.789 25921 25944 I Unity   : [XR] [485728508272] [14:39:03.789][Verbose] Ignoring event type 1000156104
05-15 14:39:03.822 25921 25944 I Unity   : [XR] [485728508272] [14:39:03.822][Verbose] Ignoring event type 1000156103
05-15 14:39:03.822 25921 25944 I Unity   : [XR] [485728508272] [14:39:03.822][Verbose] Ignoring event type 1000156104
05-15 14:39:03.844 25921 25944 I Unity   : [XR] [485728508272] [14:39:03.844][Verbose] Ignoring event type 1000156103
05-15 14:39:03.844 25921 25944 I Unity   : [XR] [485728508272] [14:39:03.844][Verbose] Ignoring event type 1000156104
05-15 14:39:03.877 25921 25944 I Unity   : [XR] [485728508272] [14:39:03.877][Verbose] Ignoring event type 1000156103
05-15 14:39:03.877 25921 25944 I Unity   : [XR] [485728508272] [14:39:03.877][Verbose] Ignoring event type 1000156104
05-15 14:39:03.898 25921 25944 I Unity   : [XR] [485728508272] [14:39:03.898][Verbose] Ignoring event type 1000156103
05-15 14:39:03.898 25921 25944 I Unity   : [XR] [485728508272] [14:39:03.898][Verbose] Ignoring event type 1000156104
05-15 14:39:03.933 25921 25944 I Unity   : [XR] [485728508272] [14:39:03.933][Verbose] Ignoring event type 1000156103
05-15 14:39:03.933 25921 25944 I Unity   : [XR] [485728508272] [14:39:03.933][Verbose] Ignoring event type 1000156104
05-15 14:39:03.966 25921 25944 I Unity   : [XR] [485728508272] [14:39:03.966][Verbose] Ignoring event type 1000156103
05-15 14:39:03.966 25921 25944 I Unity   : [XR] [485728508272] [14:39:03.966][Verbose] Ignoring event type 1000156104
05-15 14:39:04.001 25921 25944 I Unity   : [XR] [485728508272] [14:39:04.001][Verbose] Ignoring event type 1000156103
05-15 14:39:04.001 25921 25944 I Unity   : [XR] [485728508272] [14:39:04.001][Verbose] Ignoring event type 1000156104
05-15 14:39:04.014 25921 26076 I VrApi   : FPS=91/90,Prd=43ms,Tear=0,Early=0,Stale=0,Stale2/5/10/max=0/0/0/0,VSnc=1,Lat=-1,Fov=0,CPU4/GPU=3/2,1651/456MHz,OC=3F,TA=0/0/0,SP=N/N/N,Mem=3196MHz,Free=1293MB,PLS=1,Temp=38.0C/0.0C,TW=1.27ms,App=8.51ms,GD=0.00ms,CPU&GPU=12.83ms,LCnt=2(DR91,LM2),GPU%=0.88,CPU%=0.61(W0.65),DSF=1.00,CFL=12.07/16.72,ICFLp95=15.60,LD=0,SF=1.00,LP=0,DVFS=0
05-15 14:39:04.033 25921 25944 I Unity   : [XR] [485728508272] [14:39:04.033][Verbose] Ignoring event type 1000156103
05-15 14:39:04.033 25921 25944 I Unity   : [XR] [485728508272] [14:39:04.033][Verbose] Ignoring event type 1000156104
05-15 14:39:04.056 25921 25944 I Unity   : [XR] [485728508272] [14:39:04.056][Verbose] Ignoring event type 1000156103
05-15 14:39:04.056 25921 25944 I Unity   : [XR] [485728508272] [14:39:04.056][Verbose] Ignoring event type 1000156104
05-15 14:39:04.089 25921 25944 I Unity   : [XR] [485728508272] [14:39:04.089][Verbose] Ignoring event type 1000156103
05-15 14:39:04.089 25921 25944 I Unity   : [XR] [485728508272] [14:39:04.089][Verbose] Ignoring event type 1000156104
05-15 14:39:04.122 25921 25944 I Unity   : [XR] [485728508272] [14:39:04.122][Verbose] Ignoring event type 1000156103
05-15 14:39:04.122 25921 25944 I Unity   : [XR] [485728508272] [14:39:04.122][Verbose] Ignoring event type 1000156104
05-15 14:39:04.156 25921 25944 I Unity   : [XR] [485728508272] [14:39:04.156][Verbose] Ignoring event type 1000156103
05-15 14:39:04.156 25921 25944 I Unity   : [XR] [485728508272] [14:39:04.156][Verbose] Ignoring event type 1000156104
05-15 14:39:04.179 25921 25944 I Unity   : [XR] [485728508272] [14:39:04.179][Verbose] Ignoring event type 1000156103
05-15 14:39:04.179 25921 25944 I Unity   : [XR] [485728508272] [14:39:04.179][Verbose] Ignoring event type 1000156104
05-15 14:39:04.212 25921 25944 I Unity   : [XR] [485728508272] [14:39:04.212][Verbose] Ignoring event type 1000156103
05-15 14:39:04.212 25921 25944 I Unity   : [XR] [485728508272] [14:39:04.212][Verbose] Ignoring event type 1000156104
05-15 14:39:04.244 25921 25944 I Unity   : [XR] [485728508272] [14:39:04.244][Verbose] Ignoring event type 1000156103
05-15 14:39:04.244 25921 25944 I Unity   : [XR] [485728508272] [14:39:04.244][Verbose] Ignoring event type 1000156104
05-15 14:39:04.278 25921 25944 I Unity   : [XR] [485728508272] [14:39:04.278][Verbose] Ignoring event type 1000156103
05-15 14:39:04.278 25921 25944 I Unity   : [XR] [485728508272] [14:39:04.278][Verbose] Ignoring event type 1000156104
05-15 14:39:04.311 25921 25944 I Unity   : [XR] [485728508272] [14:39:04.311][Verbose] Ignoring event type 1000156103
05-15 14:39:04.311 25921 25944 I Unity   : [XR] [485728508272] [14:39:04.311][Verbose] Ignoring event type 1000156104
05-15 14:39:04.334 25921 25944 I Unity   : [XR] [485728508272] [14:39:04.334][Verbose] Ignoring event type 1000156103
05-15 14:39:04.334 25921 25944 I Unity   : [XR] [485728508272] [14:39:04.334][Verbose] Ignoring event type 1000156104
05-15 14:39:04.368 25921 25944 I Unity   : [XR] [485728508272] [14:39:04.368][Verbose] Ignoring event type 1000156103
05-15 14:39:04.368 25921 25944 I Unity   : [XR] [485728508272] [14:39:04.368][Verbose] Ignoring event type 1000156104
05-15 14:39:04.402 25921 25944 I Unity   : [XR] [485728508272] [14:39:04.402][Verbose] Ignoring event type 1000156103
05-15 14:39:04.402 25921 25944 I Unity   : [XR] [485728508272] [14:39:04.402][Verbose] Ignoring event type 1000156104
05-15 14:39:04.433 25921 25944 I Unity   : [XR] [485728508272] [14:39:04.433][Verbose] Ignoring event type 1000156103
05-15 14:39:04.433 25921 25944 I Unity   : [XR] [485728508272] [14:39:04.433][Verbose] Ignoring event type 1000156104
05-15 14:39:04.454 25921 25944 I Unity   : [XR] [485728508272] [14:39:04.454][Verbose] Ignoring event type 1000156103
05-15 14:39:04.454 25921 25944 I Unity   : [XR] [485728508272] [14:39:04.454][Verbose] Ignoring event type 1000156104
05-15 14:39:04.488 25921 25944 I Unity   : [XR] [485728508272] [14:39:04.488][Verbose] Ignoring event type 1000156103
05-15 14:39:04.488 25921 25944 I Unity   : [XR] [485728508272] [14:39:04.488][Verbose] Ignoring event type 1000156104
05-15 14:39:04.512 25921 25944 I Unity   : [XR] [485728508272] [14:39:04.512][Verbose] Ignoring event type 1000156103
05-15 14:39:04.512 25921 25944 I Unity   : [XR] [485728508272] [14:39:04.512][Verbose] Ignoring event type 1000156104
05-15 14:39:04.535 25921 25944 I Unity   : [XR] [485728508272] [14:39:04.534][Verbose] Ignoring event type 1000156103
05-15 14:39:04.535 25921 25944 I Unity   : [XR] [485728508272] [14:39:04.535][Verbose] Ignoring event type 1000156104
05-15 14:39:04.565 25921 25944 I Unity   : [XR] [485728508272] [14:39:04.565][Verbose] Ignoring event type 1000156103
05-15 14:39:04.565 25921 25944 I Unity   : [XR] [485728508272] [14:39:04.565][Verbose] Ignoring event type 1000156104
