05-15 14:37:04.817 25921 25944 I Unity   : Starting test run 1 for VFX with passthrough False
05-15 14:37:04.817 25921 25944 I Unity   : <ExecuteTests>d__48:MoveNext()
05-15 14:37:04.817 25921 25944 I Unity   : UnityEngine.SetupCoroutine:InvokeMoveNext(IEnumerator, IntPtr)
05-15 14:37:04.817 25921 25944 I Unity   : UIInteractionManager:OnButtonPressed(Int32)
05-15 14:37:04.817 25921 25944 I Unity   : UnityEngine.Events.UnityEvent:Invoke()
05-15 14:37:04.817 25921 25944 I Unity   : UnityEngine.EventSystems.ExecuteEvents:Execute(GameObject, BaseEventData, EventFunction`1)
05-15 14:37:04.817 25921 25944 I Unity   : UnityEngine.XR.Interaction.Toolkit.UI.UIInputModule:ProcessPointerButton(ButtonDeltaState, PointerEventData)
05-15 14:37:04.817 25921 25944 I Unity   : UnityEngine.XR.Interaction.Toolkit.UI.UIInputModule:ProcessTrackedDevice(TrackedDeviceModel&, Boolean)
05-15 14:37:04.817 25921 25944 I Unity   : UnityEngine.XR.Interaction.Toolkit.UI.XRUIInputModule:DoProcess()
05-15 14:37:04.817 25921 25944 I Unity   : 
05-15 14:37:04.992  2851  3218 I PerformanceManager_ZSF: perfmgr: SetClockLevels: Apply pending clock request change: 2,2 -> 3,2
05-15 14:37:05.000 25921 26076 I VrApi   : FPS=88/90,Prd=43ms,Tear=0,Early=41,Stale=0,Stale2/5/10/max=0/0/0/0,VSnc=1,Lat=-1,Fov=0,CPU4/GPU=2/2,1920/456MHz,OC=3F,TA=0/0/0,SP=N/N/N,Mem=2736MHz,Free=1767MB,PLS=1,Temp=35.0C/0.0C,TW=1.35ms,App=5.64ms,GD=0.00ms,CPU&GPU=9.73ms,LCnt=2(DR90,LM2),GPU%=0.62,CPU%=0.49(W0.53),DSF=1.00,CFL=12.39/17.67,ICFLp95=16.11,LD=0,SF=1.00,LP=0,DVFS=0
05-15 14:37:05.018 25921 25944 I Unity   : Recording starting VFX-False-2024-05-15_14-37-04
05-15 14:37:05.018 25921 25944 I Unity   : <ExecuteTest>d__49:MoveNext()
05-15 14:37:05.018 25921 25944 I Unity   : UnityEngine.SetupCoroutine:InvokeMoveNext(IEnumerator, IntPtr)
05-15 14:37:05.018 25921 25944 I Unity   : UIInteractionManager:OnButtonPressed(Int32)
05-15 14:37:05.018 25921 25944 I Unity   : UnityEngine.Events.UnityEvent:Invoke()
05-15 14:37:05.018 25921 25944 I Unity   : UnityEngine.EventSystems.ExecuteEvents:Execute(GameObject, BaseEventData, EventFunction`1)
05-15 14:37:05.018 25921 25944 I Unity   : UnityEngine.XR.Interaction.Toolkit.UI.UIInputModule:ProcessPointerButton(ButtonDeltaState, PointerEventData)
05-15 14:37:05.018 25921 25944 I Unity   : UnityEngine.XR.Interaction.Toolkit.UI.UIInputModule:ProcessTrackedDevice(TrackedDeviceModel&, Boolean)
05-15 14:37:05.018 25921 25944 I Unity   : UnityEngine.XR.Interaction.Toolkit.UI.XRUIInputModule:DoProcess()
05-15 14:37:05.018 25921 25944 I Unity   : 
05-15 14:37:05.018 25921 25944 I Unity   : Starting recording!
05-15 14:37:05.018 25921 25944 I Unity   : AutomatedTest:StartRecording()
05-15 14:37:05.018 25921 25944 I Unity   : <ExecuteTest>d__49:MoveNext()
05-15 14:37:05.018 25921 25944 I Unity   : UnityEngine.SetupCoroutine:InvokeMoveNext(IEnumerator, IntPtr)
05-15 14:37:05.018 25921 25944 I Unity   : UIInteractionManager:OnButtonPressed(Int32)
05-15 14:37:05.018 25921 25944 I Unity   : UnityEngine.Events.UnityEvent:Invoke()
05-15 14:37:05.018 25921 25944 I Unity   : UnityEngine.EventSystems.ExecuteEvents:Execute(GameObject, BaseEventData, EventFunction`1)
05-15 14:37:05.018 25921 25944 I Unity   : UnityEngine.XR.Interaction.Toolkit.UI.UIInputModule:ProcessPointerButton(ButtonDeltaState, PointerEventData)
05-15 14:37:05.018 25921 25944 I Unity   : UnityEngine.XR.Interaction.Toolkit.UI.UIInputModule:ProcessTrackedDevice(TrackedDeviceModel&, Boolean)
05-15 14:37:05.018 25921 25944 I Unity   : UnityEngine.XR.Interaction.Toolkit.UI.XRUIInputModule:DoProcess()
05-15 14:37:05.018 25921 25944 I Unity   : 
05-15 14:37:05.038 25921 25944 I Unity   : [XR] [485728508272] [14:37:05.038][Verbose] Ignoring event type 1000156103
05-15 14:37:05.038 25921 25944 I Unity   : [XR] [485728508272] [14:37:05.038][Verbose] Ignoring event type 1000156104
05-15 14:37:05.068 25921 25944 I Unity   : [XR] [485728508272] [14:37:05.068][Verbose] Ignoring event type 1000156103
05-15 14:37:05.068 25921 25944 I Unity   : [XR] [485728508272] [14:37:05.068][Verbose] Ignoring event type 1000156104
05-15 14:37:05.090 25921 25944 I Unity   : [XR] [485728508272] [14:37:05.090][Verbose] Ignoring event type 1000156103
05-15 14:37:05.090 25921 25944 I Unity   : [XR] [485728508272] [14:37:05.090][Verbose] Ignoring event type 1000156104
05-15 14:37:05.123 25921 25944 I Unity   : [XR] [485728508272] [14:37:05.123][Verbose] Ignoring event type 1000156103
05-15 14:37:05.124 25921 25944 I Unity   : [XR] [485728508272] [14:37:05.124][Verbose] Ignoring event type 1000156104
05-15 14:37:05.146 25921 25944 I Unity   : [XR] [485728508272] [14:37:05.146][Verbose] Ignoring event type 1000156103
05-15 14:37:05.146 25921 25944 I Unity   : [XR] [485728508272] [14:37:05.146][Verbose] Ignoring event type 1000156104
05-15 14:37:05.168 25921 25944 I Unity   : [XR] [485728508272] [14:37:05.168][Verbose] Ignoring event type 1000156103
05-15 14:37:05.168 25921 25944 I Unity   : [XR] [485728508272] [14:37:05.168][Verbose] Ignoring event type 1000156104
05-15 14:37:05.201 25921 25944 I Unity   : [XR] [485728508272] [14:37:05.201][Verbose] Ignoring event type 1000156103
05-15 14:37:05.201 25921 25944 I Unity   : [XR] [485728508272] [14:37:05.201][Verbose] Ignoring event type 1000156104
05-15 14:37:05.223 25921 25944 I Unity   : [XR] [485728508272] [14:37:05.223][Verbose] Ignoring event type 1000156103
05-15 14:37:05.223 25921 25944 I Unity   : [XR] [485728508272] [14:37:05.223][Verbose] Ignoring event type 1000156104
05-15 14:37:05.245 25921 25944 I Unity   : [XR] [485728508272] [14:37:05.245][Verbose] Ignoring event type 1000156103
05-15 14:37:05.245 25921 25944 I Unity   : [XR] [485728508272] [14:37:05.245][Verbose] Ignoring event type 1000156104
05-15 14:37:05.279 25921 25944 I Unity   : [XR] [485728508272] [14:37:05.279][Verbose] Ignoring event type 1000156103
05-15 14:37:05.280 25921 25944 I Unity   : [XR] [485728508272] [14:37:05.280][Verbose] Ignoring event type 1000156104
05-15 14:37:05.313 25921 25944 I Unity   : [XR] [485728508272] [14:37:05.313][Verbose] Ignoring event type 1000156103
05-15 14:37:05.313 25921 25944 I Unity   : [XR] [485728508272] [14:37:05.313][Verbose] Ignoring event type 1000156104
05-15 14:37:05.346 25921 25944 I Unity   : [XR] [485728508272] [14:37:05.346][Verbose] Ignoring event type 1000156103
05-15 14:37:05.346 25921 25944 I Unity   : [XR] [485728508272] [14:37:05.346][Verbose] Ignoring event type 1000156104
05-15 14:37:05.367 25921 25944 I Unity   : [XR] [485728508272] [14:37:05.367][Verbose] Ignoring event type 1000156103
05-15 14:37:05.367 25921 25944 I Unity   : [XR] [485728508272] [14:37:05.367][Verbose] Ignoring event type 1000156104
05-15 14:37:05.389 25921 25944 I Unity   : [XR] [485728508272] [14:37:05.389][Verbose] Ignoring event type 1000156103
05-15 14:37:05.389 25921 25944 I Unity   : [XR] [485728508272] [14:37:05.389][Verbose] Ignoring event type 1000156104
05-15 14:37:05.413 25921 25944 I Unity   : [XR] [485728508272] [14:37:05.413][Verbose] Ignoring event type 1000156103
05-15 14:37:05.413 25921 25944 I Unity   : [XR] [485728508272] [14:37:05.413][Verbose] Ignoring event type 1000156104
05-15 14:37:05.447 25921 25944 I Unity   : [XR] [485728508272] [14:37:05.447][Verbose] Ignoring event type 1000156103
05-15 14:37:05.447 25921 25944 I Unity   : [XR] [485728508272] [14:37:05.447][Verbose] Ignoring event type 1000156104
05-15 14:37:05.480 25921 25944 I Unity   : [XR] [485728508272] [14:37:05.480][Verbose] Ignoring event type 1000156103
05-15 14:37:05.480 25921 25944 I Unity   : [XR] [485728508272] [14:37:05.480][Verbose] Ignoring event type 1000156104
05-15 14:37:05.513 25921 25944 I Unity   : [XR] [485728508272] [14:37:05.513][Verbose] Ignoring event type 1000156103
05-15 14:37:05.513 25921 25944 I Unity   : [XR] [485728508272] [14:37:05.513][Verbose] Ignoring event type 1000156104
05-15 14:37:05.547 25921 25944 I Unity   : [XR] [485728508272] [14:37:05.547][Verbose] Ignoring event type 1000156103
05-15 14:37:05.547 25921 25944 I Unity   : [XR] [485728508272] [14:37:05.547][Verbose] Ignoring event type 1000156104
05-15 14:37:05.580 25921 25944 I Unity   : [XR] [485728508272] [14:37:05.580][Verbose] Ignoring event type 1000156103
05-15 14:37:05.580 25921 25944 I Unity   : [XR] [485728508272] [14:37:05.580][Verbose] Ignoring event type 1000156104
05-15 14:37:05.612 25921 25944 I Unity   : [XR] [485728508272] [14:37:05.612][Verbose] Ignoring event type 1000156103
05-15 14:37:05.612 25921 25944 I Unity   : [XR] [485728508272] [14:37:05.612][Verbose] Ignoring event type 1000156104
05-15 14:37:05.646 25921 25944 I Unity   : [XR] [485728508272] [14:37:05.646][Verbose] Ignoring event type 1000156103
05-15 14:37:05.646 25921 25944 I Unity   : [XR] [485728508272] [14:37:05.646][Verbose] Ignoring event type 1000156104
05-15 14:37:05.680 25921 25944 I Unity   : [XR] [485728508272] [14:37:05.680][Verbose] Ignoring event type 1000156103
05-15 14:37:05.680 25921 25944 I Unity   : [XR] [485728508272] [14:37:05.680][Verbose] Ignoring event type 1000156104
05-15 14:37:05.713 25921 25944 I Unity   : [XR] [485728508272] [14:37:05.713][Verbose] Ignoring event type 1000156103
05-15 14:37:05.713 25921 25944 I Unity   : [XR] [485728508272] [14:37:05.713][Verbose] Ignoring event type 1000156104
05-15 14:37:05.747 25921 25944 I Unity   : [XR] [485728508272] [14:37:05.747][Verbose] Ignoring event type 1000156103
05-15 14:37:05.747 25921 25944 I Unity   : [XR] [485728508272] [14:37:05.747][Verbose] Ignoring event type 1000156104
05-15 14:37:05.780 25921 25944 I Unity   : [XR] [485728508272] [14:37:05.780][Verbose] Ignoring event type 1000156103
05-15 14:37:05.780 25921 25944 I Unity   : [XR] [485728508272] [14:37:05.780][Verbose] Ignoring event type 1000156104
05-15 14:37:05.813 25921 25944 I Unity   : [XR] [485728508272] [14:37:05.813][Verbose] Ignoring event type 1000156103
05-15 14:37:05.813 25921 25944 I Unity   : [XR] [485728508272] [14:37:05.813][Verbose] Ignoring event type 1000156104
05-15 14:37:05.846 25921 25944 I Unity   : [XR] [485728508272] [14:37:05.846][Verbose] Ignoring event type 1000156103
05-15 14:37:05.846 25921 25944 I Unity   : [XR] [485728508272] [14:37:05.846][Verbose] Ignoring event type 1000156104
05-15 14:37:05.878 25921 25944 I Unity   : [XR] [485728508272] [14:37:05.878][Verbose] Ignoring event type 1000156103
05-15 14:37:05.878 25921 25944 I Unity   : [XR] [485728508272] [14:37:05.878][Verbose] Ignoring event type 1000156104
05-15 14:37:05.902 25921 25944 I Unity   : [XR] [485728508272] [14:37:05.902][Verbose] Ignoring event type 1000156103
05-15 14:37:05.902 25921 25944 I Unity   : [XR] [485728508272] [14:37:05.902][Verbose] Ignoring event type 1000156104
05-15 14:37:05.923 25921 25944 I Unity   : [XR] [485728508272] [14:37:05.923][Verbose] Ignoring event type 1000156103
05-15 14:37:05.923 25921 25944 I Unity   : [XR] [485728508272] [14:37:05.923][Verbose] Ignoring event type 1000156104
05-15 14:37:05.946 25921 25944 I Unity   : [XR] [485728508272] [14:37:05.946][Verbose] Ignoring event type 1000156103
05-15 14:37:05.946 25921 25944 I Unity   : [XR] [485728508272] [14:37:05.946][Verbose] Ignoring event type 1000156104
05-15 14:37:05.969 25921 25944 I Unity   : [XR] [485728508272] [14:37:05.969][Verbose] Ignoring event type 1000156103
05-15 14:37:05.969 25921 25944 I Unity   : [XR] [485728508272] [14:37:05.969][Verbose] Ignoring event type 1000156104
05-15 14:37:06.000 25921 26076 I VrApi   : FPS=72/90,Prd=43ms,Tear=0,Early=20,Stale=19,Stale2/5/10/max=0/0/1/19,VSnc=1,Lat=-1,Fov=0,CPU4/GPU=3/2,1651/456MHz,OC=3F,TA=0/0/0,SP=N/N/N,Mem=2736MHz,Free=1767MB,PLS=1,Temp=35.0C/0.0C,TW=1.38ms,App=5.44ms,GD=0.00ms,CPU&GPU=9.20ms,LCnt=2(DR90,LM2),GPU%=0.63,CPU%=0.48(W0.53),DSF=1.00,CFL=11.99/17.77,ICFLp95=15.91,LD=0,SF=1.00,LP=0,DVFS=0
05-15 14:37:06.001 25921 25944 I Unity   : [XR] [485728508272] [14:37:06.001][Verbose] Ignoring event type 1000156103
05-15 14:37:06.002 25921 25944 I Unity   : [XR] [485728508272] [14:37:06.002][Verbose] Ignoring event type 1000156104
05-15 14:37:06.023 25921 25944 I Unity   : [XR] [485728508272] [14:37:06.023][Verbose] Ignoring event type 1000156103
05-15 14:37:06.023 25921 25944 I Unity   : [XR] [485728508272] [14:37:06.023][Verbose] Ignoring event type 1000156104
05-15 14:37:06.057 25921 25944 I Unity   : [XR] [485728508272] [14:37:06.057][Verbose] Ignoring event type 1000156103
05-15 14:37:06.057 25921 25944 I Unity   : [XR] [485728508272] [14:37:06.057][Verbose] Ignoring event type 1000156104
05-15 14:37:06.091 25921 25944 I Unity   : [XR] [485728508272] [14:37:06.091][Verbose] Ignoring event type 1000156103
05-15 14:37:06.091 25921 25944 I Unity   : [XR] [485728508272] [14:37:06.091][Verbose] Ignoring event type 1000156104
05-15 14:37:06.122 25921 25944 I Unity   : [XR] [485728508272] [14:37:06.122][Verbose] Ignoring event type 1000156103
05-15 14:37:06.122 25921 25944 I Unity   : [XR] [485728508272] [14:37:06.122][Verbose] Ignoring event type 1000156104
05-15 14:37:06.156 25921 25944 I Unity   : [XR] [485728508272] [14:37:06.156][Verbose] Ignoring event type 1000156103
05-15 14:37:06.157 25921 25944 I Unity   : [XR] [485728508272] [14:37:06.157][Verbose] Ignoring event type 1000156104
05-15 14:37:06.191 25921 25944 I Unity   : [XR] [485728508272] [14:37:06.191][Verbose] Ignoring event type 1000156103
05-15 14:37:06.191 25921 25944 I Unity   : [XR] [485728508272] [14:37:06.191][Verbose] Ignoring event type 1000156104
05-15 14:37:06.213 25921 25944 I Unity   : [XR] [485728508272] [14:37:06.213][Verbose] Ignoring event type 1000156103
05-15 14:37:06.213 25921 25944 I Unity   : [XR] [485728508272] [14:37:06.213][Verbose] Ignoring event type 1000156104
05-15 14:37:06.247 25921 25944 I Unity   : [XR] [485728508272] [14:37:06.247][Verbose] Ignoring event type 1000156103
05-15 14:37:06.247 25921 25944 I Unity   : [XR] [485728508272] [14:37:06.247][Verbose] Ignoring event type 1000156104
05-15 14:37:06.278 25921 25944 I Unity   : [XR] [485728508272] [14:37:06.278][Verbose] Ignoring event type 1000156103
05-15 14:37:06.278 25921 25944 I Unity   : [XR] [485728508272] [14:37:06.278][Verbose] Ignoring event type 1000156104
05-15 14:37:06.301 25921 25944 I Unity   : [XR] [485728508272] [14:37:06.301][Verbose] Ignoring event type 1000156103
05-15 14:37:06.302 25921 25944 I Unity   : [XR] [485728508272] [14:37:06.302][Verbose] Ignoring event type 1000156104
05-15 14:37:06.335 25921 25944 I Unity   : [XR] [485728508272] [14:37:06.335][Verbose] Ignoring event type 1000156103
05-15 14:37:06.335 25921 25944 I Unity   : [XR] [485728508272] [14:37:06.335][Verbose] Ignoring event type 1000156104
05-15 14:37:06.356 25921 25944 I Unity   : [XR] [485728508272] [14:37:06.356][Verbose] Ignoring event type 1000156103
05-15 14:37:06.356 25921 25944 I Unity   : [XR] [485728508272] [14:37:06.356][Verbose] Ignoring event type 1000156104
05-15 14:37:06.391 25921 25944 I Unity   : [XR] [485728508272] [14:37:06.391][Verbose] Ignoring event type 1000156103
05-15 14:37:06.391 25921 25944 I Unity   : [XR] [485728508272] [14:37:06.391][Verbose] Ignoring event type 1000156104
05-15 14:37:06.412 25921 25944 I Unity   : [XR] [485728508272] [14:37:06.412][Verbose] Ignoring event type 1000156103
05-15 14:37:06.412 25921 25944 I Unity   : [XR] [485728508272] [14:37:06.412][Verbose] Ignoring event type 1000156104
05-15 14:37:06.445 25921 25944 I Unity   : [XR] [485728508272] [14:37:06.445][Verbose] Ignoring event type 1000156103
05-15 14:37:06.445 25921 25944 I Unity   : [XR] [485728508272] [14:37:06.445][Verbose] Ignoring event type 1000156104
05-15 14:37:06.480 25921 25944 I Unity   : [XR] [485728508272] [14:37:06.479][Verbose] Ignoring event type 1000156103
05-15 14:37:06.480 25921 25944 I Unity   : [XR] [485728508272] [14:37:06.480][Verbose] Ignoring event type 1000156104
05-15 14:37:06.481  2851  3218 I PerformanceManager_ZSF: perfmgr: SetClockLevels: Apply pending clock request change: 3,2 -> 2,2
05-15 14:37:06.514 25921 25944 I Unity   : [XR] [485728508272] [14:37:06.514][Verbose] Ignoring event type 1000156103
05-15 14:37:06.514 25921 25944 I Unity   : [XR] [485728508272] [14:37:06.514][Verbose] Ignoring event type 1000156104
05-15 14:37:06.546 25921 25944 I Unity   : [XR] [485728508272] [14:37:06.546][Verbose] Ignoring event type 1000156103
05-15 14:37:06.546 25921 25944 I Unity   : [XR] [485728508272] [14:37:06.546][Verbose] Ignoring event type 1000156104
05-15 14:37:06.568 25921 25944 I Unity   : [XR] [485728508272] [14:37:06.568][Verbose] Ignoring event type 1000156103
05-15 14:37:06.569 25921 25944 I Unity   : [XR] [485728508272] [14:37:06.568][Verbose] Ignoring event type 1000156104
05-15 14:37:06.602 25921 25944 I Unity   : [XR] [485728508272] [14:37:06.602][Verbose] Ignoring event type 1000156103
05-15 14:37:06.602 25921 25944 I Unity   : [XR] [485728508272] [14:37:06.602][Verbose] Ignoring event type 1000156104
05-15 14:37:06.634 25921 25944 I Unity   : [XR] [485728508272] [14:37:06.634][Verbose] Ignoring event type 1000156103
05-15 14:37:06.634 25921 25944 I Unity   : [XR] [485728508272] [14:37:06.634][Verbose] Ignoring event type 1000156104
05-15 14:37:06.657 25921 25944 I Unity   : [XR] [485728508272] [14:37:06.657][Verbose] Ignoring event type 1000156103
05-15 14:37:06.657 25921 25944 I Unity   : [XR] [485728508272] [14:37:06.657][Verbose] Ignoring event type 1000156104
05-15 14:37:06.690 25921 25944 I Unity   : [XR] [485728508272] [14:37:06.690][Verbose] Ignoring event type 1000156103
05-15 14:37:06.690 25921 25944 I Unity   : [XR] [485728508272] [14:37:06.690][Verbose] Ignoring event type 1000156104
05-15 14:37:06.725 25921 25944 I Unity   : [XR] [485728508272] [14:37:06.725][Verbose] Ignoring event type 1000156103
05-15 14:37:06.725 25921 25944 I Unity   : [XR] [485728508272] [14:37:06.725][Verbose] Ignoring event type 1000156104
05-15 14:37:06.755 25921 25944 I Unity   : [XR] [485728508272] [14:37:06.754][Verbose] Ignoring event type 1000156103
05-15 14:37:06.755 25921 25944 I Unity   : [XR] [485728508272] [14:37:06.755][Verbose] Ignoring event type 1000156104
05-15 14:37:06.780 25921 25944 I Unity   : [XR] [485728508272] [14:37:06.780][Verbose] Ignoring event type 1000156103
05-15 14:37:06.780 25921 25944 I Unity   : [XR] [485728508272] [14:37:06.780][Verbose] Ignoring event type 1000156104
05-15 14:37:06.812 25921 25944 I Unity   : [XR] [485728508272] [14:37:06.812][Verbose] Ignoring event type 1000156103
05-15 14:37:06.812 25921 25944 I Unity   : [XR] [485728508272] [14:37:06.812][Verbose] Ignoring event type 1000156104
05-15 14:37:06.846 25921 25944 I Unity   : [XR] [485728508272] [14:37:06.846][Verbose] Ignoring event type 1000156103
05-15 14:37:06.846 25921 25944 I Unity   : [XR] [485728508272] [14:37:06.846][Verbose] Ignoring event type 1000156104
05-15 14:37:06.879 25921 25944 I Unity   : [XR] [485728508272] [14:37:06.879][Verbose] Ignoring event type 1000156103
05-15 14:37:06.879 25921 25944 I Unity   : [XR] [485728508272] [14:37:06.879][Verbose] Ignoring event type 1000156104
05-15 14:37:06.911 25921 25944 I Unity   : [XR] [485728508272] [14:37:06.911][Verbose] Ignoring event type 1000156103
05-15 14:37:06.911 25921 25944 I Unity   : [XR] [485728508272] [14:37:06.911][Verbose] Ignoring event type 1000156104
05-15 14:37:06.936 25921 25944 I Unity   : [XR] [485728508272] [14:37:06.936][Verbose] Ignoring event type 1000156103
05-15 14:37:06.936 25921 25944 I Unity   : [XR] [485728508272] [14:37:06.936][Verbose] Ignoring event type 1000156104
05-15 14:37:06.969 25921 25944 I Unity   : [XR] [485728508272] [14:37:06.969][Verbose] Ignoring event type 1000156103
05-15 14:37:06.969 25921 25944 I Unity   : [XR] [485728508272] [14:37:06.969][Verbose] Ignoring event type 1000156104
05-15 14:37:07.000 25921 26076 I VrApi   : FPS=91/90,Prd=42ms,Tear=0,Early=20,Stale=0,Stale2/5/10/max=0/0/0/0,VSnc=1,Lat=-1,Fov=0,CPU4/GPU=2/2,2054/456MHz,OC=3F,TA=0/0/0,SP=N/N/N,Mem=2736MHz,Free=1767MB,PLS=1,Temp=35.0C/0.0C,TW=1.38ms,App=6.49ms,GD=0.00ms,CPU&GPU=10.68ms,LCnt=2(DR90,LM2),GPU%=0.68,CPU%=0.52(W0.57),DSF=1.00,CFL=11.84/17.00,ICFLp95=15.72,LD=0,SF=1.00,LP=0,DVFS=0
05-15 14:37:07.001 25921 25944 I Unity   : [XR] [485728508272] [14:37:07.001][Verbose] Ignoring event type 1000156103
05-15 14:37:07.001 25921 25944 I Unity   : [XR] [485728508272] [14:37:07.001][Verbose] Ignoring event type 1000156104
05-15 14:37:07.035 25921 25944 I Unity   : [XR] [485728508272] [14:37:07.035][Verbose] Ignoring event type 1000156103
05-15 14:37:07.035 25921 25944 I Unity   : [XR] [485728508272] [14:37:07.035][Verbose] Ignoring event type 1000156104
05-15 14:37:07.068 25921 25944 I Unity   : [XR] [485728508272] [14:37:07.068][Verbose] Ignoring event type 1000156103
05-15 14:37:07.068 25921 25944 I Unity   : [XR] [485728508272] [14:37:07.068][Verbose] Ignoring event type 1000156104
05-15 14:37:07.091 25921 25944 I Unity   : [XR] [485728508272] [14:37:07.091][Verbose] Ignoring event type 1000156103
05-15 14:37:07.092 25921 25944 I Unity   : [XR] [485728508272] [14:37:07.092][Verbose] Ignoring event type 1000156104
05-15 14:37:07.123 25921 25944 I Unity   : [XR] [485728508272] [14:37:07.123][Verbose] Ignoring event type 1000156103
05-15 14:37:07.123 25921 25944 I Unity   : [XR] [485728508272] [14:37:07.123][Verbose] Ignoring event type 1000156104
05-15 14:37:07.146 25921 25944 I Unity   : [XR] [485728508272] [14:37:07.146][Verbose] Ignoring event type 1000156103
05-15 14:37:07.147 25921 25944 I Unity   : [XR] [485728508272] [14:37:07.146][Verbose] Ignoring event type 1000156104
05-15 14:37:07.167 25921 25944 I Unity   : [XR] [485728508272] [14:37:07.167][Verbose] Ignoring event type 1000156103
05-15 14:37:07.167 25921 25944 I Unity   : [XR] [485728508272] [14:37:07.167][Verbose] Ignoring event type 1000156104
05-15 14:37:07.200 25921 25944 I Unity   : [XR] [485728508272] [14:37:07.200][Verbose] Ignoring event type 1000156103
05-15 14:37:07.200 25921 25944 I Unity   : [XR] [485728508272] [14:37:07.200][Verbose] Ignoring event type 1000156104
05-15 14:37:07.224 25921 25944 I Unity   : [XR] [485728508272] [14:37:07.224][Verbose] Ignoring event type 1000156103
05-15 14:37:07.224 25921 25944 I Unity   : [XR] [485728508272] [14:37:07.224][Verbose] Ignoring event type 1000156104
05-15 14:37:07.246 25921 25944 I Unity   : [XR] [485728508272] [14:37:07.246][Verbose] Ignoring event type 1000156103
05-15 14:37:07.246 25921 25944 I Unity   : [XR] [485728508272] [14:37:07.246][Verbose] Ignoring event type 1000156104
05-15 14:37:07.279 25921 25944 I Unity   : [XR] [485728508272] [14:37:07.279][Verbose] Ignoring event type 1000156103
05-15 14:37:07.279 25921 25944 I Unity   : [XR] [485728508272] [14:37:07.279][Verbose] Ignoring event type 1000156104
05-15 14:37:07.313 25921 25944 I Unity   : [XR] [485728508272] [14:37:07.313][Verbose] Ignoring event type 1000156103
05-15 14:37:07.313 25921 25944 I Unity   : [XR] [485728508272] [14:37:07.313][Verbose] Ignoring event type 1000156104
05-15 14:37:07.345 25921 25944 I Unity   : [XR] [485728508272] [14:37:07.345][Verbose] Ignoring event type 1000156103
05-15 14:37:07.345 25921 25944 I Unity   : [XR] [485728508272] [14:37:07.345][Verbose] Ignoring event type 1000156104
05-15 14:37:07.379 25921 25944 I Unity   : [XR] [485728508272] [14:37:07.379][Verbose] Ignoring event type 1000156103
05-15 14:37:07.380 25921 25944 I Unity   : [XR] [485728508272] [14:37:07.380][Verbose] Ignoring event type 1000156104
05-15 14:37:07.401 25921 25944 I Unity   : [XR] [485728508272] [14:37:07.401][Verbose] Ignoring event type 1000156103
05-15 14:37:07.401 25921 25944 I Unity   : [XR] [485728508272] [14:37:07.401][Verbose] Ignoring event type 1000156104
05-15 14:37:07.424 25921 25944 I Unity   : [XR] [485728508272] [14:37:07.424][Verbose] Ignoring event type 1000156103
05-15 14:37:07.424 25921 25944 I Unity   : [XR] [485728508272] [14:37:07.424][Verbose] Ignoring event type 1000156104
05-15 14:37:07.456 25921 25944 I Unity   : [XR] [485728508272] [14:37:07.456][Verbose] Ignoring event type 1000156103
05-15 14:37:07.456 25921 25944 I Unity   : [XR] [485728508272] [14:37:07.456][Verbose] Ignoring event type 1000156104
05-15 14:37:07.478 25921 25944 I Unity   : [XR] [485728508272] [14:37:07.477][Verbose] Ignoring event type 1000156103
05-15 14:37:07.478 25921 25944 I Unity   : [XR] [485728508272] [14:37:07.478][Verbose] Ignoring event type 1000156104
05-15 14:37:07.502 25921 25944 I Unity   : [XR] [485728508272] [14:37:07.502][Verbose] Ignoring event type 1000156103
05-15 14:37:07.502 25921 25944 I Unity   : [XR] [485728508272] [14:37:07.502][Verbose] Ignoring event type 1000156104
05-15 14:37:07.523 25921 25944 I Unity   : [XR] [485728508272] [14:37:07.523][Verbose] Ignoring event type 1000156103
05-15 14:37:07.523 25921 25944 I Unity   : [XR] [485728508272] [14:37:07.523][Verbose] Ignoring event type 1000156104
05-15 14:37:07.546 25921 25944 I Unity   : [XR] [485728508272] [14:37:07.546][Verbose] Ignoring event type 1000156103
05-15 14:37:07.546 25921 25944 I Unity   : [XR] [485728508272] [14:37:07.546][Verbose] Ignoring event type 1000156104
05-15 14:37:07.567 25921 25944 I Unity   : [XR] [485728508272] [14:37:07.567][Verbose] Ignoring event type 1000156103
05-15 14:37:07.567 25921 25944 I Unity   : [XR] [485728508272] [14:37:07.567][Verbose] Ignoring event type 1000156104
05-15 14:37:07.601 25921 25944 I Unity   : [XR] [485728508272] [14:37:07.601][Verbose] Ignoring event type 1000156103
05-15 14:37:07.601 25921 25944 I Unity   : [XR] [485728508272] [14:37:07.601][Verbose] Ignoring event type 1000156104
05-15 14:37:07.624 25921 25944 I Unity   : [XR] [485728508272] [14:37:07.624][Verbose] Ignoring event type 1000156103
05-15 14:37:07.624 25921 25944 I Unity   : [XR] [485728508272] [14:37:07.624][Verbose] Ignoring event type 1000156104
05-15 14:37:07.658 25921 25944 I Unity   : [XR] [485728508272] [14:37:07.658][Verbose] Ignoring event type 1000156103
05-15 14:37:07.658 25921 25944 I Unity   : [XR] [485728508272] [14:37:07.658][Verbose] Ignoring event type 1000156104
05-15 14:37:07.690 25921 25944 I Unity   : [XR] [485728508272] [14:37:07.690][Verbose] Ignoring event type 1000156103
05-15 14:37:07.690 25921 25944 I Unity   : [XR] [485728508272] [14:37:07.690][Verbose] Ignoring event type 1000156104
05-15 14:37:07.724 25921 25944 I Unity   : [XR] [485728508272] [14:37:07.724][Verbose] Ignoring event type 1000156103
05-15 14:37:07.724 25921 25944 I Unity   : [XR] [485728508272] [14:37:07.724][Verbose] Ignoring event type 1000156104
05-15 14:37:07.757 25921 25944 I Unity   : [XR] [485728508272] [14:37:07.757][Verbose] Ignoring event type 1000156103
05-15 14:37:07.758 25921 25944 I Unity   : [XR] [485728508272] [14:37:07.758][Verbose] Ignoring event type 1000156104
05-15 14:37:07.791 25921 25944 I Unity   : [XR] [485728508272] [14:37:07.791][Verbose] Ignoring event type 1000156103
05-15 14:37:07.792 25921 25944 I Unity   : [XR] [485728508272] [14:37:07.792][Verbose] Ignoring event type 1000156104
05-15 14:37:07.823 25921 25944 I Unity   : [XR] [485728508272] [14:37:07.823][Verbose] Ignoring event type 1000156103
05-15 14:37:07.823 25921 25944 I Unity   : [XR] [485728508272] [14:37:07.823][Verbose] Ignoring event type 1000156104
05-15 14:37:07.856 25921 25944 I Unity   : [XR] [485728508272] [14:37:07.856][Verbose] Ignoring event type 1000156103
05-15 14:37:07.856 25921 25944 I Unity   : [XR] [485728508272] [14:37:07.856][Verbose] Ignoring event type 1000156104
05-15 14:37:07.889 25921 25944 I Unity   : [XR] [485728508272] [14:37:07.889][Verbose] Ignoring event type 1000156103
05-15 14:37:07.889 25921 25944 I Unity   : [XR] [485728508272] [14:37:07.889][Verbose] Ignoring event type 1000156104
05-15 14:37:07.923 25921 25944 I Unity   : [XR] [485728508272] [14:37:07.923][Verbose] Ignoring event type 1000156103
05-15 14:37:07.923 25921 25944 I Unity   : [XR] [485728508272] [14:37:07.923][Verbose] Ignoring event type 1000156104
05-15 14:37:07.956 25921 25944 I Unity   : [XR] [485728508272] [14:37:07.956][Verbose] Ignoring event type 1000156103
05-15 14:37:07.956 25921 25944 I Unity   : [XR] [485728508272] [14:37:07.956][Verbose] Ignoring event type 1000156104
05-15 14:37:07.991 25921 25944 I Unity   : [XR] [485728508272] [14:37:07.991][Verbose] Ignoring event type 1000156103
05-15 14:37:07.991 25921 25944 I Unity   : [XR] [485728508272] [14:37:07.991][Verbose] Ignoring event type 1000156104
05-15 14:37:08.001 25921 26076 I VrApi   : FPS=90/90,Prd=42ms,Tear=0,Early=37,Stale=0,Stale2/5/10/max=0/0/0/0,VSnc=1,Lat=-1,Fov=0,CPU4/GPU=2/2,1920/456MHz,OC=3F,TA=0/0/0,SP=N/N/N,Mem=3196MHz,Free=1767MB,PLS=1,Temp=35.0C/0.0C,TW=1.30ms,App=6.51ms,GD=0.00ms,CPU&GPU=10.32ms,LCnt=2(DR91,LM2),GPU%=0.69,CPU%=0.48(W0.50),DSF=1.00,CFL=11.87/16.98,ICFLp95=15.60,LD=0,SF=1.00,LP=0,DVFS=0
05-15 14:37:08.024 25921 25944 I Unity   : [XR] [485728508272] [14:37:08.024][Verbose] Ignoring event type 1000156103
05-15 14:37:08.024 25921 25944 I Unity   : [XR] [485728508272] [14:37:08.024][Verbose] Ignoring event type 1000156104
05-15 14:37:08.057 25921 25944 I Unity   : [XR] [485728508272] [14:37:08.057][Verbose] Ignoring event type 1000156103
05-15 14:37:08.057 25921 25944 I Unity   : [XR] [485728508272] [14:37:08.057][Verbose] Ignoring event type 1000156104
05-15 14:37:08.090 25921 25944 I Unity   : [XR] [485728508272] [14:37:08.090][Verbose] Ignoring event type 1000156103
05-15 14:37:08.090 25921 25944 I Unity   : [XR] [485728508272] [14:37:08.090][Verbose] Ignoring event type 1000156104
05-15 14:37:08.122 25921 25944 I Unity   : [XR] [485728508272] [14:37:08.122][Verbose] Ignoring event type 1000156103
05-15 14:37:08.122 25921 25944 I Unity   : [XR] [485728508272] [14:37:08.122][Verbose] Ignoring event type 1000156104
05-15 14:37:08.155 25921 25944 I Unity   : [XR] [485728508272] [14:37:08.155][Verbose] Ignoring event type 1000156103
05-15 14:37:08.155 25921 25944 I Unity   : [XR] [485728508272] [14:37:08.155][Verbose] Ignoring event type 1000156104
05-15 14:37:08.179 25921 25944 I Unity   : [XR] [485728508272] [14:37:08.179][Verbose] Ignoring event type 1000156103
05-15 14:37:08.179 25921 25944 I Unity   : [XR] [485728508272] [14:37:08.179][Verbose] Ignoring event type 1000156104
05-15 14:37:08.213 25921 25944 I Unity   : [XR] [485728508272] [14:37:08.212][Verbose] Ignoring event type 1000156103
05-15 14:37:08.213 25921 25944 I Unity   : [XR] [485728508272] [14:37:08.213][Verbose] Ignoring event type 1000156104
05-15 14:37:08.244 25921 25944 I Unity   : [XR] [485728508272] [14:37:08.244][Verbose] Ignoring event type 1000156103
05-15 14:37:08.244 25921 25944 I Unity   : [XR] [485728508272] [14:37:08.244][Verbose] Ignoring event type 1000156104
05-15 14:37:08.280 25921 25944 I Unity   : [XR] [485728508272] [14:37:08.280][Verbose] Ignoring event type 1000156103
05-15 14:37:08.280 25921 25944 I Unity   : [XR] [485728508272] [14:37:08.280][Verbose] Ignoring event type 1000156104
05-15 14:37:08.313 25921 25944 I Unity   : [XR] [485728508272] [14:37:08.313][Verbose] Ignoring event type 1000156103
05-15 14:37:08.313 25921 25944 I Unity   : [XR] [485728508272] [14:37:08.313][Verbose] Ignoring event type 1000156104
05-15 14:37:08.333 25921 25944 I Unity   : [XR] [485728508272] [14:37:08.333][Verbose] Ignoring event type 1000156103
05-15 14:37:08.333 25921 25944 I Unity   : [XR] [485728508272] [14:37:08.333][Verbose] Ignoring event type 1000156104
05-15 14:37:08.356 25921 25944 I Unity   : [XR] [485728508272] [14:37:08.356][Verbose] Ignoring event type 1000156103
05-15 14:37:08.356 25921 25944 I Unity   : [XR] [485728508272] [14:37:08.356][Verbose] Ignoring event type 1000156104
05-15 14:37:08.388 25921 25944 I Unity   : [XR] [485728508272] [14:37:08.388][Verbose] Ignoring event type 1000156103
05-15 14:37:08.388 25921 25944 I Unity   : [XR] [485728508272] [14:37:08.388][Verbose] Ignoring event type 1000156104
05-15 14:37:08.411 25921 25944 I Unity   : [XR] [485728508272] [14:37:08.411][Verbose] Ignoring event type 1000156103
05-15 14:37:08.411 25921 25944 I Unity   : [XR] [485728508272] [14:37:08.411][Verbose] Ignoring event type 1000156104
05-15 14:37:08.433 25921 25944 I Unity   : [XR] [485728508272] [14:37:08.433][Verbose] Ignoring event type 1000156103
05-15 14:37:08.434 25921 25944 I Unity   : [XR] [485728508272] [14:37:08.434][Verbose] Ignoring event type 1000156104
05-15 14:37:08.455 25921 25944 I Unity   : [XR] [485728508272] [14:37:08.455][Verbose] Ignoring event type 1000156103
05-15 14:37:08.455 25921 25944 I Unity   : [XR] [485728508272] [14:37:08.455][Verbose] Ignoring event type 1000156104
05-15 14:37:08.478 25921 25944 I Unity   : [XR] [485728508272] [14:37:08.478][Verbose] Ignoring event type 1000156103
05-15 14:37:08.479 25921 25944 I Unity   : [XR] [485728508272] [14:37:08.479][Verbose] Ignoring event type 1000156104
05-15 14:37:08.511 25921 25944 I Unity   : [XR] [485728508272] [14:37:08.511][Verbose] Ignoring event type 1000156103
05-15 14:37:08.511 25921 25944 I Unity   : [XR] [485728508272] [14:37:08.511][Verbose] Ignoring event type 1000156104
05-15 14:37:08.544 25921 25944 I Unity   : [XR] [485728508272] [14:37:08.544][Verbose] Ignoring event type 1000156103
05-15 14:37:08.544 25921 25944 I Unity   : [XR] [485728508272] [14:37:08.544][Verbose] Ignoring event type 1000156104
05-15 14:37:08.566 25921 25944 I Unity   : [XR] [485728508272] [14:37:08.566][Verbose] Ignoring event type 1000156103
05-15 14:37:08.566 25921 25944 I Unity   : [XR] [485728508272] [14:37:08.566][Verbose] Ignoring event type 1000156104
05-15 14:37:08.591 25921 25944 I Unity   : [XR] [485728508272] [14:37:08.591][Verbose] Ignoring event type 1000156103
05-15 14:37:08.591 25921 25944 I Unity   : [XR] [485728508272] [14:37:08.591][Verbose] Ignoring event type 1000156104
05-15 14:37:08.623 25921 25944 I Unity   : [XR] [485728508272] [14:37:08.623][Verbose] Ignoring event type 1000156103
05-15 14:37:08.623 25921 25944 I Unity   : [XR] [485728508272] [14:37:08.623][Verbose] Ignoring event type 1000156104
05-15 14:37:08.645 25921 25944 I Unity   : [XR] [485728508272] [14:37:08.645][Verbose] Ignoring event type 1000156103
05-15 14:37:08.645 25921 25944 I Unity   : [XR] [485728508272] [14:37:08.645][Verbose] Ignoring event type 1000156104
05-15 14:37:08.668 25921 25944 I Unity   : [XR] [485728508272] [14:37:08.668][Verbose] Ignoring event type 1000156103
05-15 14:37:08.668 25921 25944 I Unity   : [XR] [485728508272] [14:37:08.668][Verbose] Ignoring event type 1000156104
05-15 14:37:08.690 25921 25944 I Unity   : [XR] [485728508272] [14:37:08.690][Verbose] Ignoring event type 1000156103
05-15 14:37:08.690 25921 25944 I Unity   : [XR] [485728508272] [14:37:08.690][Verbose] Ignoring event type 1000156104
05-15 14:37:08.722 25921 25944 I Unity   : [XR] [485728508272] [14:37:08.722][Verbose] Ignoring event type 1000156103
05-15 14:37:08.722 25921 25944 I Unity   : [XR] [485728508272] [14:37:08.722][Verbose] Ignoring event type 1000156104
05-15 14:37:08.744 25921 25944 I Unity   : [XR] [485728508272] [14:37:08.744][Verbose] Ignoring event type 1000156103
05-15 14:37:08.744 25921 25944 I Unity   : [XR] [485728508272] [14:37:08.744][Verbose] Ignoring event type 1000156104
05-15 14:37:08.767 25921 25944 I Unity   : [XR] [485728508272] [14:37:08.767][Verbose] Ignoring event type 1000156103
05-15 14:37:08.767 25921 25944 I Unity   : [XR] [485728508272] [14:37:08.767][Verbose] Ignoring event type 1000156104
05-15 14:37:08.801 25921 25944 I Unity   : [XR] [485728508272] [14:37:08.801][Verbose] Ignoring event type 1000156103
05-15 14:37:08.801 25921 25944 I Unity   : [XR] [485728508272] [14:37:08.801][Verbose] Ignoring event type 1000156104
05-15 14:37:08.834 25921 25944 I Unity   : [XR] [485728508272] [14:37:08.834][Verbose] Ignoring event type 1000156103
05-15 14:37:08.835 25921 25944 I Unity   : [XR] [485728508272] [14:37:08.835][Verbose] Ignoring event type 1000156104
05-15 14:37:08.868 25921 25944 I Unity   : [XR] [485728508272] [14:37:08.868][Verbose] Ignoring event type 1000156103
05-15 14:37:08.868 25921 25944 I Unity   : [XR] [485728508272] [14:37:08.868][Verbose] Ignoring event type 1000156104
05-15 14:37:08.890 25921 25944 I Unity   : [XR] [485728508272] [14:37:08.890][Verbose] Ignoring event type 1000156103
05-15 14:37:08.890 25921 25944 I Unity   : [XR] [485728508272] [14:37:08.890][Verbose] Ignoring event type 1000156104
05-15 14:37:08.923 25921 25944 I Unity   : [XR] [485728508272] [14:37:08.923][Verbose] Ignoring event type 1000156103
05-15 14:37:08.923 25921 25944 I Unity   : [XR] [485728508272] [14:37:08.923][Verbose] Ignoring event type 1000156104
05-15 14:37:08.956 25921 25944 I Unity   : [XR] [485728508272] [14:37:08.956][Verbose] Ignoring event type 1000156103
05-15 14:37:08.956 25921 25944 I Unity   : [XR] [485728508272] [14:37:08.956][Verbose] Ignoring event type 1000156104
05-15 14:37:08.990 25921 25944 I Unity   : [XR] [485728508272] [14:37:08.990][Verbose] Ignoring event type 1000156103
05-15 14:37:08.990 25921 25944 I Unity   : [XR] [485728508272] [14:37:08.990][Verbose] Ignoring event type 1000156104
05-15 14:37:09.001 25921 26076 I VrApi   : FPS=91/90,Prd=43ms,Tear=0,Early=28,Stale=0,Stale2/5/10/max=0/0/0/0,VSnc=1,Lat=-1,Fov=0,CPU4/GPU=2/2,1651/456MHz,OC=3F,TA=0/0/0,SP=N/N/N,Mem=3196MHz,Free=1767MB,PLS=1,Temp=35.0C/0.0C,TW=1.30ms,App=7.53ms,GD=0.00ms,CPU&GPU=11.73ms,LCnt=2(DR91,LM2),GPU%=0.77,CPU%=0.51(W0.52),DSF=1.00,CFL=12.06/16.76,ICFLp95=15.51,LD=0,SF=1.00,LP=0,DVFS=0
05-15 14:37:09.023 25921 25944 I Unity   : [XR] [485728508272] [14:37:09.023][Verbose] Ignoring event type 1000156103
05-15 14:37:09.023 25921 25944 I Unity   : [XR] [485728508272] [14:37:09.023][Verbose] Ignoring event type 1000156104
05-15 14:37:09.045 25921 25944 I Unity   : [XR] [485728508272] [14:37:09.045][Verbose] Ignoring event type 1000156103
05-15 14:37:09.045 25921 25944 I Unity   : [XR] [485728508272] [14:37:09.045][Verbose] Ignoring event type 1000156104
05-15 14:37:09.068 25921 25944 I Unity   : [XR] [485728508272] [14:37:09.067][Verbose] Ignoring event type 1000156103
05-15 14:37:09.068 25921 25944 I Unity   : [XR] [485728508272] [14:37:09.068][Verbose] Ignoring event type 1000156104
05-15 14:37:09.089 25921 25944 I Unity   : [XR] [485728508272] [14:37:09.089][Verbose] Ignoring event type 1000156103
05-15 14:37:09.089 25921 25944 I Unity   : [XR] [485728508272] [14:37:09.089][Verbose] Ignoring event type 1000156104
05-15 14:37:09.111 25921 25944 I Unity   : [XR] [485728508272] [14:37:09.111][Verbose] Ignoring event type 1000156103
05-15 14:37:09.111 25921 25944 I Unity   : [XR] [485728508272] [14:37:09.111][Verbose] Ignoring event type 1000156104
05-15 14:37:09.134 25921 25944 I Unity   : [XR] [485728508272] [14:37:09.134][Verbose] Ignoring event type 1000156103
05-15 14:37:09.134 25921 25944 I Unity   : [XR] [485728508272] [14:37:09.134][Verbose] Ignoring event type 1000156104
05-15 14:37:09.166 25921 25944 I Unity   : [XR] [485728508272] [14:37:09.166][Verbose] Ignoring event type 1000156103
05-15 14:37:09.166 25921 25944 I Unity   : [XR] [485728508272] [14:37:09.166][Verbose] Ignoring event type 1000156104
05-15 14:37:09.201 25921 25944 I Unity   : [XR] [485728508272] [14:37:09.201][Verbose] Ignoring event type 1000156103
05-15 14:37:09.201 25921 25944 I Unity   : [XR] [485728508272] [14:37:09.201][Verbose] Ignoring event type 1000156104
05-15 14:37:09.234 25921 25944 I Unity   : [XR] [485728508272] [14:37:09.234][Verbose] Ignoring event type 1000156103
05-15 14:37:09.234 25921 25944 I Unity   : [XR] [485728508272] [14:37:09.234][Verbose] Ignoring event type 1000156104
05-15 14:37:09.268 25921 25944 I Unity   : [XR] [485728508272] [14:37:09.268][Verbose] Ignoring event type 1000156103
05-15 14:37:09.268 25921 25944 I Unity   : [XR] [485728508272] [14:37:09.268][Verbose] Ignoring event type 1000156104
05-15 14:37:09.289 25921 25944 I Unity   : [XR] [485728508272] [14:37:09.289][Verbose] Ignoring event type 1000156103
05-15 14:37:09.289 25921 25944 I Unity   : [XR] [485728508272] [14:37:09.289][Verbose] Ignoring event type 1000156104
05-15 14:37:09.312 25921 25944 I Unity   : [XR] [485728508272] [14:37:09.312][Verbose] Ignoring event type 1000156103
05-15 14:37:09.312 25921 25944 I Unity   : [XR] [485728508272] [14:37:09.312][Verbose] Ignoring event type 1000156104
05-15 14:37:09.334 25921 25944 I Unity   : [XR] [485728508272] [14:37:09.334][Verbose] Ignoring event type 1000156103
05-15 14:37:09.334 25921 25944 I Unity   : [XR] [485728508272] [14:37:09.334][Verbose] Ignoring event type 1000156104
05-15 14:37:09.366 25921 25944 I Unity   : [XR] [485728508272] [14:37:09.366][Verbose] Ignoring event type 1000156103
05-15 14:37:09.367 25921 25944 I Unity   : [XR] [485728508272] [14:37:09.367][Verbose] Ignoring event type 1000156104
05-15 14:37:09.400 25921 25944 I Unity   : [XR] [485728508272] [14:37:09.400][Verbose] Ignoring event type 1000156103
05-15 14:37:09.400 25921 25944 I Unity   : [XR] [485728508272] [14:37:09.400][Verbose] Ignoring event type 1000156104
05-15 14:37:09.434 25921 25944 I Unity   : [XR] [485728508272] [14:37:09.434][Verbose] Ignoring event type 1000156103
05-15 14:37:09.435 25921 25944 I Unity   : [XR] [485728508272] [14:37:09.435][Verbose] Ignoring event type 1000156104
05-15 14:37:09.467 25921 25944 I Unity   : [XR] [485728508272] [14:37:09.467][Verbose] Ignoring event type 1000156103
05-15 14:37:09.467 25921 25944 I Unity   : [XR] [485728508272] [14:37:09.467][Verbose] Ignoring event type 1000156104
05-15 14:37:09.501 25921 25944 I Unity   : [XR] [485728508272] [14:37:09.501][Verbose] Ignoring event type 1000156103
05-15 14:37:09.501 25921 25944 I Unity   : [XR] [485728508272] [14:37:09.501][Verbose] Ignoring event type 1000156104
05-15 14:37:09.534 25921 25944 I Unity   : [XR] [485728508272] [14:37:09.534][Verbose] Ignoring event type 1000156103
05-15 14:37:09.534 25921 25944 I Unity   : [XR] [485728508272] [14:37:09.534][Verbose] Ignoring event type 1000156104
05-15 14:37:09.567 25921 25944 I Unity   : [XR] [485728508272] [14:37:09.567][Verbose] Ignoring event type 1000156103
05-15 14:37:09.567 25921 25944 I Unity   : [XR] [485728508272] [14:37:09.567][Verbose] Ignoring event type 1000156104
05-15 14:37:09.599 25921 25944 I Unity   : [XR] [485728508272] [14:37:09.599][Verbose] Ignoring event type 1000156103
05-15 14:37:09.600 25921 25944 I Unity   : [XR] [485728508272] [14:37:09.600][Verbose] Ignoring event type 1000156104
05-15 14:37:09.634 25921 25944 I Unity   : [XR] [485728508272] [14:37:09.634][Verbose] Ignoring event type 1000156103
05-15 14:37:09.634 25921 25944 I Unity   : [XR] [485728508272] [14:37:09.634][Verbose] Ignoring event type 1000156104
05-15 14:37:09.668 25921 25944 I Unity   : [XR] [485728508272] [14:37:09.668][Verbose] Ignoring event type 1000156103
05-15 14:37:09.668 25921 25944 I Unity   : [XR] [485728508272] [14:37:09.668][Verbose] Ignoring event type 1000156104
05-15 14:37:09.690 25921 25944 I Unity   : [XR] [485728508272] [14:37:09.690][Verbose] Ignoring event type 1000156103
05-15 14:37:09.690 25921 25944 I Unity   : [XR] [485728508272] [14:37:09.690][Verbose] Ignoring event type 1000156104
05-15 14:37:09.710 25921 25944 I Unity   : [XR] [485728508272] [14:37:09.710][Verbose] Ignoring event type 1000156103
05-15 14:37:09.711 25921 25944 I Unity   : [XR] [485728508272] [14:37:09.711][Verbose] Ignoring event type 1000156104
05-15 14:37:09.733 25921 25944 I Unity   : [XR] [485728508272] [14:37:09.733][Verbose] Ignoring event type 1000156103
05-15 14:37:09.734 25921 25944 I Unity   : [XR] [485728508272] [14:37:09.734][Verbose] Ignoring event type 1000156104
05-15 14:37:09.765 25921 25944 I Unity   : [XR] [485728508272] [14:37:09.765][Verbose] Ignoring event type 1000156103
05-15 14:37:09.766 25921 25944 I Unity   : [XR] [485728508272] [14:37:09.766][Verbose] Ignoring event type 1000156104
05-15 14:37:09.789 25921 25944 I Unity   : [XR] [485728508272] [14:37:09.789][Verbose] Ignoring event type 1000156103
05-15 14:37:09.790 25921 25944 I Unity   : [XR] [485728508272] [14:37:09.790][Verbose] Ignoring event type 1000156104
05-15 14:37:09.823 25921 25944 I Unity   : [XR] [485728508272] [14:37:09.823][Verbose] Ignoring event type 1000156103
05-15 14:37:09.823 25921 25944 I Unity   : [XR] [485728508272] [14:37:09.823][Verbose] Ignoring event type 1000156104
05-15 14:37:09.846 25921 25944 I Unity   : [XR] [485728508272] [14:37:09.846][Verbose] Ignoring event type 1000156103
05-15 14:37:09.846 25921 25944 I Unity   : [XR] [485728508272] [14:37:09.846][Verbose] Ignoring event type 1000156104
05-15 14:37:09.879 25921 25944 I Unity   : [XR] [485728508272] [14:37:09.879][Verbose] Ignoring event type 1000156103
05-15 14:37:09.879 25921 25944 I Unity   : [XR] [485728508272] [14:37:09.879][Verbose] Ignoring event type 1000156104
05-15 14:37:09.911 25921 25944 I Unity   : [XR] [485728508272] [14:37:09.911][Verbose] Ignoring event type 1000156103
05-15 14:37:09.911 25921 25944 I Unity   : [XR] [485728508272] [14:37:09.911][Verbose] Ignoring event type 1000156104
05-15 14:37:09.932 25921 25944 I Unity   : [XR] [485728508272] [14:37:09.932][Verbose] Ignoring event type 1000156103
05-15 14:37:09.932 25921 25944 I Unity   : [XR] [485728508272] [14:37:09.932][Verbose] Ignoring event type 1000156104
05-15 14:37:09.968 25921 25944 I Unity   : [XR] [485728508272] [14:37:09.968][Verbose] Ignoring event type 1000156103
05-15 14:37:09.968 25921 25944 I Unity   : [XR] [485728508272] [14:37:09.968][Verbose] Ignoring event type 1000156104
05-15 14:37:09.998 25921 25944 I Unity   : [XR] [485728508272] [14:37:09.998][Verbose] Ignoring event type 1000156103
05-15 14:37:09.998 25921 25944 I Unity   : [XR] [485728508272] [14:37:09.998][Verbose] Ignoring event type 1000156104
05-15 14:37:10.001 25921 26076 I VrApi   : FPS=90/90,Prd=43ms,Tear=0,Early=9,Stale=0,Stale2/5/10/max=0/0/0/0,VSnc=1,Lat=-1,Fov=0,CPU4/GPU=2/2,1382/456MHz,OC=3F,TA=0/0/0,SP=N/N/N,Mem=3196MHz,Free=1767MB,PLS=1,Temp=35.0C/0.0C,TW=1.28ms,App=7.96ms,GD=0.00ms,CPU&GPU=11.89ms,LCnt=2(DR91,LM2),GPU%=0.82,CPU%=0.47(W0.55),DSF=1.00,CFL=12.36/16.54,ICFLp95=15.51,LD=0,SF=1.00,LP=0,DVFS=0
05-15 14:37:10.021 25921 25944 I Unity   : [XR] [485728508272] [14:37:10.021][Verbose] Ignoring event type 1000156103
05-15 14:37:10.021 25921 25944 I Unity   : [XR] [485728508272] [14:37:10.021][Verbose] Ignoring event type 1000156104
05-15 14:37:10.044 25921 25944 I Unity   : [XR] [485728508272] [14:37:10.043][Verbose] Ignoring event type 1000156103
05-15 14:37:10.044 25921 25944 I Unity   : [XR] [485728508272] [14:37:10.044][Verbose] Ignoring event type 1000156104
05-15 14:37:10.076 25921 25944 I Unity   : [XR] [485728508272] [14:37:10.076][Verbose] Ignoring event type 1000156103
05-15 14:37:10.076 25921 25944 I Unity   : [XR] [485728508272] [14:37:10.076][Verbose] Ignoring event type 1000156104
05-15 14:37:10.101 25921 25944 I Unity   : [XR] [485728508272] [14:37:10.101][Verbose] Ignoring event type 1000156103
05-15 14:37:10.101 25921 25944 I Unity   : [XR] [485728508272] [14:37:10.101][Verbose] Ignoring event type 1000156104
05-15 14:37:10.122 25921 25944 I Unity   : [XR] [485728508272] [14:37:10.122][Verbose] Ignoring event type 1000156103
05-15 14:37:10.122 25921 25944 I Unity   : [XR] [485728508272] [14:37:10.122][Verbose] Ignoring event type 1000156104
05-15 14:37:10.143 25921 25944 I Unity   : [XR] [485728508272] [14:37:10.143][Verbose] Ignoring event type 1000156103
05-15 14:37:10.143 25921 25944 I Unity   : [XR] [485728508272] [14:37:10.143][Verbose] Ignoring event type 1000156104
05-15 14:37:10.166 25921 25944 I Unity   : [XR] [485728508272] [14:37:10.166][Verbose] Ignoring event type 1000156103
05-15 14:37:10.166 25921 25944 I Unity   : [XR] [485728508272] [14:37:10.166][Verbose] Ignoring event type 1000156104
05-15 14:37:10.201 25921 25944 I Unity   : [XR] [485728508272] [14:37:10.201][Verbose] Ignoring event type 1000156103
05-15 14:37:10.201 25921 25944 I Unity   : [XR] [485728508272] [14:37:10.201][Verbose] Ignoring event type 1000156104
05-15 14:37:10.233 25921 25944 I Unity   : [XR] [485728508272] [14:37:10.233][Verbose] Ignoring event type 1000156103
05-15 14:37:10.233 25921 25944 I Unity   : [XR] [485728508272] [14:37:10.233][Verbose] Ignoring event type 1000156104
05-15 14:37:10.267 25921 25944 I Unity   : [XR] [485728508272] [14:37:10.267][Verbose] Ignoring event type 1000156103
05-15 14:37:10.267 25921 25944 I Unity   : [XR] [485728508272] [14:37:10.267][Verbose] Ignoring event type 1000156104
05-15 14:37:10.301 25921 25944 I Unity   : [XR] [485728508272] [14:37:10.300][Verbose] Ignoring event type 1000156103
05-15 14:37:10.301 25921 25944 I Unity   : [XR] [485728508272] [14:37:10.301][Verbose] Ignoring event type 1000156104
05-15 14:37:10.333 25921 25944 I Unity   : [XR] [485728508272] [14:37:10.333][Verbose] Ignoring event type 1000156103
05-15 14:37:10.333 25921 25944 I Unity   : [XR] [485728508272] [14:37:10.333][Verbose] Ignoring event type 1000156104
05-15 14:37:10.367 25921 25944 I Unity   : [XR] [485728508272] [14:37:10.367][Verbose] Ignoring event type 1000156103
05-15 14:37:10.367 25921 25944 I Unity   : [XR] [485728508272] [14:37:10.367][Verbose] Ignoring event type 1000156104
05-15 14:37:10.399 25921 25944 I Unity   : [XR] [485728508272] [14:37:10.399][Verbose] Ignoring event type 1000156103
05-15 14:37:10.399 25921 25944 I Unity   : [XR] [485728508272] [14:37:10.399][Verbose] Ignoring event type 1000156104
05-15 14:37:10.423 25921 25944 I Unity   : [XR] [485728508272] [14:37:10.423][Verbose] Ignoring event type 1000156103
05-15 14:37:10.423 25921 25944 I Unity   : [XR] [485728508272] [14:37:10.423][Verbose] Ignoring event type 1000156104
05-15 14:37:10.445 25921 25944 I Unity   : [XR] [485728508272] [14:37:10.445][Verbose] Ignoring event type 1000156103
05-15 14:37:10.445 25921 25944 I Unity   : [XR] [485728508272] [14:37:10.445][Verbose] Ignoring event type 1000156104
05-15 14:37:10.477 25921 25944 I Unity   : [XR] [485728508272] [14:37:10.477][Verbose] Ignoring event type 1000156103
