05-15 14:38:30.460 25921 25944 I Unity   : Starting test run 1 for VFX with passthrough True
05-15 14:38:30.460 25921 25944 I Unity   : <ExecuteTests>d__48:MoveNext()
05-15 14:38:30.460 25921 25944 I Unity   : UnityEngine.SetupCoroutine:InvokeMoveNext(IEnumerator, IntPtr)
05-15 14:38:30.460 25921 25944 I Unity   : 
05-15 14:38:30.461 25921 25944 I Unity   : Recording starting VFX-True-2024-05-15_14-38-30
05-15 14:38:30.461 25921 25944 I Unity   : <ExecuteTest>d__49:MoveNext()
05-15 14:38:30.461 25921 25944 I Unity   : UnityEngine.SetupCoroutine:InvokeMoveNext(IEnumerator, IntPtr)
05-15 14:38:30.461 25921 25944 I Unity   : 
05-15 14:38:30.461 25921 25944 I Unity   : Starting recording!
05-15 14:38:30.461 25921 25944 I Unity   : AutomatedTest:StartRecording()
05-15 14:38:30.461 25921 25944 I Unity   : <ExecuteTest>d__49:MoveNext()
05-15 14:38:30.461 25921 25944 I Unity   : UnityEngine.SetupCoroutine:InvokeMoveNext(IEnumerator, IntPtr)
05-15 14:38:30.461 25921 25944 I Unity   : 
05-15 14:38:30.480 25921 25944 I Unity   : [XR] [485728508272] [14:38:30.480][Verbose] Ignoring event type 1000156103
05-15 14:38:30.480 25921 25944 I Unity   : [XR] [485728508272] [14:38:30.480][Verbose] Ignoring event type 1000156104
05-15 14:38:30.503 25921 25944 I Unity   : [XR] [485728508272] [14:38:30.503][Verbose] Ignoring event type 1000156103
05-15 14:38:30.503 25921 25944 I Unity   : [XR] [485728508272] [14:38:30.503][Verbose] Ignoring event type 1000156104
05-15 14:38:30.537 25921 25944 I Unity   : [XR] [485728508272] [14:38:30.537][Verbose] Ignoring event type 1000156103
05-15 14:38:30.537 25921 25944 I Unity   : [XR] [485728508272] [14:38:30.537][Verbose] Ignoring event type 1000156104
05-15 14:38:30.569 25921 25944 I Unity   : [XR] [485728508272] [14:38:30.569][Verbose] Ignoring event type 1000156103
05-15 14:38:30.569 25921 25944 I Unity   : [XR] [485728508272] [14:38:30.569][Verbose] Ignoring event type 1000156104
05-15 14:38:30.593 25921 25944 I Unity   : [XR] [485728508272] [14:38:30.593][Verbose] Ignoring event type 1000156103
05-15 14:38:30.593 25921 25944 I Unity   : [XR] [485728508272] [14:38:30.593][Verbose] Ignoring event type 1000156104
05-15 14:38:30.615 25921 25944 I Unity   : [XR] [485728508272] [14:38:30.615][Verbose] Ignoring event type 1000156103
05-15 14:38:30.615 25921 25944 I Unity   : [XR] [485728508272] [14:38:30.615][Verbose] Ignoring event type 1000156104
05-15 14:38:30.648 25921 25944 I Unity   : [XR] [485728508272] [14:38:30.648][Verbose] Ignoring event type 1000156103
05-15 14:38:30.648 25921 25944 I Unity   : [XR] [485728508272] [14:38:30.648][Verbose] Ignoring event type 1000156104
05-15 14:38:30.681 25921 25944 I Unity   : [XR] [485728508272] [14:38:30.681][Verbose] Ignoring event type 1000156103
05-15 14:38:30.682 25921 25944 I Unity   : [XR] [485728508272] [14:38:30.682][Verbose] Ignoring event type 1000156104
05-15 14:38:30.715 25921 25944 I Unity   : [XR] [485728508272] [14:38:30.715][Verbose] Ignoring event type 1000156103
05-15 14:38:30.715 25921 25944 I Unity   : [XR] [485728508272] [14:38:30.715][Verbose] Ignoring event type 1000156104
05-15 14:38:30.748 25921 25944 I Unity   : [XR] [485728508272] [14:38:30.748][Verbose] Ignoring event type 1000156103
05-15 14:38:30.748 25921 25944 I Unity   : [XR] [485728508272] [14:38:30.748][Verbose] Ignoring event type 1000156104
05-15 14:38:30.781 25921 25944 I Unity   : [XR] [485728508272] [14:38:30.781][Verbose] Ignoring event type 1000156103
05-15 14:38:30.781 25921 25944 I Unity   : [XR] [485728508272] [14:38:30.781][Verbose] Ignoring event type 1000156104
05-15 14:38:30.815 25921 25944 I Unity   : [XR] [485728508272] [14:38:30.815][Verbose] Ignoring event type 1000156103
05-15 14:38:30.815 25921 25944 I Unity   : [XR] [485728508272] [14:38:30.815][Verbose] Ignoring event type 1000156104
05-15 14:38:30.846 25921 25944 I Unity   : [XR] [485728508272] [14:38:30.846][Verbose] Ignoring event type 1000156103
05-15 14:38:30.847 25921 25944 I Unity   : [XR] [485728508272] [14:38:30.847][Verbose] Ignoring event type 1000156104
05-15 14:38:30.881 25921 25944 I Unity   : [XR] [485728508272] [14:38:30.881][Verbose] Ignoring event type 1000156103
05-15 14:38:30.881 25921 25944 I Unity   : [XR] [485728508272] [14:38:30.881][Verbose] Ignoring event type 1000156104
05-15 14:38:30.904 25921 25944 I Unity   : [XR] [485728508272] [14:38:30.904][Verbose] Ignoring event type 1000156103
05-15 14:38:30.904 25921 25944 I Unity   : [XR] [485728508272] [14:38:30.904][Verbose] Ignoring event type 1000156104
05-15 14:38:30.926 25921 25944 I Unity   : [XR] [485728508272] [14:38:30.926][Verbose] Ignoring event type 1000156103
05-15 14:38:30.926 25921 25944 I Unity   : [XR] [485728508272] [14:38:30.926][Verbose] Ignoring event type 1000156104
05-15 14:38:30.959 25921 25944 I Unity   : [XR] [485728508272] [14:38:30.959][Verbose] Ignoring event type 1000156103
05-15 14:38:30.959 25921 25944 I Unity   : [XR] [485728508272] [14:38:30.959][Verbose] Ignoring event type 1000156104
05-15 14:38:30.993 25921 25944 I Unity   : [XR] [485728508272] [14:38:30.993][Verbose] Ignoring event type 1000156103
05-15 14:38:30.993 25921 25944 I Unity   : [XR] [485728508272] [14:38:30.993][Verbose] Ignoring event type 1000156104
05-15 14:38:31.011 25921 26076 I VrApi   : FPS=90/90,Prd=40ms,Tear=0,Early=28,Stale=0,Stale2/5/10/max=0/0/0/0,VSnc=1,Lat=-1,Fov=0,CPU4/GPU=3/2,1651/456MHz,OC=3F,TA=0/0/0,SP=N/N/N,Mem=2736MHz,Free=1338MB,PLS=1,Temp=37.0C/0.0C,TW=1.27ms,App=4.63ms,GD=0.00ms,CPU&GPU=8.34ms,LCnt=2(DR90,LM2),GPU%=0.54,CPU%=0.73(W0.81),DSF=1.00,CFL=12.12/16.67,ICFLp95=15.26,LD=0,SF=1.00,LP=0,DVFS=0
05-15 14:38:31.014 25921 25944 I Unity   : [XR] [485728508272] [14:38:31.014][Verbose] Ignoring event type 1000156103
05-15 14:38:31.014 25921 25944 I Unity   : [XR] [485728508272] [14:38:31.014][Verbose] Ignoring event type 1000156104
05-15 14:38:31.047 25921 25944 I Unity   : [XR] [485728508272] [14:38:31.047][Verbose] Ignoring event type 1000156103
05-15 14:38:31.047 25921 25944 I Unity   : [XR] [485728508272] [14:38:31.047][Verbose] Ignoring event type 1000156104
05-15 14:38:31.080 25921 25944 I Unity   : [XR] [485728508272] [14:38:31.080][Verbose] Ignoring event type 1000156103
05-15 14:38:31.080 25921 25944 I Unity   : [XR] [485728508272] [14:38:31.080][Verbose] Ignoring event type 1000156104
05-15 14:38:31.113 25921 25944 I Unity   : [XR] [485728508272] [14:38:31.113][Verbose] Ignoring event type 1000156103
05-15 14:38:31.113 25921 25944 I Unity   : [XR] [485728508272] [14:38:31.113][Verbose] Ignoring event type 1000156104
05-15 14:38:31.136 25921 25944 I Unity   : [XR] [485728508272] [14:38:31.136][Verbose] Ignoring event type 1000156103
05-15 14:38:31.136 25921 25944 I Unity   : [XR] [485728508272] [14:38:31.136][Verbose] Ignoring event type 1000156104
05-15 14:38:31.171 25921 25944 I Unity   : [XR] [485728508272] [14:38:31.171][Verbose] Ignoring event type 1000156103
05-15 14:38:31.171 25921 25944 I Unity   : [XR] [485728508272] [14:38:31.171][Verbose] Ignoring event type 1000156104
05-15 14:38:31.214 25921 25944 I Unity   : [XR] [485728508272] [14:38:31.214][Verbose] Ignoring event type 1000156103
05-15 14:38:31.214 25921 25944 I Unity   : [XR] [485728508272] [14:38:31.214][Verbose] Ignoring event type 1000156104
05-15 14:38:31.248 25921 25944 I Unity   : [XR] [485728508272] [14:38:31.248][Verbose] Ignoring event type 1000156103
05-15 14:38:31.248 25921 25944 I Unity   : [XR] [485728508272] [14:38:31.248][Verbose] Ignoring event type 1000156104
05-15 14:38:31.281 25921 25944 I Unity   : [XR] [485728508272] [14:38:31.281][Verbose] Ignoring event type 1000156103
05-15 14:38:31.282 25921 25944 I Unity   : [XR] [485728508272] [14:38:31.282][Verbose] Ignoring event type 1000156104
05-15 14:38:31.314 25921 25944 I Unity   : [XR] [485728508272] [14:38:31.314][Verbose] Ignoring event type 1000156103
05-15 14:38:31.314 25921 25944 I Unity   : [XR] [485728508272] [14:38:31.314][Verbose] Ignoring event type 1000156104
05-15 14:38:31.335 25921 25944 I Unity   : [XR] [485728508272] [14:38:31.335][Verbose] Ignoring event type 1000156103
05-15 14:38:31.335 25921 25944 I Unity   : [XR] [485728508272] [14:38:31.335][Verbose] Ignoring event type 1000156104
05-15 14:38:31.370 25921 25944 I Unity   : [XR] [485728508272] [14:38:31.370][Verbose] Ignoring event type 1000156103
05-15 14:38:31.370 25921 25944 I Unity   : [XR] [485728508272] [14:38:31.370][Verbose] Ignoring event type 1000156104
05-15 14:38:31.401 25921 25944 I Unity   : [XR] [485728508272] [14:38:31.401][Verbose] Ignoring event type 1000156103
05-15 14:38:31.401 25921 25944 I Unity   : [XR] [485728508272] [14:38:31.401][Verbose] Ignoring event type 1000156104
05-15 14:38:31.437 25921 25944 I Unity   : [XR] [485728508272] [14:38:31.437][Verbose] Ignoring event type 1000156103
05-15 14:38:31.437 25921 25944 I Unity   : [XR] [485728508272] [14:38:31.437][Verbose] Ignoring event type 1000156104
05-15 14:38:31.468 25921 25944 I Unity   : [XR] [485728508272] [14:38:31.468][Verbose] Ignoring event type 1000156103
05-15 14:38:31.468 25921 25944 I Unity   : [XR] [485728508272] [14:38:31.468][Verbose] Ignoring event type 1000156104
05-15 14:38:31.492 25921 25944 I Unity   : [XR] [485728508272] [14:38:31.492][Verbose] Ignoring event type 1000156103
05-15 14:38:31.492 25921 25944 I Unity   : [XR] [485728508272] [14:38:31.492][Verbose] Ignoring event type 1000156104
05-15 14:38:31.524 25921 25944 I Unity   : [XR] [485728508272] [14:38:31.524][Verbose] Ignoring event type 1000156103
05-15 14:38:31.524 25921 25944 I Unity   : [XR] [485728508272] [14:38:31.524][Verbose] Ignoring event type 1000156104
05-15 14:38:31.546 25921 25944 I Unity   : [XR] [485728508272] [14:38:31.546][Verbose] Ignoring event type 1000156103
05-15 14:38:31.546 25921 25944 I Unity   : [XR] [485728508272] [14:38:31.546][Verbose] Ignoring event type 1000156104
05-15 14:38:31.570 25921 25944 I Unity   : [XR] [485728508272] [14:38:31.570][Verbose] Ignoring event type 1000156103
05-15 14:38:31.570 25921 25944 I Unity   : [XR] [485728508272] [14:38:31.570][Verbose] Ignoring event type 1000156104
05-15 14:38:31.603 25921 25944 I Unity   : [XR] [485728508272] [14:38:31.603][Verbose] Ignoring event type 1000156103
05-15 14:38:31.604 25921 25944 I Unity   : [XR] [485728508272] [14:38:31.604][Verbose] Ignoring event type 1000156104
05-15 14:38:31.635 25921 25944 I Unity   : [XR] [485728508272] [14:38:31.634][Verbose] Ignoring event type 1000156103
05-15 14:38:31.635 25921 25944 I Unity   : [XR] [485728508272] [14:38:31.635][Verbose] Ignoring event type 1000156104
05-15 14:38:31.658 25921 25944 I Unity   : [XR] [485728508272] [14:38:31.658][Verbose] Ignoring event type 1000156103
05-15 14:38:31.658 25921 25944 I Unity   : [XR] [485728508272] [14:38:31.658][Verbose] Ignoring event type 1000156104
05-15 14:38:31.690 25921 25944 I Unity   : [XR] [485728508272] [14:38:31.690][Verbose] Ignoring event type 1000156103
05-15 14:38:31.690 25921 25944 I Unity   : [XR] [485728508272] [14:38:31.690][Verbose] Ignoring event type 1000156104
05-15 14:38:31.714 25921 25944 I Unity   : [XR] [485728508272] [14:38:31.714][Verbose] Ignoring event type 1000156103
05-15 14:38:31.714 25921 25944 I Unity   : [XR] [485728508272] [14:38:31.714][Verbose] Ignoring event type 1000156104
05-15 14:38:31.747 25921 25944 I Unity   : [XR] [485728508272] [14:38:31.747][Verbose] Ignoring event type 1000156103
05-15 14:38:31.747 25921 25944 I Unity   : [XR] [485728508272] [14:38:31.747][Verbose] Ignoring event type 1000156104
05-15 14:38:31.779 25921 25944 I Unity   : [XR] [485728508272] [14:38:31.779][Verbose] Ignoring event type 1000156103
05-15 14:38:31.779 25921 25944 I Unity   : [XR] [485728508272] [14:38:31.779][Verbose] Ignoring event type 1000156104
05-15 14:38:31.803 25921 25944 I Unity   : [XR] [485728508272] [14:38:31.803][Verbose] Ignoring event type 1000156103
05-15 14:38:31.803 25921 25944 I Unity   : [XR] [485728508272] [14:38:31.803][Verbose] Ignoring event type 1000156104
05-15 14:38:31.836 25921 25944 I Unity   : [XR] [485728508272] [14:38:31.836][Verbose] Ignoring event type 1000156103
05-15 14:38:31.836 25921 25944 I Unity   : [XR] [485728508272] [14:38:31.836][Verbose] Ignoring event type 1000156104
05-15 14:38:31.869 25921 25944 I Unity   : [XR] [485728508272] [14:38:31.869][Verbose] Ignoring event type 1000156103
05-15 14:38:31.869 25921 25944 I Unity   : [XR] [485728508272] [14:38:31.869][Verbose] Ignoring event type 1000156104
05-15 14:38:31.891 25921 25944 I Unity   : [XR] [485728508272] [14:38:31.891][Verbose] Ignoring event type 1000156103
05-15 14:38:31.891 25921 25944 I Unity   : [XR] [485728508272] [14:38:31.891][Verbose] Ignoring event type 1000156104
05-15 14:38:31.923 25921 25944 I Unity   : [XR] [485728508272] [14:38:31.923][Verbose] Ignoring event type 1000156103
05-15 14:38:31.923 25921 25944 I Unity   : [XR] [485728508272] [14:38:31.923][Verbose] Ignoring event type 1000156104
05-15 14:38:31.945 25921 25944 I Unity   : [XR] [485728508272] [14:38:31.945][Verbose] Ignoring event type 1000156103
05-15 14:38:31.945 25921 25944 I Unity   : [XR] [485728508272] [14:38:31.945][Verbose] Ignoring event type 1000156104
05-15 14:38:31.969 25921 25944 I Unity   : [XR] [485728508272] [14:38:31.969][Verbose] Ignoring event type 1000156103
05-15 14:38:31.969 25921 25944 I Unity   : [XR] [485728508272] [14:38:31.969][Verbose] Ignoring event type 1000156104
05-15 14:38:32.002 25921 25944 I Unity   : [XR] [485728508272] [14:38:32.002][Verbose] Ignoring event type 1000156103
05-15 14:38:32.002 25921 25944 I Unity   : [XR] [485728508272] [14:38:32.002][Verbose] Ignoring event type 1000156104
05-15 14:38:32.011 25921 26076 I VrApi   : FPS=91/90,Prd=40ms,Tear=0,Early=25,Stale=0,Stale2/5/10/max=0/0/0/0,VSnc=1,Lat=-1,Fov=0,CPU4/GPU=3/2,1651/456MHz,OC=3F,TA=0/0/0,SP=N/N/N,Mem=3196MHz,Free=1338MB,PLS=1,Temp=37.0C/0.0C,TW=1.32ms,App=5.46ms,GD=0.00ms,CPU&GPU=9.25ms,LCnt=2(DR91,LM2),GPU%=0.61,CPU%=0.71(W0.74),DSF=1.00,CFL=12.06/16.52,ICFLp95=15.27,LD=0,SF=1.00,LP=0,DVFS=0
05-15 14:38:32.035 25921 25944 I Unity   : [XR] [485728508272] [14:38:32.035][Verbose] Ignoring event type 1000156103
05-15 14:38:32.035 25921 25944 I Unity   : [XR] [485728508272] [14:38:32.035][Verbose] Ignoring event type 1000156104
05-15 14:38:32.057 25921 25944 I Unity   : [XR] [485728508272] [14:38:32.057][Verbose] Ignoring event type 1000156103
05-15 14:38:32.057 25921 25944 I Unity   : [XR] [485728508272] [14:38:32.057][Verbose] Ignoring event type 1000156104
05-15 14:38:32.090 25921 25944 I Unity   : [XR] [485728508272] [14:38:32.090][Verbose] Ignoring event type 1000156103
05-15 14:38:32.090 25921 25944 I Unity   : [XR] [485728508272] [14:38:32.090][Verbose] Ignoring event type 1000156104
05-15 14:38:32.124 25921 25944 I Unity   : [XR] [485728508272] [14:38:32.124][Verbose] Ignoring event type 1000156103
05-15 14:38:32.124 25921 25944 I Unity   : [XR] [485728508272] [14:38:32.124][Verbose] Ignoring event type 1000156104
05-15 14:38:32.157 25921 25944 I Unity   : [XR] [485728508272] [14:38:32.157][Verbose] Ignoring event type 1000156103
05-15 14:38:32.157 25921 25944 I Unity   : [XR] [485728508272] [14:38:32.157][Verbose] Ignoring event type 1000156104
05-15 14:38:32.189 25921 25944 I Unity   : [XR] [485728508272] [14:38:32.189][Verbose] Ignoring event type 1000156103
05-15 14:38:32.190 25921 25944 I Unity   : [XR] [485728508272] [14:38:32.190][Verbose] Ignoring event type 1000156104
05-15 14:38:32.213 25921 25944 I Unity   : [XR] [485728508272] [14:38:32.213][Verbose] Ignoring event type 1000156103
05-15 14:38:32.213 25921 25944 I Unity   : [XR] [485728508272] [14:38:32.213][Verbose] Ignoring event type 1000156104
05-15 14:38:32.246 25921 25944 I Unity   : [XR] [485728508272] [14:38:32.246][Verbose] Ignoring event type 1000156103
05-15 14:38:32.246 25921 25944 I Unity   : [XR] [485728508272] [14:38:32.246][Verbose] Ignoring event type 1000156104
05-15 14:38:32.279 25921 25944 I Unity   : [XR] [485728508272] [14:38:32.279][Verbose] Ignoring event type 1000156103
05-15 14:38:32.279 25921 25944 I Unity   : [XR] [485728508272] [14:38:32.279][Verbose] Ignoring event type 1000156104
05-15 14:38:32.312 25921 25944 I Unity   : [XR] [485728508272] [14:38:32.312][Verbose] Ignoring event type 1000156103
05-15 14:38:32.312 25921 25944 I Unity   : [XR] [485728508272] [14:38:32.312][Verbose] Ignoring event type 1000156104
05-15 14:38:32.335 25921 25944 I Unity   : [XR] [485728508272] [14:38:32.335][Verbose] Ignoring event type 1000156103
05-15 14:38:32.335 25921 25944 I Unity   : [XR] [485728508272] [14:38:32.335][Verbose] Ignoring event type 1000156104
05-15 14:38:32.369 25921 25944 I Unity   : [XR] [485728508272] [14:38:32.369][Verbose] Ignoring event type 1000156103
05-15 14:38:32.369 25921 25944 I Unity   : [XR] [485728508272] [14:38:32.369][Verbose] Ignoring event type 1000156104
05-15 14:38:32.400 25921 25944 I Unity   : [XR] [485728508272] [14:38:32.400][Verbose] Ignoring event type 1000156103
05-15 14:38:32.400 25921 25944 I Unity   : [XR] [485728508272] [14:38:32.400][Verbose] Ignoring event type 1000156104
05-15 14:38:32.436 25921 25944 I Unity   : [XR] [485728508272] [14:38:32.436][Verbose] Ignoring event type 1000156103
05-15 14:38:32.436 25921 25944 I Unity   : [XR] [485728508272] [14:38:32.436][Verbose] Ignoring event type 1000156104
05-15 14:38:32.469 25921 25944 I Unity   : [XR] [485728508272] [14:38:32.469][Verbose] Ignoring event type 1000156103
05-15 14:38:32.469 25921 25944 I Unity   : [XR] [485728508272] [14:38:32.469][Verbose] Ignoring event type 1000156104
05-15 14:38:32.501 25921 25944 I Unity   : [XR] [485728508272] [14:38:32.501][Verbose] Ignoring event type 1000156103
05-15 14:38:32.501 25921 25944 I Unity   : [XR] [485728508272] [14:38:32.501][Verbose] Ignoring event type 1000156104
05-15 14:38:32.524 25921 25944 I Unity   : [XR] [485728508272] [14:38:32.524][Verbose] Ignoring event type 1000156103
05-15 14:38:32.524 25921 25944 I Unity   : [XR] [485728508272] [14:38:32.524][Verbose] Ignoring event type 1000156104
05-15 14:38:32.557 25921 25944 I Unity   : [XR] [485728508272] [14:38:32.557][Verbose] Ignoring event type 1000156103
05-15 14:38:32.557 25921 25944 I Unity   : [XR] [485728508272] [14:38:32.557][Verbose] Ignoring event type 1000156104
05-15 14:38:32.591 25921 25944 I Unity   : [XR] [485728508272] [14:38:32.591][Verbose] Ignoring event type 1000156103
05-15 14:38:32.591 25921 25944 I Unity   : [XR] [485728508272] [14:38:32.591][Verbose] Ignoring event type 1000156104
05-15 14:38:32.624 25921 25944 I Unity   : [XR] [485728508272] [14:38:32.624][Verbose] Ignoring event type 1000156103
05-15 14:38:32.624 25921 25944 I Unity   : [XR] [485728508272] [14:38:32.624][Verbose] Ignoring event type 1000156104
05-15 14:38:32.645 25921 25944 I Unity   : [XR] [485728508272] [14:38:32.645][Verbose] Ignoring event type 1000156103
05-15 14:38:32.645 25921 25944 I Unity   : [XR] [485728508272] [14:38:32.645][Verbose] Ignoring event type 1000156104
05-15 14:38:32.679 25921 25944 I Unity   : [XR] [485728508272] [14:38:32.678][Verbose] Ignoring event type 1000156103
05-15 14:38:32.679 25921 25944 I Unity   : [XR] [485728508272] [14:38:32.679][Verbose] Ignoring event type 1000156104
05-15 14:38:32.712 25921 25944 I Unity   : [XR] [485728508272] [14:38:32.711][Verbose] Ignoring event type 1000156103
05-15 14:38:32.712 25921 25944 I Unity   : [XR] [485728508272] [14:38:32.712][Verbose] Ignoring event type 1000156104
05-15 14:38:32.735 25921 25944 I Unity   : [XR] [485728508272] [14:38:32.735][Verbose] Ignoring event type 1000156103
05-15 14:38:32.735 25921 25944 I Unity   : [XR] [485728508272] [14:38:32.735][Verbose] Ignoring event type 1000156104
05-15 14:38:32.767 25921 25944 I Unity   : [XR] [485728508272] [14:38:32.767][Verbose] Ignoring event type 1000156103
05-15 14:38:32.767 25921 25944 I Unity   : [XR] [485728508272] [14:38:32.767][Verbose] Ignoring event type 1000156104
05-15 14:38:32.802 25921 25944 I Unity   : [XR] [485728508272] [14:38:32.802][Verbose] Ignoring event type 1000156103
05-15 14:38:32.802 25921 25944 I Unity   : [XR] [485728508272] [14:38:32.802][Verbose] Ignoring event type 1000156104
05-15 14:38:32.835 25921 25944 I Unity   : [XR] [485728508272] [14:38:32.835][Verbose] Ignoring event type 1000156103
05-15 14:38:32.835 25921 25944 I Unity   : [XR] [485728508272] [14:38:32.835][Verbose] Ignoring event type 1000156104
05-15 14:38:32.868 25921 25944 I Unity   : [XR] [485728508272] [14:38:32.868][Verbose] Ignoring event type 1000156103
05-15 14:38:32.868 25921 25944 I Unity   : [XR] [485728508272] [14:38:32.868][Verbose] Ignoring event type 1000156104
05-15 14:38:32.889 25921 25944 I Unity   : [XR] [485728508272] [14:38:32.889][Verbose] Ignoring event type 1000156103
05-15 14:38:32.889 25921 25944 I Unity   : [XR] [485728508272] [14:38:32.889][Verbose] Ignoring event type 1000156104
05-15 14:38:32.922 25921 25944 I Unity   : [XR] [485728508272] [14:38:32.922][Verbose] Ignoring event type 1000156103
05-15 14:38:32.922 25921 25944 I Unity   : [XR] [485728508272] [14:38:32.922][Verbose] Ignoring event type 1000156104
05-15 14:38:32.957 25921 25944 I Unity   : [XR] [485728508272] [14:38:32.957][Verbose] Ignoring event type 1000156103
05-15 14:38:32.957 25921 25944 I Unity   : [XR] [485728508272] [14:38:32.957][Verbose] Ignoring event type 1000156104
05-15 14:38:32.980 25921 25944 I Unity   : [XR] [485728508272] [14:38:32.980][Verbose] Ignoring event type 1000156103
05-15 14:38:32.980 25921 25944 I Unity   : [XR] [485728508272] [14:38:32.980][Verbose] Ignoring event type 1000156104
05-15 14:38:33.011 25921 26076 I VrApi   : FPS=91/90,Prd=41ms,Tear=0,Early=26,Stale=0,Stale2/5/10/max=0/0/0/0,VSnc=1,Lat=-1,Fov=0,CPU4/GPU=3/2,1651/456MHz,OC=3F,TA=0/0/0,SP=N/N/N,Mem=3196MHz,Free=1338MB,PLS=1,Temp=37.0C/0.0C,TW=1.38ms,App=6.39ms,GD=0.00ms,CPU&GPU=11.62ms,LCnt=2(DR90,LM2),GPU%=0.70,CPU%=0.73(W0.81),DSF=1.00,CFL=12.17/16.50,ICFLp95=15.34,LD=0,SF=1.00,LP=0,DVFS=0
05-15 14:38:33.013 25921 25944 I Unity   : [XR] [485728508272] [14:38:33.013][Verbose] Ignoring event type 1000156103
05-15 14:38:33.013 25921 25944 I Unity   : [XR] [485728508272] [14:38:33.013][Verbose] Ignoring event type 1000156104
05-15 14:38:33.046 25921 25944 I Unity   : [XR] [485728508272] [14:38:33.046][Verbose] Ignoring event type 1000156103
05-15 14:38:33.046 25921 25944 I Unity   : [XR] [485728508272] [14:38:33.046][Verbose] Ignoring event type 1000156104
05-15 14:38:33.079 25921 25944 I Unity   : [XR] [485728508272] [14:38:33.079][Verbose] Ignoring event type 1000156103
05-15 14:38:33.079 25921 25944 I Unity   : [XR] [485728508272] [14:38:33.079][Verbose] Ignoring event type 1000156104
05-15 14:38:33.112 25921 25944 I Unity   : [XR] [485728508272] [14:38:33.112][Verbose] Ignoring event type 1000156103
05-15 14:38:33.112 25921 25944 I Unity   : [XR] [485728508272] [14:38:33.112][Verbose] Ignoring event type 1000156104
05-15 14:38:33.135 25921 25944 I Unity   : [XR] [485728508272] [14:38:33.135][Verbose] Ignoring event type 1000156103
05-15 14:38:33.135 25921 25944 I Unity   : [XR] [485728508272] [14:38:33.135][Verbose] Ignoring event type 1000156104
05-15 14:38:33.168 25921 25944 I Unity   : [XR] [485728508272] [14:38:33.168][Verbose] Ignoring event type 1000156103
05-15 14:38:33.168 25921 25944 I Unity   : [XR] [485728508272] [14:38:33.168][Verbose] Ignoring event type 1000156104
05-15 14:38:33.201 25921 25944 I Unity   : [XR] [485728508272] [14:38:33.201][Verbose] Ignoring event type 1000156103
05-15 14:38:33.201 25921 25944 I Unity   : [XR] [485728508272] [14:38:33.201][Verbose] Ignoring event type 1000156104
05-15 14:38:33.235 25921 25944 I Unity   : [XR] [485728508272] [14:38:33.235][Verbose] Ignoring event type 1000156103
05-15 14:38:33.235 25921 25944 I Unity   : [XR] [485728508272] [14:38:33.235][Verbose] Ignoring event type 1000156104
05-15 14:38:33.256 25921 25944 I Unity   : [XR] [485728508272] [14:38:33.256][Verbose] Ignoring event type 1000156103
05-15 14:38:33.257 25921 25944 I Unity   : [XR] [485728508272] [14:38:33.257][Verbose] Ignoring event type 1000156104
05-15 14:38:33.290 25921 25944 I Unity   : [XR] [485728508272] [14:38:33.290][Verbose] Ignoring event type 1000156103
05-15 14:38:33.290 25921 25944 I Unity   : [XR] [485728508272] [14:38:33.290][Verbose] Ignoring event type 1000156104
05-15 14:38:33.323 25921 25944 I Unity   : [XR] [485728508272] [14:38:33.323][Verbose] Ignoring event type 1000156103
05-15 14:38:33.323 25921 25944 I Unity   : [XR] [485728508272] [14:38:33.323][Verbose] Ignoring event type 1000156104
05-15 14:38:33.355 25921 25944 I Unity   : [XR] [485728508272] [14:38:33.355][Verbose] Ignoring event type 1000156103
05-15 14:38:33.356 25921 25944 I Unity   : [XR] [485728508272] [14:38:33.356][Verbose] Ignoring event type 1000156104
05-15 14:38:33.391 25921 25944 I Unity   : [XR] [485728508272] [14:38:33.391][Verbose] Ignoring event type 1000156103
05-15 14:38:33.391 25921 25944 I Unity   : [XR] [485728508272] [14:38:33.391][Verbose] Ignoring event type 1000156104
05-15 14:38:33.413 25921 25944 I Unity   : [XR] [485728508272] [14:38:33.413][Verbose] Ignoring event type 1000156103
05-15 14:38:33.413 25921 25944 I Unity   : [XR] [485728508272] [14:38:33.413][Verbose] Ignoring event type 1000156104
05-15 14:38:33.446 25921 25944 I Unity   : [XR] [485728508272] [14:38:33.446][Verbose] Ignoring event type 1000156103
05-15 14:38:33.446 25921 25944 I Unity   : [XR] [485728508272] [14:38:33.446][Verbose] Ignoring event type 1000156104
05-15 14:38:33.479 25921 25944 I Unity   : [XR] [485728508272] [14:38:33.479][Verbose] Ignoring event type 1000156103
05-15 14:38:33.479 25921 25944 I Unity   : [XR] [485728508272] [14:38:33.479][Verbose] Ignoring event type 1000156104
05-15 14:38:33.511 25921 25944 I Unity   : [XR] [485728508272] [14:38:33.511][Verbose] Ignoring event type 1000156103
05-15 14:38:33.511 25921 25944 I Unity   : [XR] [485728508272] [14:38:33.511][Verbose] Ignoring event type 1000156104
05-15 14:38:33.535 25921 25944 I Unity   : [XR] [485728508272] [14:38:33.535][Verbose] Ignoring event type 1000156103
05-15 14:38:33.535 25921 25944 I Unity   : [XR] [485728508272] [14:38:33.535][Verbose] Ignoring event type 1000156104
05-15 14:38:33.556 25921 25944 I Unity   : [XR] [485728508272] [14:38:33.556][Verbose] Ignoring event type 1000156103
05-15 14:38:33.556 25921 25944 I Unity   : [XR] [485728508272] [14:38:33.556][Verbose] Ignoring event type 1000156104
05-15 14:38:33.578 25921 25944 I Unity   : [XR] [485728508272] [14:38:33.578][Verbose] Ignoring event type 1000156103
05-15 14:38:33.578 25921 25944 I Unity   : [XR] [485728508272] [14:38:33.578][Verbose] Ignoring event type 1000156104
05-15 14:38:33.612 25921 25944 I Unity   : [XR] [485728508272] [14:38:33.612][Verbose] Ignoring event type 1000156103
05-15 14:38:33.612 25921 25944 I Unity   : [XR] [485728508272] [14:38:33.612][Verbose] Ignoring event type 1000156104
05-15 14:38:33.645 25921 25944 I Unity   : [XR] [485728508272] [14:38:33.645][Verbose] Ignoring event type 1000156103
05-15 14:38:33.645 25921 25944 I Unity   : [XR] [485728508272] [14:38:33.645][Verbose] Ignoring event type 1000156104
05-15 14:38:33.680 25921 25944 I Unity   : [XR] [485728508272] [14:38:33.680][Verbose] Ignoring event type 1000156103
05-15 14:38:33.680 25921 25944 I Unity   : [XR] [485728508272] [14:38:33.680][Verbose] Ignoring event type 1000156104
05-15 14:38:33.714 25921 25944 I Unity   : [XR] [485728508272] [14:38:33.714][Verbose] Ignoring event type 1000156103
05-15 14:38:33.714 25921 25944 I Unity   : [XR] [485728508272] [14:38:33.714][Verbose] Ignoring event type 1000156104
05-15 14:38:33.735 25921 25944 I Unity   : [XR] [485728508272] [14:38:33.735][Verbose] Ignoring event type 1000156103
05-15 14:38:33.735 25921 25944 I Unity   : [XR] [485728508272] [14:38:33.735][Verbose] Ignoring event type 1000156104
05-15 14:38:33.767 25921 25944 I Unity   : [XR] [485728508272] [14:38:33.767][Verbose] Ignoring event type 1000156103
05-15 14:38:33.767 25921 25944 I Unity   : [XR] [485728508272] [14:38:33.767][Verbose] Ignoring event type 1000156104
05-15 14:38:33.801 25921 25944 I Unity   : [XR] [485728508272] [14:38:33.801][Verbose] Ignoring event type 1000156103
05-15 14:38:33.801 25921 25944 I Unity   : [XR] [485728508272] [14:38:33.801][Verbose] Ignoring event type 1000156104
05-15 14:38:33.835 25921 25944 I Unity   : [XR] [485728508272] [14:38:33.835][Verbose] Ignoring event type 1000156103
05-15 14:38:33.835 25921 25944 I Unity   : [XR] [485728508272] [14:38:33.835][Verbose] Ignoring event type 1000156104
05-15 14:38:33.868 25921 25944 I Unity   : [XR] [485728508272] [14:38:33.868][Verbose] Ignoring event type 1000156103
05-15 14:38:33.868 25921 25944 I Unity   : [XR] [485728508272] [14:38:33.868][Verbose] Ignoring event type 1000156104
05-15 14:38:33.890 25921 25944 I Unity   : [XR] [485728508272] [14:38:33.890][Verbose] Ignoring event type 1000156103
05-15 14:38:33.891 25921 25944 I Unity   : [XR] [485728508272] [14:38:33.891][Verbose] Ignoring event type 1000156104
05-15 14:38:33.924 25921 25944 I Unity   : [XR] [485728508272] [14:38:33.924][Verbose] Ignoring event type 1000156103
05-15 14:38:33.924 25921 25944 I Unity   : [XR] [485728508272] [14:38:33.924][Verbose] Ignoring event type 1000156104
05-15 14:38:33.957 25921 25944 I Unity   : [XR] [485728508272] [14:38:33.957][Verbose] Ignoring event type 1000156103
05-15 14:38:33.957 25921 25944 I Unity   : [XR] [485728508272] [14:38:33.957][Verbose] Ignoring event type 1000156104
05-15 14:38:33.977 25921 25944 I Unity   : [XR] [485728508272] [14:38:33.977][Verbose] Ignoring event type 1000156103
05-15 14:38:33.977 25921 25944 I Unity   : [XR] [485728508272] [14:38:33.977][Verbose] Ignoring event type 1000156104
05-15 14:38:34.011 25921 26076 I VrApi   : FPS=91/90,Prd=42ms,Tear=0,Early=15,Stale=0,Stale2/5/10/max=0/0/0/0,VSnc=1,Lat=-1,Fov=0,CPU4/GPU=3/2,1651/456MHz,OC=3F,TA=0/0/0,SP=N/N/N,Mem=2736MHz,Free=1338MB,PLS=1,Temp=37.0C/0.0C,TW=1.28ms,App=6.47ms,GD=0.00ms,CPU&GPU=10.80ms,LCnt=2(DR91,LM2),GPU%=0.75,CPU%=0.65(W0.74),DSF=1.00,CFL=12.32/16.46,ICFLp95=15.35,LD=0,SF=1.00,LP=0,DVFS=0
05-15 14:38:34.012 25921 25944 I Unity   : [XR] [485728508272] [14:38:34.012][Verbose] Ignoring event type 1000156103
05-15 14:38:34.012 25921 25944 I Unity   : [XR] [485728508272] [14:38:34.012][Verbose] Ignoring event type 1000156104
05-15 14:38:34.045 25921 25944 I Unity   : [XR] [485728508272] [14:38:34.045][Verbose] Ignoring event type 1000156103
05-15 14:38:34.045 25921 25944 I Unity   : [XR] [485728508272] [14:38:34.045][Verbose] Ignoring event type 1000156104
05-15 14:38:34.079 25921 25944 I Unity   : [XR] [485728508272] [14:38:34.079][Verbose] Ignoring event type 1000156103
05-15 14:38:34.079 25921 25944 I Unity   : [XR] [485728508272] [14:38:34.079][Verbose] Ignoring event type 1000156104
05-15 14:38:34.112 25921 25944 I Unity   : [XR] [485728508272] [14:38:34.112][Verbose] Ignoring event type 1000156103
05-15 14:38:34.112 25921 25944 I Unity   : [XR] [485728508272] [14:38:34.112][Verbose] Ignoring event type 1000156104
05-15 14:38:34.134 25921 25944 I Unity   : [XR] [485728508272] [14:38:34.134][Verbose] Ignoring event type 1000156103
05-15 14:38:34.134 25921 25944 I Unity   : [XR] [485728508272] [14:38:34.134][Verbose] Ignoring event type 1000156104
05-15 14:38:34.165 25921 25944 I Unity   : [XR] [485728508272] [14:38:34.165][Verbose] Ignoring event type 1000156103
05-15 14:38:34.165 25921 25944 I Unity   : [XR] [485728508272] [14:38:34.165][Verbose] Ignoring event type 1000156104
05-15 14:38:34.190 25921 25944 I Unity   : [XR] [485728508272] [14:38:34.190][Verbose] Ignoring event type 1000156103
05-15 14:38:34.190 25921 25944 I Unity   : [XR] [485728508272] [14:38:34.190][Verbose] Ignoring event type 1000156104
05-15 14:38:34.211 25921 25944 I Unity   : [XR] [485728508272] [14:38:34.211][Verbose] Ignoring event type 1000156103
05-15 14:38:34.211 25921 25944 I Unity   : [XR] [485728508272] [14:38:34.211][Verbose] Ignoring event type 1000156104
05-15 14:38:34.244 25921 25944 I Unity   : [XR] [485728508272] [14:38:34.244][Verbose] Ignoring event type 1000156103
05-15 14:38:34.244 25921 25944 I Unity   : [XR] [485728508272] [14:38:34.244][Verbose] Ignoring event type 1000156104
05-15 14:38:34.269 25921 25944 I Unity   : [XR] [485728508272] [14:38:34.269][Verbose] Ignoring event type 1000156103
05-15 14:38:34.269 25921 25944 I Unity   : [XR] [485728508272] [14:38:34.269][Verbose] Ignoring event type 1000156104
05-15 14:38:34.289 25921 25944 I Unity   : [XR] [485728508272] [14:38:34.289][Verbose] Ignoring event type 1000156103
05-15 14:38:34.289 25921 25944 I Unity   : [XR] [485728508272] [14:38:34.289][Verbose] Ignoring event type 1000156104
05-15 14:38:34.322 25921 25944 I Unity   : [XR] [485728508272] [14:38:34.322][Verbose] Ignoring event type 1000156103
05-15 14:38:34.322 25921 25944 I Unity   : [XR] [485728508272] [14:38:34.322][Verbose] Ignoring event type 1000156104
05-15 14:38:34.357 25921 25944 I Unity   : [XR] [485728508272] [14:38:34.357][Verbose] Ignoring event type 1000156103
05-15 14:38:34.357 25921 25944 I Unity   : [XR] [485728508272] [14:38:34.357][Verbose] Ignoring event type 1000156104
05-15 14:38:34.377 25921 25944 I Unity   : [XR] [485728508272] [14:38:34.377][Verbose] Ignoring event type 1000156103
05-15 14:38:34.377 25921 25944 I Unity   : [XR] [485728508272] [14:38:34.377][Verbose] Ignoring event type 1000156104
05-15 14:38:34.413 25921 25944 I Unity   : [XR] [485728508272] [14:38:34.413][Verbose] Ignoring event type 1000156103
05-15 14:38:34.413 25921 25944 I Unity   : [XR] [485728508272] [14:38:34.413][Verbose] Ignoring event type 1000156104
05-15 14:38:34.444 25921 25944 I Unity   : [XR] [485728508272] [14:38:34.444][Verbose] Ignoring event type 1000156103
05-15 14:38:34.445 25921 25944 I Unity   : [XR] [485728508272] [14:38:34.445][Verbose] Ignoring event type 1000156104
05-15 14:38:34.477 25921 25944 I Unity   : [XR] [485728508272] [14:38:34.477][Verbose] Ignoring event type 1000156103
05-15 14:38:34.477 25921 25944 I Unity   : [XR] [485728508272] [14:38:34.477][Verbose] Ignoring event type 1000156104
05-15 14:38:34.501 25921 25944 I Unity   : [XR] [485728508272] [14:38:34.501][Verbose] Ignoring event type 1000156103
05-15 14:38:34.501 25921 25944 I Unity   : [XR] [485728508272] [14:38:34.501][Verbose] Ignoring event type 1000156104
05-15 14:38:34.523 25921 25944 I Unity   : [XR] [485728508272] [14:38:34.523][Verbose] Ignoring event type 1000156103
05-15 14:38:34.523 25921 25944 I Unity   : [XR] [485728508272] [14:38:34.523][Verbose] Ignoring event type 1000156104
05-15 14:38:34.555 25921 25944 I Unity   : [XR] [485728508272] [14:38:34.555][Verbose] Ignoring event type 1000156103
05-15 14:38:34.555 25921 25944 I Unity   : [XR] [485728508272] [14:38:34.555][Verbose] Ignoring event type 1000156104
05-15 14:38:34.576 25921 25944 I Unity   : [XR] [485728508272] [14:38:34.576][Verbose] Ignoring event type 1000156103
05-15 14:38:34.577 25921 25944 I Unity   : [XR] [485728508272] [14:38:34.577][Verbose] Ignoring event type 1000156104
05-15 14:38:34.598 25921 25944 I Unity   : [XR] [485728508272] [14:38:34.598][Verbose] Ignoring event type 1000156103
05-15 14:38:34.598 25921 25944 I Unity   : [XR] [485728508272] [14:38:34.598][Verbose] Ignoring event type 1000156104
05-15 14:38:34.634 25921 25944 I Unity   : [XR] [485728508272] [14:38:34.633][Verbose] Ignoring event type 1000156103
05-15 14:38:34.634 25921 25944 I Unity   : [XR] [485728508272] [14:38:34.634][Verbose] Ignoring event type 1000156104
05-15 14:38:34.656 25921 25944 I Unity   : [XR] [485728508272] [14:38:34.656][Verbose] Ignoring event type 1000156103
05-15 14:38:34.656 25921 25944 I Unity   : [XR] [485728508272] [14:38:34.656][Verbose] Ignoring event type 1000156104
05-15 14:38:34.689 25921 25944 I Unity   : [XR] [485728508272] [14:38:34.689][Verbose] Ignoring event type 1000156103
05-15 14:38:34.689 25921 25944 I Unity   : [XR] [485728508272] [14:38:34.689][Verbose] Ignoring event type 1000156104
05-15 14:38:34.723 25921 25944 I Unity   : [XR] [485728508272] [14:38:34.723][Verbose] Ignoring event type 1000156103
05-15 14:38:34.723 25921 25944 I Unity   : [XR] [485728508272] [14:38:34.723][Verbose] Ignoring event type 1000156104
05-15 14:38:34.743 25921 25944 I Unity   : [XR] [485728508272] [14:38:34.743][Verbose] Ignoring event type 1000156103
05-15 14:38:34.744 25921 25944 I Unity   : [XR] [485728508272] [14:38:34.744][Verbose] Ignoring event type 1000156104
05-15 14:38:34.777 25921 25944 I Unity   : [XR] [485728508272] [14:38:34.777][Verbose] Ignoring event type 1000156103
05-15 14:38:34.778 25921 25944 I Unity   : [XR] [485728508272] [14:38:34.777][Verbose] Ignoring event type 1000156104
05-15 14:38:34.811 25921 25944 I Unity   : [XR] [485728508272] [14:38:34.811][Verbose] Ignoring event type 1000156103
05-15 14:38:34.811 25921 25944 I Unity   : [XR] [485728508272] [14:38:34.811][Verbose] Ignoring event type 1000156104
05-15 14:38:34.832 25921 25944 I Unity   : [XR] [485728508272] [14:38:34.832][Verbose] Ignoring event type 1000156103
05-15 14:38:34.832 25921 25944 I Unity   : [XR] [485728508272] [14:38:34.832][Verbose] Ignoring event type 1000156104
05-15 14:38:34.854 25921 25944 I Unity   : [XR] [485728508272] [14:38:34.854][Verbose] Ignoring event type 1000156103
05-15 14:38:34.854 25921 25944 I Unity   : [XR] [485728508272] [14:38:34.854][Verbose] Ignoring event type 1000156104
05-15 14:38:34.889 25921 25944 I Unity   : [XR] [485728508272] [14:38:34.889][Verbose] Ignoring event type 1000156103
05-15 14:38:34.890 25921 25944 I Unity   : [XR] [485728508272] [14:38:34.890][Verbose] Ignoring event type 1000156104
05-15 14:38:34.922 25921 25944 I Unity   : [XR] [485728508272] [14:38:34.922][Verbose] Ignoring event type 1000156103
05-15 14:38:34.922 25921 25944 I Unity   : [XR] [485728508272] [14:38:34.922][Verbose] Ignoring event type 1000156104
05-15 14:38:34.956 25921 25944 I Unity   : [XR] [485728508272] [14:38:34.956][Verbose] Ignoring event type 1000156103
05-15 14:38:34.956 25921 25944 I Unity   : [XR] [485728508272] [14:38:34.956][Verbose] Ignoring event type 1000156104
05-15 14:38:34.987 25921 25944 I Unity   : [XR] [485728508272] [14:38:34.987][Verbose] Ignoring event type 1000156103
05-15 14:38:34.987 25921 25944 I Unity   : [XR] [485728508272] [14:38:34.987][Verbose] Ignoring event type 1000156104
05-15 14:38:35.009 25921 25944 I Unity   : [XR] [485728508272] [14:38:35.009][Verbose] Ignoring event type 1000156103
05-15 14:38:35.009 25921 25944 I Unity   : [XR] [485728508272] [14:38:35.009][Verbose] Ignoring event type 1000156104
05-15 14:38:35.012 25921 26076 I VrApi   : FPS=91/90,Prd=42ms,Tear=0,Early=7,Stale=0,Stale2/5/10/max=0/0/0/0,VSnc=1,Lat=-1,Fov=0,CPU4/GPU=3/2,1651/456MHz,OC=3F,TA=0/0/0,SP=N/N/N,Mem=2736MHz,Free=1338MB,PLS=1,Temp=37.0C/0.0C,TW=1.32ms,App=7.90ms,GD=0.00ms,CPU&GPU=12.36ms,LCnt=2(DR90,LM2),GPU%=0.83,CPU%=0.68(W0.76),DSF=1.00,CFL=11.92/16.36,ICFLp95=15.03,LD=0,SF=1.00,LP=0,DVFS=0
05-15 14:38:35.034 25921 25944 I Unity   : [XR] [485728508272] [14:38:35.034][Verbose] Ignoring event type 1000156103
05-15 14:38:35.034 25921 25944 I Unity   : [XR] [485728508272] [14:38:35.034][Verbose] Ignoring event type 1000156104
05-15 14:38:35.054 25921 25944 I Unity   : [XR] [485728508272] [14:38:35.054][Verbose] Ignoring event type 1000156103
05-15 14:38:35.054 25921 25944 I Unity   : [XR] [485728508272] [14:38:35.054][Verbose] Ignoring event type 1000156104
05-15 14:38:35.089 25921 25944 I Unity   : [XR] [485728508272] [14:38:35.089][Verbose] Ignoring event type 1000156103
05-15 14:38:35.089 25921 25944 I Unity   : [XR] [485728508272] [14:38:35.089][Verbose] Ignoring event type 1000156104
05-15 14:38:35.122 25921 25944 I Unity   : [XR] [485728508272] [14:38:35.122][Verbose] Ignoring event type 1000156103
05-15 14:38:35.122 25921 25944 I Unity   : [XR] [485728508272] [14:38:35.122][Verbose] Ignoring event type 1000156104
05-15 14:38:35.144 25921 25944 I Unity   : [XR] [485728508272] [14:38:35.144][Verbose] Ignoring event type 1000156103
05-15 14:38:35.144 25921 25944 I Unity   : [XR] [485728508272] [14:38:35.144][Verbose] Ignoring event type 1000156104
05-15 14:38:35.165 25921 25944 I Unity   : [XR] [485728508272] [14:38:35.165][Verbose] Ignoring event type 1000156103
05-15 14:38:35.166 25921 25944 I Unity   : [XR] [485728508272] [14:38:35.166][Verbose] Ignoring event type 1000156104
05-15 14:38:35.200 25921 25944 I Unity   : [XR] [485728508272] [14:38:35.200][Verbose] Ignoring event type 1000156103
05-15 14:38:35.200 25921 25944 I Unity   : [XR] [485728508272] [14:38:35.200][Verbose] Ignoring event type 1000156104
05-15 14:38:35.232 25921 25944 I Unity   : [XR] [485728508272] [14:38:35.232][Verbose] Ignoring event type 1000156103
05-15 14:38:35.233 25921 25944 I Unity   : [XR] [485728508272] [14:38:35.233][Verbose] Ignoring event type 1000156104
05-15 14:38:35.255 25921 25944 I Unity   : [XR] [485728508272] [14:38:35.255][Verbose] Ignoring event type 1000156103
05-15 14:38:35.255 25921 25944 I Unity   : [XR] [485728508272] [14:38:35.255][Verbose] Ignoring event type 1000156104
05-15 14:38:35.288 25921 25944 I Unity   : [XR] [485728508272] [14:38:35.288][Verbose] Ignoring event type 1000156103
05-15 14:38:35.288 25921 25944 I Unity   : [XR] [485728508272] [14:38:35.288][Verbose] Ignoring event type 1000156104
05-15 14:38:35.323 25921 25944 I Unity   : [XR] [485728508272] [14:38:35.323][Verbose] Ignoring event type 1000156103
05-15 14:38:35.323 25921 25944 I Unity   : [XR] [485728508272] [14:38:35.323][Verbose] Ignoring event type 1000156104
05-15 14:38:35.355 25921 25944 I Unity   : [XR] [485728508272] [14:38:35.355][Verbose] Ignoring event type 1000156103
05-15 14:38:35.355 25921 25944 I Unity   : [XR] [485728508272] [14:38:35.355][Verbose] Ignoring event type 1000156104
05-15 14:38:35.389 25921 25944 I Unity   : [XR] [485728508272] [14:38:35.389][Verbose] Ignoring event type 1000156103
05-15 14:38:35.389 25921 25944 I Unity   : [XR] [485728508272] [14:38:35.389][Verbose] Ignoring event type 1000156104
05-15 14:38:35.411 25921 25944 I Unity   : [XR] [485728508272] [14:38:35.411][Verbose] Ignoring event type 1000156103
05-15 14:38:35.411 25921 25944 I Unity   : [XR] [485728508272] [14:38:35.411][Verbose] Ignoring event type 1000156104
05-15 14:38:35.444 25921 25944 I Unity   : [XR] [485728508272] [14:38:35.444][Verbose] Ignoring event type 1000156103
05-15 14:38:35.445 25921 25944 I Unity   : [XR] [485728508272] [14:38:35.445][Verbose] Ignoring event type 1000156104
05-15 14:38:35.467 25921 25944 I Unity   : [XR] [485728508272] [14:38:35.467][Verbose] Ignoring event type 1000156103
05-15 14:38:35.467 25921 25944 I Unity   : [XR] [485728508272] [14:38:35.467][Verbose] Ignoring event type 1000156104
05-15 14:38:35.499 25921 25944 I Unity   : [XR] [485728508272] [14:38:35.499][Verbose] Ignoring event type 1000156103
05-15 14:38:35.499 25921 25944 I Unity   : [XR] [485728508272] [14:38:35.499][Verbose] Ignoring event type 1000156104
05-15 14:38:35.531 25921 25944 I Unity   : [XR] [485728508272] [14:38:35.531][Verbose] Ignoring event type 1000156103
05-15 14:38:35.531 25921 25944 I Unity   : [XR] [485728508272] [14:38:35.531][Verbose] Ignoring event type 1000156104
05-15 14:38:35.554 25921 25944 I Unity   : [XR] [485728508272] [14:38:35.554][Verbose] Ignoring event type 1000156103
05-15 14:38:35.554 25921 25944 I Unity   : [XR] [485728508272] [14:38:35.554][Verbose] Ignoring event type 1000156104
05-15 14:38:35.578 25921 25944 I Unity   : [XR] [485728508272] [14:38:35.578][Verbose] Ignoring event type 1000156103
05-15 14:38:35.578 25921 25944 I Unity   : [XR] [485728508272] [14:38:35.578][Verbose] Ignoring event type 1000156104
05-15 14:38:35.609 25921 25944 I Unity   : [XR] [485728508272] [14:38:35.609][Verbose] Ignoring event type 1000156103
05-15 14:38:35.609 25921 25944 I Unity   : [XR] [485728508272] [14:38:35.609][Verbose] Ignoring event type 1000156104
05-15 14:38:35.633 25921 25944 I Unity   : [XR] [485728508272] [14:38:35.633][Verbose] Ignoring event type 1000156103
05-15 14:38:35.634 25921 25944 I Unity   : [XR] [485728508272] [14:38:35.634][Verbose] Ignoring event type 1000156104
05-15 14:38:35.654 25921 25944 I Unity   : [XR] [485728508272] [14:38:35.654][Verbose] Ignoring event type 1000156103
05-15 14:38:35.654 25921 25944 I Unity   : [XR] [485728508272] [14:38:35.654][Verbose] Ignoring event type 1000156104
05-15 14:38:35.688 25921 25944 I Unity   : [XR] [485728508272] [14:38:35.688][Verbose] Ignoring event type 1000156103
05-15 14:38:35.688 25921 25944 I Unity   : [XR] [485728508272] [14:38:35.688][Verbose] Ignoring event type 1000156104
05-15 14:38:35.710 25921 25944 I Unity   : [XR] [485728508272] [14:38:35.710][Verbose] Ignoring event type 1000156103
05-15 14:38:35.710 25921 25944 I Unity   : [XR] [485728508272] [14:38:35.710][Verbose] Ignoring event type 1000156104
05-15 14:38:35.733 25921 25944 I Unity   : [XR] [485728508272] [14:38:35.733][Verbose] Ignoring event type 1000156103
05-15 14:38:35.733 25921 25944 I Unity   : [XR] [485728508272] [14:38:35.733][Verbose] Ignoring event type 1000156104
05-15 14:38:35.765 25921 25944 I Unity   : [XR] [485728508272] [14:38:35.765][Verbose] Ignoring event type 1000156103
05-15 14:38:35.765 25921 25944 I Unity   : [XR] [485728508272] [14:38:35.765][Verbose] Ignoring event type 1000156104
05-15 14:38:35.788 25921 25944 I Unity   : [XR] [485728508272] [14:38:35.788][Verbose] Ignoring event type 1000156103
05-15 14:38:35.788 25921 25944 I Unity   : [XR] [485728508272] [14:38:35.788][Verbose] Ignoring event type 1000156104
05-15 14:38:35.821 25921 25944 I Unity   : [XR] [485728508272] [14:38:35.821][Verbose] Ignoring event type 1000156103
05-15 14:38:35.821 25921 25944 I Unity   : [XR] [485728508272] [14:38:35.821][Verbose] Ignoring event type 1000156104
05-15 14:38:35.843 25921 25944 I Unity   : [XR] [485728508272] [14:38:35.843][Verbose] Ignoring event type 1000156103
05-15 14:38:35.844 25921 25944 I Unity   : [XR] [485728508272] [14:38:35.844][Verbose] Ignoring event type 1000156104
05-15 14:38:35.876 25921 25944 I Unity   : [XR] [485728508272] [14:38:35.876][Verbose] Ignoring event type 1000156103
05-15 14:38:35.876 25921 25944 I Unity   : [XR] [485728508272] [14:38:35.876][Verbose] Ignoring event type 1000156104
05-15 14:38:35.912 25921 25944 I Unity   : [XR] [485728508272] [14:38:35.912][Verbose] Ignoring event type 1000156103
05-15 14:38:35.912 25921 25944 I Unity   : [XR] [485728508272] [14:38:35.912][Verbose] Ignoring event type 1000156104
05-15 14:38:35.933 25921 25944 I Unity   : [XR] [485728508272] [14:38:35.933][Verbose] Ignoring event type 1000156103
05-15 14:38:35.933 25921 25944 I Unity   : [XR] [485728508272] [14:38:35.933][Verbose] Ignoring event type 1000156104
05-15 14:38:35.968 25921 25944 I Unity   : [XR] [485728508272] [14:38:35.967][Verbose] Ignoring event type 1000156103
05-15 14:38:35.968 25921 25944 I Unity   : [XR] [485728508272] [14:38:35.968][Verbose] Ignoring event type 1000156104
05-15 14:38:35.998 25921 25944 I Unity   : [XR] [485728508272] [14:38:35.998][Verbose] Ignoring event type 1000156103
05-15 14:38:35.998 25921 25944 I Unity   : [XR] [485728508272] [14:38:35.998][Verbose] Ignoring event type 1000156104
05-15 14:38:36.012 25921 26076 I VrApi   : FPS=91/90,Prd=43ms,Tear=0,Early=0,Stale=0,Stale2/5/10/max=0/0/0/0,VSnc=1,Lat=-1,Fov=0,CPU4/GPU=3/2,1651/456MHz,OC=3F,TA=0/0/0,SP=N/N/N,Mem=2736MHz,Free=1338MB,PLS=1,Temp=37.0C/0.0C,TW=1.35ms,App=8.40ms,GD=0.00ms,CPU&GPU=13.61ms,LCnt=2(DR90,LM2),GPU%=0.90,CPU%=0.69(W0.72),DSF=1.00,CFL=12.04/16.86,ICFLp95=15.29,LD=0,SF=1.00,LP=0,DVFS=0
05-15 14:38:36.034 25921 25944 I Unity   : [XR] [485728508272] [14:38:36.034][Verbose] Ignoring event type 1000156103
05-15 14:38:36.034 25921 25944 I Unity   : [XR] [485728508272] [14:38:36.034][Verbose] Ignoring event type 1000156104
05-15 14:38:36.056 25921 25944 I Unity   : [XR] [485728508272] [14:38:36.056][Verbose] Ignoring event type 1000156103
05-15 14:38:36.056 25921 25944 I Unity   : [XR] [485728508272] [14:38:36.056][Verbose] Ignoring event type 1000156104
05-15 14:38:36.077 25921 25944 I Unity   : [XR] [485728508272] [14:38:36.077][Verbose] Ignoring event type 1000156103
05-15 14:38:36.077 25921 25944 I Unity   : [XR] [485728508272] [14:38:36.077][Verbose] Ignoring event type 1000156104
05-15 14:38:36.111 25921 25944 I Unity   : [XR] [485728508272] [14:38:36.111][Verbose] Ignoring event type 1000156103
05-15 14:38:36.111 25921 25944 I Unity   : [XR] [485728508272] [14:38:36.111][Verbose] Ignoring event type 1000156104
05-15 14:38:36.133 25921 25944 I Unity   : [XR] [485728508272] [14:38:36.133][Verbose] Ignoring event type 1000156103
05-15 14:38:36.133 25921 25944 I Unity   : [XR] [485728508272] [14:38:36.133][Verbose] Ignoring event type 1000156104
05-15 14:38:36.166 25921 25944 I Unity   : [XR] [485728508272] [14:38:36.166][Verbose] Ignoring event type 1000156103
05-15 14:38:36.166 25921 25944 I Unity   : [XR] [485728508272] [14:38:36.166][Verbose] Ignoring event type 1000156104
05-15 14:38:36.199 25921 25944 I Unity   : [XR] [485728508272] [14:38:36.199][Verbose] Ignoring event type 1000156103
05-15 14:38:36.199 25921 25944 I Unity   : [XR] [485728508272] [14:38:36.199][Verbose] Ignoring event type 1000156104
05-15 14:38:36.245 25921 25944 I Unity   : [XR] [485728508272] [14:38:36.245][Verbose] Ignoring event type 1000156103
05-15 14:38:36.245 25921 25944 I Unity   : [XR] [485728508272] [14:38:36.245][Verbose] Ignoring event type 1000156104
05-15 14:38:36.275 25921 25944 I Unity   : [XR] [485728508272] [14:38:36.275][Verbose] Ignoring event type 1000156103
05-15 14:38:36.275 25921 25944 I Unity   : [XR] [485728508272] [14:38:36.275][Verbose] Ignoring event type 1000156104
05-15 14:38:36.306 25921 25944 I Unity   : [XR] [485728508272] [14:38:36.306][Verbose] Ignoring event type 1000156103
05-15 14:38:36.306 25921 25944 I Unity   : [XR] [485728508272] [14:38:36.306][Verbose] Ignoring event type 1000156104
